
> @automaker/server@0.12.0 test
> vitest


[1m[46m RUN [49m[22m [36mv4.0.16 [39m[90mC:/Users/justus/.gemini/antigravity/scratch/automaker/apps/server[39m

 [2m[90mÔåô[39m[22m [30m[42m server [49m[39m tests/integration/onboarding-api.test.ts[2m > [22mOnboarding API Integration[2m > [22mshould start onboarding and emit progress events
 [32mÔ£ô[39m [30m[42m server [49m[39m tests/unit/services/dev-server-service.test.ts[2m > [22mdev-server-service.ts[2m > [22mgetDevServerService[2m > [22mshould return a singleton instance[33m 617[2mms[22m[39m
 [32mÔ£ô[39m [30m[42m server [49m[39m tests/unit/services/dev-server-service.test.ts[2m > [22mdev-server-service.ts[2m > [22mstartDevServer[2m > [22mshould return error if worktree path does not exist[32m 23[2mms[22m[39m
 [32mÔ£ô[39m [30m[42m server [49m[39m tests/unit/services/dev-server-service.test.ts[2m > [22mdev-server-service.ts[2m > [22mstartDevServer[2m > [22mshould return error if no package.json found[32m 21[2mms[22m[39m
[90mstdout[2m | tests/unit/services/dev-server-service.test.ts[2m > [22m[2mdev-server-service.ts[2m > [22m[2mstartDevServer[2m > [22m[2mshould detect npm as package manager with package-lock.json
[22m[39m[36mINFO [0m [34m[DevServerService][0m Starting dev server on port 3001

[90mstdout[2m | tests/unit/services/settings-service.test.ts[2m > [22m[2msettings-service.ts[2m > [22m[2mupdateGlobalSettings[2m > [22m[2mshould create settings file with updates
[22m[39m[36mINFO [0m [34m[SettingsService][0m Global settings updated

[90mstdout[2m | tests/unit/services/settings-service.test.ts[2m > [22m[2msettings-service.ts[2m > [22m[2mupdateGlobalSettings[2m > [22m[2mshould merge updates with existing settings
[22m[39m[36mINFO [0m [34m[SettingsService][0m Global settings updated

[90mstdout[2m | tests/unit/services/settings-service.test.ts[2m > [22m[2msettings-service.ts[2m > [22m[2mupdateGlobalSettings[2m > [22m[2mshould deep merge keyboard shortcuts
[22m[39m[36mINFO [0m [34m[SettingsService][0m Global settings updated

 [32mÔ£ô[39m [30m[42m server [49m[39m tests/unit/services/settings-service.test.ts[2m > [22msettings-service.ts[2m > [22mgetGlobalSettings[2m > [22mshould return default settings when file does not exist[32m 19[2mms[22m[39m
 [32mÔ£ô[39m [30m[42m server [49m[39m tests/unit/services/settings-service.test.ts[2m > [22msettings-service.ts[2m > [22mgetGlobalSettings[2m > [22mshould read and return existing settings[32m 11[2mms[22m[39m
 [32mÔ£ô[39m [30m[42m server [49m[39m tests/unit/services/settings-service.test.ts[2m > [22msettings-service.ts[2m > [22mgetGlobalSettings[2m > [22mshould merge with defaults for missing properties[32m 7[2mms[22m[39m
 [32mÔ£ô[39m [30m[42m server [49m[39m tests/unit/services/settings-service.test.ts[2m > [22msettings-service.ts[2m > [22mgetGlobalSettings[2m > [22mshould merge keyboard shortcuts deeply[32m 8[2mms[22m[39m
 [32mÔ£ô[39m [30m[42m server [49m[39m tests/unit/services/settings-service.test.ts[2m > [22msettings-service.ts[2m > [22mupdateGlobalSettings[2m > [22mshould create settings file with updates[32m 17[2mms[22m[39m
 [32mÔ£ô[39m [30m[42m server [49m[39m tests/unit/services/settings-service.test.ts[2m > [22msettings-service.ts[2m > [22mupdateGlobalSettings[2m > [22mshould merge updates with existing settings[32m 21[2mms[22m[39m
 [32mÔ£ô[39m [30m[42m server [49m[39m tests/unit/services/settings-service.test.ts[2m > [22msettings-service.ts[2m > [22mupdateGlobalSettings[2m > [22mshould deep merge keyboard shortcuts[32m 10[2mms[22m[39m
[90mstdout[2m | tests/unit/services/settings-service.test.ts[2m > [22m[2msettings-service.ts[2m > [22m[2mupdateGlobalSettings[2m > [22m[2mshould not overwrite non-empty projects with an empty array (data loss guard)
[22m[39m[36mINFO [0m [34m[SettingsService][0m Global settings updated

[90mstdout[2m | tests/unit/services/settings-service.test.ts[2m > [22m[2msettings-service.ts[2m > [22m[2mupdateGlobalSettings[2m > [22m[2mshould create data directory if it does not exist
[22m[39m[36mINFO [0m [34m[SettingsService][0m Global settings updated

[90mstdout[2m | tests/unit/services/settings-service.test.ts[2m > [22m[2msettings-service.ts[2m > [22m[2mhasGlobalSettings[2m > [22m[2mshould return true when settings file exists
[22m[39m[36mINFO [0m [34m[SettingsService][0m Global settings updated

[90mstdout[2m | tests/unit/services/settings-service.test.ts[2m > [22m[2msettings-service.ts[2m > [22m[2mupdateCredentials[2m > [22m[2mshould create credentials file with updates
[22m[39m[36mINFO [0m [34m[SettingsService][0m Credentials updated

[90mstdout[2m | tests/unit/services/settings-service.test.ts[2m > [22m[2msettings-service.ts[2m > [22m[2mupdateCredentials[2m > [22m[2mshould merge updates with existing credentials
[22m[39m[36mINFO [0m [34m[SettingsService][0m Credentials updated

[90mstdout[2m | tests/unit/services/settings-service.test.ts[2m > [22m[2msettings-service.ts[2m > [22m[2mupdateCredentials[2m > [22m[2mshould deep merge api keys
[22m[39m[36mINFO [0m [34m[SettingsService][0m Credentials updated

 [32mÔ£ô[39m [30m[42m server [49m[39m tests/unit/services/settings-service.test.ts[2m > [22msettings-service.ts[2m > [22mupdateGlobalSettings[2m > [22mshould not overwrite non-empty projects with an empty array (data loss guard)[32m 17[2mms[22m[39m
 [32mÔ£ô[39m [30m[42m server [49m[39m tests/unit/services/settings-service.test.ts[2m > [22msettings-service.ts[2m > [22mupdateGlobalSettings[2m > [22mshould create data directory if it does not exist[32m 11[2mms[22m[39m
 [32mÔ£ô[39m [30m[42m server [49m[39m tests/unit/services/settings-service.test.ts[2m > [22msettings-service.ts[2m > [22mhasGlobalSettings[2m > [22mshould return false when settings file does not exist[32m 4[2mms[22m[39m
 [32mÔ£ô[39m [30m[42m server [49m[39m tests/unit/services/settings-service.test.ts[2m > [22msettings-service.ts[2m > [22mhasGlobalSettings[2m > [22mshould return true when settings file exists[32m 15[2mms[22m[39m
 [32mÔ£ô[39m [30m[42m server [49m[39m tests/unit/services/settings-service.test.ts[2m > [22msettings-service.ts[2m > [22mgetCredentials[2m > [22mshould return default credentials when file does not exist[32m 4[2mms[22m[39m
 [32mÔ£ô[39m [30m[42m server [49m[39m tests/unit/services/settings-service.test.ts[2m > [22msettings-service.ts[2m > [22mgetCredentials[2m > [22mshould read and return existing credentials[32m 8[2mms[22m[39m
 [32mÔ£ô[39m [30m[42m server [49m[39m tests/unit/services/settings-service.test.ts[2m > [22msettings-service.ts[2m > [22mgetCredentials[2m > [22mshould merge with defaults for missing api keys[32m 8[2mms[22m[39m
 [32mÔ£ô[39m [30m[42m server [49m[39m tests/unit/services/settings-service.test.ts[2m > [22msettings-service.ts[2m > [22mupdateCredentials[2m > [22mshould create credentials file with updates[32m 15[2mms[22m[39m
 [32mÔ£ô[39m [30m[42m server [49m[39m tests/unit/services/settings-service.test.ts[2m > [22msettings-service.ts[2m > [22mupdateCredentials[2m > [22mshould merge updates with existing credentials[32m 16[2mms[22m[39m
[90mstdout[2m | tests/unit/services/settings-service.test.ts[2m > [22m[2msettings-service.ts[2m > [22m[2mgetMaskedCredentials[2m > [22m[2mshould mask keys correctly
[22m[39m[36mINFO [0m [34m[SettingsService][0m Credentials updated

[90mstdout[2m | tests/unit/services/settings-service.test.ts[2m > [22m[2msettings-service.ts[2m > [22m[2mgetMaskedCredentials[2m > [22m[2mshould handle short keys
[22m[39m[36mINFO [0m [34m[SettingsService][0m Credentials updated

[90mstdout[2m | tests/unit/services/settings-service.test.ts[2m > [22m[2msettings-service.ts[2m > [22m[2mhasCredentials[2m > [22m[2mshould return true when credentials file exists
[22m[39m[36mINFO [0m [34m[SettingsService][0m Credentials updated

[90mstdout[2m | tests/unit/services/settings-service.test.ts[2m > [22m[2msettings-service.ts[2m > [22m[2mgetProjectSettings[2m > [22m[2mshould return default settings when file does not exist
[22m[39m[36mINFO [0m [34m[ProjectInitializer][0m Created missing test-feature-manual-review/feature.json

[90mstdout[2m | tests/unit/services/settings-service.test.ts[2m > [22m[2msettings-service.ts[2m > [22m[2mgetProjectSettings[2m > [22m[2mshould read and return existing project settings
[22m[39m[36mINFO [0m [34m[ProjectInitializer][0m Created missing test-feature-manual-review/feature.json

 [32mÔ£ô[39m [30m[42m server [49m[39m tests/unit/services/settings-service.test.ts[2m > [22msettings-service.ts[2m > [22mupdateCredentials[2m > [22mshould deep merge api keys[32m 13[2mms[22m[39m
 [32mÔ£ô[39m [30m[42m server [49m[39m tests/unit/services/settings-service.test.ts[2m > [22msettings-service.ts[2m > [22mgetMaskedCredentials[2m > [22mshould return masked credentials for empty keys[32m 4[2mms[22m[39m
 [32mÔ£ô[39m [30m[42m server [49m[39m tests/unit/services/settings-service.test.ts[2m > [22msettings-service.ts[2m > [22mgetMaskedCredentials[2m > [22mshould mask keys correctly[32m 26[2mms[22m[39m
 [32mÔ£ô[39m [30m[42m server [49m[39m tests/unit/services/settings-service.test.ts[2m > [22msettings-service.ts[2m > [22mgetMaskedCredentials[2m > [22mshould handle short keys[32m 9[2mms[22m[39m
 [32mÔ£ô[39m [30m[42m server [49m[39m tests/unit/services/settings-service.test.ts[2m > [22msettings-service.ts[2m > [22mhasCredentials[2m > [22mshould return false when credentials file does not exist[32m 15[2mms[22m[39m
 [32mÔ£ô[39m [30m[42m server [49m[39m tests/unit/services/settings-service.test.ts[2m > [22msettings-service.ts[2m > [22mhasCredentials[2m > [22mshould return true when credentials file exists[32m 14[2mms[22m[39m
 [32mÔ£ô[39m [30m[42m server [49m[39m tests/unit/services/settings-service.test.ts[2m > [22msettings-service.ts[2m > [22mgetProjectSettings[2m > [22mshould return default settings when file does not exist[32m 18[2mms[22m[39m
[90mstdout[2m | tests/unit/services/settings-service.test.ts[2m > [22m[2msettings-service.ts[2m > [22m[2mgetProjectSettings[2m > [22m[2mshould merge with defaults for missing properties
[22m[39m[36mINFO [0m [34m[ProjectInitializer][0m Created missing test-feature-manual-review/feature.json

[90mstdout[2m | tests/unit/services/settings-service.test.ts[2m > [22m[2msettings-service.ts[2m > [22m[2mupdateProjectSettings[2m > [22m[2mshould create project settings file with updates
[22m[39m[36mINFO [0m [34m[ProjectInitializer][0m Created missing test-feature-manual-review/feature.json

[90mstdout[2m | tests/unit/services/settings-service.test.ts[2m > [22m[2msettings-service.ts[2m > [22m[2mupdateProjectSettings[2m > [22m[2mshould create project settings file with updates
[22m[39m[36mINFO [0m [34m[SettingsService][0m Project settings updated for C:\Users\justus\AppData\Local\Temp\project-test-1769283930098

[90mstdout[2m | tests/unit/services/settings-service.test.ts[2m > [22m[2msettings-service.ts[2m > [22m[2mupdateProjectSettings[2m > [22m[2mshould merge updates with existing project settings
[22m[39m[36mINFO [0m [34m[ProjectInitializer][0m Created missing test-feature-manual-review/feature.json

[90mstdout[2m | tests/unit/services/settings-service.test.ts[2m > [22m[2msettings-service.ts[2m > [22m[2mupdateProjectSettings[2m > [22m[2mshould merge updates with existing project settings
[22m[39m[36mINFO [0m [34m[SettingsService][0m Project settings updated for C:\Users\justus\AppData\Local\Temp\project-test-1769283930122

 [32mÔ£ô[39m [30m[42m server [49m[39m tests/unit/services/settings-service.test.ts[2m > [22msettings-service.ts[2m > [22mgetProjectSettings[2m > [22mshould read and return existing project settings[32m 20[2mms[22m[39m
 [32mÔ£ô[39m [30m[42m server [49m[39m tests/unit/services/settings-service.test.ts[2m > [22msettings-service.ts[2m > [22mgetProjectSettings[2m > [22mshould merge with defaults for missing properties[32m 40[2mms[22m[39m
 [32mÔ£ô[39m [30m[42m server [49m[39m tests/unit/services/settings-service.test.ts[2m > [22msettings-service.ts[2m > [22mupdateProjectSettings[2m > [22mshould create project settings file with updates[32m 24[2mms[22m[39m
[90mstdout[2m | tests/unit/services/settings-service.test.ts[2m > [22m[2msettings-service.ts[2m > [22m[2mupdateProjectSettings[2m > [22m[2mshould deep merge board background
[22m[39m[36mINFO [0m [34m[ProjectInitializer][0m Created missing test-feature-manual-review/feature.json

[90mstdout[2m | tests/unit/services/settings-service.test.ts[2m > [22m[2msettings-service.ts[2m > [22m[2mupdateProjectSettings[2m > [22m[2mshould deep merge board background
[22m[39m[36mINFO [0m [34m[SettingsService][0m Project settings updated for C:\Users\justus\AppData\Local\Temp\project-test-1769283930156

[90mstdout[2m | tests/unit/services/settings-service.test.ts[2m > [22m[2msettings-service.ts[2m > [22m[2mupdateProjectSettings[2m > [22m[2mshould create .automaker directory if it does not exist
[22m[39m[36mINFO [0m [34m[ProjectInitializer][0m Created missing test-feature-manual-review/feature.json

[90mstdout[2m | tests/integration/routes/worktree/create.integration.test.ts[2m > [22m[2mworktree create route - repositories without commits[2m > [22m[2mcreates an initial commit before adding a worktree when HEAD is missing
[22m[39m[36mINFO [0m [34m[Worktree][0m [Worktree] Created initial empty commit to enable worktrees in C:\Users\justus\AppData\Local\Temp\automaker-no-commit-vE6JIu

[90mstdout[2m | tests/unit/services/settings-service.test.ts[2m > [22m[2msettings-service.ts[2m > [22m[2mupdateProjectSettings[2m > [22m[2mshould create .automaker directory if it does not exist
[22m[39m[36mINFO [0m [34m[SettingsService][0m Project settings updated for C:\Users\justus\AppData\Local\Temp\new-project-1769283930195

[90mstdout[2m | tests/unit/services/settings-service.test.ts[2m > [22m[2msettings-service.ts[2m > [22m[2mhasProjectSettings[2m > [22m[2mshould return true when project settings file exists
[22m[39m[36mINFO [0m [34m[ProjectInitializer][0m Created missing test-feature-manual-review/feature.json

[90mstdout[2m | tests/unit/services/settings-service.test.ts[2m > [22m[2msettings-service.ts[2m > [22m[2mhasProjectSettings[2m > [22m[2mshould return true when project settings file exists
[22m[39m[36mINFO [0m [34m[SettingsService][0m Project settings updated for C:\Users\justus\AppData\Local\Temp\project-test-1769283930219

[90mstdout[2m | tests/unit/services/settings-service.test.ts[2m > [22m[2msettings-service.ts[2m > [22m[2mmigrateFromLocalStorage[2m > [22m[2mshould migrate global settings from localStorage data
[22m[39m[36mINFO [0m [34m[SettingsService][0m Global settings updated

[90mstdout[2m | tests/unit/services/settings-service.test.ts[2m > [22m[2msettings-service.ts[2m > [22m[2mmigrateFromLocalStorage[2m > [22m[2mshould migrate global settings from localStorage data
[22m[39m[36mINFO [0m [34m[SettingsService][0m Migrated global settings from localStorage
[36mINFO [0m [34m[SettingsService][0m Migration complete: 0 projects migrated

 [32mÔ£ô[39m [30m[42m server [49m[39m tests/unit/services/settings-service.test.ts[2m > [22msettings-service.ts[2m > [22mupdateProjectSettings[2m > [22mshould merge updates with existing project settings[32m 34[2mms[22m[39m
 [32mÔ£ô[39m [30m[42m server [49m[39m tests/unit/services/settings-service.test.ts[2m > [22msettings-service.ts[2m > [22mupdateProjectSettings[2m > [22mshould deep merge board background[32m 38[2mms[22m[39m
 [32mÔ£ô[39m [30m[42m server [49m[39m tests/unit/services/settings-service.test.ts[2m > [22msettings-service.ts[2m > [22mupdateProjectSettings[2m > [22mshould create .automaker directory if it does not exist[32m 21[2mms[22m[39m
 [32mÔ£ô[39m [30m[42m server [49m[39m tests/unit/services/settings-service.test.ts[2m > [22msettings-service.ts[2m > [22mhasProjectSettings[2m > [22mshould return false when project settings file does not exist[32m 4[2mms[22m[39m
 [32mÔ£ô[39m [30m[42m server [49m[39m tests/unit/services/settings-service.test.ts[2m > [22msettings-service.ts[2m > [22mhasProjectSettings[2m > [22mshould return true when project settings file exists[32m 29[2mms[22m[39m
[90mstdout[2m | tests/unit/services/settings-service.test.ts[2m > [22m[2msettings-service.ts[2m > [22m[2mmigrateFromLocalStorage[2m > [22m[2mshould migrate credentials from localStorage data
[22m[39m[36mINFO [0m [34m[SettingsService][0m Global settings updated

[90mstdout[2m | tests/unit/services/settings-service.test.ts[2m > [22m[2msettings-service.ts[2m > [22m[2mmigrateFromLocalStorage[2m > [22m[2mshould migrate credentials from localStorage data
[22m[39m[36mINFO [0m [34m[SettingsService][0m Migrated global settings from localStorage

[90mstdout[2m | tests/unit/services/settings-service.test.ts[2m > [22m[2msettings-service.ts[2m > [22m[2mmigrateFromLocalStorage[2m > [22m[2mshould migrate credentials from localStorage data
[22m[39m[36mINFO [0m [34m[SettingsService][0m Credentials updated

[90mstdout[2m | tests/unit/services/settings-service.test.ts[2m > [22m[2msettings-service.ts[2m > [22m[2mmigrateFromLocalStorage[2m > [22m[2mshould migrate credentials from localStorage data
[22m[39m[36mINFO [0m [34m[SettingsService][0m Migrated credentials from localStorage
[36mINFO [0m [34m[SettingsService][0m Migration complete: 0 projects migrated

 [32mÔ£ô[39m [30m[42m server [49m[39m tests/unit/services/dev-server-service.test.ts[2m > [22mdev-server-service.ts[2m > [22mstartDevServer[2m > [22mshould detect npm as package manager with package-lock.json[33m 786[2mms[22m[39m
[90mstdout[2m | tests/unit/services/settings-service.test.ts[2m > [22m[2msettings-service.ts[2m > [22m[2mmigrateFromLocalStorage[2m > [22m[2mshould migrate project settings from localStorage data
[22m[39m[36mINFO [0m [34m[SettingsService][0m Global settings updated

[90mstdout[2m | tests/unit/services/settings-service.test.ts[2m > [22m[2msettings-service.ts[2m > [22m[2mmigrateFromLocalStorage[2m > [22m[2mshould migrate project settings from localStorage data
[22m[39m[36mINFO [0m [34m[SettingsService][0m Migrated global settings from localStorage

[90mstdout[2m | tests/unit/services/settings-service.test.ts[2m > [22m[2msettings-service.ts[2m > [22m[2mmigrateFromLocalStorage[2m > [22m[2mshould migrate project settings from localStorage data
[22m[39m[36mINFO [0m [34m[ProjectInitializer][0m Created missing test-feature-manual-review/feature.json

[90mstdout[2m | tests/unit/services/settings-service.test.ts[2m > [22m[2msettings-service.ts[2m > [22m[2mmigrateFromLocalStorage[2m > [22m[2mshould migrate project settings from localStorage data
[22m[39m[36mINFO [0m [34m[SettingsService][0m Project settings updated for C:\Users\justus\AppData\Local\Temp\project-test-1769283930315

[90mstdout[2m | tests/unit/services/settings-service.test.ts[2m > [22m[2msettings-service.ts[2m > [22m[2mmigrateFromLocalStorage[2m > [22m[2mshould migrate project settings from localStorage data
[22m[39m[36mINFO [0m [34m[SettingsService][0m Migration complete: 1 projects migrated

 [32mÔ£ô[39m [30m[42m server [49m[39m tests/unit/services/settings-service.test.ts[2m > [22msettings-service.ts[2m > [22mmigrateFromLocalStorage[2m > [22mshould migrate global settings from localStorage data[32m 18[2mms[22m[39m
 [32mÔ£ô[39m [30m[42m server [49m[39m tests/unit/services/settings-service.test.ts[2m > [22msettings-service.ts[2m > [22mmigrateFromLocalStorage[2m > [22mshould migrate credentials from localStorage data[32m 50[2mms[22m[39m
[90mstdout[2m | tests/unit/services/settings-service.test.ts[2m > [22m[2msettings-service.ts[2m > [22m[2mmigrateFromLocalStorage[2m > [22m[2mshould handle direct localStorage values
[22m[39m[36mINFO [0m [34m[SettingsService][0m Global settings updated

[90mstdout[2m | tests/unit/services/settings-service.test.ts[2m > [22m[2msettings-service.ts[2m > [22m[2mmigrateFromLocalStorage[2m > [22m[2mshould handle direct localStorage values
[22m[39m[36mINFO [0m [34m[SettingsService][0m Migrated global settings from localStorage
[36mINFO [0m [34m[SettingsService][0m Migration complete: 0 projects migrated

[90mstdout[2m | tests/unit/services/settings-service.test.ts[2m > [22m[2msettings-service.ts[2m > [22m[2mmigrateFromLocalStorage[2m > [22m[2mshould handle invalid JSON gracefully
[22m[39m[36mINFO [0m [34m[SettingsService][0m Global settings updated

[90mstdout[2m | tests/unit/services/settings-service.test.ts[2m > [22m[2msettings-service.ts[2m > [22m[2mmigrateFromLocalStorage[2m > [22m[2mshould handle invalid JSON gracefully
[22m[39m[36mINFO [0m [34m[SettingsService][0m Migrated global settings from localStorage
[36mINFO [0m [34m[SettingsService][0m Migration complete: 0 projects migrated

[90mstdout[2m | tests/unit/services/settings-service.test.ts[2m > [22m[2msettings-service.ts[2m > [22m[2mphase model migration (v2 -> v3)[2m > [22m[2mshould migrate string phase models to PhaseModelEntry format
[22m[39m[36mINFO [0m [34m[SettingsService][0m Migrating settings from v2 to v3: converting phase models to PhaseModelEntry format

[90mstdout[2m | tests/unit/services/settings-service.test.ts[2m > [22m[2msettings-service.ts[2m > [22m[2mphase model migration (v2 -> v3)[2m > [22m[2mshould migrate string phase models to PhaseModelEntry format
[22m[39m[36mINFO [0m [34m[SettingsService][0m Settings migration complete

[90mstdout[2m | tests/unit/services/dev-server-service.test.ts[2m > [22m[2mdev-server-service.ts[2m > [22m[2mstartDevServer[2m > [22m[2mshould detect yarn as package manager with yarn.lock
[22m[39m[36mINFO [0m [34m[DevServerService][0m Starting dev server on port 3001

[90mstdout[2m | tests/unit/services/settings-service.test.ts[2m > [22m[2msettings-service.ts[2m > [22m[2mphase model migration (v2 -> v3)[2m > [22m[2mshould preserve PhaseModelEntry objects during migration
[22m[39m[36mINFO [0m [34m[SettingsService][0m Settings migration complete

[90mstdout[2m | tests/unit/services/settings-service.test.ts[2m > [22m[2msettings-service.ts[2m > [22m[2mphase model migration (v2 -> v3)[2m > [22m[2mshould handle mixed format (some string, some object)
[22m[39m[36mINFO [0m [34m[SettingsService][0m Migrating settings from v2 to v3: converting phase models to PhaseModelEntry format

[90mstdout[2m | tests/unit/services/settings-service.test.ts[2m > [22m[2msettings-service.ts[2m > [22m[2mphase model migration (v2 -> v3)[2m > [22m[2mshould handle mixed format (some string, some object)
[22m[39m[36mINFO [0m [34m[SettingsService][0m Settings migration complete

 [32mÔ£ô[39m [30m[42m server [49m[39m tests/unit/services/settings-service.test.ts[2m > [22msettings-service.ts[2m > [22mmigrateFromLocalStorage[2m > [22mshould migrate project settings from localStorage data[32m 49[2mms[22m[39m
 [32mÔ£ô[39m [30m[42m server [49m[39m tests/unit/services/settings-service.test.ts[2m > [22msettings-service.ts[2m > [22mmigrateFromLocalStorage[2m > [22mshould handle direct localStorage values[32m 22[2mms[22m[39m
 [32mÔ£ô[39m [30m[42m server [49m[39m tests/unit/services/settings-service.test.ts[2m > [22msettings-service.ts[2m > [22mmigrateFromLocalStorage[2m > [22mshould handle invalid JSON gracefully[32m 12[2mms[22m[39m
 [2m[90mÔåô[39m[22m [30m[42m server [49m[39m tests/unit/services/settings-service.test.ts[2m > [22msettings-service.ts[2m > [22mmigrateFromLocalStorage[2m > [22mshould handle migration errors gracefully
 [32mÔ£ô[39m [30m[42m server [49m[39m tests/unit/services/settings-service.test.ts[2m > [22msettings-service.ts[2m > [22mgetDataDir[2m > [22mshould return the data directory path[32m 4[2mms[22m[39m
 [32mÔ£ô[39m [30m[42m server [49m[39m tests/unit/services/settings-service.test.ts[2m > [22msettings-service.ts[2m > [22mphase model migration (v2 -> v3)[2m > [22mshould migrate string phase models to PhaseModelEntry format[32m 21[2mms[22m[39m
 [32mÔ£ô[39m [30m[42m server [49m[39m tests/unit/services/settings-service.test.ts[2m > [22msettings-service.ts[2m > [22mphase model migration (v2 -> v3)[2m > [22mshould preserve PhaseModelEntry objects during migration[32m 16[2mms[22m[39m
 [32mÔ£ô[39m [30m[42m server [49m[39m tests/unit/services/settings-service.test.ts[2m > [22msettings-service.ts[2m > [22mphase model migration (v2 -> v3)[2m > [22mshould handle mixed format (some string, some object)[32m 20[2mms[22m[39m
[90mstdout[2m | tests/unit/services/settings-service.test.ts[2m > [22m[2msettings-service.ts[2m > [22m[2mphase model migration (v2 -> v3)[2m > [22m[2mshould migrate legacy enhancementModel/validationModel fields
[22m[39m[36mINFO [0m [34m[SettingsService][0m Migrating settings from v1 to v3: converting phase models to PhaseModelEntry format

[90mstdout[2m | tests/unit/services/settings-service.test.ts[2m > [22m[2msettings-service.ts[2m > [22m[2mphase model migration (v2 -> v3)[2m > [22m[2mshould migrate legacy enhancementModel/validationModel fields
[22m[39m[36mINFO [0m [34m[SettingsService][0m Settings migration complete

[90mstdout[2m | tests/unit/services/settings-service.test.ts[2m > [22m[2msettings-service.ts[2m > [22m[2mphase model migration (v2 -> v3)[2m > [22m[2mshould use default phase models when none are configured
[22m[39m[36mINFO [0m [34m[SettingsService][0m Migrating settings from v1 to v3: converting phase models to PhaseModelEntry format

[90mstdout[2m | tests/unit/services/settings-service.test.ts[2m > [22m[2msettings-service.ts[2m > [22m[2mphase model migration (v2 -> v3)[2m > [22m[2mshould use default phase models when none are configured
[22m[39m[36mINFO [0m [34m[SettingsService][0m Settings migration complete

[90mstdout[2m | tests/unit/services/settings-service.test.ts[2m > [22m[2msettings-service.ts[2m > [22m[2mphase model migration (v2 -> v3)[2m > [22m[2mshould deep merge phaseModels on update
[22m[39m[36mINFO [0m [34m[SettingsService][0m Global settings updated

[90mstdout[2m | tests/unit/services/settings-service.test.ts[2m > [22m[2msettings-service.ts[2m > [22m[2mphase model migration (v2 -> v3)[2m > [22m[2mshould deep merge phaseModels on update
[22m[39m[36mINFO [0m [34m[SettingsService][0m Global settings updated

 [32mÔ£ô[39m [30m[42m server [49m[39m tests/unit/services/settings-service.test.ts[2m > [22msettings-service.ts[2m > [22mphase model migration (v2 -> v3)[2m > [22mshould migrate legacy enhancementModel/validationModel fields[32m 39[2mms[22m[39m
 [32mÔ£ô[39m [30m[42m server [49m[39m tests/unit/services/settings-service.test.ts[2m > [22msettings-service.ts[2m > [22mphase model migration (v2 -> v3)[2m > [22mshould use default phase models when none are configured[32m 22[2mms[22m[39m
 [32mÔ£ô[39m [30m[42m server [49m[39m tests/unit/services/settings-service.test.ts[2m > [22msettings-service.ts[2m > [22mphase model migration (v2 -> v3)[2m > [22mshould deep merge phaseModels on update[32m 32[2mms[22m[39m
 [2m[90mÔåô[39m[22m [30m[42m server [49m[39m tests/unit/services/settings-service.test.ts[2m > [22msettings-service.ts[2m > [22matomicWriteJson[2m > [22mshould handle write errors and clean up temp file
[90mstdout[2m | tests/integration/routes/worktree/create.integration.test.ts[2m > [22m[2mworktree create route - repositories without commits[2m > [22m[2mcreates an initial commit before adding a worktree when HEAD is missing
[22m[39m[36mINFO [0m [34m[BranchTracking][0m Now tracking branch: feature/no-head

 [32mÔ£ô[39m [30m[42m server [49m[39m tests/unit/services/dev-server-service.test.ts[2m > [22mdev-server-service.ts[2m > [22mstartDevServer[2m > [22mshould detect yarn as package manager with yarn.lock[33m 749[2mms[22m[39m
 [32mÔ£ô[39m [30m[42m server [49m[39m tests/integration/routes/worktree/create.integration.test.ts[2m > [22mworktree create route - repositories without commits[2m > [22mcreates an initial commit before adding a worktree when HEAD is missing[33m 1551[2mms[22m[39m
[90mstdout[2m | tests/unit/services/dev-server-service.test.ts[2m > [22m[2mdev-server-service.ts[2m > [22m[2mstartDevServer[2m > [22m[2mshould detect pnpm as package manager with pnpm-lock.yaml
[22m[39m[36mINFO [0m [34m[DevServerService][0m Starting dev server on port 3001

[90mstdout[2m | tests/unit/lib/auth.test.ts[2m > [22m[2mauth.ts[2m > [22m[2mauthMiddleware[2m > [22m[2mshould reject request without any authentication
[22m[39m[36mINFO [0m [34m[Auth][0m Loaded 100 sessions (0 expired)
[36mINFO [0m [34m[Auth][0m Loaded API key from file
[36mINFO [0m [34m[Auth][0m 
ÔòöÔòÉÔòÉÔòÉÔòÉÔòÉÔòÉÔòÉÔòÉÔòÉÔòÉÔòÉÔòÉÔòÉÔòÉÔòÉÔòÉÔòÉÔòÉÔòÉÔòÉÔòÉÔòÉÔòÉÔòÉÔòÉÔòÉÔòÉÔòÉÔòÉÔòÉÔòÉÔòÉÔòÉÔòÉÔòÉÔòÉÔòÉÔòÉÔòÉÔòÉÔòÉÔòÉÔòÉÔòÉÔòÉÔòÉÔòÉÔòÉÔòÉÔòÉÔòÉÔòÉÔòÉÔòÉÔòÉÔòÉÔòÉÔòÉÔòÉÔòÉÔòÉÔòÉÔòÉÔòÉÔòÉÔòÉÔòÉÔòÉÔòÉÔòÉÔòÉÔòù
Ôòæ  ­ƒöÉ API Key for Web Mode Authentication                               Ôòæ
ÔòáÔòÉÔòÉÔòÉÔòÉÔòÉÔòÉÔòÉÔòÉÔòÉÔòÉÔòÉÔòÉÔòÉÔòÉÔòÉÔòÉÔòÉÔòÉÔòÉÔòÉÔòÉÔòÉÔòÉÔòÉÔòÉÔòÉÔòÉÔòÉÔòÉÔòÉÔòÉÔòÉÔòÉÔòÉÔòÉÔòÉÔòÉÔòÉÔòÉÔòÉÔòÉÔòÉÔòÉÔòÉÔòÉÔòÉÔòÉÔòÉÔòÉÔòÉÔòÉÔòÉÔòÉÔòÉÔòÉÔòÉÔòÉÔòÉÔòÉÔòÉÔòÉÔòÉÔòÉÔòÉÔòÉÔòÉÔòÉÔòÉÔòÉÔòÉÔòÉÔòú
Ôòæ                                                                       Ôòæ
Ôòæ  When accessing via browser, you'll be prompted to enter this key:    Ôòæ
Ôòæ                                                                       Ôòæ
Ôòæ    cd6f559e-ed73-4832-bd9f-8140f75673ad
Ôòæ                                                                       Ôòæ
Ôòæ  In Electron mode, authentication is handled automatically.          Ôòæ
Ôòæ                                                                       Ôòæ
Ôòæ  ­ƒÆí Tip: Set AUTOMAKER_API_KEY env var to use a fixed key for dev    Ôòæ
ÔòÜÔòÉÔòÉÔòÉÔòÉÔòÉÔòÉÔòÉÔòÉÔòÉÔòÉÔòÉÔòÉÔòÉÔòÉÔòÉÔòÉÔòÉÔòÉÔòÉÔòÉÔòÉÔòÉÔòÉÔòÉÔòÉÔòÉÔòÉÔòÉÔòÉÔòÉÔòÉÔòÉÔòÉÔòÉÔòÉÔòÉÔòÉÔòÉÔòÉÔòÉÔòÉÔòÉÔòÉÔòÉÔòÉÔòÉÔòÉÔòÉÔòÉÔòÉÔòÉÔòÉÔòÉÔòÉÔòÉÔòÉÔòÉÔòÉÔòÉÔòÉÔòÉÔòÉÔòÉÔòÉÔòÉÔòÉÔòÉÔòÉÔòÉÔòÉÔòÉÔòØ


 [32mÔ£ô[39m [30m[42m server [49m[39m tests/unit/providers/provider-factory.test.ts[2m > [22mprovider-factory.ts[2m > [22mgetProviderForModel[2m > [22mClaude models (claude-* prefix)[2m > [22mshould return ClaudeProvider for claude-opus-4-5-20251101[32m 10[2mms[22m[39m
 [32mÔ£ô[39m [30m[42m server [49m[39m tests/unit/providers/provider-factory.test.ts[2m > [22mprovider-factory.ts[2m > [22mgetProviderForModel[2m > [22mClaude models (claude-* prefix)[2m > [22mshould return ClaudeProvider for claude-sonnet-4-20250514[32m 3[2mms[22m[39m
 [32mÔ£ô[39m [30m[42m server [49m[39m tests/unit/providers/provider-factory.test.ts[2m > [22mprovider-factory.ts[2m > [22mgetProviderForModel[2m > [22mClaude models (claude-* prefix)[2m > [22mshould return ClaudeProvider for claude-haiku-4-5[32m 3[2mms[22m[39m
 [32mÔ£ô[39m [30m[42m server [49m[39m tests/unit/providers/provider-factory.test.ts[2m > [22mprovider-factory.ts[2m > [22mgetProviderForModel[2m > [22mClaude models (claude-* prefix)[2m > [22mshould be case-insensitive for claude models[32m 2[2mms[22m[39m
 [32mÔ£ô[39m [30m[42m server [49m[39m tests/unit/providers/provider-factory.test.ts[2m > [22mprovider-factory.ts[2m > [22mgetProviderForModel[2m > [22mClaude aliases[2m > [22mshould return ClaudeProvider for 'haiku'[32m 2[2mms[22m[39m
 [32mÔ£ô[39m [30m[42m server [49m[39m tests/unit/providers/provider-factory.test.ts[2m > [22mprovider-factory.ts[2m > [22mgetProviderForModel[2m > [22mClaude aliases[2m > [22mshould return ClaudeProvider for 'sonnet'[32m 1[2mms[22m[39m
 [32mÔ£ô[39m [30m[42m server [49m[39m tests/unit/providers/provider-factory.test.ts[2m > [22mprovider-factory.ts[2m > [22mgetProviderForModel[2m > [22mClaude aliases[2m > [22mshould return ClaudeProvider for 'opus'[32m 1[2mms[22m[39m
 [32mÔ£ô[39m [30m[42m server [49m[39m tests/unit/providers/provider-factory.test.ts[2m > [22mprovider-factory.ts[2m > [22mgetProviderForModel[2m > [22mClaude aliases[2m > [22mshould be case-insensitive for aliases[32m 2[2mms[22m[39m
[90mstdout[2m | tests/unit/lib/auth.test.ts[2m > [22m[2mauth.ts[2m > [22m[2mauthMiddleware[2m > [22m[2mshould reject request with invalid API key
[22m[39m[36mINFO [0m [34m[Auth][0m Loaded 100 sessions (0 expired)
[36mINFO [0m [34m[Auth][0m Using API key from environment variable
[36mINFO [0m [34m[Auth][0m 
ÔòöÔòÉÔòÉÔòÉÔòÉÔòÉÔòÉÔòÉÔòÉÔòÉÔòÉÔòÉÔòÉÔòÉÔòÉÔòÉÔòÉÔòÉÔòÉÔòÉÔòÉÔòÉÔòÉÔòÉÔòÉÔòÉÔòÉÔòÉÔòÉÔòÉÔòÉÔòÉÔòÉÔòÉÔòÉÔòÉÔòÉÔòÉÔòÉÔòÉÔòÉÔòÉÔòÉÔòÉÔòÉÔòÉÔòÉÔòÉÔòÉÔòÉÔòÉÔòÉÔòÉÔòÉÔòÉÔòÉÔòÉÔòÉÔòÉÔòÉÔòÉÔòÉÔòÉÔòÉÔòÉÔòÉÔòÉÔòÉÔòÉÔòÉÔòÉÔòÉÔòù
Ôòæ  ­ƒöÉ API Key for Web Mode Authentication                               Ôòæ
ÔòáÔòÉÔòÉÔòÉÔòÉÔòÉÔòÉÔòÉÔòÉÔòÉÔòÉÔòÉÔòÉÔòÉÔòÉÔòÉÔòÉÔòÉÔòÉÔòÉÔòÉÔòÉÔòÉÔòÉÔòÉÔòÉÔòÉÔòÉÔòÉÔòÉÔòÉÔòÉÔòÉÔòÉÔòÉÔòÉÔòÉÔòÉÔòÉÔòÉÔòÉÔòÉÔòÉÔòÉÔòÉÔòÉÔòÉÔòÉÔòÉÔòÉÔòÉÔòÉÔòÉÔòÉÔòÉÔòÉÔòÉÔòÉÔòÉÔòÉÔòÉÔòÉÔòÉÔòÉÔòÉÔòÉÔòÉÔòÉÔòÉÔòÉÔòÉÔòÉÔòú
Ôòæ                                                                       Ôòæ
Ôòæ  When accessing via browser, you'll be prompted to enter this key:    Ôòæ
Ôòæ                                                                       Ôòæ
Ôòæ    test-secret-key
Ôòæ                                                                       Ôòæ
Ôòæ  In Electron mode, authentication is handled automatically.          Ôòæ
Ôòæ                                                                       Ôòæ
Ôòæ  ­ƒÆí Tip: Set AUTOMAKER_API_KEY env var to use a fixed key for dev    Ôòæ
ÔòÜÔòÉÔòÉÔòÉÔòÉÔòÉÔòÉÔòÉÔòÉÔòÉÔòÉÔòÉÔòÉÔòÉÔòÉÔòÉÔòÉÔòÉÔòÉÔòÉÔòÉÔòÉÔòÉÔòÉÔòÉÔòÉÔòÉÔòÉÔòÉÔòÉÔòÉÔòÉÔòÉÔòÉÔòÉÔòÉÔòÉÔòÉÔòÉÔòÉÔòÉÔòÉÔòÉÔòÉÔòÉÔòÉÔòÉÔòÉÔòÉÔòÉÔòÉÔòÉÔòÉÔòÉÔòÉÔòÉÔòÉÔòÉÔòÉÔòÉÔòÉÔòÉÔòÉÔòÉÔòÉÔòÉÔòÉÔòÉÔòÉÔòÉÔòÉÔòÉÔòØ


[90mstdout[2m | tests/unit/lib/auth.test.ts[2m > [22m[2mauth.ts[2m > [22m[2mauthMiddleware[2m > [22m[2mshould call next() with valid API key
[22m[39m[36mINFO [0m [34m[Auth][0m Loaded 100 sessions (0 expired)
[36mINFO [0m [34m[Auth][0m Using API key from environment variable
[36mINFO [0m [34m[Auth][0m 
ÔòöÔòÉÔòÉÔòÉÔòÉÔòÉÔòÉÔòÉÔòÉÔòÉÔòÉÔòÉÔòÉÔòÉÔòÉÔòÉÔòÉÔòÉÔòÉÔòÉÔòÉÔòÉÔòÉÔòÉÔòÉÔòÉÔòÉÔòÉÔòÉÔòÉÔòÉÔòÉÔòÉÔòÉÔòÉÔòÉÔòÉÔòÉÔòÉÔòÉÔòÉÔòÉÔòÉÔòÉÔòÉÔòÉÔòÉÔòÉÔòÉÔòÉÔòÉÔòÉÔòÉÔòÉÔòÉÔòÉÔòÉÔòÉÔòÉÔòÉÔòÉÔòÉÔòÉÔòÉÔòÉÔòÉÔòÉÔòÉÔòÉÔòÉÔòÉÔòÉÔòù
Ôòæ  ­ƒöÉ API Key for Web Mode Authentication                               Ôòæ
ÔòáÔòÉÔòÉÔòÉÔòÉÔòÉÔòÉÔòÉÔòÉÔòÉÔòÉÔòÉÔòÉÔòÉÔòÉÔòÉÔòÉÔòÉÔòÉÔòÉÔòÉÔòÉÔòÉÔòÉÔòÉÔòÉÔòÉÔòÉÔòÉÔòÉÔòÉÔòÉÔòÉÔòÉÔòÉÔòÉÔòÉÔòÉÔòÉÔòÉÔòÉÔòÉÔòÉÔòÉÔòÉÔòÉÔòÉÔòÉÔòÉÔòÉÔòÉÔòÉÔòÉÔòÉÔòÉÔòÉÔòÉÔòÉÔòÉÔòÉÔòÉÔòÉÔòÉÔòÉÔòÉÔòÉÔòÉÔòÉÔòÉÔòÉÔòÉÔòÉÔòú
Ôòæ                                                                       Ôòæ
Ôòæ  When accessing via browser, you'll be prompted to enter this key:    Ôòæ
Ôòæ                                                                       Ôòæ
Ôòæ    test-secret-key
Ôòæ                                                                       Ôòæ
Ôòæ  In Electron mode, authentication is handled automatically.          Ôòæ
Ôòæ                                                                       Ôòæ
Ôòæ  ­ƒÆí Tip: Set AUTOMAKER_API_KEY env var to use a fixed key for dev    Ôòæ
ÔòÜÔòÉÔòÉÔòÉÔòÉÔòÉÔòÉÔòÉÔòÉÔòÉÔòÉÔòÉÔòÉÔòÉÔòÉÔòÉÔòÉÔòÉÔòÉÔòÉÔòÉÔòÉÔòÉÔòÉÔòÉÔòÉÔòÉÔòÉÔòÉÔòÉÔòÉÔòÉÔòÉÔòÉÔòÉÔòÉÔòÉÔòÉÔòÉÔòÉÔòÉÔòÉÔòÉÔòÉÔòÉÔòÉÔòÉÔòÉÔòÉÔòÉÔòÉÔòÉÔòÉÔòÉÔòÉÔòÉÔòÉÔòÉÔòÉÔòÉÔòÉÔòÉÔòÉÔòÉÔòÉÔòÉÔòÉÔòÉÔòÉÔòÉÔòÉÔòÉÔòØ


 [32mÔ£ô[39m [30m[42m server [49m[39m tests/unit/lib/auth.test.ts[2m > [22mauth.ts[2m > [22mauthMiddleware[2m > [22mshould reject request without any authentication[32m 174[2mms[22m[39m
 [32mÔ£ô[39m [30m[42m server [49m[39m tests/unit/lib/auth.test.ts[2m > [22mauth.ts[2m > [22mauthMiddleware[2m > [22mshould reject request with invalid API key[32m 22[2mms[22m[39m
 [32mÔ£ô[39m [30m[42m server [49m[39m tests/unit/lib/auth.test.ts[2m > [22mauth.ts[2m > [22mauthMiddleware[2m > [22mshould call next() with valid API key[32m 22[2mms[22m[39m
[90mstdout[2m | tests/unit/lib/auth.test.ts[2m > [22m[2mauth.ts[2m > [22m[2mauthMiddleware[2m > [22m[2mshould authenticate with session token in header
[22m[39m[36mINFO [0m [34m[Auth][0m Loaded 100 sessions (0 expired)
[36mINFO [0m [34m[Auth][0m Loaded API key from file
[36mINFO [0m [34m[Auth][0m 
ÔòöÔòÉÔòÉÔòÉÔòÉÔòÉÔòÉÔòÉÔòÉÔòÉÔòÉÔòÉÔòÉÔòÉÔòÉÔòÉÔòÉÔòÉÔòÉÔòÉÔòÉÔòÉÔòÉÔòÉÔòÉÔòÉÔòÉÔòÉÔòÉÔòÉÔòÉÔòÉÔòÉÔòÉÔòÉÔòÉÔòÉÔòÉÔòÉÔòÉÔòÉÔòÉÔòÉÔòÉÔòÉÔòÉÔòÉÔòÉÔòÉÔòÉÔòÉÔòÉÔòÉÔòÉÔòÉÔòÉÔòÉÔòÉÔòÉÔòÉÔòÉÔòÉÔòÉÔòÉÔòÉÔòÉÔòÉÔòÉÔòÉÔòÉÔòÉÔòÉÔòù
Ôòæ  ­ƒöÉ API Key for Web Mode Authentication                               Ôòæ
ÔòáÔòÉÔòÉÔòÉÔòÉÔòÉÔòÉÔòÉÔòÉÔòÉÔòÉÔòÉÔòÉÔòÉÔòÉÔòÉÔòÉÔòÉÔòÉÔòÉÔòÉÔòÉÔòÉÔòÉÔòÉÔòÉÔòÉÔòÉÔòÉÔòÉÔòÉÔòÉÔòÉÔòÉÔòÉÔòÉÔòÉÔòÉÔòÉÔòÉÔòÉÔòÉÔòÉÔòÉÔòÉÔòÉÔòÉÔòÉÔòÉÔòÉÔòÉÔòÉÔòÉÔòÉÔòÉÔòÉÔòÉÔòÉÔòÉÔòÉÔòÉÔòÉÔòÉÔòÉÔòÉÔòÉÔòÉÔòÉÔòÉÔòÉÔòÉÔòÉÔòú
Ôòæ                                                                       Ôòæ
Ôòæ  When accessing via browser, you'll be prompted to enter this key:    Ôòæ
Ôòæ                                                                       Ôòæ
Ôòæ    cd6f559e-ed73-4832-bd9f-8140f75673ad
Ôòæ                                                                       Ôòæ
Ôòæ  In Electron mode, authentication is handled automatically.          Ôòæ
Ôòæ                                                                       Ôòæ
Ôòæ  ­ƒÆí Tip: Set AUTOMAKER_API_KEY env var to use a fixed key for dev    Ôòæ
ÔòÜÔòÉÔòÉÔòÉÔòÉÔòÉÔòÉÔòÉÔòÉÔòÉÔòÉÔòÉÔòÉÔòÉÔòÉÔòÉÔòÉÔòÉÔòÉÔòÉÔòÉÔòÉÔòÉÔòÉÔòÉÔòÉÔòÉÔòÉÔòÉÔòÉÔòÉÔòÉÔòÉÔòÉÔòÉÔòÉÔòÉÔòÉÔòÉÔòÉÔòÉÔòÉÔòÉÔòÉÔòÉÔòÉÔòÉÔòÉÔòÉÔòÉÔòÉÔòÉÔòÉÔòÉÔòÉÔòÉÔòÉÔòÉÔòÉÔòÉÔòÉÔòÉÔòÉÔòÉÔòÉÔòÉÔòÉÔòÉÔòÉÔòÉÔòÉÔòÉÔòØ


[90mstdout[2m | tests/unit/lib/auth.test.ts[2m > [22m[2mauth.ts[2m > [22m[2mauthMiddleware[2m > [22m[2mshould reject invalid session token in header
[22m[39m[36mINFO [0m [34m[Auth][0m Loaded 101 sessions (0 expired)
[36mINFO [0m [34m[Auth][0m Loaded API key from file
[36mINFO [0m [34m[Auth][0m 
ÔòöÔòÉÔòÉÔòÉÔòÉÔòÉÔòÉÔòÉÔòÉÔòÉÔòÉÔòÉÔòÉÔòÉÔòÉÔòÉÔòÉÔòÉÔòÉÔòÉÔòÉÔòÉÔòÉÔòÉÔòÉÔòÉÔòÉÔòÉÔòÉÔòÉÔòÉÔòÉÔòÉÔòÉÔòÉÔòÉÔòÉÔòÉÔòÉÔòÉÔòÉÔòÉÔòÉÔòÉÔòÉÔòÉÔòÉÔòÉÔòÉÔòÉÔòÉÔòÉÔòÉÔòÉÔòÉÔòÉÔòÉÔòÉÔòÉÔòÉÔòÉÔòÉÔòÉÔòÉÔòÉÔòÉÔòÉÔòÉÔòÉÔòÉÔòÉÔòÉÔòù
Ôòæ  ­ƒöÉ API Key for Web Mode Authentication                               Ôòæ
ÔòáÔòÉÔòÉÔòÉÔòÉÔòÉÔòÉÔòÉÔòÉÔòÉÔòÉÔòÉÔòÉÔòÉÔòÉÔòÉÔòÉÔòÉÔòÉÔòÉÔòÉÔòÉÔòÉÔòÉÔòÉÔòÉÔòÉÔòÉÔòÉÔòÉÔòÉÔòÉÔòÉÔòÉÔòÉÔòÉÔòÉÔòÉÔòÉÔòÉÔòÉÔòÉÔòÉÔòÉÔòÉÔòÉÔòÉÔòÉÔòÉÔòÉÔòÉÔòÉÔòÉÔòÉÔòÉÔòÉÔòÉÔòÉÔòÉÔòÉÔòÉÔòÉÔòÉÔòÉÔòÉÔòÉÔòÉÔòÉÔòÉÔòÉÔòÉÔòÉÔòú
Ôòæ                                                                       Ôòæ
Ôòæ  When accessing via browser, you'll be prompted to enter this key:    Ôòæ
Ôòæ                                                                       Ôòæ
Ôòæ    cd6f559e-ed73-4832-bd9f-8140f75673ad
Ôòæ                                                                       Ôòæ
Ôòæ  In Electron mode, authentication is handled automatically.          Ôòæ
Ôòæ                                                                       Ôòæ
Ôòæ  ­ƒÆí Tip: Set AUTOMAKER_API_KEY env var to use a fixed key for dev    Ôòæ
ÔòÜÔòÉÔòÉÔòÉÔòÉÔòÉÔòÉÔòÉÔòÉÔòÉÔòÉÔòÉÔòÉÔòÉÔòÉÔòÉÔòÉÔòÉÔòÉÔòÉÔòÉÔòÉÔòÉÔòÉÔòÉÔòÉÔòÉÔòÉÔòÉÔòÉÔòÉÔòÉÔòÉÔòÉÔòÉÔòÉÔòÉÔòÉÔòÉÔòÉÔòÉÔòÉÔòÉÔòÉÔòÉÔòÉÔòÉÔòÉÔòÉÔòÉÔòÉÔòÉÔòÉÔòÉÔòÉÔòÉÔòÉÔòÉÔòÉÔòÉÔòÉÔòÉÔòÉÔòÉÔòÉÔòÉÔòÉÔòÉÔòÉÔòÉÔòÉÔòÉÔòØ


[90mstdout[2m | tests/unit/lib/auth.test.ts[2m > [22m[2mauth.ts[2m > [22m[2mauthMiddleware[2m > [22m[2mshould authenticate with API key in query parameter
[22m[39m[36mINFO [0m [34m[Auth][0m Loaded 101 sessions (0 expired)
[36mINFO [0m [34m[Auth][0m Using API key from environment variable
[36mINFO [0m [34m[Auth][0m 
ÔòöÔòÉÔòÉÔòÉÔòÉÔòÉÔòÉÔòÉÔòÉÔòÉÔòÉÔòÉÔòÉÔòÉÔòÉÔòÉÔòÉÔòÉÔòÉÔòÉÔòÉÔòÉÔòÉÔòÉÔòÉÔòÉÔòÉÔòÉÔòÉÔòÉÔòÉÔòÉÔòÉÔòÉÔòÉÔòÉÔòÉÔòÉÔòÉÔòÉÔòÉÔòÉÔòÉÔòÉÔòÉÔòÉÔòÉÔòÉÔòÉÔòÉÔòÉÔòÉÔòÉÔòÉÔòÉÔòÉÔòÉÔòÉÔòÉÔòÉÔòÉÔòÉÔòÉÔòÉÔòÉÔòÉÔòÉÔòÉÔòÉÔòÉÔòÉÔòÉÔòù
Ôòæ  ­ƒöÉ API Key for Web Mode Authentication                               Ôòæ
ÔòáÔòÉÔòÉÔòÉÔòÉÔòÉÔòÉÔòÉÔòÉÔòÉÔòÉÔòÉÔòÉÔòÉÔòÉÔòÉÔòÉÔòÉÔòÉÔòÉÔòÉÔòÉÔòÉÔòÉÔòÉÔòÉÔòÉÔòÉÔòÉÔòÉÔòÉÔòÉÔòÉÔòÉÔòÉÔòÉÔòÉÔòÉÔòÉÔòÉÔòÉÔòÉÔòÉÔòÉÔòÉÔòÉÔòÉÔòÉÔòÉÔòÉÔòÉÔòÉÔòÉÔòÉÔòÉÔòÉÔòÉÔòÉÔòÉÔòÉÔòÉÔòÉÔòÉÔòÉÔòÉÔòÉÔòÉÔòÉÔòÉÔòÉÔòÉÔòÉÔòú
Ôòæ                                                                       Ôòæ
Ôòæ  When accessing via browser, you'll be prompted to enter this key:    Ôòæ
Ôòæ                                                                       Ôòæ
Ôòæ    test-secret-key
Ôòæ                                                                       Ôòæ
Ôòæ  In Electron mode, authentication is handled automatically.          Ôòæ
Ôòæ                                                                       Ôòæ
Ôòæ  ­ƒÆí Tip: Set AUTOMAKER_API_KEY env var to use a fixed key for dev    Ôòæ
ÔòÜÔòÉÔòÉÔòÉÔòÉÔòÉÔòÉÔòÉÔòÉÔòÉÔòÉÔòÉÔòÉÔòÉÔòÉÔòÉÔòÉÔòÉÔòÉÔòÉÔòÉÔòÉÔòÉÔòÉÔòÉÔòÉÔòÉÔòÉÔòÉÔòÉÔòÉÔòÉÔòÉÔòÉÔòÉÔòÉÔòÉÔòÉÔòÉÔòÉÔòÉÔòÉÔòÉÔòÉÔòÉÔòÉÔòÉÔòÉÔòÉÔòÉÔòÉÔòÉÔòÉÔòÉÔòÉÔòÉÔòÉÔòÉÔòÉÔòÉÔòÉÔòÉÔòÉÔòÉÔòÉÔòÉÔòÉÔòÉÔòÉÔòÉÔòÉÔòÉÔòØ


[90mstdout[2m | tests/unit/lib/auth.test.ts[2m > [22m[2mauth.ts[2m > [22m[2mauthMiddleware[2m > [22m[2mshould authenticate with session cookie
[22m[39m[36mINFO [0m [34m[Auth][0m Loaded 101 sessions (0 expired)
[36mINFO [0m [34m[Auth][0m Loaded API key from file
[36mINFO [0m [34m[Auth][0m 
ÔòöÔòÉÔòÉÔòÉÔòÉÔòÉÔòÉÔòÉÔòÉÔòÉÔòÉÔòÉÔòÉÔòÉÔòÉÔòÉÔòÉÔòÉÔòÉÔòÉÔòÉÔòÉÔòÉÔòÉÔòÉÔòÉÔòÉÔòÉÔòÉÔòÉÔòÉÔòÉÔòÉÔòÉÔòÉÔòÉÔòÉÔòÉÔòÉÔòÉÔòÉÔòÉÔòÉÔòÉÔòÉÔòÉÔòÉÔòÉÔòÉÔòÉÔòÉÔòÉÔòÉÔòÉÔòÉÔòÉÔòÉÔòÉÔòÉÔòÉÔòÉÔòÉÔòÉÔòÉÔòÉÔòÉÔòÉÔòÉÔòÉÔòÉÔòÉÔòÉÔòù
Ôòæ  ­ƒöÉ API Key for Web Mode Authentication                               Ôòæ
ÔòáÔòÉÔòÉÔòÉÔòÉÔòÉÔòÉÔòÉÔòÉÔòÉÔòÉÔòÉÔòÉÔòÉÔòÉÔòÉÔòÉÔòÉÔòÉÔòÉÔòÉÔòÉÔòÉÔòÉÔòÉÔòÉÔòÉÔòÉÔòÉÔòÉÔòÉÔòÉÔòÉÔòÉÔòÉÔòÉÔòÉÔòÉÔòÉÔòÉÔòÉÔòÉÔòÉÔòÉÔòÉÔòÉÔòÉÔòÉÔòÉÔòÉÔòÉÔòÉÔòÉÔòÉÔòÉÔòÉÔòÉÔòÉÔòÉÔòÉÔòÉÔòÉÔòÉÔòÉÔòÉÔòÉÔòÉÔòÉÔòÉÔòÉÔòÉÔòÉÔòú
Ôòæ                                                                       Ôòæ
Ôòæ  When accessing via browser, you'll be prompted to enter this key:    Ôòæ
Ôòæ                                                                       Ôòæ
Ôòæ    cd6f559e-ed73-4832-bd9f-8140f75673ad
Ôòæ                                                                       Ôòæ
Ôòæ  In Electron mode, authentication is handled automatically.          Ôòæ
Ôòæ                                                                       Ôòæ
Ôòæ  ­ƒÆí Tip: Set AUTOMAKER_API_KEY env var to use a fixed key for dev    Ôòæ
ÔòÜÔòÉÔòÉÔòÉÔòÉÔòÉÔòÉÔòÉÔòÉÔòÉÔòÉÔòÉÔòÉÔòÉÔòÉÔòÉÔòÉÔòÉÔòÉÔòÉÔòÉÔòÉÔòÉÔòÉÔòÉÔòÉÔòÉÔòÉÔòÉÔòÉÔòÉÔòÉÔòÉÔòÉÔòÉÔòÉÔòÉÔòÉÔòÉÔòÉÔòÉÔòÉÔòÉÔòÉÔòÉÔòÉÔòÉÔòÉÔòÉÔòÉÔòÉÔòÉÔòÉÔòÉÔòÉÔòÉÔòÉÔòÉÔòÉÔòÉÔòÉÔòÉÔòÉÔòÉÔòÉÔòÉÔòÉÔòÉÔòÉÔòÉÔòÉÔòÉÔòØ


 [32mÔ£ô[39m [30m[42m server [49m[39m tests/unit/lib/auth.test.ts[2m > [22mauth.ts[2m > [22mauthMiddleware[2m > [22mshould authenticate with session token in header[32m 39[2mms[22m[39m
 [32mÔ£ô[39m [30m[42m server [49m[39m tests/unit/lib/auth.test.ts[2m > [22mauth.ts[2m > [22mauthMiddleware[2m > [22mshould reject invalid session token in header[32m 19[2mms[22m[39m
 [32mÔ£ô[39m [30m[42m server [49m[39m tests/unit/lib/auth.test.ts[2m > [22mauth.ts[2m > [22mauthMiddleware[2m > [22mshould authenticate with API key in query parameter[32m 32[2mms[22m[39m
[90mstdout[2m | tests/unit/lib/auth.test.ts[2m > [22m[2mauth.ts[2m > [22m[2mcreateSession[2m > [22m[2mshould create a new session and return token
[22m[39m[36mINFO [0m [34m[Auth][0m Loaded 102 sessions (0 expired)
[36mINFO [0m [34m[Auth][0m Loaded API key from file
[36mINFO [0m [34m[Auth][0m 
ÔòöÔòÉÔòÉÔòÉÔòÉÔòÉÔòÉÔòÉÔòÉÔòÉÔòÉÔòÉÔòÉÔòÉÔòÉÔòÉÔòÉÔòÉÔòÉÔòÉÔòÉÔòÉÔòÉÔòÉÔòÉÔòÉÔòÉÔòÉÔòÉÔòÉÔòÉÔòÉÔòÉÔòÉÔòÉÔòÉÔòÉÔòÉÔòÉÔòÉÔòÉÔòÉÔòÉÔòÉÔòÉÔòÉÔòÉÔòÉÔòÉÔòÉÔòÉÔòÉÔòÉÔòÉÔòÉÔòÉÔòÉÔòÉÔòÉÔòÉÔòÉÔòÉÔòÉÔòÉÔòÉÔòÉÔòÉÔòÉÔòÉÔòÉÔòÉÔòÉÔòù
Ôòæ  ­ƒöÉ API Key for Web Mode Authentication                               Ôòæ
ÔòáÔòÉÔòÉÔòÉÔòÉÔòÉÔòÉÔòÉÔòÉÔòÉÔòÉÔòÉÔòÉÔòÉÔòÉÔòÉÔòÉÔòÉÔòÉÔòÉÔòÉÔòÉÔòÉÔòÉÔòÉÔòÉÔòÉÔòÉÔòÉÔòÉÔòÉÔòÉÔòÉÔòÉÔòÉÔòÉÔòÉÔòÉÔòÉÔòÉÔòÉÔòÉÔòÉÔòÉÔòÉÔòÉÔòÉÔòÉÔòÉÔòÉÔòÉÔòÉÔòÉÔòÉÔòÉÔòÉÔòÉÔòÉÔòÉÔòÉÔòÉÔòÉÔòÉÔòÉÔòÉÔòÉÔòÉÔòÉÔòÉÔòÉÔòÉÔòÉÔòú
Ôòæ                                                                       Ôòæ
Ôòæ  When accessing via browser, you'll be prompted to enter this key:    Ôòæ
Ôòæ                                                                       Ôòæ
Ôòæ    cd6f559e-ed73-4832-bd9f-8140f75673ad
Ôòæ                                                                       Ôòæ
Ôòæ  In Electron mode, authentication is handled automatically.          Ôòæ
Ôòæ                                                                       Ôòæ
Ôòæ  ­ƒÆí Tip: Set AUTOMAKER_API_KEY env var to use a fixed key for dev    Ôòæ
ÔòÜÔòÉÔòÉÔòÉÔòÉÔòÉÔòÉÔòÉÔòÉÔòÉÔòÉÔòÉÔòÉÔòÉÔòÉÔòÉÔòÉÔòÉÔòÉÔòÉÔòÉÔòÉÔòÉÔòÉÔòÉÔòÉÔòÉÔòÉÔòÉÔòÉÔòÉÔòÉÔòÉÔòÉÔòÉÔòÉÔòÉÔòÉÔòÉÔòÉÔòÉÔòÉÔòÉÔòÉÔòÉÔòÉÔòÉÔòÉÔòÉÔòÉÔòÉÔòÉÔòÉÔòÉÔòÉÔòÉÔòÉÔòÉÔòÉÔòÉÔòÉÔòÉÔòÉÔòÉÔòÉÔòÉÔòÉÔòÉÔòÉÔòÉÔòÉÔòÉÔòØ


[90mstdout[2m | tests/integration/services/auto-mode-service.integration.test.ts[2m > [22m[2mauto-mode-service.ts (integration)[2m > [22m[2mworktree operations[2m > [22m[2mshould use existing git worktree for feature
[22m[39m[36mINFO [0m [34m[AutoMode][0m Using worktree for branch "feature/test-feature-1": C:\Users\justus\AppData\Local\Temp\automaker-test-NE78zc\.worktrees\test-feature-1

[90mstdout[2m | tests/unit/lib/auth.test.ts[2m > [22m[2mauth.ts[2m > [22m[2mcreateSession[2m > [22m[2mshould create unique tokens for each session
[22m[39m[36mINFO [0m [34m[Auth][0m Loaded 103 sessions (0 expired)
[36mINFO [0m [34m[Auth][0m Loaded API key from file
[36mINFO [0m [34m[Auth][0m 
ÔòöÔòÉÔòÉÔòÉÔòÉÔòÉÔòÉÔòÉÔòÉÔòÉÔòÉÔòÉÔòÉÔòÉÔòÉÔòÉÔòÉÔòÉÔòÉÔòÉÔòÉÔòÉÔòÉÔòÉÔòÉÔòÉÔòÉÔòÉÔòÉÔòÉÔòÉÔòÉÔòÉÔòÉÔòÉÔòÉÔòÉÔòÉÔòÉÔòÉÔòÉÔòÉÔòÉÔòÉÔòÉÔòÉÔòÉÔòÉÔòÉÔòÉÔòÉÔòÉÔòÉÔòÉÔòÉÔòÉÔòÉÔòÉÔòÉÔòÉÔòÉÔòÉÔòÉÔòÉÔòÉÔòÉÔòÉÔòÉÔòÉÔòÉÔòÉÔòÉÔòù
Ôòæ  ­ƒöÉ API Key for Web Mode Authentication                               Ôòæ
ÔòáÔòÉÔòÉÔòÉÔòÉÔòÉÔòÉÔòÉÔòÉÔòÉÔòÉÔòÉÔòÉÔòÉÔòÉÔòÉÔòÉÔòÉÔòÉÔòÉÔòÉÔòÉÔòÉÔòÉÔòÉÔòÉÔòÉÔòÉÔòÉÔòÉÔòÉÔòÉÔòÉÔòÉÔòÉÔòÉÔòÉÔòÉÔòÉÔòÉÔòÉÔòÉÔòÉÔòÉÔòÉÔòÉÔòÉÔòÉÔòÉÔòÉÔòÉÔòÉÔòÉÔòÉÔòÉÔòÉÔòÉÔòÉÔòÉÔòÉÔòÉÔòÉÔòÉÔòÉÔòÉÔòÉÔòÉÔòÉÔòÉÔòÉÔòÉÔòÉÔòú
Ôòæ                                                                       Ôòæ
Ôòæ  When accessing via browser, you'll be prompted to enter this key:    Ôòæ
Ôòæ                                                                       Ôòæ
Ôòæ    cd6f559e-ed73-4832-bd9f-8140f75673ad
Ôòæ                                                                       Ôòæ
Ôòæ  In Electron mode, authentication is handled automatically.          Ôòæ
Ôòæ                                                                       Ôòæ
Ôòæ  ­ƒÆí Tip: Set AUTOMAKER_API_KEY env var to use a fixed key for dev    Ôòæ
ÔòÜÔòÉÔòÉÔòÉÔòÉÔòÉÔòÉÔòÉÔòÉÔòÉÔòÉÔòÉÔòÉÔòÉÔòÉÔòÉÔòÉÔòÉÔòÉÔòÉÔòÉÔòÉÔòÉÔòÉÔòÉÔòÉÔòÉÔòÉÔòÉÔòÉÔòÉÔòÉÔòÉÔòÉÔòÉÔòÉÔòÉÔòÉÔòÉÔòÉÔòÉÔòÉÔòÉÔòÉÔòÉÔòÉÔòÉÔòÉÔòÉÔòÉÔòÉÔòÉÔòÉÔòÉÔòÉÔòÉÔòÉÔòÉÔòÉÔòÉÔòÉÔòÉÔòÉÔòÉÔòÉÔòÉÔòÉÔòÉÔòÉÔòÉÔòÉÔòÉÔòØ


[90mstdout[2m | tests/integration/services/auto-mode-service.integration.test.ts[2m > [22m[2mauto-mode-service.ts (integration)[2m > [22m[2mworktree operations[2m > [22m[2mshould use existing git worktree for feature
[22m[39m[36mINFO [0m [34m[SettingsHelper][0m [AutoMode] SettingsService not available, autoLoadClaudeMd disabled

[90mstdout[2m | tests/integration/services/auto-mode-service.integration.test.ts[2m > [22m[2mauto-mode-service.ts (integration)[2m > [22m[2mworktree operations[2m > [22m[2mshould use existing git worktree for feature
[22m[39m[36mINFO [0m [34m[SettingsHelper][0m [AutoMode] SettingsService not available, using default prompts

[90mstdout[2m | tests/integration/services/auto-mode-service.integration.test.ts[2m > [22m[2mauto-mode-service.ts (integration)[2m > [22m[2mworktree operations[2m > [22m[2mshould use existing git worktree for feature
[22m[39m[MemoryLoader] Initialized memory folder at C:\Users\justus\AppData\Local\Temp\automaker-test-NE78zc\.automaker\memory

[90mstdout[2m | tests/integration/services/auto-mode-service.integration.test.ts[2m > [22m[2mauto-mode-service.ts (integration)[2m > [22m[2mworktree operations[2m > [22m[2mshould use existing git worktree for feature
[22m[39m[ContextLoader] Selected memory files: gotchas
[ContextLoader] Loaded 1 memory file(s)

[90mstdout[2m | tests/unit/lib/auth.test.ts[2m > [22m[2mauth.ts[2m > [22m[2mvalidateSession[2m > [22m[2mshould validate a valid session token
[22m[39m[36mINFO [0m [34m[Auth][0m Loaded 105 sessions (0 expired)
[36mINFO [0m [34m[Auth][0m Loaded API key from file
[36mINFO [0m [34m[Auth][0m 
ÔòöÔòÉÔòÉÔòÉÔòÉÔòÉÔòÉÔòÉÔòÉÔòÉÔòÉÔòÉÔòÉÔòÉÔòÉÔòÉÔòÉÔòÉÔòÉÔòÉÔòÉÔòÉÔòÉÔòÉÔòÉÔòÉÔòÉÔòÉÔòÉÔòÉÔòÉÔòÉÔòÉÔòÉÔòÉÔòÉÔòÉÔòÉÔòÉÔòÉÔòÉÔòÉÔòÉÔòÉÔòÉÔòÉÔòÉÔòÉÔòÉÔòÉÔòÉÔòÉÔòÉÔòÉÔòÉÔòÉÔòÉÔòÉÔòÉÔòÉÔòÉÔòÉÔòÉÔòÉÔòÉÔòÉÔòÉÔòÉÔòÉÔòÉÔòÉÔòÉÔòù
Ôòæ  ­ƒöÉ API Key for Web Mode Authentication                               Ôòæ
ÔòáÔòÉÔòÉÔòÉÔòÉÔòÉÔòÉÔòÉÔòÉÔòÉÔòÉÔòÉÔòÉÔòÉÔòÉÔòÉÔòÉÔòÉÔòÉÔòÉÔòÉÔòÉÔòÉÔòÉÔòÉÔòÉÔòÉÔòÉÔòÉÔòÉÔòÉÔòÉÔòÉÔòÉÔòÉÔòÉÔòÉÔòÉÔòÉÔòÉÔòÉÔòÉÔòÉÔòÉÔòÉÔòÉÔòÉÔòÉÔòÉÔòÉÔòÉÔòÉÔòÉÔòÉÔòÉÔòÉÔòÉÔòÉÔòÉÔòÉÔòÉÔòÉÔòÉÔòÉÔòÉÔòÉÔòÉÔòÉÔòÉÔòÉÔòÉÔòÉÔòú
Ôòæ                                                                       Ôòæ
Ôòæ  When accessing via browser, you'll be prompted to enter this key:    Ôòæ
Ôòæ                                                                       Ôòæ
Ôòæ    cd6f559e-ed73-4832-bd9f-8140f75673ad
Ôòæ                                                                       Ôòæ
Ôòæ  In Electron mode, authentication is handled automatically.          Ôòæ
Ôòæ                                                                       Ôòæ
Ôòæ  ­ƒÆí Tip: Set AUTOMAKER_API_KEY env var to use a fixed key for dev    Ôòæ
ÔòÜÔòÉÔòÉÔòÉÔòÉÔòÉÔòÉÔòÉÔòÉÔòÉÔòÉÔòÉÔòÉÔòÉÔòÉÔòÉÔòÉÔòÉÔòÉÔòÉÔòÉÔòÉÔòÉÔòÉÔòÉÔòÉÔòÉÔòÉÔòÉÔòÉÔòÉÔòÉÔòÉÔòÉÔòÉÔòÉÔòÉÔòÉÔòÉÔòÉÔòÉÔòÉÔòÉÔòÉÔòÉÔòÉÔòÉÔòÉÔòÉÔòÉÔòÉÔòÉÔòÉÔòÉÔòÉÔòÉÔòÉÔòÉÔòÉÔòÉÔòÉÔòÉÔòÉÔòÉÔòÉÔòÉÔòÉÔòÉÔòÉÔòÉÔòÉÔòÉÔòØ


[90mstdout[2m | tests/integration/services/auto-mode-service.integration.test.ts[2m > [22m[2mauto-mode-service.ts (integration)[2m > [22m[2mworktree operations[2m > [22m[2mshould use existing git worktree for feature
[22m[39m[ModelResolver] resolveModelString called with modelKey: "undefined", defaultModel: "claude-opus-4-5-20251101"
[ModelResolver] No model specified, using default: claude-opus-4-5-20251101
[36mINFO [0m [34m[AutoMode][0m Executing feature test-feature-1 with model: claude-opus-4-5-20251101, provider: undefined in C:\Users\justus\AppData\Local\Temp\automaker-test-NE78zc\.worktrees\test-feature-1

 [32mÔ£ô[39m [30m[42m server [49m[39m tests/unit/lib/auth.test.ts[2m > [22mauth.ts[2m > [22mauthMiddleware[2m > [22mshould authenticate with session cookie[32m 37[2mms[22m[39m
 [32mÔ£ô[39m [30m[42m server [49m[39m tests/unit/lib/auth.test.ts[2m > [22mauth.ts[2m > [22mcreateSession[2m > [22mshould create a new session and return token[32m 57[2mms[22m[39m
 [32mÔ£ô[39m [30m[42m server [49m[39m tests/unit/lib/auth.test.ts[2m > [22mauth.ts[2m > [22mcreateSession[2m > [22mshould create unique tokens for each session[32m 22[2mms[22m[39m
 [32mÔ£ô[39m [30m[42m server [49m[39m tests/unit/lib/auth.test.ts[2m > [22mauth.ts[2m > [22mvalidateSession[2m > [22mshould validate a valid session token[32m 19[2mms[22m[39m
[90mstdout[2m | tests/integration/services/auto-mode-service.integration.test.ts[2m > [22m[2mauto-mode-service.ts (integration)[2m > [22m[2mworktree operations[2m > [22m[2mshould use existing git worktree for feature
[22m[39m[ModelResolver] resolveModelString called with modelKey: "claude-opus-4-5-20251101", defaultModel: "claude-opus-4-5-20251101"
[ModelResolver] Using full Claude model string: claude-opus-4-5-20251101
[36mINFO [0m [34m[AutoMode][0m runAgent called for feature test-feature-1 with model: claude-opus-4-5-20251101, planningMode: skip, requiresApproval: false
[36mINFO [0m [34m[AutoMode][0m Using provider "claude" for model "claude-opus-4-5-20251101" (bare: claude-opus-4-5-20251101)

[90mstdout[2m | tests/integration/services/auto-mode-service.integration.test.ts[2m > [22m[2mauto-mode-service.ts (integration)[2m > [22m[2mworktree operations[2m > [22m[2mshould use existing git worktree for feature
[22m[39m[36mINFO [0m [34m[AutoMode][0m System prompt provided (310 chars), first 200 chars:
# Project Memory

The following learnings and decisions from previous work are available.
**IMPORTANT**: Review these carefully before making changes that could conflict with past decisions.

---

## ...
[36mINFO [0m [34m[AutoMode][0m Starting stream for feature test-feature-1...
[36mINFO [0m [34m[AutoMode][0m Stream created, starting to iterate...

[90mstdout[2m | tests/integration/services/auto-mode-service.integration.test.ts[2m > [22m[2mauto-mode-service.ts (integration)[2m > [22m[2mworktree operations[2m > [22m[2mshould use existing git worktree for feature
[22m[39m[36mINFO [0m [34m[AutoMode][0m Stream message received: assistant 
[36mINFO [0m [34m[AutoMode][0m Emitting progress event for test-feature-1, content length: 19

[90mstdout[2m | tests/integration/services/auto-mode-service.integration.test.ts[2m > [22m[2mauto-mode-service.ts (integration)[2m > [22m[2mworktree operations[2m > [22m[2mshould use existing git worktree for feature
[22m[39m[36mINFO [0m [34m[AutoMode][0m Stream message received: result success

 [32mÔ£ô[39m [30m[42m server [49m[39m tests/unit/services/dev-server-service.test.ts[2m > [22mdev-server-service.ts[2m > [22mstartDevServer[2m > [22mshould detect pnpm as package manager with pnpm-lock.yaml[33m 758[2mms[22m[39m
[90mstdout[2m | tests/unit/lib/auth.test.ts[2m > [22m[2mauth.ts[2m > [22m[2mvalidateSession[2m > [22m[2mshould reject invalid session token
[22m[39m[36mINFO [0m [34m[Auth][0m Loaded 106 sessions (0 expired)
[36mINFO [0m [34m[Auth][0m Loaded API key from file
[36mINFO [0m [34m[Auth][0m 
ÔòöÔòÉÔòÉÔòÉÔòÉÔòÉÔòÉÔòÉÔòÉÔòÉÔòÉÔòÉÔòÉÔòÉÔòÉÔòÉÔòÉÔòÉÔòÉÔòÉÔòÉÔòÉÔòÉÔòÉÔòÉÔòÉÔòÉÔòÉÔòÉÔòÉÔòÉÔòÉÔòÉÔòÉÔòÉÔòÉÔòÉÔòÉÔòÉÔòÉÔòÉÔòÉÔòÉÔòÉÔòÉÔòÉÔòÉÔòÉÔòÉÔòÉÔòÉÔòÉÔòÉÔòÉÔòÉÔòÉÔòÉÔòÉÔòÉÔòÉÔòÉÔòÉÔòÉÔòÉÔòÉÔòÉÔòÉÔòÉÔòÉÔòÉÔòÉÔòÉÔòù
Ôòæ  ­ƒöÉ API Key for Web Mode Authentication                               Ôòæ
ÔòáÔòÉÔòÉÔòÉÔòÉÔòÉÔòÉÔòÉÔòÉÔòÉÔòÉÔòÉÔòÉÔòÉÔòÉÔòÉÔòÉÔòÉÔòÉÔòÉÔòÉÔòÉÔòÉÔòÉÔòÉÔòÉÔòÉÔòÉÔòÉÔòÉÔòÉÔòÉÔòÉÔòÉÔòÉÔòÉÔòÉÔòÉÔòÉÔòÉÔòÉÔòÉÔòÉÔòÉÔòÉÔòÉÔòÉÔòÉÔòÉÔòÉÔòÉÔòÉÔòÉÔòÉÔòÉÔòÉÔòÉÔòÉÔòÉÔòÉÔòÉÔòÉÔòÉÔòÉÔòÉÔòÉÔòÉÔòÉÔòÉÔòÉÔòÉÔòÉÔòú
Ôòæ                                                                       Ôòæ
Ôòæ  When accessing via browser, you'll be prompted to enter this key:    Ôòæ
Ôòæ                                                                       Ôòæ
Ôòæ    cd6f559e-ed73-4832-bd9f-8140f75673ad
Ôòæ                                                                       Ôòæ
Ôòæ  In Electron mode, authentication is handled automatically.          Ôòæ
Ôòæ                                                                       Ôòæ
Ôòæ  ­ƒÆí Tip: Set AUTOMAKER_API_KEY env var to use a fixed key for dev    Ôòæ
ÔòÜÔòÉÔòÉÔòÉÔòÉÔòÉÔòÉÔòÉÔòÉÔòÉÔòÉÔòÉÔòÉÔòÉÔòÉÔòÉÔòÉÔòÉÔòÉÔòÉÔòÉÔòÉÔòÉÔòÉÔòÉÔòÉÔòÉÔòÉÔòÉÔòÉÔòÉÔòÉÔòÉÔòÉÔòÉÔòÉÔòÉÔòÉÔòÉÔòÉÔòÉÔòÉÔòÉÔòÉÔòÉÔòÉÔòÉÔòÉÔòÉÔòÉÔòÉÔòÉÔòÉÔòÉÔòÉÔòÉÔòÉÔòÉÔòÉÔòÉÔòÉÔòÉÔòÉÔòÉÔòÉÔòÉÔòÉÔòÉÔòÉÔòÉÔòÉÔòÉÔòØ


[90mstdout[2m | tests/integration/services/auto-mode-service.integration.test.ts[2m > [22m[2mauto-mode-service.ts (integration)[2m > [22m[2mworktree operations[2m > [22m[2mshould use existing git worktree for feature
[22m[39m[36mINFO [0m [34m[NotificationService][0m Created notification: Feature Verified for project C:\Users\justus\AppData\Local\Temp\automaker-test-NE78zc

[90mstdout[2m | tests/integration/services/auto-mode-service.integration.test.ts[2m > [22m[2mauto-mode-service.ts (integration)[2m > [22m[2mworktree operations[2m > [22m[2mshould use existing git worktree for feature
[22m[39m[36mINFO [0m [34m[FeatureLoader][0m No app_spec.txt found for project, skipping sync for feature test-feature-1

[90mstdout[2m | tests/integration/services/auto-mode-service.integration.test.ts[2m > [22m[2mauto-mode-service.ts (integration)[2m > [22m[2mworktree operations[2m > [22m[2mshould use existing git worktree for feature
[22m[39m[AutoMode] Skipping learning extraction - output too short (19 chars)

[90mstdout[2m | tests/unit/lib/auth.test.ts[2m > [22m[2mauth.ts[2m > [22m[2mvalidateSession[2m > [22m[2mshould reject expired session token
[22m[39m[36mINFO [0m [34m[Auth][0m Loaded 106 sessions (0 expired)
[36mINFO [0m [34m[Auth][0m Loaded API key from file
[36mINFO [0m [34m[Auth][0m 
ÔòöÔòÉÔòÉÔòÉÔòÉÔòÉÔòÉÔòÉÔòÉÔòÉÔòÉÔòÉÔòÉÔòÉÔòÉÔòÉÔòÉÔòÉÔòÉÔòÉÔòÉÔòÉÔòÉÔòÉÔòÉÔòÉÔòÉÔòÉÔòÉÔòÉÔòÉÔòÉÔòÉÔòÉÔòÉÔòÉÔòÉÔòÉÔòÉÔòÉÔòÉÔòÉÔòÉÔòÉÔòÉÔòÉÔòÉÔòÉÔòÉÔòÉÔòÉÔòÉÔòÉÔòÉÔòÉÔòÉÔòÉÔòÉÔòÉÔòÉÔòÉÔòÉÔòÉÔòÉÔòÉÔòÉÔòÉÔòÉÔòÉÔòÉÔòÉÔòÉÔòù
Ôòæ  ­ƒöÉ API Key for Web Mode Authentication                               Ôòæ
ÔòáÔòÉÔòÉÔòÉÔòÉÔòÉÔòÉÔòÉÔòÉÔòÉÔòÉÔòÉÔòÉÔòÉÔòÉÔòÉÔòÉÔòÉÔòÉÔòÉÔòÉÔòÉÔòÉÔòÉÔòÉÔòÉÔòÉÔòÉÔòÉÔòÉÔòÉÔòÉÔòÉÔòÉÔòÉÔòÉÔòÉÔòÉÔòÉÔòÉÔòÉÔòÉÔòÉÔòÉÔòÉÔòÉÔòÉÔòÉÔòÉÔòÉÔòÉÔòÉÔòÉÔòÉÔòÉÔòÉÔòÉÔòÉÔòÉÔòÉÔòÉÔòÉÔòÉÔòÉÔòÉÔòÉÔòÉÔòÉÔòÉÔòÉÔòÉÔòÉÔòú
Ôòæ                                                                       Ôòæ
Ôòæ  When accessing via browser, you'll be prompted to enter this key:    Ôòæ
Ôòæ                                                                       Ôòæ
Ôòæ    cd6f559e-ed73-4832-bd9f-8140f75673ad
Ôòæ                                                                       Ôòæ
Ôòæ  In Electron mode, authentication is handled automatically.          Ôòæ
Ôòæ                                                                       Ôòæ
Ôòæ  ­ƒÆí Tip: Set AUTOMAKER_API_KEY env var to use a fixed key for dev    Ôòæ
ÔòÜÔòÉÔòÉÔòÉÔòÉÔòÉÔòÉÔòÉÔòÉÔòÉÔòÉÔòÉÔòÉÔòÉÔòÉÔòÉÔòÉÔòÉÔòÉÔòÉÔòÉÔòÉÔòÉÔòÉÔòÉÔòÉÔòÉÔòÉÔòÉÔòÉÔòÉÔòÉÔòÉÔòÉÔòÉÔòÉÔòÉÔòÉÔòÉÔòÉÔòÉÔòÉÔòÉÔòÉÔòÉÔòÉÔòÉÔòÉÔòÉÔòÉÔòÉÔòÉÔòÉÔòÉÔòÉÔòÉÔòÉÔòÉÔòÉÔòÉÔòÉÔòÉÔòÉÔòÉÔòÉÔòÉÔòÉÔòÉÔòÉÔòÉÔòÉÔòÉÔòØ


[90mstdout[2m | tests/integration/services/auto-mode-service.integration.test.ts[2m > [22m[2mauto-mode-service.ts (integration)[2m > [22m[2mworktree operations[2m > [22m[2mshould use existing git worktree for feature
[22m[39m[36mINFO [0m [34m[AutoMode][0m Feature test-feature-1 execution ended, cleaning up runningFeatures
[36mINFO [0m [34m[AutoMode][0m Pending approvals at cleanup: none

 [32mÔ£ô[39m [30m[42m server [49m[39m tests/unit/lib/auth.test.ts[2m > [22mauth.ts[2m > [22mvalidateSession[2m > [22mshould reject invalid session token[32m 16[2mms[22m[39m
 [32mÔ£ô[39m [30m[42m server [49m[39m tests/unit/lib/auth.test.ts[2m > [22mauth.ts[2m > [22mvalidateSession[2m > [22mshould reject expired session token[32m 103[2mms[22m[39m
[90mstdout[2m | tests/unit/lib/auth.test.ts[2m > [22m[2mauth.ts[2m > [22m[2minvalidateSession[2m > [22m[2mshould invalidate a session token
[22m[39m[36mINFO [0m [34m[Auth][0m Loaded 107 sessions (0 expired)
[36mINFO [0m [34m[Auth][0m Loaded API key from file
[36mINFO [0m [34m[Auth][0m 
ÔòöÔòÉÔòÉÔòÉÔòÉÔòÉÔòÉÔòÉÔòÉÔòÉÔòÉÔòÉÔòÉÔòÉÔòÉÔòÉÔòÉÔòÉÔòÉÔòÉÔòÉÔòÉÔòÉÔòÉÔòÉÔòÉÔòÉÔòÉÔòÉÔòÉÔòÉÔòÉÔòÉÔòÉÔòÉÔòÉÔòÉÔòÉÔòÉÔòÉÔòÉÔòÉÔòÉÔòÉÔòÉÔòÉÔòÉÔòÉÔòÉÔòÉÔòÉÔòÉÔòÉÔòÉÔòÉÔòÉÔòÉÔòÉÔòÉÔòÉÔòÉÔòÉÔòÉÔòÉÔòÉÔòÉÔòÉÔòÉÔòÉÔòÉÔòÉÔòÉÔòù
Ôòæ  ­ƒöÉ API Key for Web Mode Authentication                               Ôòæ
ÔòáÔòÉÔòÉÔòÉÔòÉÔòÉÔòÉÔòÉÔòÉÔòÉÔòÉÔòÉÔòÉÔòÉÔòÉÔòÉÔòÉÔòÉÔòÉÔòÉÔòÉÔòÉÔòÉÔòÉÔòÉÔòÉÔòÉÔòÉÔòÉÔòÉÔòÉÔòÉÔòÉÔòÉÔòÉÔòÉÔòÉÔòÉÔòÉÔòÉÔòÉÔòÉÔòÉÔòÉÔòÉÔòÉÔòÉÔòÉÔòÉÔòÉÔòÉÔòÉÔòÉÔòÉÔòÉÔòÉÔòÉÔòÉÔòÉÔòÉÔòÉÔòÉÔòÉÔòÉÔòÉÔòÉÔòÉÔòÉÔòÉÔòÉÔòÉÔòÉÔòú
Ôòæ                                                                       Ôòæ
Ôòæ  When accessing via browser, you'll be prompted to enter this key:    Ôòæ
Ôòæ                                                                       Ôòæ
Ôòæ    cd6f559e-ed73-4832-bd9f-8140f75673ad
Ôòæ                                                                       Ôòæ
Ôòæ  In Electron mode, authentication is handled automatically.          Ôòæ
Ôòæ                                                                       Ôòæ
Ôòæ  ­ƒÆí Tip: Set AUTOMAKER_API_KEY env var to use a fixed key for dev    Ôòæ
ÔòÜÔòÉÔòÉÔòÉÔòÉÔòÉÔòÉÔòÉÔòÉÔòÉÔòÉÔòÉÔòÉÔòÉÔòÉÔòÉÔòÉÔòÉÔòÉÔòÉÔòÉÔòÉÔòÉÔòÉÔòÉÔòÉÔòÉÔòÉÔòÉÔòÉÔòÉÔòÉÔòÉÔòÉÔòÉÔòÉÔòÉÔòÉÔòÉÔòÉÔòÉÔòÉÔòÉÔòÉÔòÉÔòÉÔòÉÔòÉÔòÉÔòÉÔòÉÔòÉÔòÉÔòÉÔòÉÔòÉÔòÉÔòÉÔòÉÔòÉÔòÉÔòÉÔòÉÔòÉÔòÉÔòÉÔòÉÔòÉÔòÉÔòÉÔòÉÔòÉÔòØ


[90mstdout[2m | tests/unit/lib/auth.test.ts[2m > [22m[2mauth.ts[2m > [22m[2mcreateWsConnectionToken[2m > [22m[2mshould create a WebSocket connection token
[22m[39m[36mINFO [0m [34m[Auth][0m Loaded 107 sessions (0 expired)
[36mINFO [0m [34m[Auth][0m Loaded API key from file
[36mINFO [0m [34m[Auth][0m 
ÔòöÔòÉÔòÉÔòÉÔòÉÔòÉÔòÉÔòÉÔòÉÔòÉÔòÉÔòÉÔòÉÔòÉÔòÉÔòÉÔòÉÔòÉÔòÉÔòÉÔòÉÔòÉÔòÉÔòÉÔòÉÔòÉÔòÉÔòÉÔòÉÔòÉÔòÉÔòÉÔòÉÔòÉÔòÉÔòÉÔòÉÔòÉÔòÉÔòÉÔòÉÔòÉÔòÉÔòÉÔòÉÔòÉÔòÉÔòÉÔòÉÔòÉÔòÉÔòÉÔòÉÔòÉÔòÉÔòÉÔòÉÔòÉÔòÉÔòÉÔòÉÔòÉÔòÉÔòÉÔòÉÔòÉÔòÉÔòÉÔòÉÔòÉÔòÉÔòÉÔòù
Ôòæ  ­ƒöÉ API Key for Web Mode Authentication                               Ôòæ
ÔòáÔòÉÔòÉÔòÉÔòÉÔòÉÔòÉÔòÉÔòÉÔòÉÔòÉÔòÉÔòÉÔòÉÔòÉÔòÉÔòÉÔòÉÔòÉÔòÉÔòÉÔòÉÔòÉÔòÉÔòÉÔòÉÔòÉÔòÉÔòÉÔòÉÔòÉÔòÉÔòÉÔòÉÔòÉÔòÉÔòÉÔòÉÔòÉÔòÉÔòÉÔòÉÔòÉÔòÉÔòÉÔòÉÔòÉÔòÉÔòÉÔòÉÔòÉÔòÉÔòÉÔòÉÔòÉÔòÉÔòÉÔòÉÔòÉÔòÉÔòÉÔòÉÔòÉÔòÉÔòÉÔòÉÔòÉÔòÉÔòÉÔòÉÔòÉÔòÉÔòú
Ôòæ                                                                       Ôòæ
Ôòæ  When accessing via browser, you'll be prompted to enter this key:    Ôòæ
Ôòæ                                                                       Ôòæ
Ôòæ    cd6f559e-ed73-4832-bd9f-8140f75673ad
Ôòæ                                                                       Ôòæ
Ôòæ  In Electron mode, authentication is handled automatically.          Ôòæ
Ôòæ                                                                       Ôòæ
Ôòæ  ­ƒÆí Tip: Set AUTOMAKER_API_KEY env var to use a fixed key for dev    Ôòæ
ÔòÜÔòÉÔòÉÔòÉÔòÉÔòÉÔòÉÔòÉÔòÉÔòÉÔòÉÔòÉÔòÉÔòÉÔòÉÔòÉÔòÉÔòÉÔòÉÔòÉÔòÉÔòÉÔòÉÔòÉÔòÉÔòÉÔòÉÔòÉÔòÉÔòÉÔòÉÔòÉÔòÉÔòÉÔòÉÔòÉÔòÉÔòÉÔòÉÔòÉÔòÉÔòÉÔòÉÔòÉÔòÉÔòÉÔòÉÔòÉÔòÉÔòÉÔòÉÔòÉÔòÉÔòÉÔòÉÔòÉÔòÉÔòÉÔòÉÔòÉÔòÉÔòÉÔòÉÔòÉÔòÉÔòÉÔòÉÔòÉÔòÉÔòÉÔòÉÔòÉÔòØ


[90mstdout[2m | tests/unit/services/dev-server-service.test.ts[2m > [22m[2mdev-server-service.ts[2m > [22m[2mstartDevServer[2m > [22m[2mshould detect bun as package manager with bun.lockb
[22m[39m[36mINFO [0m [34m[DevServerService][0m Starting dev server on port 3001

[90mstdout[2m | tests/unit/lib/auth.test.ts[2m > [22m[2mauth.ts[2m > [22m[2mcreateWsConnectionToken[2m > [22m[2mshould create unique tokens
[22m[39m[36mINFO [0m [34m[Auth][0m Loaded 107 sessions (0 expired)
[36mINFO [0m [34m[Auth][0m Loaded API key from file
[36mINFO [0m [34m[Auth][0m 
ÔòöÔòÉÔòÉÔòÉÔòÉÔòÉÔòÉÔòÉÔòÉÔòÉÔòÉÔòÉÔòÉÔòÉÔòÉÔòÉÔòÉÔòÉÔòÉÔòÉÔòÉÔòÉÔòÉÔòÉÔòÉÔòÉÔòÉÔòÉÔòÉÔòÉÔòÉÔòÉÔòÉÔòÉÔòÉÔòÉÔòÉÔòÉÔòÉÔòÉÔòÉÔòÉÔòÉÔòÉÔòÉÔòÉÔòÉÔòÉÔòÉÔòÉÔòÉÔòÉÔòÉÔòÉÔòÉÔòÉÔòÉÔòÉÔòÉÔòÉÔòÉÔòÉÔòÉÔòÉÔòÉÔòÉÔòÉÔòÉÔòÉÔòÉÔòÉÔòÉÔòù
Ôòæ  ­ƒöÉ API Key for Web Mode Authentication                               Ôòæ
ÔòáÔòÉÔòÉÔòÉÔòÉÔòÉÔòÉÔòÉÔòÉÔòÉÔòÉÔòÉÔòÉÔòÉÔòÉÔòÉÔòÉÔòÉÔòÉÔòÉÔòÉÔòÉÔòÉÔòÉÔòÉÔòÉÔòÉÔòÉÔòÉÔòÉÔòÉÔòÉÔòÉÔòÉÔòÉÔòÉÔòÉÔòÉÔòÉÔòÉÔòÉÔòÉÔòÉÔòÉÔòÉÔòÉÔòÉÔòÉÔòÉÔòÉÔòÉÔòÉÔòÉÔòÉÔòÉÔòÉÔòÉÔòÉÔòÉÔòÉÔòÉÔòÉÔòÉÔòÉÔòÉÔòÉÔòÉÔòÉÔòÉÔòÉÔòÉÔòÉÔòú
Ôòæ                                                                       Ôòæ
Ôòæ  When accessing via browser, you'll be prompted to enter this key:    Ôòæ
Ôòæ                                                                       Ôòæ
Ôòæ    cd6f559e-ed73-4832-bd9f-8140f75673ad
Ôòæ                                                                       Ôòæ
Ôòæ  In Electron mode, authentication is handled automatically.          Ôòæ
Ôòæ                                                                       Ôòæ
Ôòæ  ­ƒÆí Tip: Set AUTOMAKER_API_KEY env var to use a fixed key for dev    Ôòæ
ÔòÜÔòÉÔòÉÔòÉÔòÉÔòÉÔòÉÔòÉÔòÉÔòÉÔòÉÔòÉÔòÉÔòÉÔòÉÔòÉÔòÉÔòÉÔòÉÔòÉÔòÉÔòÉÔòÉÔòÉÔòÉÔòÉÔòÉÔòÉÔòÉÔòÉÔòÉÔòÉÔòÉÔòÉÔòÉÔòÉÔòÉÔòÉÔòÉÔòÉÔòÉÔòÉÔòÉÔòÉÔòÉÔòÉÔòÉÔòÉÔòÉÔòÉÔòÉÔòÉÔòÉÔòÉÔòÉÔòÉÔòÉÔòÉÔòÉÔòÉÔòÉÔòÉÔòÉÔòÉÔòÉÔòÉÔòÉÔòÉÔòÉÔòÉÔòÉÔòÉÔòØ


[90mstdout[2m | tests/unit/lib/auth.test.ts[2m > [22m[2mauth.ts[2m > [22m[2mvalidateWsConnectionToken[2m > [22m[2mshould validate a valid WebSocket token
[22m[39m[36mINFO [0m [34m[Auth][0m Loaded 107 sessions (0 expired)
[36mINFO [0m [34m[Auth][0m Loaded API key from file
[36mINFO [0m [34m[Auth][0m 
ÔòöÔòÉÔòÉÔòÉÔòÉÔòÉÔòÉÔòÉÔòÉÔòÉÔòÉÔòÉÔòÉÔòÉÔòÉÔòÉÔòÉÔòÉÔòÉÔòÉÔòÉÔòÉÔòÉÔòÉÔòÉÔòÉÔòÉÔòÉÔòÉÔòÉÔòÉÔòÉÔòÉÔòÉÔòÉÔòÉÔòÉÔòÉÔòÉÔòÉÔòÉÔòÉÔòÉÔòÉÔòÉÔòÉÔòÉÔòÉÔòÉÔòÉÔòÉÔòÉÔòÉÔòÉÔòÉÔòÉÔòÉÔòÉÔòÉÔòÉÔòÉÔòÉÔòÉÔòÉÔòÉÔòÉÔòÉÔòÉÔòÉÔòÉÔòÉÔòÉÔòù
Ôòæ  ­ƒöÉ API Key for Web Mode Authentication                               Ôòæ
ÔòáÔòÉÔòÉÔòÉÔòÉÔòÉÔòÉÔòÉÔòÉÔòÉÔòÉÔòÉÔòÉÔòÉÔòÉÔòÉÔòÉÔòÉÔòÉÔòÉÔòÉÔòÉÔòÉÔòÉÔòÉÔòÉÔòÉÔòÉÔòÉÔòÉÔòÉÔòÉÔòÉÔòÉÔòÉÔòÉÔòÉÔòÉÔòÉÔòÉÔòÉÔòÉÔòÉÔòÉÔòÉÔòÉÔòÉÔòÉÔòÉÔòÉÔòÉÔòÉÔòÉÔòÉÔòÉÔòÉÔòÉÔòÉÔòÉÔòÉÔòÉÔòÉÔòÉÔòÉÔòÉÔòÉÔòÉÔòÉÔòÉÔòÉÔòÉÔòÉÔòú
Ôòæ                                                                       Ôòæ
Ôòæ  When accessing via browser, you'll be prompted to enter this key:    Ôòæ
Ôòæ                                                                       Ôòæ
Ôòæ    cd6f559e-ed73-4832-bd9f-8140f75673ad
Ôòæ                                                                       Ôòæ
Ôòæ  In Electron mode, authentication is handled automatically.          Ôòæ
Ôòæ                                                                       Ôòæ
Ôòæ  ­ƒÆí Tip: Set AUTOMAKER_API_KEY env var to use a fixed key for dev    Ôòæ
ÔòÜÔòÉÔòÉÔòÉÔòÉÔòÉÔòÉÔòÉÔòÉÔòÉÔòÉÔòÉÔòÉÔòÉÔòÉÔòÉÔòÉÔòÉÔòÉÔòÉÔòÉÔòÉÔòÉÔòÉÔòÉÔòÉÔòÉÔòÉÔòÉÔòÉÔòÉÔòÉÔòÉÔòÉÔòÉÔòÉÔòÉÔòÉÔòÉÔòÉÔòÉÔòÉÔòÉÔòÉÔòÉÔòÉÔòÉÔòÉÔòÉÔòÉÔòÉÔòÉÔòÉÔòÉÔòÉÔòÉÔòÉÔòÉÔòÉÔòÉÔòÉÔòÉÔòÉÔòÉÔòÉÔòÉÔòÉÔòÉÔòÉÔòÉÔòÉÔòÉÔòØ


 [32mÔ£ô[39m [30m[42m server [49m[39m tests/unit/lib/auth.test.ts[2m > [22mauth.ts[2m > [22minvalidateSession[2m > [22mshould invalidate a session token[32m 25[2mms[22m[39m
 [32mÔ£ô[39m [30m[42m server [49m[39m tests/unit/lib/auth.test.ts[2m > [22mauth.ts[2m > [22mcreateWsConnectionToken[2m > [22mshould create a WebSocket connection token[32m 23[2mms[22m[39m
 [32mÔ£ô[39m [30m[42m server [49m[39m tests/unit/lib/auth.test.ts[2m > [22mauth.ts[2m > [22mcreateWsConnectionToken[2m > [22mshould create unique tokens[32m 30[2mms[22m[39m
 [32mÔ£ô[39m [30m[42m server [49m[39m tests/unit/lib/auth.test.ts[2m > [22mauth.ts[2m > [22mvalidateWsConnectionToken[2m > [22mshould validate a valid WebSocket token[32m 29[2mms[22m[39m
[90mstdout[2m | tests/unit/lib/auth.test.ts[2m > [22m[2mauth.ts[2m > [22m[2mvalidateWsConnectionToken[2m > [22m[2mshould reject invalid WebSocket token
[22m[39m[36mINFO [0m [34m[Auth][0m Loaded 107 sessions (0 expired)
[36mINFO [0m [34m[Auth][0m Loaded API key from file
[36mINFO [0m [34m[Auth][0m 
ÔòöÔòÉÔòÉÔòÉÔòÉÔòÉÔòÉÔòÉÔòÉÔòÉÔòÉÔòÉÔòÉÔòÉÔòÉÔòÉÔòÉÔòÉÔòÉÔòÉÔòÉÔòÉÔòÉÔòÉÔòÉÔòÉÔòÉÔòÉÔòÉÔòÉÔòÉÔòÉÔòÉÔòÉÔòÉÔòÉÔòÉÔòÉÔòÉÔòÉÔòÉÔòÉÔòÉÔòÉÔòÉÔòÉÔòÉÔòÉÔòÉÔòÉÔòÉÔòÉÔòÉÔòÉÔòÉÔòÉÔòÉÔòÉÔòÉÔòÉÔòÉÔòÉÔòÉÔòÉÔòÉÔòÉÔòÉÔòÉÔòÉÔòÉÔòÉÔòÉÔòù
Ôòæ  ­ƒöÉ API Key for Web Mode Authentication                               Ôòæ
ÔòáÔòÉÔòÉÔòÉÔòÉÔòÉÔòÉÔòÉÔòÉÔòÉÔòÉÔòÉÔòÉÔòÉÔòÉÔòÉÔòÉÔòÉÔòÉÔòÉÔòÉÔòÉÔòÉÔòÉÔòÉÔòÉÔòÉÔòÉÔòÉÔòÉÔòÉÔòÉÔòÉÔòÉÔòÉÔòÉÔòÉÔòÉÔòÉÔòÉÔòÉÔòÉÔòÉÔòÉÔòÉÔòÉÔòÉÔòÉÔòÉÔòÉÔòÉÔòÉÔòÉÔòÉÔòÉÔòÉÔòÉÔòÉÔòÉÔòÉÔòÉÔòÉÔòÉÔòÉÔòÉÔòÉÔòÉÔòÉÔòÉÔòÉÔòÉÔòÉÔòú
Ôòæ                                                                       Ôòæ
Ôòæ  When accessing via browser, you'll be prompted to enter this key:    Ôòæ
Ôòæ                                                                       Ôòæ
Ôòæ    cd6f559e-ed73-4832-bd9f-8140f75673ad
Ôòæ                                                                       Ôòæ
Ôòæ  In Electron mode, authentication is handled automatically.          Ôòæ
Ôòæ                                                                       Ôòæ
Ôòæ  ­ƒÆí Tip: Set AUTOMAKER_API_KEY env var to use a fixed key for dev    Ôòæ
ÔòÜÔòÉÔòÉÔòÉÔòÉÔòÉÔòÉÔòÉÔòÉÔòÉÔòÉÔòÉÔòÉÔòÉÔòÉÔòÉÔòÉÔòÉÔòÉÔòÉÔòÉÔòÉÔòÉÔòÉÔòÉÔòÉÔòÉÔòÉÔòÉÔòÉÔòÉÔòÉÔòÉÔòÉÔòÉÔòÉÔòÉÔòÉÔòÉÔòÉÔòÉÔòÉÔòÉÔòÉÔòÉÔòÉÔòÉÔòÉÔòÉÔòÉÔòÉÔòÉÔòÉÔòÉÔòÉÔòÉÔòÉÔòÉÔòÉÔòÉÔòÉÔòÉÔòÉÔòÉÔòÉÔòÉÔòÉÔòÉÔòÉÔòÉÔòÉÔòÉÔòØ


[90mstdout[2m | tests/unit/lib/auth.test.ts[2m > [22m[2mauth.ts[2m > [22m[2mvalidateWsConnectionToken[2m > [22m[2mshould reject expired WebSocket token
[22m[39m[36mINFO [0m [34m[Auth][0m Loaded 107 sessions (0 expired)
[36mINFO [0m [34m[Auth][0m Loaded API key from file
[36mINFO [0m [34m[Auth][0m 
ÔòöÔòÉÔòÉÔòÉÔòÉÔòÉÔòÉÔòÉÔòÉÔòÉÔòÉÔòÉÔòÉÔòÉÔòÉÔòÉÔòÉÔòÉÔòÉÔòÉÔòÉÔòÉÔòÉÔòÉÔòÉÔòÉÔòÉÔòÉÔòÉÔòÉÔòÉÔòÉÔòÉÔòÉÔòÉÔòÉÔòÉÔòÉÔòÉÔòÉÔòÉÔòÉÔòÉÔòÉÔòÉÔòÉÔòÉÔòÉÔòÉÔòÉÔòÉÔòÉÔòÉÔòÉÔòÉÔòÉÔòÉÔòÉÔòÉÔòÉÔòÉÔòÉÔòÉÔòÉÔòÉÔòÉÔòÉÔòÉÔòÉÔòÉÔòÉÔòÉÔòù
Ôòæ  ­ƒöÉ API Key for Web Mode Authentication                               Ôòæ
ÔòáÔòÉÔòÉÔòÉÔòÉÔòÉÔòÉÔòÉÔòÉÔòÉÔòÉÔòÉÔòÉÔòÉÔòÉÔòÉÔòÉÔòÉÔòÉÔòÉÔòÉÔòÉÔòÉÔòÉÔòÉÔòÉÔòÉÔòÉÔòÉÔòÉÔòÉÔòÉÔòÉÔòÉÔòÉÔòÉÔòÉÔòÉÔòÉÔòÉÔòÉÔòÉÔòÉÔòÉÔòÉÔòÉÔòÉÔòÉÔòÉÔòÉÔòÉÔòÉÔòÉÔòÉÔòÉÔòÉÔòÉÔòÉÔòÉÔòÉÔòÉÔòÉÔòÉÔòÉÔòÉÔòÉÔòÉÔòÉÔòÉÔòÉÔòÉÔòÉÔòú
Ôòæ                                                                       Ôòæ
Ôòæ  When accessing via browser, you'll be prompted to enter this key:    Ôòæ
Ôòæ                                                                       Ôòæ
Ôòæ    cd6f559e-ed73-4832-bd9f-8140f75673ad
Ôòæ                                                                       Ôòæ
Ôòæ  In Electron mode, authentication is handled automatically.          Ôòæ
Ôòæ                                                                       Ôòæ
Ôòæ  ­ƒÆí Tip: Set AUTOMAKER_API_KEY env var to use a fixed key for dev    Ôòæ
ÔòÜÔòÉÔòÉÔòÉÔòÉÔòÉÔòÉÔòÉÔòÉÔòÉÔòÉÔòÉÔòÉÔòÉÔòÉÔòÉÔòÉÔòÉÔòÉÔòÉÔòÉÔòÉÔòÉÔòÉÔòÉÔòÉÔòÉÔòÉÔòÉÔòÉÔòÉÔòÉÔòÉÔòÉÔòÉÔòÉÔòÉÔòÉÔòÉÔòÉÔòÉÔòÉÔòÉÔòÉÔòÉÔòÉÔòÉÔòÉÔòÉÔòÉÔòÉÔòÉÔòÉÔòÉÔòÉÔòÉÔòÉÔòÉÔòÉÔòÉÔòÉÔòÉÔòÉÔòÉÔòÉÔòÉÔòÉÔòÉÔòÉÔòÉÔòÉÔòÉÔòØ


[90mstdout[2m | tests/unit/lib/auth.test.ts[2m > [22m[2mauth.ts[2m > [22m[2mvalidateWsConnectionToken[2m > [22m[2mshould invalidate token after first use (single-use)
[22m[39m[36mINFO [0m [34m[Auth][0m Loaded 107 sessions (0 expired)
[36mINFO [0m [34m[Auth][0m Loaded API key from file
[36mINFO [0m [34m[Auth][0m 
ÔòöÔòÉÔòÉÔòÉÔòÉÔòÉÔòÉÔòÉÔòÉÔòÉÔòÉÔòÉÔòÉÔòÉÔòÉÔòÉÔòÉÔòÉÔòÉÔòÉÔòÉÔòÉÔòÉÔòÉÔòÉÔòÉÔòÉÔòÉÔòÉÔòÉÔòÉÔòÉÔòÉÔòÉÔòÉÔòÉÔòÉÔòÉÔòÉÔòÉÔòÉÔòÉÔòÉÔòÉÔòÉÔòÉÔòÉÔòÉÔòÉÔòÉÔòÉÔòÉÔòÉÔòÉÔòÉÔòÉÔòÉÔòÉÔòÉÔòÉÔòÉÔòÉÔòÉÔòÉÔòÉÔòÉÔòÉÔòÉÔòÉÔòÉÔòÉÔòÉÔòù
Ôòæ  ­ƒöÉ API Key for Web Mode Authentication                               Ôòæ
ÔòáÔòÉÔòÉÔòÉÔòÉÔòÉÔòÉÔòÉÔòÉÔòÉÔòÉÔòÉÔòÉÔòÉÔòÉÔòÉÔòÉÔòÉÔòÉÔòÉÔòÉÔòÉÔòÉÔòÉÔòÉÔòÉÔòÉÔòÉÔòÉÔòÉÔòÉÔòÉÔòÉÔòÉÔòÉÔòÉÔòÉÔòÉÔòÉÔòÉÔòÉÔòÉÔòÉÔòÉÔòÉÔòÉÔòÉÔòÉÔòÉÔòÉÔòÉÔòÉÔòÉÔòÉÔòÉÔòÉÔòÉÔòÉÔòÉÔòÉÔòÉÔòÉÔòÉÔòÉÔòÉÔòÉÔòÉÔòÉÔòÉÔòÉÔòÉÔòÉÔòú
Ôòæ                                                                       Ôòæ
Ôòæ  When accessing via browser, you'll be prompted to enter this key:    Ôòæ
Ôòæ                                                                       Ôòæ
Ôòæ    cd6f559e-ed73-4832-bd9f-8140f75673ad
Ôòæ                                                                       Ôòæ
Ôòæ  In Electron mode, authentication is handled automatically.          Ôòæ
Ôòæ                                                                       Ôòæ
Ôòæ  ­ƒÆí Tip: Set AUTOMAKER_API_KEY env var to use a fixed key for dev    Ôòæ
ÔòÜÔòÉÔòÉÔòÉÔòÉÔòÉÔòÉÔòÉÔòÉÔòÉÔòÉÔòÉÔòÉÔòÉÔòÉÔòÉÔòÉÔòÉÔòÉÔòÉÔòÉÔòÉÔòÉÔòÉÔòÉÔòÉÔòÉÔòÉÔòÉÔòÉÔòÉÔòÉÔòÉÔòÉÔòÉÔòÉÔòÉÔòÉÔòÉÔòÉÔòÉÔòÉÔòÉÔòÉÔòÉÔòÉÔòÉÔòÉÔòÉÔòÉÔòÉÔòÉÔòÉÔòÉÔòÉÔòÉÔòÉÔòÉÔòÉÔòÉÔòÉÔòÉÔòÉÔòÉÔòÉÔòÉÔòÉÔòÉÔòÉÔòÉÔòÉÔòÉÔòØ


[90mstdout[2m | tests/unit/lib/auth.test.ts[2m > [22m[2mauth.ts[2m > [22m[2mvalidateApiKey[2m > [22m[2mshould validate correct API key
[22m[39m[36mINFO [0m [34m[Auth][0m Loaded 107 sessions (0 expired)
[36mINFO [0m [34m[Auth][0m Using API key from environment variable
[36mINFO [0m [34m[Auth][0m 
ÔòöÔòÉÔòÉÔòÉÔòÉÔòÉÔòÉÔòÉÔòÉÔòÉÔòÉÔòÉÔòÉÔòÉÔòÉÔòÉÔòÉÔòÉÔòÉÔòÉÔòÉÔòÉÔòÉÔòÉÔòÉÔòÉÔòÉÔòÉÔòÉÔòÉÔòÉÔòÉÔòÉÔòÉÔòÉÔòÉÔòÉÔòÉÔòÉÔòÉÔòÉÔòÉÔòÉÔòÉÔòÉÔòÉÔòÉÔòÉÔòÉÔòÉÔòÉÔòÉÔòÉÔòÉÔòÉÔòÉÔòÉÔòÉÔòÉÔòÉÔòÉÔòÉÔòÉÔòÉÔòÉÔòÉÔòÉÔòÉÔòÉÔòÉÔòÉÔòÉÔòù
Ôòæ  ­ƒöÉ API Key for Web Mode Authentication                               Ôòæ
ÔòáÔòÉÔòÉÔòÉÔòÉÔòÉÔòÉÔòÉÔòÉÔòÉÔòÉÔòÉÔòÉÔòÉÔòÉÔòÉÔòÉÔòÉÔòÉÔòÉÔòÉÔòÉÔòÉÔòÉÔòÉÔòÉÔòÉÔòÉÔòÉÔòÉÔòÉÔòÉÔòÉÔòÉÔòÉÔòÉÔòÉÔòÉÔòÉÔòÉÔòÉÔòÉÔòÉÔòÉÔòÉÔòÉÔòÉÔòÉÔòÉÔòÉÔòÉÔòÉÔòÉÔòÉÔòÉÔòÉÔòÉÔòÉÔòÉÔòÉÔòÉÔòÉÔòÉÔòÉÔòÉÔòÉÔòÉÔòÉÔòÉÔòÉÔòÉÔòÉÔòú
Ôòæ                                                                       Ôòæ
Ôòæ  When accessing via browser, you'll be prompted to enter this key:    Ôòæ
Ôòæ                                                                       Ôòæ
Ôòæ    test-secret-key
Ôòæ                                                                       Ôòæ
Ôòæ  In Electron mode, authentication is handled automatically.          Ôòæ
Ôòæ                                                                       Ôòæ
Ôòæ  ­ƒÆí Tip: Set AUTOMAKER_API_KEY env var to use a fixed key for dev    Ôòæ
ÔòÜÔòÉÔòÉÔòÉÔòÉÔòÉÔòÉÔòÉÔòÉÔòÉÔòÉÔòÉÔòÉÔòÉÔòÉÔòÉÔòÉÔòÉÔòÉÔòÉÔòÉÔòÉÔòÉÔòÉÔòÉÔòÉÔòÉÔòÉÔòÉÔòÉÔòÉÔòÉÔòÉÔòÉÔòÉÔòÉÔòÉÔòÉÔòÉÔòÉÔòÉÔòÉÔòÉÔòÉÔòÉÔòÉÔòÉÔòÉÔòÉÔòÉÔòÉÔòÉÔòÉÔòÉÔòÉÔòÉÔòÉÔòÉÔòÉÔòÉÔòÉÔòÉÔòÉÔòÉÔòÉÔòÉÔòÉÔòÉÔòÉÔòÉÔòÉÔòÉÔòØ


[90mstdout[2m | tests/unit/lib/auth.test.ts[2m > [22m[2mauth.ts[2m > [22m[2mvalidateApiKey[2m > [22m[2mshould reject incorrect API key
[22m[39m[36mINFO [0m [34m[Auth][0m Loaded 107 sessions (0 expired)
[36mINFO [0m [34m[Auth][0m Using API key from environment variable
[36mINFO [0m [34m[Auth][0m 
ÔòöÔòÉÔòÉÔòÉÔòÉÔòÉÔòÉÔòÉÔòÉÔòÉÔòÉÔòÉÔòÉÔòÉÔòÉÔòÉÔòÉÔòÉÔòÉÔòÉÔòÉÔòÉÔòÉÔòÉÔòÉÔòÉÔòÉÔòÉÔòÉÔòÉÔòÉÔòÉÔòÉÔòÉÔòÉÔòÉÔòÉÔòÉÔòÉÔòÉÔòÉÔòÉÔòÉÔòÉÔòÉÔòÉÔòÉÔòÉÔòÉÔòÉÔòÉÔòÉÔòÉÔòÉÔòÉÔòÉÔòÉÔòÉÔòÉÔòÉÔòÉÔòÉÔòÉÔòÉÔòÉÔòÉÔòÉÔòÉÔòÉÔòÉÔòÉÔòÉÔòù
Ôòæ  ­ƒöÉ API Key for Web Mode Authentication                               Ôòæ
ÔòáÔòÉÔòÉÔòÉÔòÉÔòÉÔòÉÔòÉÔòÉÔòÉÔòÉÔòÉÔòÉÔòÉÔòÉÔòÉÔòÉÔòÉÔòÉÔòÉÔòÉÔòÉÔòÉÔòÉÔòÉÔòÉÔòÉÔòÉÔòÉÔòÉÔòÉÔòÉÔòÉÔòÉÔòÉÔòÉÔòÉÔòÉÔòÉÔòÉÔòÉÔòÉÔòÉÔòÉÔòÉÔòÉÔòÉÔòÉÔòÉÔòÉÔòÉÔòÉÔòÉÔòÉÔòÉÔòÉÔòÉÔòÉÔòÉÔòÉÔòÉÔòÉÔòÉÔòÉÔòÉÔòÉÔòÉÔòÉÔòÉÔòÉÔòÉÔòÉÔòú
Ôòæ                                                                       Ôòæ
Ôòæ  When accessing via browser, you'll be prompted to enter this key:    Ôòæ
Ôòæ                                                                       Ôòæ
Ôòæ    test-secret-key
Ôòæ                                                                       Ôòæ
Ôòæ  In Electron mode, authentication is handled automatically.          Ôòæ
Ôòæ                                                                       Ôòæ
Ôòæ  ­ƒÆí Tip: Set AUTOMAKER_API_KEY env var to use a fixed key for dev    Ôòæ
ÔòÜÔòÉÔòÉÔòÉÔòÉÔòÉÔòÉÔòÉÔòÉÔòÉÔòÉÔòÉÔòÉÔòÉÔòÉÔòÉÔòÉÔòÉÔòÉÔòÉÔòÉÔòÉÔòÉÔòÉÔòÉÔòÉÔòÉÔòÉÔòÉÔòÉÔòÉÔòÉÔòÉÔòÉÔòÉÔòÉÔòÉÔòÉÔòÉÔòÉÔòÉÔòÉÔòÉÔòÉÔòÉÔòÉÔòÉÔòÉÔòÉÔòÉÔòÉÔòÉÔòÉÔòÉÔòÉÔòÉÔòÉÔòÉÔòÉÔòÉÔòÉÔòÉÔòÉÔòÉÔòÉÔòÉÔòÉÔòÉÔòÉÔòÉÔòÉÔòÉÔòØ


 [32mÔ£ô[39m [30m[42m server [49m[39m tests/unit/lib/sdk-options.test.ts[2m > [22msdk-options.ts[2m > [22mTOOL_PRESETS[2m > [22mshould export readOnly tools[32m 136[2mms[22m[39m
 [32mÔ£ô[39m [30m[42m server [49m[39m tests/unit/lib/sdk-options.test.ts[2m > [22msdk-options.ts[2m > [22mTOOL_PRESETS[2m > [22mshould export specGeneration tools[32m 17[2mms[22m[39m
 [32mÔ£ô[39m [30m[42m server [49m[39m tests/unit/lib/sdk-options.test.ts[2m > [22msdk-options.ts[2m > [22mTOOL_PRESETS[2m > [22mshould export fullAccess tools[32m 18[2mms[22m[39m
 [32mÔ£ô[39m [30m[42m server [49m[39m tests/unit/lib/sdk-options.test.ts[2m > [22msdk-options.ts[2m > [22mTOOL_PRESETS[2m > [22mshould export chat tools matching fullAccess[32m 16[2mms[22m[39m
[90mstdout[2m | tests/unit/lib/auth.test.ts[2m > [22m[2mauth.ts[2m > [22m[2mvalidateApiKey[2m > [22m[2mshould reject empty string
[22m[39m[36mINFO [0m [34m[Auth][0m Loaded 107 sessions (0 expired)
[36mINFO [0m [34m[Auth][0m Using API key from environment variable
[36mINFO [0m [34m[Auth][0m 
ÔòöÔòÉÔòÉÔòÉÔòÉÔòÉÔòÉÔòÉÔòÉÔòÉÔòÉÔòÉÔòÉÔòÉÔòÉÔòÉÔòÉÔòÉÔòÉÔòÉÔòÉÔòÉÔòÉÔòÉÔòÉÔòÉÔòÉÔòÉÔòÉÔòÉÔòÉÔòÉÔòÉÔòÉÔòÉÔòÉÔòÉÔòÉÔòÉÔòÉÔòÉÔòÉÔòÉÔòÉÔòÉÔòÉÔòÉÔòÉÔòÉÔòÉÔòÉÔòÉÔòÉÔòÉÔòÉÔòÉÔòÉÔòÉÔòÉÔòÉÔòÉÔòÉÔòÉÔòÉÔòÉÔòÉÔòÉÔòÉÔòÉÔòÉÔòÉÔòÉÔòù
Ôòæ  ­ƒöÉ API Key for Web Mode Authentication                               Ôòæ
ÔòáÔòÉÔòÉÔòÉÔòÉÔòÉÔòÉÔòÉÔòÉÔòÉÔòÉÔòÉÔòÉÔòÉÔòÉÔòÉÔòÉÔòÉÔòÉÔòÉÔòÉÔòÉÔòÉÔòÉÔòÉÔòÉÔòÉÔòÉÔòÉÔòÉÔòÉÔòÉÔòÉÔòÉÔòÉÔòÉÔòÉÔòÉÔòÉÔòÉÔòÉÔòÉÔòÉÔòÉÔòÉÔòÉÔòÉÔòÉÔòÉÔòÉÔòÉÔòÉÔòÉÔòÉÔòÉÔòÉÔòÉÔòÉÔòÉÔòÉÔòÉÔòÉÔòÉÔòÉÔòÉÔòÉÔòÉÔòÉÔòÉÔòÉÔòÉÔòÉÔòú
Ôòæ                                                                       Ôòæ
Ôòæ  When accessing via browser, you'll be prompted to enter this key:    Ôòæ
Ôòæ                                                                       Ôòæ
Ôòæ    test-secret-key
Ôòæ                                                                       Ôòæ
Ôòæ  In Electron mode, authentication is handled automatically.          Ôòæ
Ôòæ                                                                       Ôòæ
Ôòæ  ­ƒÆí Tip: Set AUTOMAKER_API_KEY env var to use a fixed key for dev    Ôòæ
ÔòÜÔòÉÔòÉÔòÉÔòÉÔòÉÔòÉÔòÉÔòÉÔòÉÔòÉÔòÉÔòÉÔòÉÔòÉÔòÉÔòÉÔòÉÔòÉÔòÉÔòÉÔòÉÔòÉÔòÉÔòÉÔòÉÔòÉÔòÉÔòÉÔòÉÔòÉÔòÉÔòÉÔòÉÔòÉÔòÉÔòÉÔòÉÔòÉÔòÉÔòÉÔòÉÔòÉÔòÉÔòÉÔòÉÔòÉÔòÉÔòÉÔòÉÔòÉÔòÉÔòÉÔòÉÔòÉÔòÉÔòÉÔòÉÔòÉÔòÉÔòÉÔòÉÔòÉÔòÉÔòÉÔòÉÔòÉÔòÉÔòÉÔòÉÔòÉÔòÉÔòØ


 [32mÔ£ô[39m [30m[42m server [49m[39m tests/unit/lib/auth.test.ts[2m > [22mauth.ts[2m > [22mvalidateWsConnectionToken[2m > [22mshould reject invalid WebSocket token[32m 16[2mms[22m[39m
 [32mÔ£ô[39m [30m[42m server [49m[39m tests/unit/lib/auth.test.ts[2m > [22mauth.ts[2m > [22mvalidateWsConnectionToken[2m > [22mshould reject expired WebSocket token[32m 31[2mms[22m[39m
 [32mÔ£ô[39m [30m[42m server [49m[39m tests/unit/lib/auth.test.ts[2m > [22mauth.ts[2m > [22mvalidateWsConnectionToken[2m > [22mshould invalidate token after first use (single-use)[32m 13[2mms[22m[39m
 [32mÔ£ô[39m [30m[42m server [49m[39m tests/unit/lib/auth.test.ts[2m > [22mauth.ts[2m > [22mvalidateApiKey[2m > [22mshould validate correct API key[32m 14[2mms[22m[39m
 [32mÔ£ô[39m [30m[42m server [49m[39m tests/unit/lib/auth.test.ts[2m > [22mauth.ts[2m > [22mvalidateApiKey[2m > [22mshould reject incorrect API key[32m 21[2mms[22m[39m
 [32mÔ£ô[39m [30m[42m server [49m[39m tests/unit/lib/auth.test.ts[2m > [22mauth.ts[2m > [22mvalidateApiKey[2m > [22mshould reject empty string[32m 20[2mms[22m[39m
[90mstdout[2m | tests/unit/lib/sdk-options.test.ts[2m > [22m[2msdk-options.ts[2m > [22m[2mgetModelForUseCase[2m > [22m[2mshould return explicit model when provided
[22m[39m[ModelResolver] resolveModelString called with modelKey: "claude-sonnet-4-20250514", defaultModel: "claude-opus-4-5-20251101"
[ModelResolver] Using full Claude model string: claude-sonnet-4-20250514

[90mstdout[2m | tests/unit/lib/auth.test.ts[2m > [22m[2mauth.ts[2m > [22m[2mvalidateApiKey[2m > [22m[2mshould reject null/undefined
[22m[39m[36mINFO [0m [34m[Auth][0m Loaded 107 sessions (0 expired)
[36mINFO [0m [34m[Auth][0m Using API key from environment variable
[36mINFO [0m [34m[Auth][0m 
ÔòöÔòÉÔòÉÔòÉÔòÉÔòÉÔòÉÔòÉÔòÉÔòÉÔòÉÔòÉÔòÉÔòÉÔòÉÔòÉÔòÉÔòÉÔòÉÔòÉÔòÉÔòÉÔòÉÔòÉÔòÉÔòÉÔòÉÔòÉÔòÉÔòÉÔòÉÔòÉÔòÉÔòÉÔòÉÔòÉÔòÉÔòÉÔòÉÔòÉÔòÉÔòÉÔòÉÔòÉÔòÉÔòÉÔòÉÔòÉÔòÉÔòÉÔòÉÔòÉÔòÉÔòÉÔòÉÔòÉÔòÉÔòÉÔòÉÔòÉÔòÉÔòÉÔòÉÔòÉÔòÉÔòÉÔòÉÔòÉÔòÉÔòÉÔòÉÔòÉÔòù
Ôòæ  ­ƒöÉ API Key for Web Mode Authentication                               Ôòæ
ÔòáÔòÉÔòÉÔòÉÔòÉÔòÉÔòÉÔòÉÔòÉÔòÉÔòÉÔòÉÔòÉÔòÉÔòÉÔòÉÔòÉÔòÉÔòÉÔòÉÔòÉÔòÉÔòÉÔòÉÔòÉÔòÉÔòÉÔòÉÔòÉÔòÉÔòÉÔòÉÔòÉÔòÉÔòÉÔòÉÔòÉÔòÉÔòÉÔòÉÔòÉÔòÉÔòÉÔòÉÔòÉÔòÉÔòÉÔòÉÔòÉÔòÉÔòÉÔòÉÔòÉÔòÉÔòÉÔòÉÔòÉÔòÉÔòÉÔòÉÔòÉÔòÉÔòÉÔòÉÔòÉÔòÉÔòÉÔòÉÔòÉÔòÉÔòÉÔòÉÔòú
Ôòæ                                                                       Ôòæ
Ôòæ  When accessing via browser, you'll be prompted to enter this key:    Ôòæ
Ôòæ                                                                       Ôòæ
Ôòæ    test-secret-key
Ôòæ                                                                       Ôòæ
Ôòæ  In Electron mode, authentication is handled automatically.          Ôòæ
Ôòæ                                                                       Ôòæ
Ôòæ  ­ƒÆí Tip: Set AUTOMAKER_API_KEY env var to use a fixed key for dev    Ôòæ
ÔòÜÔòÉÔòÉÔòÉÔòÉÔòÉÔòÉÔòÉÔòÉÔòÉÔòÉÔòÉÔòÉÔòÉÔòÉÔòÉÔòÉÔòÉÔòÉÔòÉÔòÉÔòÉÔòÉÔòÉÔòÉÔòÉÔòÉÔòÉÔòÉÔòÉÔòÉÔòÉÔòÉÔòÉÔòÉÔòÉÔòÉÔòÉÔòÉÔòÉÔòÉÔòÉÔòÉÔòÉÔòÉÔòÉÔòÉÔòÉÔòÉÔòÉÔòÉÔòÉÔòÉÔòÉÔòÉÔòÉÔòÉÔòÉÔòÉÔòÉÔòÉÔòÉÔòÉÔòÉÔòÉÔòÉÔòÉÔòÉÔòÉÔòÉÔòÉÔòÉÔòØ


[90mstdout[2m | tests/unit/lib/sdk-options.test.ts[2m > [22m[2msdk-options.ts[2m > [22m[2mgetModelForUseCase[2m > [22m[2mshould use environment variable for spec model
[22m[39m[ModelResolver] resolveModelString called with modelKey: "claude-sonnet-4-20250514", defaultModel: "claude-opus-4-5-20251101"
[ModelResolver] Using full Claude model string: claude-sonnet-4-20250514

[90mstdout[2m | tests/unit/lib/auth.test.ts[2m > [22m[2mauth.ts[2m > [22m[2mvalidateApiKey[2m > [22m[2mshould use timing-safe comparison for different lengths
[22m[39m[36mINFO [0m [34m[Auth][0m Loaded 107 sessions (0 expired)
[36mINFO [0m [34m[Auth][0m Using API key from environment variable
[36mINFO [0m [34m[Auth][0m 
ÔòöÔòÉÔòÉÔòÉÔòÉÔòÉÔòÉÔòÉÔòÉÔòÉÔòÉÔòÉÔòÉÔòÉÔòÉÔòÉÔòÉÔòÉÔòÉÔòÉÔòÉÔòÉÔòÉÔòÉÔòÉÔòÉÔòÉÔòÉÔòÉÔòÉÔòÉÔòÉÔòÉÔòÉÔòÉÔòÉÔòÉÔòÉÔòÉÔòÉÔòÉÔòÉÔòÉÔòÉÔòÉÔòÉÔòÉÔòÉÔòÉÔòÉÔòÉÔòÉÔòÉÔòÉÔòÉÔòÉÔòÉÔòÉÔòÉÔòÉÔòÉÔòÉÔòÉÔòÉÔòÉÔòÉÔòÉÔòÉÔòÉÔòÉÔòÉÔòÉÔòù
Ôòæ  ­ƒöÉ API Key for Web Mode Authentication                               Ôòæ
ÔòáÔòÉÔòÉÔòÉÔòÉÔòÉÔòÉÔòÉÔòÉÔòÉÔòÉÔòÉÔòÉÔòÉÔòÉÔòÉÔòÉÔòÉÔòÉÔòÉÔòÉÔòÉÔòÉÔòÉÔòÉÔòÉÔòÉÔòÉÔòÉÔòÉÔòÉÔòÉÔòÉÔòÉÔòÉÔòÉÔòÉÔòÉÔòÉÔòÉÔòÉÔòÉÔòÉÔòÉÔòÉÔòÉÔòÉÔòÉÔòÉÔòÉÔòÉÔòÉÔòÉÔòÉÔòÉÔòÉÔòÉÔòÉÔòÉÔòÉÔòÉÔòÉÔòÉÔòÉÔòÉÔòÉÔòÉÔòÉÔòÉÔòÉÔòÉÔòÉÔòú
Ôòæ                                                                       Ôòæ
Ôòæ  When accessing via browser, you'll be prompted to enter this key:    Ôòæ
Ôòæ                                                                       Ôòæ
Ôòæ    test-secret-key
Ôòæ                                                                       Ôòæ
Ôòæ  In Electron mode, authentication is handled automatically.          Ôòæ
Ôòæ                                                                       Ôòæ
Ôòæ  ­ƒÆí Tip: Set AUTOMAKER_API_KEY env var to use a fixed key for dev    Ôòæ
ÔòÜÔòÉÔòÉÔòÉÔòÉÔòÉÔòÉÔòÉÔòÉÔòÉÔòÉÔòÉÔòÉÔòÉÔòÉÔòÉÔòÉÔòÉÔòÉÔòÉÔòÉÔòÉÔòÉÔòÉÔòÉÔòÉÔòÉÔòÉÔòÉÔòÉÔòÉÔòÉÔòÉÔòÉÔòÉÔòÉÔòÉÔòÉÔòÉÔòÉÔòÉÔòÉÔòÉÔòÉÔòÉÔòÉÔòÉÔòÉÔòÉÔòÉÔòÉÔòÉÔòÉÔòÉÔòÉÔòÉÔòÉÔòÉÔòÉÔòÉÔòÉÔòÉÔòÉÔòÉÔòÉÔòÉÔòÉÔòÉÔòÉÔòÉÔòÉÔòÉÔòØ


[90mstdout[2m | tests/unit/lib/sdk-options.test.ts[2m > [22m[2msdk-options.ts[2m > [22m[2mgetModelForUseCase[2m > [22m[2mshould use default model for spec when no override
[22m[39m[ModelResolver] resolveModelString called with modelKey: "claude-haiku-4-5-20251001", defaultModel: "claude-opus-4-5-20251101"
[ModelResolver] Using full Claude model string: claude-haiku-4-5-20251001

[90mstdout[2m | tests/unit/lib/auth.test.ts[2m > [22m[2mauth.ts[2m > [22m[2mgetSessionCookieOptions[2m > [22m[2mshould return cookie options with httpOnly true
[22m[39m[36mINFO [0m [34m[Auth][0m Loaded 107 sessions (0 expired)
[36mINFO [0m [34m[Auth][0m Loaded API key from file
[36mINFO [0m [34m[Auth][0m 
ÔòöÔòÉÔòÉÔòÉÔòÉÔòÉÔòÉÔòÉÔòÉÔòÉÔòÉÔòÉÔòÉÔòÉÔòÉÔòÉÔòÉÔòÉÔòÉÔòÉÔòÉÔòÉÔòÉÔòÉÔòÉÔòÉÔòÉÔòÉÔòÉÔòÉÔòÉÔòÉÔòÉÔòÉÔòÉÔòÉÔòÉÔòÉÔòÉÔòÉÔòÉÔòÉÔòÉÔòÉÔòÉÔòÉÔòÉÔòÉÔòÉÔòÉÔòÉÔòÉÔòÉÔòÉÔòÉÔòÉÔòÉÔòÉÔòÉÔòÉÔòÉÔòÉÔòÉÔòÉÔòÉÔòÉÔòÉÔòÉÔòÉÔòÉÔòÉÔòÉÔòù
Ôòæ  ­ƒöÉ API Key for Web Mode Authentication                               Ôòæ
ÔòáÔòÉÔòÉÔòÉÔòÉÔòÉÔòÉÔòÉÔòÉÔòÉÔòÉÔòÉÔòÉÔòÉÔòÉÔòÉÔòÉÔòÉÔòÉÔòÉÔòÉÔòÉÔòÉÔòÉÔòÉÔòÉÔòÉÔòÉÔòÉÔòÉÔòÉÔòÉÔòÉÔòÉÔòÉÔòÉÔòÉÔòÉÔòÉÔòÉÔòÉÔòÉÔòÉÔòÉÔòÉÔòÉÔòÉÔòÉÔòÉÔòÉÔòÉÔòÉÔòÉÔòÉÔòÉÔòÉÔòÉÔòÉÔòÉÔòÉÔòÉÔòÉÔòÉÔòÉÔòÉÔòÉÔòÉÔòÉÔòÉÔòÉÔòÉÔòÉÔòú
Ôòæ                                                                       Ôòæ
Ôòæ  When accessing via browser, you'll be prompted to enter this key:    Ôòæ
Ôòæ                                                                       Ôòæ
Ôòæ    cd6f559e-ed73-4832-bd9f-8140f75673ad
Ôòæ                                                                       Ôòæ
Ôòæ  In Electron mode, authentication is handled automatically.          Ôòæ
Ôòæ                                                                       Ôòæ
Ôòæ  ­ƒÆí Tip: Set AUTOMAKER_API_KEY env var to use a fixed key for dev    Ôòæ
ÔòÜÔòÉÔòÉÔòÉÔòÉÔòÉÔòÉÔòÉÔòÉÔòÉÔòÉÔòÉÔòÉÔòÉÔòÉÔòÉÔòÉÔòÉÔòÉÔòÉÔòÉÔòÉÔòÉÔòÉÔòÉÔòÉÔòÉÔòÉÔòÉÔòÉÔòÉÔòÉÔòÉÔòÉÔòÉÔòÉÔòÉÔòÉÔòÉÔòÉÔòÉÔòÉÔòÉÔòÉÔòÉÔòÉÔòÉÔòÉÔòÉÔòÉÔòÉÔòÉÔòÉÔòÉÔòÉÔòÉÔòÉÔòÉÔòÉÔòÉÔòÉÔòÉÔòÉÔòÉÔòÉÔòÉÔòÉÔòÉÔòÉÔòÉÔòÉÔòÉÔòØ


[90mstdout[2m | tests/unit/lib/sdk-options.test.ts[2m > [22m[2msdk-options.ts[2m > [22m[2mgetModelForUseCase[2m > [22m[2mshould fall back to AUTOMAKER_MODEL_DEFAULT
[22m[39m[ModelResolver] resolveModelString called with modelKey: "claude-sonnet-4-20250514", defaultModel: "claude-opus-4-5-20251101"
[ModelResolver] Using full Claude model string: claude-sonnet-4-20250514

[90mstdout[2m | tests/unit/lib/auth.test.ts[2m > [22m[2mauth.ts[2m > [22m[2mgetSessionCookieOptions[2m > [22m[2mshould set secure to true in production
[22m[39m[36mINFO [0m [34m[Auth][0m Loaded 107 sessions (0 expired)
[36mINFO [0m [34m[Auth][0m Loaded API key from file
[36mINFO [0m [34m[Auth][0m 
ÔòöÔòÉÔòÉÔòÉÔòÉÔòÉÔòÉÔòÉÔòÉÔòÉÔòÉÔòÉÔòÉÔòÉÔòÉÔòÉÔòÉÔòÉÔòÉÔòÉÔòÉÔòÉÔòÉÔòÉÔòÉÔòÉÔòÉÔòÉÔòÉÔòÉÔòÉÔòÉÔòÉÔòÉÔòÉÔòÉÔòÉÔòÉÔòÉÔòÉÔòÉÔòÉÔòÉÔòÉÔòÉÔòÉÔòÉÔòÉÔòÉÔòÉÔòÉÔòÉÔòÉÔòÉÔòÉÔòÉÔòÉÔòÉÔòÉÔòÉÔòÉÔòÉÔòÉÔòÉÔòÉÔòÉÔòÉÔòÉÔòÉÔòÉÔòÉÔòÉÔòù
Ôòæ  ­ƒöÉ API Key for Web Mode Authentication                               Ôòæ
ÔòáÔòÉÔòÉÔòÉÔòÉÔòÉÔòÉÔòÉÔòÉÔòÉÔòÉÔòÉÔòÉÔòÉÔòÉÔòÉÔòÉÔòÉÔòÉÔòÉÔòÉÔòÉÔòÉÔòÉÔòÉÔòÉÔòÉÔòÉÔòÉÔòÉÔòÉÔòÉÔòÉÔòÉÔòÉÔòÉÔòÉÔòÉÔòÉÔòÉÔòÉÔòÉÔòÉÔòÉÔòÉÔòÉÔòÉÔòÉÔòÉÔòÉÔòÉÔòÉÔòÉÔòÉÔòÉÔòÉÔòÉÔòÉÔòÉÔòÉÔòÉÔòÉÔòÉÔòÉÔòÉÔòÉÔòÉÔòÉÔòÉÔòÉÔòÉÔòÉÔòú
Ôòæ                                                                       Ôòæ
Ôòæ  When accessing via browser, you'll be prompted to enter this key:    Ôòæ
Ôòæ                                                                       Ôòæ
Ôòæ    cd6f559e-ed73-4832-bd9f-8140f75673ad
Ôòæ                                                                       Ôòæ
Ôòæ  In Electron mode, authentication is handled automatically.          Ôòæ
Ôòæ                                                                       Ôòæ
Ôòæ  ­ƒÆí Tip: Set AUTOMAKER_API_KEY env var to use a fixed key for dev    Ôòæ
ÔòÜÔòÉÔòÉÔòÉÔòÉÔòÉÔòÉÔòÉÔòÉÔòÉÔòÉÔòÉÔòÉÔòÉÔòÉÔòÉÔòÉÔòÉÔòÉÔòÉÔòÉÔòÉÔòÉÔòÉÔòÉÔòÉÔòÉÔòÉÔòÉÔòÉÔòÉÔòÉÔòÉÔòÉÔòÉÔòÉÔòÉÔòÉÔòÉÔòÉÔòÉÔòÉÔòÉÔòÉÔòÉÔòÉÔòÉÔòÉÔòÉÔòÉÔòÉÔòÉÔòÉÔòÉÔòÉÔòÉÔòÉÔòÉÔòÉÔòÉÔòÉÔòÉÔòÉÔòÉÔòÉÔòÉÔòÉÔòÉÔòÉÔòÉÔòÉÔòÉÔòØ


[90mstdout[2m | tests/unit/lib/sdk-options.test.ts[2m > [22m[2msdk-options.ts[2m > [22m[2mcreateSpecGenerationOptions[2m > [22m[2mshould create options with spec generation settings
[22m[39m[ModelResolver] resolveModelString called with modelKey: "claude-haiku-4-5-20251001", defaultModel: "claude-opus-4-5-20251101"
[ModelResolver] Using full Claude model string: claude-haiku-4-5-20251001

 [32mÔ£ô[39m [30m[42m server [49m[39m tests/unit/lib/sdk-options.test.ts[2m > [22msdk-options.ts[2m > [22mMAX_TURNS[2m > [22mshould export turn presets[32m 21[2mms[22m[39m
 [32mÔ£ô[39m [30m[42m server [49m[39m tests/unit/lib/sdk-options.test.ts[2m > [22msdk-options.ts[2m > [22mgetModelForUseCase[2m > [22mshould return explicit model when provided[32m 20[2mms[22m[39m
 [32mÔ£ô[39m [30m[42m server [49m[39m tests/unit/lib/sdk-options.test.ts[2m > [22msdk-options.ts[2m > [22mgetModelForUseCase[2m > [22mshould use environment variable for spec model[32m 21[2mms[22m[39m
 [32mÔ£ô[39m [30m[42m server [49m[39m tests/unit/lib/sdk-options.test.ts[2m > [22msdk-options.ts[2m > [22mgetModelForUseCase[2m > [22mshould use default model for spec when no override[32m 27[2mms[22m[39m
 [32mÔ£ô[39m [30m[42m server [49m[39m tests/unit/lib/sdk-options.test.ts[2m > [22msdk-options.ts[2m > [22mgetModelForUseCase[2m > [22mshould fall back to AUTOMAKER_MODEL_DEFAULT[32m 14[2mms[22m[39m
[90mstdout[2m | tests/unit/lib/auth.test.ts[2m > [22m[2mauth.ts[2m > [22m[2mgetSessionCookieOptions[2m > [22m[2mshould set secure to false in non-production
[22m[39m[36mINFO [0m [34m[Auth][0m Loaded 107 sessions (0 expired)
[36mINFO [0m [34m[Auth][0m Loaded API key from file
[36mINFO [0m [34m[Auth][0m 
ÔòöÔòÉÔòÉÔòÉÔòÉÔòÉÔòÉÔòÉÔòÉÔòÉÔòÉÔòÉÔòÉÔòÉÔòÉÔòÉÔòÉÔòÉÔòÉÔòÉÔòÉÔòÉÔòÉÔòÉÔòÉÔòÉÔòÉÔòÉÔòÉÔòÉÔòÉÔòÉÔòÉÔòÉÔòÉÔòÉÔòÉÔòÉÔòÉÔòÉÔòÉÔòÉÔòÉÔòÉÔòÉÔòÉÔòÉÔòÉÔòÉÔòÉÔòÉÔòÉÔòÉÔòÉÔòÉÔòÉÔòÉÔòÉÔòÉÔòÉÔòÉÔòÉÔòÉÔòÉÔòÉÔòÉÔòÉÔòÉÔòÉÔòÉÔòÉÔòÉÔòù
Ôòæ  ­ƒöÉ API Key for Web Mode Authentication                               Ôòæ
ÔòáÔòÉÔòÉÔòÉÔòÉÔòÉÔòÉÔòÉÔòÉÔòÉÔòÉÔòÉÔòÉÔòÉÔòÉÔòÉÔòÉÔòÉÔòÉÔòÉÔòÉÔòÉÔòÉÔòÉÔòÉÔòÉÔòÉÔòÉÔòÉÔòÉÔòÉÔòÉÔòÉÔòÉÔòÉÔòÉÔòÉÔòÉÔòÉÔòÉÔòÉÔòÉÔòÉÔòÉÔòÉÔòÉÔòÉÔòÉÔòÉÔòÉÔòÉÔòÉÔòÉÔòÉÔòÉÔòÉÔòÉÔòÉÔòÉÔòÉÔòÉÔòÉÔòÉÔòÉÔòÉÔòÉÔòÉÔòÉÔòÉÔòÉÔòÉÔòÉÔòú
Ôòæ                                                                       Ôòæ
Ôòæ  When accessing via browser, you'll be prompted to enter this key:    Ôòæ
Ôòæ                                                                       Ôòæ
Ôòæ    cd6f559e-ed73-4832-bd9f-8140f75673ad
Ôòæ                                                                       Ôòæ
Ôòæ  In Electron mode, authentication is handled automatically.          Ôòæ
Ôòæ                                                                       Ôòæ
Ôòæ  ­ƒÆí Tip: Set AUTOMAKER_API_KEY env var to use a fixed key for dev    Ôòæ
ÔòÜÔòÉÔòÉÔòÉÔòÉÔòÉÔòÉÔòÉÔòÉÔòÉÔòÉÔòÉÔòÉÔòÉÔòÉÔòÉÔòÉÔòÉÔòÉÔòÉÔòÉÔòÉÔòÉÔòÉÔòÉÔòÉÔòÉÔòÉÔòÉÔòÉÔòÉÔòÉÔòÉÔòÉÔòÉÔòÉÔòÉÔòÉÔòÉÔòÉÔòÉÔòÉÔòÉÔòÉÔòÉÔòÉÔòÉÔòÉÔòÉÔòÉÔòÉÔòÉÔòÉÔòÉÔòÉÔòÉÔòÉÔòÉÔòÉÔòÉÔòÉÔòÉÔòÉÔòÉÔòÉÔòÉÔòÉÔòÉÔòÉÔòÉÔòÉÔòÉÔòØ


 [32mÔ£ô[39m [30m[42m server [49m[39m tests/unit/lib/auth.test.ts[2m > [22mauth.ts[2m > [22mvalidateApiKey[2m > [22mshould reject null/undefined[32m 22[2mms[22m[39m
 [32mÔ£ô[39m [30m[42m server [49m[39m tests/unit/lib/auth.test.ts[2m > [22mauth.ts[2m > [22mvalidateApiKey[2m > [22mshould use timing-safe comparison for different lengths[32m 28[2mms[22m[39m
 [32mÔ£ô[39m [30m[42m server [49m[39m tests/unit/lib/auth.test.ts[2m > [22mauth.ts[2m > [22mgetSessionCookieOptions[2m > [22mshould return cookie options with httpOnly true[32m 13[2mms[22m[39m
 [32mÔ£ô[39m [30m[42m server [49m[39m tests/unit/lib/auth.test.ts[2m > [22mauth.ts[2m > [22mgetSessionCookieOptions[2m > [22mshould set secure to true in production[32m 13[2mms[22m[39m
 [32mÔ£ô[39m [30m[42m server [49m[39m tests/unit/lib/auth.test.ts[2m > [22mauth.ts[2m > [22mgetSessionCookieOptions[2m > [22mshould set secure to false in non-production[32m 25[2mms[22m[39m
[90mstdout[2m | tests/unit/lib/sdk-options.test.ts[2m > [22m[2msdk-options.ts[2m > [22m[2mcreateSpecGenerationOptions[2m > [22m[2mshould include system prompt when provided
[22m[39m[ModelResolver] resolveModelString called with modelKey: "claude-haiku-4-5-20251001", defaultModel: "claude-opus-4-5-20251101"
[ModelResolver] Using full Claude model string: claude-haiku-4-5-20251001

[90mstdout[2m | tests/unit/lib/auth.test.ts[2m > [22m[2mauth.ts[2m > [22m[2mgetSessionCookieName[2m > [22m[2mshould return the session cookie name
[22m[39m[36mINFO [0m [34m[Auth][0m Loaded 107 sessions (0 expired)
[36mINFO [0m [34m[Auth][0m Loaded API key from file
[36mINFO [0m [34m[Auth][0m 
ÔòöÔòÉÔòÉÔòÉÔòÉÔòÉÔòÉÔòÉÔòÉÔòÉÔòÉÔòÉÔòÉÔòÉÔòÉÔòÉÔòÉÔòÉÔòÉÔòÉÔòÉÔòÉÔòÉÔòÉÔòÉÔòÉÔòÉÔòÉÔòÉÔòÉÔòÉÔòÉÔòÉÔòÉÔòÉÔòÉÔòÉÔòÉÔòÉÔòÉÔòÉÔòÉÔòÉÔòÉÔòÉÔòÉÔòÉÔòÉÔòÉÔòÉÔòÉÔòÉÔòÉÔòÉÔòÉÔòÉÔòÉÔòÉÔòÉÔòÉÔòÉÔòÉÔòÉÔòÉÔòÉÔòÉÔòÉÔòÉÔòÉÔòÉÔòÉÔòÉÔòù
Ôòæ  ­ƒöÉ API Key for Web Mode Authentication                               Ôòæ
ÔòáÔòÉÔòÉÔòÉÔòÉÔòÉÔòÉÔòÉÔòÉÔòÉÔòÉÔòÉÔòÉÔòÉÔòÉÔòÉÔòÉÔòÉÔòÉÔòÉÔòÉÔòÉÔòÉÔòÉÔòÉÔòÉÔòÉÔòÉÔòÉÔòÉÔòÉÔòÉÔòÉÔòÉÔòÉÔòÉÔòÉÔòÉÔòÉÔòÉÔòÉÔòÉÔòÉÔòÉÔòÉÔòÉÔòÉÔòÉÔòÉÔòÉÔòÉÔòÉÔòÉÔòÉÔòÉÔòÉÔòÉÔòÉÔòÉÔòÉÔòÉÔòÉÔòÉÔòÉÔòÉÔòÉÔòÉÔòÉÔòÉÔòÉÔòÉÔòÉÔòú
Ôòæ                                                                       Ôòæ
Ôòæ  When accessing via browser, you'll be prompted to enter this key:    Ôòæ
Ôòæ                                                                       Ôòæ
Ôòæ    cd6f559e-ed73-4832-bd9f-8140f75673ad
Ôòæ                                                                       Ôòæ
Ôòæ  In Electron mode, authentication is handled automatically.          Ôòæ
Ôòæ                                                                       Ôòæ
Ôòæ  ­ƒÆí Tip: Set AUTOMAKER_API_KEY env var to use a fixed key for dev    Ôòæ
ÔòÜÔòÉÔòÉÔòÉÔòÉÔòÉÔòÉÔòÉÔòÉÔòÉÔòÉÔòÉÔòÉÔòÉÔòÉÔòÉÔòÉÔòÉÔòÉÔòÉÔòÉÔòÉÔòÉÔòÉÔòÉÔòÉÔòÉÔòÉÔòÉÔòÉÔòÉÔòÉÔòÉÔòÉÔòÉÔòÉÔòÉÔòÉÔòÉÔòÉÔòÉÔòÉÔòÉÔòÉÔòÉÔòÉÔòÉÔòÉÔòÉÔòÉÔòÉÔòÉÔòÉÔòÉÔòÉÔòÉÔòÉÔòÉÔòÉÔòÉÔòÉÔòÉÔòÉÔòÉÔòÉÔòÉÔòÉÔòÉÔòÉÔòÉÔòÉÔòÉÔòØ


[90mstdout[2m | tests/unit/lib/sdk-options.test.ts[2m > [22m[2msdk-options.ts[2m > [22m[2mcreateSpecGenerationOptions[2m > [22m[2mshould include abort controller when provided
[22m[39m[ModelResolver] resolveModelString called with modelKey: "claude-haiku-4-5-20251001", defaultModel: "claude-opus-4-5-20251101"
[ModelResolver] Using full Claude model string: claude-haiku-4-5-20251001

[90mstdout[2m | tests/unit/lib/auth.test.ts[2m > [22m[2mauth.ts[2m > [22m[2misRequestAuthenticated[2m > [22m[2mshould return true for authenticated request with API key
[22m[39m[36mINFO [0m [34m[Auth][0m Loaded 107 sessions (0 expired)
[36mINFO [0m [34m[Auth][0m Using API key from environment variable
[36mINFO [0m [34m[Auth][0m 
ÔòöÔòÉÔòÉÔòÉÔòÉÔòÉÔòÉÔòÉÔòÉÔòÉÔòÉÔòÉÔòÉÔòÉÔòÉÔòÉÔòÉÔòÉÔòÉÔòÉÔòÉÔòÉÔòÉÔòÉÔòÉÔòÉÔòÉÔòÉÔòÉÔòÉÔòÉÔòÉÔòÉÔòÉÔòÉÔòÉÔòÉÔòÉÔòÉÔòÉÔòÉÔòÉÔòÉÔòÉÔòÉÔòÉÔòÉÔòÉÔòÉÔòÉÔòÉÔòÉÔòÉÔòÉÔòÉÔòÉÔòÉÔòÉÔòÉÔòÉÔòÉÔòÉÔòÉÔòÉÔòÉÔòÉÔòÉÔòÉÔòÉÔòÉÔòÉÔòÉÔòù
Ôòæ  ­ƒöÉ API Key for Web Mode Authentication                               Ôòæ
ÔòáÔòÉÔòÉÔòÉÔòÉÔòÉÔòÉÔòÉÔòÉÔòÉÔòÉÔòÉÔòÉÔòÉÔòÉÔòÉÔòÉÔòÉÔòÉÔòÉÔòÉÔòÉÔòÉÔòÉÔòÉÔòÉÔòÉÔòÉÔòÉÔòÉÔòÉÔòÉÔòÉÔòÉÔòÉÔòÉÔòÉÔòÉÔòÉÔòÉÔòÉÔòÉÔòÉÔòÉÔòÉÔòÉÔòÉÔòÉÔòÉÔòÉÔòÉÔòÉÔòÉÔòÉÔòÉÔòÉÔòÉÔòÉÔòÉÔòÉÔòÉÔòÉÔòÉÔòÉÔòÉÔòÉÔòÉÔòÉÔòÉÔòÉÔòÉÔòÉÔòú
Ôòæ                                                                       Ôòæ
Ôòæ  When accessing via browser, you'll be prompted to enter this key:    Ôòæ
Ôòæ                                                                       Ôòæ
Ôòæ    test-secret-key
Ôòæ                                                                       Ôòæ
Ôòæ  In Electron mode, authentication is handled automatically.          Ôòæ
Ôòæ                                                                       Ôòæ
Ôòæ  ­ƒÆí Tip: Set AUTOMAKER_API_KEY env var to use a fixed key for dev    Ôòæ
ÔòÜÔòÉÔòÉÔòÉÔòÉÔòÉÔòÉÔòÉÔòÉÔòÉÔòÉÔòÉÔòÉÔòÉÔòÉÔòÉÔòÉÔòÉÔòÉÔòÉÔòÉÔòÉÔòÉÔòÉÔòÉÔòÉÔòÉÔòÉÔòÉÔòÉÔòÉÔòÉÔòÉÔòÉÔòÉÔòÉÔòÉÔòÉÔòÉÔòÉÔòÉÔòÉÔòÉÔòÉÔòÉÔòÉÔòÉÔòÉÔòÉÔòÉÔòÉÔòÉÔòÉÔòÉÔòÉÔòÉÔòÉÔòÉÔòÉÔòÉÔòÉÔòÉÔòÉÔòÉÔòÉÔòÉÔòÉÔòÉÔòÉÔòÉÔòÉÔòÉÔòØ


[90mstdout[2m | tests/unit/lib/sdk-options.test.ts[2m > [22m[2msdk-options.ts[2m > [22m[2mcreateFeatureGenerationOptions[2m > [22m[2mshould create options with feature generation settings
[22m[39m[ModelResolver] resolveModelString called with modelKey: "claude-haiku-4-5-20251001", defaultModel: "claude-opus-4-5-20251101"
[ModelResolver] Using full Claude model string: claude-haiku-4-5-20251001

[90mstdout[2m | tests/unit/lib/auth.test.ts[2m > [22m[2mauth.ts[2m > [22m[2misRequestAuthenticated[2m > [22m[2mshould return false for unauthenticated request
[22m[39m[36mINFO [0m [34m[Auth][0m Loaded 107 sessions (0 expired)
[36mINFO [0m [34m[Auth][0m Loaded API key from file
[36mINFO [0m [34m[Auth][0m 
ÔòöÔòÉÔòÉÔòÉÔòÉÔòÉÔòÉÔòÉÔòÉÔòÉÔòÉÔòÉÔòÉÔòÉÔòÉÔòÉÔòÉÔòÉÔòÉÔòÉÔòÉÔòÉÔòÉÔòÉÔòÉÔòÉÔòÉÔòÉÔòÉÔòÉÔòÉÔòÉÔòÉÔòÉÔòÉÔòÉÔòÉÔòÉÔòÉÔòÉÔòÉÔòÉÔòÉÔòÉÔòÉÔòÉÔòÉÔòÉÔòÉÔòÉÔòÉÔòÉÔòÉÔòÉÔòÉÔòÉÔòÉÔòÉÔòÉÔòÉÔòÉÔòÉÔòÉÔòÉÔòÉÔòÉÔòÉÔòÉÔòÉÔòÉÔòÉÔòÉÔòù
Ôòæ  ­ƒöÉ API Key for Web Mode Authentication                               Ôòæ
ÔòáÔòÉÔòÉÔòÉÔòÉÔòÉÔòÉÔòÉÔòÉÔòÉÔòÉÔòÉÔòÉÔòÉÔòÉÔòÉÔòÉÔòÉÔòÉÔòÉÔòÉÔòÉÔòÉÔòÉÔòÉÔòÉÔòÉÔòÉÔòÉÔòÉÔòÉÔòÉÔòÉÔòÉÔòÉÔòÉÔòÉÔòÉÔòÉÔòÉÔòÉÔòÉÔòÉÔòÉÔòÉÔòÉÔòÉÔòÉÔòÉÔòÉÔòÉÔòÉÔòÉÔòÉÔòÉÔòÉÔòÉÔòÉÔòÉÔòÉÔòÉÔòÉÔòÉÔòÉÔòÉÔòÉÔòÉÔòÉÔòÉÔòÉÔòÉÔòÉÔòú
Ôòæ                                                                       Ôòæ
Ôòæ  When accessing via browser, you'll be prompted to enter this key:    Ôòæ
Ôòæ                                                                       Ôòæ
Ôòæ    cd6f559e-ed73-4832-bd9f-8140f75673ad
Ôòæ                                                                       Ôòæ
Ôòæ  In Electron mode, authentication is handled automatically.          Ôòæ
Ôòæ                                                                       Ôòæ
Ôòæ  ­ƒÆí Tip: Set AUTOMAKER_API_KEY env var to use a fixed key for dev    Ôòæ
ÔòÜÔòÉÔòÉÔòÉÔòÉÔòÉÔòÉÔòÉÔòÉÔòÉÔòÉÔòÉÔòÉÔòÉÔòÉÔòÉÔòÉÔòÉÔòÉÔòÉÔòÉÔòÉÔòÉÔòÉÔòÉÔòÉÔòÉÔòÉÔòÉÔòÉÔòÉÔòÉÔòÉÔòÉÔòÉÔòÉÔòÉÔòÉÔòÉÔòÉÔòÉÔòÉÔòÉÔòÉÔòÉÔòÉÔòÉÔòÉÔòÉÔòÉÔòÉÔòÉÔòÉÔòÉÔòÉÔòÉÔòÉÔòÉÔòÉÔòÉÔòÉÔòÉÔòÉÔòÉÔòÉÔòÉÔòÉÔòÉÔòÉÔòÉÔòÉÔòÉÔòØ


[90mstdout[2m | tests/unit/lib/sdk-options.test.ts[2m > [22m[2msdk-options.ts[2m > [22m[2mcreateSuggestionsOptions[2m > [22m[2mshould create options with suggestions settings
[22m[39m[ModelResolver] resolveModelString called with modelKey: "claude-haiku-4-5-20251001", defaultModel: "claude-opus-4-5-20251101"
[ModelResolver] Using full Claude model string: claude-haiku-4-5-20251001

[90mstdout[2m | tests/unit/lib/auth.test.ts[2m > [22m[2mauth.ts[2m > [22m[2misRequestAuthenticated[2m > [22m[2mshould return true for authenticated request with session token
[22m[39m[36mINFO [0m [34m[Auth][0m Loaded 107 sessions (0 expired)
[36mINFO [0m [34m[Auth][0m Loaded API key from file
[36mINFO [0m [34m[Auth][0m 
ÔòöÔòÉÔòÉÔòÉÔòÉÔòÉÔòÉÔòÉÔòÉÔòÉÔòÉÔòÉÔòÉÔòÉÔòÉÔòÉÔòÉÔòÉÔòÉÔòÉÔòÉÔòÉÔòÉÔòÉÔòÉÔòÉÔòÉÔòÉÔòÉÔòÉÔòÉÔòÉÔòÉÔòÉÔòÉÔòÉÔòÉÔòÉÔòÉÔòÉÔòÉÔòÉÔòÉÔòÉÔòÉÔòÉÔòÉÔòÉÔòÉÔòÉÔòÉÔòÉÔòÉÔòÉÔòÉÔòÉÔòÉÔòÉÔòÉÔòÉÔòÉÔòÉÔòÉÔòÉÔòÉÔòÉÔòÉÔòÉÔòÉÔòÉÔòÉÔòÉÔòù
Ôòæ  ­ƒöÉ API Key for Web Mode Authentication                               Ôòæ
ÔòáÔòÉÔòÉÔòÉÔòÉÔòÉÔòÉÔòÉÔòÉÔòÉÔòÉÔòÉÔòÉÔòÉÔòÉÔòÉÔòÉÔòÉÔòÉÔòÉÔòÉÔòÉÔòÉÔòÉÔòÉÔòÉÔòÉÔòÉÔòÉÔòÉÔòÉÔòÉÔòÉÔòÉÔòÉÔòÉÔòÉÔòÉÔòÉÔòÉÔòÉÔòÉÔòÉÔòÉÔòÉÔòÉÔòÉÔòÉÔòÉÔòÉÔòÉÔòÉÔòÉÔòÉÔòÉÔòÉÔòÉÔòÉÔòÉÔòÉÔòÉÔòÉÔòÉÔòÉÔòÉÔòÉÔòÉÔòÉÔòÉÔòÉÔòÉÔòÉÔòú
Ôòæ                                                                       Ôòæ
Ôòæ  When accessing via browser, you'll be prompted to enter this key:    Ôòæ
Ôòæ                                                                       Ôòæ
Ôòæ    cd6f559e-ed73-4832-bd9f-8140f75673ad
Ôòæ                                                                       Ôòæ
Ôòæ  In Electron mode, authentication is handled automatically.          Ôòæ
Ôòæ                                                                       Ôòæ
Ôòæ  ­ƒÆí Tip: Set AUTOMAKER_API_KEY env var to use a fixed key for dev    Ôòæ
ÔòÜÔòÉÔòÉÔòÉÔòÉÔòÉÔòÉÔòÉÔòÉÔòÉÔòÉÔòÉÔòÉÔòÉÔòÉÔòÉÔòÉÔòÉÔòÉÔòÉÔòÉÔòÉÔòÉÔòÉÔòÉÔòÉÔòÉÔòÉÔòÉÔòÉÔòÉÔòÉÔòÉÔòÉÔòÉÔòÉÔòÉÔòÉÔòÉÔòÉÔòÉÔòÉÔòÉÔòÉÔòÉÔòÉÔòÉÔòÉÔòÉÔòÉÔòÉÔòÉÔòÉÔòÉÔòÉÔòÉÔòÉÔòÉÔòÉÔòÉÔòÉÔòÉÔòÉÔòÉÔòÉÔòÉÔòÉÔòÉÔòÉÔòÉÔòÉÔòÉÔòØ


[90mstdout[2m | tests/unit/lib/sdk-options.test.ts[2m > [22m[2msdk-options.ts[2m > [22m[2mcreateSuggestionsOptions[2m > [22m[2mshould include systemPrompt when provided
[22m[39m[ModelResolver] resolveModelString called with modelKey: "claude-haiku-4-5-20251001", defaultModel: "claude-opus-4-5-20251101"
[ModelResolver] Using full Claude model string: claude-haiku-4-5-20251001

[90mstdout[2m | tests/unit/lib/auth.test.ts[2m > [22m[2mauth.ts[2m > [22m[2mcheckRawAuthentication[2m > [22m[2mshould return true for valid API key in headers
[22m[39m[36mINFO [0m [34m[Auth][0m Loaded 108 sessions (0 expired)
[36mINFO [0m [34m[Auth][0m Using API key from environment variable
[36mINFO [0m [34m[Auth][0m 
ÔòöÔòÉÔòÉÔòÉÔòÉÔòÉÔòÉÔòÉÔòÉÔòÉÔòÉÔòÉÔòÉÔòÉÔòÉÔòÉÔòÉÔòÉÔòÉÔòÉÔòÉÔòÉÔòÉÔòÉÔòÉÔòÉÔòÉÔòÉÔòÉÔòÉÔòÉÔòÉÔòÉÔòÉÔòÉÔòÉÔòÉÔòÉÔòÉÔòÉÔòÉÔòÉÔòÉÔòÉÔòÉÔòÉÔòÉÔòÉÔòÉÔòÉÔòÉÔòÉÔòÉÔòÉÔòÉÔòÉÔòÉÔòÉÔòÉÔòÉÔòÉÔòÉÔòÉÔòÉÔòÉÔòÉÔòÉÔòÉÔòÉÔòÉÔòÉÔòÉÔòù
Ôòæ  ­ƒöÉ API Key for Web Mode Authentication                               Ôòæ
ÔòáÔòÉÔòÉÔòÉÔòÉÔòÉÔòÉÔòÉÔòÉÔòÉÔòÉÔòÉÔòÉÔòÉÔòÉÔòÉÔòÉÔòÉÔòÉÔòÉÔòÉÔòÉÔòÉÔòÉÔòÉÔòÉÔòÉÔòÉÔòÉÔòÉÔòÉÔòÉÔòÉÔòÉÔòÉÔòÉÔòÉÔòÉÔòÉÔòÉÔòÉÔòÉÔòÉÔòÉÔòÉÔòÉÔòÉÔòÉÔòÉÔòÉÔòÉÔòÉÔòÉÔòÉÔòÉÔòÉÔòÉÔòÉÔòÉÔòÉÔòÉÔòÉÔòÉÔòÉÔòÉÔòÉÔòÉÔòÉÔòÉÔòÉÔòÉÔòÉÔòú
Ôòæ                                                                       Ôòæ
Ôòæ  When accessing via browser, you'll be prompted to enter this key:    Ôòæ
Ôòæ                                                                       Ôòæ
Ôòæ    test-secret-key
Ôòæ                                                                       Ôòæ
Ôòæ  In Electron mode, authentication is handled automatically.          Ôòæ
Ôòæ                                                                       Ôòæ
Ôòæ  ­ƒÆí Tip: Set AUTOMAKER_API_KEY env var to use a fixed key for dev    Ôòæ
ÔòÜÔòÉÔòÉÔòÉÔòÉÔòÉÔòÉÔòÉÔòÉÔòÉÔòÉÔòÉÔòÉÔòÉÔòÉÔòÉÔòÉÔòÉÔòÉÔòÉÔòÉÔòÉÔòÉÔòÉÔòÉÔòÉÔòÉÔòÉÔòÉÔòÉÔòÉÔòÉÔòÉÔòÉÔòÉÔòÉÔòÉÔòÉÔòÉÔòÉÔòÉÔòÉÔòÉÔòÉÔòÉÔòÉÔòÉÔòÉÔòÉÔòÉÔòÉÔòÉÔòÉÔòÉÔòÉÔòÉÔòÉÔòÉÔòÉÔòÉÔòÉÔòÉÔòÉÔòÉÔòÉÔòÉÔòÉÔòÉÔòÉÔòÉÔòÉÔòÉÔòØ


 [32mÔ£ô[39m [30m[42m server [49m[39m tests/unit/lib/auth.test.ts[2m > [22mauth.ts[2m > [22mgetSessionCookieName[2m > [22mshould return the session cookie name[32m 18[2mms[22m[39m
 [32mÔ£ô[39m [30m[42m server [49m[39m tests/unit/lib/auth.test.ts[2m > [22mauth.ts[2m > [22misRequestAuthenticated[2m > [22mshould return true for authenticated request with API key[32m 19[2mms[22m[39m
 [32mÔ£ô[39m [30m[42m server [49m[39m tests/unit/lib/auth.test.ts[2m > [22mauth.ts[2m > [22misRequestAuthenticated[2m > [22mshould return false for unauthenticated request[32m 17[2mms[22m[39m
 [32mÔ£ô[39m [30m[42m server [49m[39m tests/unit/lib/auth.test.ts[2m > [22mauth.ts[2m > [22misRequestAuthenticated[2m > [22mshould return true for authenticated request with session token[32m 25[2mms[22m[39m
 [32mÔ£ô[39m [30m[42m server [49m[39m tests/unit/lib/auth.test.ts[2m > [22mauth.ts[2m > [22mcheckRawAuthentication[2m > [22mshould return true for valid API key in headers[32m 14[2mms[22m[39m
[90mstdout[2m | tests/unit/lib/sdk-options.test.ts[2m > [22m[2msdk-options.ts[2m > [22m[2mcreateSuggestionsOptions[2m > [22m[2mshould include abortController when provided
[22m[39m[ModelResolver] resolveModelString called with modelKey: "claude-haiku-4-5-20251001", defaultModel: "claude-opus-4-5-20251101"
[ModelResolver] Using full Claude model string: claude-haiku-4-5-20251001

 [32mÔ£ô[39m [30m[42m server [49m[39m tests/unit/lib/sdk-options.test.ts[2m > [22msdk-options.ts[2m > [22mcreateSpecGenerationOptions[2m > [22mshould create options with spec generation settings[32m 25[2mms[22m[39m
 [32mÔ£ô[39m [30m[42m server [49m[39m tests/unit/lib/sdk-options.test.ts[2m > [22msdk-options.ts[2m > [22mcreateSpecGenerationOptions[2m > [22mshould include system prompt when provided[32m 19[2mms[22m[39m
 [32mÔ£ô[39m [30m[42m server [49m[39m tests/unit/lib/sdk-options.test.ts[2m > [22msdk-options.ts[2m > [22mcreateSpecGenerationOptions[2m > [22mshould include abort controller when provided[32m 19[2mms[22m[39m
 [32mÔ£ô[39m [30m[42m server [49m[39m tests/unit/lib/sdk-options.test.ts[2m > [22msdk-options.ts[2m > [22mcreateFeatureGenerationOptions[2m > [22mshould create options with feature generation settings[32m 17[2mms[22m[39m
 [32mÔ£ô[39m [30m[42m server [49m[39m tests/unit/lib/sdk-options.test.ts[2m > [22msdk-options.ts[2m > [22mcreateSuggestionsOptions[2m > [22mshould create options with suggestions settings[32m 20[2mms[22m[39m
 [32mÔ£ô[39m [30m[42m server [49m[39m tests/unit/lib/sdk-options.test.ts[2m > [22msdk-options.ts[2m > [22mcreateSuggestionsOptions[2m > [22mshould include systemPrompt when provided[32m 17[2mms[22m[39m
[90mstdout[2m | tests/unit/lib/auth.test.ts[2m > [22m[2mauth.ts[2m > [22m[2mcheckRawAuthentication[2m > [22m[2mshould return true for valid session token in headers
[22m[39m[36mINFO [0m [34m[Auth][0m Loaded 108 sessions (0 expired)
[36mINFO [0m [34m[Auth][0m Loaded API key from file
[36mINFO [0m [34m[Auth][0m 
ÔòöÔòÉÔòÉÔòÉÔòÉÔòÉÔòÉÔòÉÔòÉÔòÉÔòÉÔòÉÔòÉÔòÉÔòÉÔòÉÔòÉÔòÉÔòÉÔòÉÔòÉÔòÉÔòÉÔòÉÔòÉÔòÉÔòÉÔòÉÔòÉÔòÉÔòÉÔòÉÔòÉÔòÉÔòÉÔòÉÔòÉÔòÉÔòÉÔòÉÔòÉÔòÉÔòÉÔòÉÔòÉÔòÉÔòÉÔòÉÔòÉÔòÉÔòÉÔòÉÔòÉÔòÉÔòÉÔòÉÔòÉÔòÉÔòÉÔòÉÔòÉÔòÉÔòÉÔòÉÔòÉÔòÉÔòÉÔòÉÔòÉÔòÉÔòÉÔòÉÔòù
Ôòæ  ­ƒöÉ API Key for Web Mode Authentication                               Ôòæ
ÔòáÔòÉÔòÉÔòÉÔòÉÔòÉÔòÉÔòÉÔòÉÔòÉÔòÉÔòÉÔòÉÔòÉÔòÉÔòÉÔòÉÔòÉÔòÉÔòÉÔòÉÔòÉÔòÉÔòÉÔòÉÔòÉÔòÉÔòÉÔòÉÔòÉÔòÉÔòÉÔòÉÔòÉÔòÉÔòÉÔòÉÔòÉÔòÉÔòÉÔòÉÔòÉÔòÉÔòÉÔòÉÔòÉÔòÉÔòÉÔòÉÔòÉÔòÉÔòÉÔòÉÔòÉÔòÉÔòÉÔòÉÔòÉÔòÉÔòÉÔòÉÔòÉÔòÉÔòÉÔòÉÔòÉÔòÉÔòÉÔòÉÔòÉÔòÉÔòÉÔòú
Ôòæ                                                                       Ôòæ
Ôòæ  When accessing via browser, you'll be prompted to enter this key:    Ôòæ
Ôòæ                                                                       Ôòæ
Ôòæ    cd6f559e-ed73-4832-bd9f-8140f75673ad
Ôòæ                                                                       Ôòæ
Ôòæ  In Electron mode, authentication is handled automatically.          Ôòæ
Ôòæ                                                                       Ôòæ
Ôòæ  ­ƒÆí Tip: Set AUTOMAKER_API_KEY env var to use a fixed key for dev    Ôòæ
ÔòÜÔòÉÔòÉÔòÉÔòÉÔòÉÔòÉÔòÉÔòÉÔòÉÔòÉÔòÉÔòÉÔòÉÔòÉÔòÉÔòÉÔòÉÔòÉÔòÉÔòÉÔòÉÔòÉÔòÉÔòÉÔòÉÔòÉÔòÉÔòÉÔòÉÔòÉÔòÉÔòÉÔòÉÔòÉÔòÉÔòÉÔòÉÔòÉÔòÉÔòÉÔòÉÔòÉÔòÉÔòÉÔòÉÔòÉÔòÉÔòÉÔòÉÔòÉÔòÉÔòÉÔòÉÔòÉÔòÉÔòÉÔòÉÔòÉÔòÉÔòÉÔòÉÔòÉÔòÉÔòÉÔòÉÔòÉÔòÉÔòÉÔòÉÔòÉÔòÉÔòØ


[90mstdout[2m | tests/unit/lib/sdk-options.test.ts[2m > [22m[2msdk-options.ts[2m > [22m[2mcreateSuggestionsOptions[2m > [22m[2mshould include outputFormat when provided
[22m[39m[ModelResolver] resolveModelString called with modelKey: "claude-haiku-4-5-20251001", defaultModel: "claude-opus-4-5-20251101"
[ModelResolver] Using full Claude model string: claude-haiku-4-5-20251001

[90mstdout[2m | tests/unit/lib/sdk-options.test.ts[2m > [22m[2msdk-options.ts[2m > [22m[2mcreateChatOptions[2m > [22m[2mshould create options with chat settings
[22m[39m[ModelResolver] resolveModelString called with modelKey: "claude-haiku-4-5-20251001", defaultModel: "claude-opus-4-5-20251101"
[ModelResolver] Using full Claude model string: claude-haiku-4-5-20251001

[90mstdout[2m | tests/unit/lib/sdk-options.test.ts[2m > [22m[2msdk-options.ts[2m > [22m[2mcreateChatOptions[2m > [22m[2mshould prefer explicit model over session model
[22m[39m[ModelResolver] resolveModelString called with modelKey: "claude-opus-4-20250514", defaultModel: "claude-opus-4-5-20251101"
[ModelResolver] Using full Claude model string: claude-opus-4-20250514

[90mstdout[2m | tests/unit/lib/auth.test.ts[2m > [22m[2mauth.ts[2m > [22m[2mcheckRawAuthentication[2m > [22m[2mshould return true for valid API key in query
[22m[39m[36mINFO [0m [34m[Auth][0m Loaded 109 sessions (0 expired)
[36mINFO [0m [34m[Auth][0m Using API key from environment variable
[36mINFO [0m [34m[Auth][0m 
ÔòöÔòÉÔòÉÔòÉÔòÉÔòÉÔòÉÔòÉÔòÉÔòÉÔòÉÔòÉÔòÉÔòÉÔòÉÔòÉÔòÉÔòÉÔòÉÔòÉÔòÉÔòÉÔòÉÔòÉÔòÉÔòÉÔòÉÔòÉÔòÉÔòÉÔòÉÔòÉÔòÉÔòÉÔòÉÔòÉÔòÉÔòÉÔòÉÔòÉÔòÉÔòÉÔòÉÔòÉÔòÉÔòÉÔòÉÔòÉÔòÉÔòÉÔòÉÔòÉÔòÉÔòÉÔòÉÔòÉÔòÉÔòÉÔòÉÔòÉÔòÉÔòÉÔòÉÔòÉÔòÉÔòÉÔòÉÔòÉÔòÉÔòÉÔòÉÔòÉÔòù
Ôòæ  ­ƒöÉ API Key for Web Mode Authentication                               Ôòæ
ÔòáÔòÉÔòÉÔòÉÔòÉÔòÉÔòÉÔòÉÔòÉÔòÉÔòÉÔòÉÔòÉÔòÉÔòÉÔòÉÔòÉÔòÉÔòÉÔòÉÔòÉÔòÉÔòÉÔòÉÔòÉÔòÉÔòÉÔòÉÔòÉÔòÉÔòÉÔòÉÔòÉÔòÉÔòÉÔòÉÔòÉÔòÉÔòÉÔòÉÔòÉÔòÉÔòÉÔòÉÔòÉÔòÉÔòÉÔòÉÔòÉÔòÉÔòÉÔòÉÔòÉÔòÉÔòÉÔòÉÔòÉÔòÉÔòÉÔòÉÔòÉÔòÉÔòÉÔòÉÔòÉÔòÉÔòÉÔòÉÔòÉÔòÉÔòÉÔòÉÔòú
Ôòæ                                                                       Ôòæ
Ôòæ  When accessing via browser, you'll be prompted to enter this key:    Ôòæ
Ôòæ                                                                       Ôòæ
Ôòæ    test-secret-key
Ôòæ                                                                       Ôòæ
Ôòæ  In Electron mode, authentication is handled automatically.          Ôòæ
Ôòæ                                                                       Ôòæ
Ôòæ  ­ƒÆí Tip: Set AUTOMAKER_API_KEY env var to use a fixed key for dev    Ôòæ
ÔòÜÔòÉÔòÉÔòÉÔòÉÔòÉÔòÉÔòÉÔòÉÔòÉÔòÉÔòÉÔòÉÔòÉÔòÉÔòÉÔòÉÔòÉÔòÉÔòÉÔòÉÔòÉÔòÉÔòÉÔòÉÔòÉÔòÉÔòÉÔòÉÔòÉÔòÉÔòÉÔòÉÔòÉÔòÉÔòÉÔòÉÔòÉÔòÉÔòÉÔòÉÔòÉÔòÉÔòÉÔòÉÔòÉÔòÉÔòÉÔòÉÔòÉÔòÉÔòÉÔòÉÔòÉÔòÉÔòÉÔòÉÔòÉÔòÉÔòÉÔòÉÔòÉÔòÉÔòÉÔòÉÔòÉÔòÉÔòÉÔòÉÔòÉÔòÉÔòÉÔòØ


[90mstdout[2m | tests/unit/lib/sdk-options.test.ts[2m > [22m[2msdk-options.ts[2m > [22m[2mcreateChatOptions[2m > [22m[2mshould use session model when explicit model not provided
[22m[39m[ModelResolver] resolveModelString called with modelKey: "claude-sonnet-4-20250514", defaultModel: "claude-opus-4-5-20251101"
[ModelResolver] Using full Claude model string: claude-sonnet-4-20250514

[90mstdout[2m | tests/unit/lib/sdk-options.test.ts[2m > [22m[2msdk-options.ts[2m > [22m[2mcreateAutoModeOptions[2m > [22m[2mshould create options with auto mode settings
[22m[39m[ModelResolver] resolveModelString called with modelKey: "claude-opus-4-5-20251101", defaultModel: "claude-opus-4-5-20251101"
[ModelResolver] Using full Claude model string: claude-opus-4-5-20251101

[90mstdout[2m | tests/unit/lib/auth.test.ts[2m > [22m[2mauth.ts[2m > [22m[2mcheckRawAuthentication[2m > [22m[2mshould return true for valid session cookie
[22m[39m[36mINFO [0m [34m[Auth][0m Loaded 109 sessions (0 expired)
[36mINFO [0m [34m[Auth][0m Loaded API key from file
[36mINFO [0m [34m[Auth][0m 
ÔòöÔòÉÔòÉÔòÉÔòÉÔòÉÔòÉÔòÉÔòÉÔòÉÔòÉÔòÉÔòÉÔòÉÔòÉÔòÉÔòÉÔòÉÔòÉÔòÉÔòÉÔòÉÔòÉÔòÉÔòÉÔòÉÔòÉÔòÉÔòÉÔòÉÔòÉÔòÉÔòÉÔòÉÔòÉÔòÉÔòÉÔòÉÔòÉÔòÉÔòÉÔòÉÔòÉÔòÉÔòÉÔòÉÔòÉÔòÉÔòÉÔòÉÔòÉÔòÉÔòÉÔòÉÔòÉÔòÉÔòÉÔòÉÔòÉÔòÉÔòÉÔòÉÔòÉÔòÉÔòÉÔòÉÔòÉÔòÉÔòÉÔòÉÔòÉÔòÉÔòù
Ôòæ  ­ƒöÉ API Key for Web Mode Authentication                               Ôòæ
ÔòáÔòÉÔòÉÔòÉÔòÉÔòÉÔòÉÔòÉÔòÉÔòÉÔòÉÔòÉÔòÉÔòÉÔòÉÔòÉÔòÉÔòÉÔòÉÔòÉÔòÉÔòÉÔòÉÔòÉÔòÉÔòÉÔòÉÔòÉÔòÉÔòÉÔòÉÔòÉÔòÉÔòÉÔòÉÔòÉÔòÉÔòÉÔòÉÔòÉÔòÉÔòÉÔòÉÔòÉÔòÉÔòÉÔòÉÔòÉÔòÉÔòÉÔòÉÔòÉÔòÉÔòÉÔòÉÔòÉÔòÉÔòÉÔòÉÔòÉÔòÉÔòÉÔòÉÔòÉÔòÉÔòÉÔòÉÔòÉÔòÉÔòÉÔòÉÔòÉÔòú
Ôòæ                                                                       Ôòæ
Ôòæ  When accessing via browser, you'll be prompted to enter this key:    Ôòæ
Ôòæ                                                                       Ôòæ
Ôòæ    cd6f559e-ed73-4832-bd9f-8140f75673ad
Ôòæ                                                                       Ôòæ
Ôòæ  In Electron mode, authentication is handled automatically.          Ôòæ
Ôòæ                                                                       Ôòæ
Ôòæ  ­ƒÆí Tip: Set AUTOMAKER_API_KEY env var to use a fixed key for dev    Ôòæ
ÔòÜÔòÉÔòÉÔòÉÔòÉÔòÉÔòÉÔòÉÔòÉÔòÉÔòÉÔòÉÔòÉÔòÉÔòÉÔòÉÔòÉÔòÉÔòÉÔòÉÔòÉÔòÉÔòÉÔòÉÔòÉÔòÉÔòÉÔòÉÔòÉÔòÉÔòÉÔòÉÔòÉÔòÉÔòÉÔòÉÔòÉÔòÉÔòÉÔòÉÔòÉÔòÉÔòÉÔòÉÔòÉÔòÉÔòÉÔòÉÔòÉÔòÉÔòÉÔòÉÔòÉÔòÉÔòÉÔòÉÔòÉÔòÉÔòÉÔòÉÔòÉÔòÉÔòÉÔòÉÔòÉÔòÉÔòÉÔòÉÔòÉÔòÉÔòÉÔòÉÔòØ


[90mstdout[2m | tests/unit/lib/sdk-options.test.ts[2m > [22m[2msdk-options.ts[2m > [22m[2mcreateAutoModeOptions[2m > [22m[2mshould include systemPrompt when provided
[22m[39m[ModelResolver] resolveModelString called with modelKey: "claude-opus-4-5-20251101", defaultModel: "claude-opus-4-5-20251101"
[ModelResolver] Using full Claude model string: claude-opus-4-5-20251101

[90mstdout[2m | tests/unit/lib/sdk-options.test.ts[2m > [22m[2msdk-options.ts[2m > [22m[2mcreateAutoModeOptions[2m > [22m[2mshould include abortController when provided
[22m[39m[ModelResolver] resolveModelString called with modelKey: "claude-opus-4-5-20251101", defaultModel: "claude-opus-4-5-20251101"
[ModelResolver] Using full Claude model string: claude-opus-4-5-20251101

[90mstdout[2m | tests/unit/lib/auth.test.ts[2m > [22m[2mauth.ts[2m > [22m[2mcheckRawAuthentication[2m > [22m[2mshould return false for invalid credentials
[22m[39m[36mINFO [0m [34m[Auth][0m Loaded 110 sessions (0 expired)
[36mINFO [0m [34m[Auth][0m Loaded API key from file
[36mINFO [0m [34m[Auth][0m 
ÔòöÔòÉÔòÉÔòÉÔòÉÔòÉÔòÉÔòÉÔòÉÔòÉÔòÉÔòÉÔòÉÔòÉÔòÉÔòÉÔòÉÔòÉÔòÉÔòÉÔòÉÔòÉÔòÉÔòÉÔòÉÔòÉÔòÉÔòÉÔòÉÔòÉÔòÉÔòÉÔòÉÔòÉÔòÉÔòÉÔòÉÔòÉÔòÉÔòÉÔòÉÔòÉÔòÉÔòÉÔòÉÔòÉÔòÉÔòÉÔòÉÔòÉÔòÉÔòÉÔòÉÔòÉÔòÉÔòÉÔòÉÔòÉÔòÉÔòÉÔòÉÔòÉÔòÉÔòÉÔòÉÔòÉÔòÉÔòÉÔòÉÔòÉÔòÉÔòÉÔòù
Ôòæ  ­ƒöÉ API Key for Web Mode Authentication                               Ôòæ
ÔòáÔòÉÔòÉÔòÉÔòÉÔòÉÔòÉÔòÉÔòÉÔòÉÔòÉÔòÉÔòÉÔòÉÔòÉÔòÉÔòÉÔòÉÔòÉÔòÉÔòÉÔòÉÔòÉÔòÉÔòÉÔòÉÔòÉÔòÉÔòÉÔòÉÔòÉÔòÉÔòÉÔòÉÔòÉÔòÉÔòÉÔòÉÔòÉÔòÉÔòÉÔòÉÔòÉÔòÉÔòÉÔòÉÔòÉÔòÉÔòÉÔòÉÔòÉÔòÉÔòÉÔòÉÔòÉÔòÉÔòÉÔòÉÔòÉÔòÉÔòÉÔòÉÔòÉÔòÉÔòÉÔòÉÔòÉÔòÉÔòÉÔòÉÔòÉÔòÉÔòú
Ôòæ                                                                       Ôòæ
Ôòæ  When accessing via browser, you'll be prompted to enter this key:    Ôòæ
Ôòæ                                                                       Ôòæ
Ôòæ    cd6f559e-ed73-4832-bd9f-8140f75673ad
Ôòæ                                                                       Ôòæ
Ôòæ  In Electron mode, authentication is handled automatically.          Ôòæ
Ôòæ                                                                       Ôòæ
Ôòæ  ­ƒÆí Tip: Set AUTOMAKER_API_KEY env var to use a fixed key for dev    Ôòæ
ÔòÜÔòÉÔòÉÔòÉÔòÉÔòÉÔòÉÔòÉÔòÉÔòÉÔòÉÔòÉÔòÉÔòÉÔòÉÔòÉÔòÉÔòÉÔòÉÔòÉÔòÉÔòÉÔòÉÔòÉÔòÉÔòÉÔòÉÔòÉÔòÉÔòÉÔòÉÔòÉÔòÉÔòÉÔòÉÔòÉÔòÉÔòÉÔòÉÔòÉÔòÉÔòÉÔòÉÔòÉÔòÉÔòÉÔòÉÔòÉÔòÉÔòÉÔòÉÔòÉÔòÉÔòÉÔòÉÔòÉÔòÉÔòÉÔòÉÔòÉÔòÉÔòÉÔòÉÔòÉÔòÉÔòÉÔòÉÔòÉÔòÉÔòÉÔòÉÔòÉÔòØ


 [32mÔ£ô[39m [30m[42m server [49m[39m tests/unit/lib/sdk-options.test.ts[2m > [22msdk-options.ts[2m > [22mcreateSuggestionsOptions[2m > [22mshould include abortController when provided[32m 26[2mms[22m[39m
 [32mÔ£ô[39m [30m[42m server [49m[39m tests/unit/lib/sdk-options.test.ts[2m > [22msdk-options.ts[2m > [22mcreateSuggestionsOptions[2m > [22mshould include outputFormat when provided[32m 22[2mms[22m[39m
 [32mÔ£ô[39m [30m[42m server [49m[39m tests/unit/lib/sdk-options.test.ts[2m > [22msdk-options.ts[2m > [22mcreateChatOptions[2m > [22mshould create options with chat settings[32m 14[2mms[22m[39m
 [32mÔ£ô[39m [30m[42m server [49m[39m tests/unit/lib/sdk-options.test.ts[2m > [22msdk-options.ts[2m > [22mcreateChatOptions[2m > [22mshould prefer explicit model over session model[32m 14[2mms[22m[39m
 [32mÔ£ô[39m [30m[42m server [49m[39m tests/unit/lib/sdk-options.test.ts[2m > [22msdk-options.ts[2m > [22mcreateChatOptions[2m > [22mshould use session model when explicit model not provided[32m 16[2mms[22m[39m
 [32mÔ£ô[39m [30m[42m server [49m[39m tests/unit/lib/sdk-options.test.ts[2m > [22msdk-options.ts[2m > [22mcreateAutoModeOptions[2m > [22mshould create options with auto mode settings[32m 12[2mms[22m[39m
 [32mÔ£ô[39m [30m[42m server [49m[39m tests/unit/lib/sdk-options.test.ts[2m > [22msdk-options.ts[2m > [22mcreateAutoModeOptions[2m > [22mshould include systemPrompt when provided[32m 14[2mms[22m[39m
 [32mÔ£ô[39m [30m[42m server [49m[39m tests/unit/lib/auth.test.ts[2m > [22mauth.ts[2m > [22mcheckRawAuthentication[2m > [22mshould return true for valid session token in headers[32m 41[2mms[22m[39m
 [32mÔ£ô[39m [30m[42m server [49m[39m tests/unit/lib/auth.test.ts[2m > [22mauth.ts[2m > [22mcheckRawAuthentication[2m > [22mshould return true for valid API key in query[32m 40[2mms[22m[39m
 [32mÔ£ô[39m [30m[42m server [49m[39m tests/unit/lib/auth.test.ts[2m > [22mauth.ts[2m > [22mcheckRawAuthentication[2m > [22mshould return true for valid session cookie[32m 21[2mms[22m[39m
 [32mÔ£ô[39m [30m[42m server [49m[39m tests/unit/lib/auth.test.ts[2m > [22mauth.ts[2m > [22mcheckRawAuthentication[2m > [22mshould return false for invalid credentials[32m 34[2mms[22m[39m
 [32mÔ£ô[39m [30m[42m server [49m[39m tests/integration/services/auto-mode-service.integration.test.ts[2m > [22mauto-mode-service.ts (integration)[2m > [22mworktree operations[2m > [22mshould use existing git worktree for feature[33m 1960[2mms[22m[39m
[90mstdout[2m | tests/unit/lib/auth.test.ts[2m > [22m[2mauth.ts[2m > [22m[2misAuthEnabled[2m > [22m[2mshould always return true (auth is always required)
[22m[39m[36mINFO [0m [34m[Auth][0m Loaded 110 sessions (0 expired)
[36mINFO [0m [34m[Auth][0m Loaded API key from file
[36mINFO [0m [34m[Auth][0m 
ÔòöÔòÉÔòÉÔòÉÔòÉÔòÉÔòÉÔòÉÔòÉÔòÉÔòÉÔòÉÔòÉÔòÉÔòÉÔòÉÔòÉÔòÉÔòÉÔòÉÔòÉÔòÉÔòÉÔòÉÔòÉÔòÉÔòÉÔòÉÔòÉÔòÉÔòÉÔòÉÔòÉÔòÉÔòÉÔòÉÔòÉÔòÉÔòÉÔòÉÔòÉÔòÉÔòÉÔòÉÔòÉÔòÉÔòÉÔòÉÔòÉÔòÉÔòÉÔòÉÔòÉÔòÉÔòÉÔòÉÔòÉÔòÉÔòÉÔòÉÔòÉÔòÉÔòÉÔòÉÔòÉÔòÉÔòÉÔòÉÔòÉÔòÉÔòÉÔòÉÔòù
Ôòæ  ­ƒöÉ API Key for Web Mode Authentication                               Ôòæ
ÔòáÔòÉÔòÉÔòÉÔòÉÔòÉÔòÉÔòÉÔòÉÔòÉÔòÉÔòÉÔòÉÔòÉÔòÉÔòÉÔòÉÔòÉÔòÉÔòÉÔòÉÔòÉÔòÉÔòÉÔòÉÔòÉÔòÉÔòÉÔòÉÔòÉÔòÉÔòÉÔòÉÔòÉÔòÉÔòÉÔòÉÔòÉÔòÉÔòÉÔòÉÔòÉÔòÉÔòÉÔòÉÔòÉÔòÉÔòÉÔòÉÔòÉÔòÉÔòÉÔòÉÔòÉÔòÉÔòÉÔòÉÔòÉÔòÉÔòÉÔòÉÔòÉÔòÉÔòÉÔòÉÔòÉÔòÉÔòÉÔòÉÔòÉÔòÉÔòÉÔòú
Ôòæ                                                                       Ôòæ
Ôòæ  When accessing via browser, you'll be prompted to enter this key:    Ôòæ
Ôòæ                                                                       Ôòæ
Ôòæ    cd6f559e-ed73-4832-bd9f-8140f75673ad
Ôòæ                                                                       Ôòæ
Ôòæ  In Electron mode, authentication is handled automatically.          Ôòæ
Ôòæ                                                                       Ôòæ
Ôòæ  ­ƒÆí Tip: Set AUTOMAKER_API_KEY env var to use a fixed key for dev    Ôòæ
ÔòÜÔòÉÔòÉÔòÉÔòÉÔòÉÔòÉÔòÉÔòÉÔòÉÔòÉÔòÉÔòÉÔòÉÔòÉÔòÉÔòÉÔòÉÔòÉÔòÉÔòÉÔòÉÔòÉÔòÉÔòÉÔòÉÔòÉÔòÉÔòÉÔòÉÔòÉÔòÉÔòÉÔòÉÔòÉÔòÉÔòÉÔòÉÔòÉÔòÉÔòÉÔòÉÔòÉÔòÉÔòÉÔòÉÔòÉÔòÉÔòÉÔòÉÔòÉÔòÉÔòÉÔòÉÔòÉÔòÉÔòÉÔòÉÔòÉÔòÉÔòÉÔòÉÔòÉÔòÉÔòÉÔòÉÔòÉÔòÉÔòÉÔòÉÔòÉÔòÉÔòØ


[90mstdout[2m | tests/unit/lib/sdk-options.test.ts[2m > [22m[2msdk-options.ts[2m > [22m[2mcreateCustomOptions[2m > [22m[2mshould create options with custom settings
[22m[39m[ModelResolver] resolveModelString called with modelKey: "claude-opus-4-5-20251101", defaultModel: "claude-opus-4-5-20251101"
[ModelResolver] Using full Claude model string: claude-opus-4-5-20251101

[90mstdout[2m | tests/unit/lib/auth.test.ts[2m > [22m[2mauth.ts[2m > [22m[2mgetAuthStatus[2m > [22m[2mshould return enabled status with api_key_or_session method
[22m[39m[36mINFO [0m [34m[Auth][0m Loaded 110 sessions (0 expired)
[36mINFO [0m [34m[Auth][0m Loaded API key from file
[36mINFO [0m [34m[Auth][0m 
ÔòöÔòÉÔòÉÔòÉÔòÉÔòÉÔòÉÔòÉÔòÉÔòÉÔòÉÔòÉÔòÉÔòÉÔòÉÔòÉÔòÉÔòÉÔòÉÔòÉÔòÉÔòÉÔòÉÔòÉÔòÉÔòÉÔòÉÔòÉÔòÉÔòÉÔòÉÔòÉÔòÉÔòÉÔòÉÔòÉÔòÉÔòÉÔòÉÔòÉÔòÉÔòÉÔòÉÔòÉÔòÉÔòÉÔòÉÔòÉÔòÉÔòÉÔòÉÔòÉÔòÉÔòÉÔòÉÔòÉÔòÉÔòÉÔòÉÔòÉÔòÉÔòÉÔòÉÔòÉÔòÉÔòÉÔòÉÔòÉÔòÉÔòÉÔòÉÔòÉÔòù
Ôòæ  ­ƒöÉ API Key for Web Mode Authentication                               Ôòæ
ÔòáÔòÉÔòÉÔòÉÔòÉÔòÉÔòÉÔòÉÔòÉÔòÉÔòÉÔòÉÔòÉÔòÉÔòÉÔòÉÔòÉÔòÉÔòÉÔòÉÔòÉÔòÉÔòÉÔòÉÔòÉÔòÉÔòÉÔòÉÔòÉÔòÉÔòÉÔòÉÔòÉÔòÉÔòÉÔòÉÔòÉÔòÉÔòÉÔòÉÔòÉÔòÉÔòÉÔòÉÔòÉÔòÉÔòÉÔòÉÔòÉÔòÉÔòÉÔòÉÔòÉÔòÉÔòÉÔòÉÔòÉÔòÉÔòÉÔòÉÔòÉÔòÉÔòÉÔòÉÔòÉÔòÉÔòÉÔòÉÔòÉÔòÉÔòÉÔòÉÔòú
Ôòæ                                                                       Ôòæ
Ôòæ  When accessing via browser, you'll be prompted to enter this key:    Ôòæ
Ôòæ                                                                       Ôòæ
Ôòæ    cd6f559e-ed73-4832-bd9f-8140f75673ad
Ôòæ                                                                       Ôòæ
Ôòæ  In Electron mode, authentication is handled automatically.          Ôòæ
Ôòæ                                                                       Ôòæ
Ôòæ  ­ƒÆí Tip: Set AUTOMAKER_API_KEY env var to use a fixed key for dev    Ôòæ
ÔòÜÔòÉÔòÉÔòÉÔòÉÔòÉÔòÉÔòÉÔòÉÔòÉÔòÉÔòÉÔòÉÔòÉÔòÉÔòÉÔòÉÔòÉÔòÉÔòÉÔòÉÔòÉÔòÉÔòÉÔòÉÔòÉÔòÉÔòÉÔòÉÔòÉÔòÉÔòÉÔòÉÔòÉÔòÉÔòÉÔòÉÔòÉÔòÉÔòÉÔòÉÔòÉÔòÉÔòÉÔòÉÔòÉÔòÉÔòÉÔòÉÔòÉÔòÉÔòÉÔòÉÔòÉÔòÉÔòÉÔòÉÔòÉÔòÉÔòÉÔòÉÔòÉÔòÉÔòÉÔòÉÔòÉÔòÉÔòÉÔòÉÔòÉÔòÉÔòÉÔòØ


[90mstdout[2m | tests/unit/lib/sdk-options.test.ts[2m > [22m[2msdk-options.ts[2m > [22m[2mcreateCustomOptions[2m > [22m[2mshould use defaults when optional params not provided
[22m[39m[ModelResolver] resolveModelString called with modelKey: "claude-opus-4-5-20251101", defaultModel: "claude-opus-4-5-20251101"
[ModelResolver] Using full Claude model string: claude-opus-4-5-20251101

 [32mÔ£ô[39m [30m[42m server [49m[39m tests/unit/lib/auth.test.ts[2m > [22mauth.ts[2m > [22misAuthEnabled[2m > [22mshould always return true (auth is always required)[32m 19[2mms[22m[39m
 [32mÔ£ô[39m [30m[42m server [49m[39m tests/unit/lib/auth.test.ts[2m > [22mauth.ts[2m > [22mgetAuthStatus[2m > [22mshould return enabled status with api_key_or_session method[32m 23[2mms[22m[39m
[90mstdout[2m | tests/unit/lib/sdk-options.test.ts[2m > [22m[2msdk-options.ts[2m > [22m[2mcreateCustomOptions[2m > [22m[2mshould include systemPrompt when provided
[22m[39m[ModelResolver] resolveModelString called with modelKey: "claude-opus-4-5-20251101", defaultModel: "claude-opus-4-5-20251101"
[ModelResolver] Using full Claude model string: claude-opus-4-5-20251101

[90mstdout[2m | tests/unit/lib/sdk-options.test.ts[2m > [22m[2msdk-options.ts[2m > [22m[2mcreateCustomOptions[2m > [22m[2mshould include abortController when provided
[22m[39m[ModelResolver] resolveModelString called with modelKey: "claude-opus-4-5-20251101", defaultModel: "claude-opus-4-5-20251101"
[ModelResolver] Using full Claude model string: claude-opus-4-5-20251101

 [32mÔ£ô[39m [30m[42m server [49m[39m tests/unit/lib/sdk-options.test.ts[2m > [22msdk-options.ts[2m > [22mcreateAutoModeOptions[2m > [22mshould include abortController when provided[32m 30[2mms[22m[39m
 [32mÔ£ô[39m [30m[42m server [49m[39m tests/unit/lib/sdk-options.test.ts[2m > [22msdk-options.ts[2m > [22mcreateCustomOptions[2m > [22mshould create options with custom settings[32m 19[2mms[22m[39m
 [32mÔ£ô[39m [30m[42m server [49m[39m tests/unit/lib/sdk-options.test.ts[2m > [22msdk-options.ts[2m > [22mcreateCustomOptions[2m > [22mshould use defaults when optional params not provided[32m 26[2mms[22m[39m
 [32mÔ£ô[39m [30m[42m server [49m[39m tests/unit/lib/sdk-options.test.ts[2m > [22msdk-options.ts[2m > [22mcreateCustomOptions[2m > [22mshould include systemPrompt when provided[32m 19[2mms[22m[39m
 [32mÔ£ô[39m [30m[42m server [49m[39m tests/unit/lib/sdk-options.test.ts[2m > [22msdk-options.ts[2m > [22mcreateCustomOptions[2m > [22mshould include abortController when provided[32m 12[2mms[22m[39m
 [32mÔ£ô[39m [30m[42m server [49m[39m tests/unit/lib/sdk-options.test.ts[2m > [22msdk-options.ts[2m > [22mgetThinkingTokenBudget (from @automaker/types)[2m > [22mshould return undefined for "none" thinking level[32m 5[2mms[22m[39m
 [32mÔ£ô[39m [30m[42m server [49m[39m tests/unit/lib/sdk-options.test.ts[2m > [22msdk-options.ts[2m > [22mgetThinkingTokenBudget (from @automaker/types)[2m > [22mshould return undefined for undefined thinking level[32m 4[2mms[22m[39m
 [32mÔ£ô[39m [30m[42m server [49m[39m tests/unit/lib/sdk-options.test.ts[2m > [22msdk-options.ts[2m > [22mgetThinkingTokenBudget (from @automaker/types)[2m > [22mshould return 1024 for "low" thinking level[32m 4[2mms[22m[39m
 [32mÔ£ô[39m [30m[42m server [49m[39m tests/unit/lib/sdk-options.test.ts[2m > [22msdk-options.ts[2m > [22mgetThinkingTokenBudget (from @automaker/types)[2m > [22mshould return 10000 for "medium" thinking level[32m 8[2mms[22m[39m
 [32mÔ£ô[39m [30m[42m server [49m[39m tests/unit/services/dev-server-service.test.ts[2m > [22mdev-server-service.ts[2m > [22mstartDevServer[2m > [22mshould detect bun as package manager with bun.lockb[33m 778[2mms[22m[39m
[90mstdout[2m | tests/unit/lib/sdk-options.test.ts[2m > [22m[2msdk-options.ts[2m > [22m[2mthinking level integration with SDK options[2m > [22m[2mcreateSpecGenerationOptions with thinkingLevel[2m > [22m[2mshould not include maxThinkingTokens when thinkingLevel is undefined
[22m[39m[ModelResolver] resolveModelString called with modelKey: "claude-haiku-4-5-20251001", defaultModel: "claude-opus-4-5-20251101"
[ModelResolver] Using full Claude model string: claude-haiku-4-5-20251001

 [32mÔ£ô[39m [30m[42m server [49m[39m tests/unit/providers/provider-factory.test.ts[2m > [22mprovider-factory.ts[2m > [22mgetProviderForModel[2m > [22mCursor models (cursor-* prefix)[2m > [22mshould return CursorProvider for cursor-auto[33m 1498[2mms[22m[39m
[90mstdout[2m | tests/unit/lib/sdk-options.test.ts[2m > [22m[2msdk-options.ts[2m > [22m[2mthinking level integration with SDK options[2m > [22m[2mcreateSpecGenerationOptions with thinkingLevel[2m > [22m[2mshould not include maxThinkingTokens when thinkingLevel is "none"
[22m[39m[ModelResolver] resolveModelString called with modelKey: "claude-haiku-4-5-20251001", defaultModel: "claude-opus-4-5-20251101"
[ModelResolver] Using full Claude model string: claude-haiku-4-5-20251001

[90mstdout[2m | tests/unit/lib/sdk-options.test.ts[2m > [22m[2msdk-options.ts[2m > [22m[2mthinking level integration with SDK options[2m > [22m[2mcreateSpecGenerationOptions with thinkingLevel[2m > [22m[2mshould include maxThinkingTokens for "low" thinkingLevel
[22m[39m[ModelResolver] resolveModelString called with modelKey: "claude-haiku-4-5-20251001", defaultModel: "claude-opus-4-5-20251101"
[ModelResolver] Using full Claude model string: claude-haiku-4-5-20251001

[90mstdout[2m | tests/unit/lib/sdk-options.test.ts[2m > [22m[2msdk-options.ts[2m > [22m[2mthinking level integration with SDK options[2m > [22m[2mcreateSpecGenerationOptions with thinkingLevel[2m > [22m[2mshould include maxThinkingTokens for "high" thinkingLevel
[22m[39m[ModelResolver] resolveModelString called with modelKey: "claude-haiku-4-5-20251001", defaultModel: "claude-opus-4-5-20251101"
[ModelResolver] Using full Claude model string: claude-haiku-4-5-20251001

 [32mÔ£ô[39m [30m[42m server [49m[39m tests/unit/lib/sdk-options.test.ts[2m > [22msdk-options.ts[2m > [22mgetThinkingTokenBudget (from @automaker/types)[2m > [22mshould return 16000 for "high" thinking level[32m 6[2mms[22m[39m
 [32mÔ£ô[39m [30m[42m server [49m[39m tests/unit/lib/sdk-options.test.ts[2m > [22msdk-options.ts[2m > [22mgetThinkingTokenBudget (from @automaker/types)[2m > [22mshould return 32000 for "ultrathink" thinking level[32m 5[2mms[22m[39m
 [32mÔ£ô[39m [30m[42m server [49m[39m tests/unit/lib/sdk-options.test.ts[2m > [22msdk-options.ts[2m > [22mTHINKING_TOKEN_BUDGET constant[2m > [22mshould have correct values for all thinking levels[32m 7[2mms[22m[39m
 [32mÔ£ô[39m [30m[42m server [49m[39m tests/unit/lib/sdk-options.test.ts[2m > [22msdk-options.ts[2m > [22mTHINKING_TOKEN_BUDGET constant[2m > [22mshould have minimum of 1024 for enabled thinking levels[32m 6[2mms[22m[39m
 [32mÔ£ô[39m [30m[42m server [49m[39m tests/unit/lib/sdk-options.test.ts[2m > [22msdk-options.ts[2m > [22mTHINKING_TOKEN_BUDGET constant[2m > [22mshould have ultrathink at or below 32000 to avoid timeouts[32m 7[2mms[22m[39m
 [32mÔ£ô[39m [30m[42m server [49m[39m tests/unit/lib/sdk-options.test.ts[2m > [22msdk-options.ts[2m > [22mthinking level integration with SDK options[2m > [22mcreateSpecGenerationOptions with thinkingLevel[2m > [22mshould not include maxThinkingTokens when thinkingLevel is undefined[32m 17[2mms[22m[39m
 [32mÔ£ô[39m [30m[42m server [49m[39m tests/unit/lib/sdk-options.test.ts[2m > [22msdk-options.ts[2m > [22mthinking level integration with SDK options[2m > [22mcreateSpecGenerationOptions with thinkingLevel[2m > [22mshould not include maxThinkingTokens when thinkingLevel is "none"[32m 18[2mms[22m[39m
 [32mÔ£ô[39m [30m[42m server [49m[39m tests/unit/lib/sdk-options.test.ts[2m > [22msdk-options.ts[2m > [22mthinking level integration with SDK options[2m > [22mcreateSpecGenerationOptions with thinkingLevel[2m > [22mshould include maxThinkingTokens for "low" thinkingLevel[32m 21[2mms[22m[39m
[90mstdout[2m | tests/unit/lib/sdk-options.test.ts[2m > [22m[2msdk-options.ts[2m > [22m[2mthinking level integration with SDK options[2m > [22m[2mcreateSpecGenerationOptions with thinkingLevel[2m > [22m[2mshould include maxThinkingTokens for "ultrathink" thinkingLevel
[22m[39m[ModelResolver] resolveModelString called with modelKey: "claude-haiku-4-5-20251001", defaultModel: "claude-opus-4-5-20251101"
[ModelResolver] Using full Claude model string: claude-haiku-4-5-20251001

[90mstdout[2m | tests/unit/lib/sdk-options.test.ts[2m > [22m[2msdk-options.ts[2m > [22m[2mthinking level integration with SDK options[2m > [22m[2mcreateAutoModeOptions with thinkingLevel[2m > [22m[2mshould not include maxThinkingTokens when thinkingLevel is undefined
[22m[39m[ModelResolver] resolveModelString called with modelKey: "claude-opus-4-5-20251101", defaultModel: "claude-opus-4-5-20251101"
[ModelResolver] Using full Claude model string: claude-opus-4-5-20251101

[90mstdout[2m | tests/unit/lib/sdk-options.test.ts[2m > [22m[2msdk-options.ts[2m > [22m[2mthinking level integration with SDK options[2m > [22m[2mcreateAutoModeOptions with thinkingLevel[2m > [22m[2mshould include maxThinkingTokens for "medium" thinkingLevel
[22m[39m[ModelResolver] resolveModelString called with modelKey: "claude-opus-4-5-20251101", defaultModel: "claude-opus-4-5-20251101"
[ModelResolver] Using full Claude model string: claude-opus-4-5-20251101

[90mstdout[2m | tests/unit/services/dev-server-service.test.ts[2m > [22m[2mdev-server-service.ts[2m > [22m[2mstartDevServer[2m > [22m[2mshould return existing server info if already running
[22m[39m[36mINFO [0m [34m[DevServerService][0m Starting dev server on port 3001

[90mstdout[2m | tests/unit/lib/sdk-options.test.ts[2m > [22m[2msdk-options.ts[2m > [22m[2mthinking level integration with SDK options[2m > [22m[2mcreateAutoModeOptions with thinkingLevel[2m > [22m[2mshould include maxThinkingTokens for "ultrathink" thinkingLevel
[22m[39m[ModelResolver] resolveModelString called with modelKey: "claude-opus-4-5-20251101", defaultModel: "claude-opus-4-5-20251101"
[ModelResolver] Using full Claude model string: claude-opus-4-5-20251101

[90mstdout[2m | tests/unit/lib/sdk-options.test.ts[2m > [22m[2msdk-options.ts[2m > [22m[2mthinking level integration with SDK options[2m > [22m[2mcreateChatOptions with thinkingLevel[2m > [22m[2mshould include maxThinkingTokens for enabled thinkingLevel
[22m[39m[ModelResolver] resolveModelString called with modelKey: "claude-haiku-4-5-20251001", defaultModel: "claude-opus-4-5-20251101"
[ModelResolver] Using full Claude model string: claude-haiku-4-5-20251001

[90mstdout[2m | tests/unit/lib/sdk-options.test.ts[2m > [22m[2msdk-options.ts[2m > [22m[2mthinking level integration with SDK options[2m > [22m[2mcreateSuggestionsOptions with thinkingLevel[2m > [22m[2mshould include maxThinkingTokens for enabled thinkingLevel
[22m[39m[ModelResolver] resolveModelString called with modelKey: "claude-haiku-4-5-20251001", defaultModel: "claude-opus-4-5-20251101"
[ModelResolver] Using full Claude model string: claude-haiku-4-5-20251001

 [32mÔ£ô[39m [30m[42m server [49m[39m tests/unit/lib/sdk-options.test.ts[2m > [22msdk-options.ts[2m > [22mthinking level integration with SDK options[2m > [22mcreateSpecGenerationOptions with thinkingLevel[2m > [22mshould include maxThinkingTokens for "high" thinkingLevel[32m 23[2mms[22m[39m
 [32mÔ£ô[39m [30m[42m server [49m[39m tests/unit/lib/sdk-options.test.ts[2m > [22msdk-options.ts[2m > [22mthinking level integration with SDK options[2m > [22mcreateSpecGenerationOptions with thinkingLevel[2m > [22mshould include maxThinkingTokens for "ultrathink" thinkingLevel[32m 14[2mms[22m[39m
 [32mÔ£ô[39m [30m[42m server [49m[39m tests/unit/lib/sdk-options.test.ts[2m > [22msdk-options.ts[2m > [22mthinking level integration with SDK options[2m > [22mcreateAutoModeOptions with thinkingLevel[2m > [22mshould not include maxThinkingTokens when thinkingLevel is undefined[32m 16[2mms[22m[39m
 [32mÔ£ô[39m [30m[42m server [49m[39m tests/unit/lib/sdk-options.test.ts[2m > [22msdk-options.ts[2m > [22mthinking level integration with SDK options[2m > [22mcreateAutoModeOptions with thinkingLevel[2m > [22mshould include maxThinkingTokens for "medium" thinkingLevel[32m 14[2mms[22m[39m
 [32mÔ£ô[39m [30m[42m server [49m[39m tests/unit/lib/sdk-options.test.ts[2m > [22msdk-options.ts[2m > [22mthinking level integration with SDK options[2m > [22mcreateAutoModeOptions with thinkingLevel[2m > [22mshould include maxThinkingTokens for "ultrathink" thinkingLevel[32m 22[2mms[22m[39m
 [32mÔ£ô[39m [30m[42m server [49m[39m tests/unit/lib/sdk-options.test.ts[2m > [22msdk-options.ts[2m > [22mthinking level integration with SDK options[2m > [22mcreateChatOptions with thinkingLevel[2m > [22mshould include maxThinkingTokens for enabled thinkingLevel[32m 15[2mms[22m[39m
[90mstdout[2m | tests/unit/lib/sdk-options.test.ts[2m > [22m[2msdk-options.ts[2m > [22m[2mthinking level integration with SDK options[2m > [22m[2mcreateCustomOptions with thinkingLevel[2m > [22m[2mshould include maxThinkingTokens for enabled thinkingLevel
[22m[39m[ModelResolver] resolveModelString called with modelKey: "claude-opus-4-5-20251101", defaultModel: "claude-opus-4-5-20251101"
[ModelResolver] Using full Claude model string: claude-opus-4-5-20251101

[90mstdout[2m | tests/unit/lib/sdk-options.test.ts[2m > [22m[2msdk-options.ts[2m > [22m[2mthinking level integration with SDK options[2m > [22m[2mcreateCustomOptions with thinkingLevel[2m > [22m[2mshould not include maxThinkingTokens when thinkingLevel is "none"
[22m[39m[ModelResolver] resolveModelString called with modelKey: "claude-opus-4-5-20251101", defaultModel: "claude-opus-4-5-20251101"
[ModelResolver] Using full Claude model string: claude-opus-4-5-20251101

 [32mÔ£ô[39m [30m[42m server [49m[39m tests/unit/lib/sdk-options.test.ts[2m > [22msdk-options.ts[2m > [22mthinking level integration with SDK options[2m > [22mcreateSuggestionsOptions with thinkingLevel[2m > [22mshould include maxThinkingTokens for enabled thinkingLevel[32m 19[2mms[22m[39m
 [32mÔ£ô[39m [30m[42m server [49m[39m tests/unit/lib/sdk-options.test.ts[2m > [22msdk-options.ts[2m > [22mthinking level integration with SDK options[2m > [22mcreateCustomOptions with thinkingLevel[2m > [22mshould include maxThinkingTokens for enabled thinkingLevel[32m 14[2mms[22m[39m
 [32mÔ£ô[39m [30m[42m server [49m[39m tests/unit/lib/sdk-options.test.ts[2m > [22msdk-options.ts[2m > [22mthinking level integration with SDK options[2m > [22mcreateCustomOptions with thinkingLevel[2m > [22mshould not include maxThinkingTokens when thinkingLevel is "none"[32m 16[2mms[22m[39m
[90mstdout[2m | tests/integration/services/auto-mode-service.integration.test.ts[2m > [22m[2mauto-mode-service.ts (integration)[2m > [22m[2mworktree operations[2m > [22m[2mshould handle error gracefully
[22m[39m[36mINFO [0m [34m[SettingsHelper][0m [AutoMode] SettingsService not available, autoLoadClaudeMd disabled

[90mstdout[2m | tests/integration/services/auto-mode-service.integration.test.ts[2m > [22m[2mauto-mode-service.ts (integration)[2m > [22m[2mworktree operations[2m > [22m[2mshould handle error gracefully
[22m[39m[36mINFO [0m [34m[SettingsHelper][0m [AutoMode] SettingsService not available, using default prompts

[90mstdout[2m | tests/integration/services/auto-mode-service.integration.test.ts[2m > [22m[2mauto-mode-service.ts (integration)[2m > [22m[2mworktree operations[2m > [22m[2mshould handle error gracefully
[22m[39m[MemoryLoader] Initialized memory folder at C:\Users\justus\AppData\Local\Temp\automaker-test-znSauD\.automaker\memory

[90mstdout[2m | tests/integration/services/auto-mode-service.integration.test.ts[2m > [22m[2mauto-mode-service.ts (integration)[2m > [22m[2mworktree operations[2m > [22m[2mshould handle error gracefully
[22m[39m[ContextLoader] Selected memory files: gotchas
[ContextLoader] Loaded 1 memory file(s)

[90mstdout[2m | tests/integration/services/auto-mode-service.integration.test.ts[2m > [22m[2mauto-mode-service.ts (integration)[2m > [22m[2mworktree operations[2m > [22m[2mshould handle error gracefully
[22m[39m[ModelResolver] resolveModelString called with modelKey: "undefined", defaultModel: "claude-opus-4-5-20251101"
[ModelResolver] No model specified, using default: claude-opus-4-5-20251101
[36mINFO [0m [34m[AutoMode][0m Executing feature test-feature-error with model: claude-opus-4-5-20251101, provider: undefined in C:\Users\justus\AppData\Local\Temp\automaker-test-znSauD

[90mstdout[2m | tests/integration/services/auto-mode-service.integration.test.ts[2m > [22m[2mauto-mode-service.ts (integration)[2m > [22m[2mworktree operations[2m > [22m[2mshould handle error gracefully
[22m[39m[ModelResolver] resolveModelString called with modelKey: "claude-opus-4-5-20251101", defaultModel: "claude-opus-4-5-20251101"
[ModelResolver] Using full Claude model string: claude-opus-4-5-20251101
[36mINFO [0m [34m[AutoMode][0m runAgent called for feature test-feature-error with model: claude-opus-4-5-20251101, planningMode: skip, requiresApproval: false
[36mINFO [0m [34m[AutoMode][0m Using provider "claude" for model "claude-opus-4-5-20251101" (bare: claude-opus-4-5-20251101)

[90mstdout[2m | tests/integration/services/auto-mode-service.integration.test.ts[2m > [22m[2mauto-mode-service.ts (integration)[2m > [22m[2mworktree operations[2m > [22m[2mshould handle error gracefully
[22m[39m[36mINFO [0m [34m[AutoMode][0m System prompt provided (310 chars), first 200 chars:
# Project Memory

The following learnings and decisions from previous work are available.
**IMPORTANT**: Review these carefully before making changes that could conflict with past decisions.

---

## ...
[36mINFO [0m [34m[AutoMode][0m Starting stream for feature test-feature-error...
[36mINFO [0m [34m[AutoMode][0m Stream created, starting to iterate...

cmd : [90mstderr[2m | tests/integration/services/auto-mode-service.integration.test.ts[2m > 
[22m[2mauto-mode-service.ts (integration)[2m > [22m[2mworktree operations[2m > [22m[2mshould handle error 
gracefully
In Zeile:1 Zeichen:1
+ cmd /c npm test --workspace=apps/server > test_output.txt 2>&1
+ ~~~~~~~~~~~~~~~~~~~~~~~~~~~~~~~~~~~~~~~~~~~~~~~~~~~~~~~~~~~~~~
    + CategoryInfo          : NotSpecified: ([90mstderr[2m...rror gracefully:String) [], RemoteException
    + FullyQualifiedErrorId : NativeCommandError
 
[22m[39m[31mERROR[0m [34m[AutoMode][0m Feature test-feature-error failed: Error: Provider error
    at Object.executeQuery (C:/Users/justus/.gemini/antigravity/scratch/automaker/apps/server/tests/integration/service
s/auto-mode-service.integration.test.ts:129:17)
    at executeQuery.next (<anonymous>)
    at AutoModeService.runAgent 
(C:/Users/justus/.gemini/antigravity/scratch/automaker/apps/server/src/services/auto-mode-service.ts:2825:36)
    at AutoModeService.executeFeature 
(C:/Users/justus/.gemini/antigravity/scratch/automaker/apps/server/src/services/auto-mode-service.ts:678:7)
    at C:/Users/justus/.gemini/antigravity/scratch/automaker/apps/server/tests/integration/services/auto-mode-service.i
ntegration.test.ts:136:7
    at 
file:///C:/Users/justus/.gemini/antigravity/scratch/automaker/node_modules/[4m@vitest/runner[24m/dist/index.js:915:20

[90mstdout[2m | tests/integration/services/auto-mode-service.integration.test.ts[2m > [22m[2mauto-mode-service.ts (integration)[2m > [22m[2mworktree operations[2m > [22m[2mshould handle error gracefully
[22m[39m[36mINFO [0m [34m[AutoMode][0m Feature test-feature-error execution ended, cleaning up runningFeatures
[36mINFO [0m [34m[AutoMode][0m Pending approvals at cleanup: none

 [32mÔ£ô[39m [30m[42m server [49m[39m tests/unit/services/dev-server-service.test.ts[2m > [22mdev-server-service.ts[2m > [22mstartDevServer[2m > [22mshould return existing server info if already running[33m 772[2mms[22m[39m
 [32mÔ£ô[39m [30m[42m server [49m[39m tests/integration/services/auto-mode-service.integration.test.ts[2m > [22mauto-mode-service.ts (integration)[2m > [22mworktree operations[2m > [22mshould handle error gracefully[33m 1019[2mms[22m[39m
[90mstdout[2m | tests/unit/services/dev-server-service.test.ts[2m > [22m[2mdev-server-service.ts[2m > [22m[2mstartDevServer[2m > [22m[2mshould start dev server successfully
[22m[39m[36mINFO [0m [34m[DevServerService][0m Starting dev server on port 3001

 [32mÔ£ô[39m [30m[42m server [49m[39m tests/unit/lib/worktree-metadata.test.ts[2m > [22mworktree-metadata.ts[2m > [22msanitizeBranchName[2m > [22mshould sanitize branch names with invalid characters[32m 38[2mms[22m[39m
 [32mÔ£ô[39m [30m[42m server [49m[39m tests/unit/lib/worktree-metadata.test.ts[2m > [22mworktree-metadata.ts[2m > [22msanitizeBranchName[2m > [22mshould sanitize branch names with Windows invalid characters[32m 14[2mms[22m[39m
 [32mÔ£ô[39m [30m[42m server [49m[39m tests/unit/lib/worktree-metadata.test.ts[2m > [22mworktree-metadata.ts[2m > [22msanitizeBranchName[2m > [22mshould sanitize Windows reserved names[32m 24[2mms[22m[39m
 [32mÔ£ô[39m [30m[42m server [49m[39m tests/unit/lib/worktree-metadata.test.ts[2m > [22mworktree-metadata.ts[2m > [22msanitizeBranchName[2m > [22mshould handle empty branch name[32m 17[2mms[22m[39m
 [32mÔ£ô[39m [30m[42m server [49m[39m tests/unit/lib/worktree-metadata.test.ts[2m > [22mworktree-metadata.ts[2m > [22msanitizeBranchName[2m > [22mshould handle branch name that becomes empty after sanitization[32m 14[2mms[22m[39m
 [32mÔ£ô[39m [30m[42m server [49m[39m tests/unit/lib/worktree-metadata.test.ts[2m > [22mworktree-metadata.ts[2m > [22mreadWorktreeMetadata[2m > [22mshould return null when metadata file doesn't exist[32m 3[2mms[22m[39m
 [32mÔ£ô[39m [30m[42m server [49m[39m tests/unit/lib/worktree-metadata.test.ts[2m > [22mworktree-metadata.ts[2m > [22mreadWorktreeMetadata[2m > [22mshould read existing metadata[33m 397[2mms[22m[39m
 [32mÔ£ô[39m [30m[42m server [49m[39m tests/unit/lib/worktree-metadata.test.ts[2m > [22mworktree-metadata.ts[2m > [22mreadWorktreeMetadata[2m > [22mshould read metadata with PR info[32m 71[2mms[22m[39m
 [32mÔ£ô[39m [30m[42m server [49m[39m tests/unit/services/dev-server-service.test.ts[2m > [22mdev-server-service.ts[2m > [22mstartDevServer[2m > [22mshould start dev server successfully[33m 798[2mms[22m[39m
 [32mÔ£ô[39m [30m[42m server [49m[39m tests/unit/services/dev-server-service.test.ts[2m > [22mdev-server-service.ts[2m > [22mstopDevServer[2m > [22mshould return success if server not found[32m 80[2mms[22m[39m
(node:14540) MaxListenersExceededWarning: Possible EventEmitter memory leak detected. 11 SIGTERM listeners added to 
[process]. MaxListeners is 10. Use emitter.setMaxListeners() to increase limit
(Use `node --trace-warnings ...` to show where the warning was created)
(node:14540) MaxListenersExceededWarning: Possible EventEmitter memory leak detected. 11 SIGINT listeners added to 
[process]. MaxListeners is 10. Use emitter.setMaxListeners() to increase limit
 [32mÔ£ô[39m [30m[42m server [49m[39m tests/unit/lib/worktree-metadata.test.ts[2m > [22mworktree-metadata.ts[2m > [22mwriteWorktreeMetadata[2m > [22mshould create metadata directory if it doesn't exist[32m 99[2mms[22m[39m
 [32mÔ£ô[39m [30m[42m server [49m[39m tests/unit/lib/worktree-metadata.test.ts[2m > [22mworktree-metadata.ts[2m > [22mwriteWorktreeMetadata[2m > [22mshould overwrite existing metadata[32m 39[2mms[22m[39m
 [32mÔ£ô[39m [30m[42m server [49m[39m tests/unit/lib/worktree-metadata.test.ts[2m > [22mworktree-metadata.ts[2m > [22mupdateWorktreePRInfo[2m > [22mshould create new metadata if it doesn't exist[32m 21[2mms[22m[39m
 [32mÔ£ô[39m [30m[42m server [49m[39m tests/unit/providers/provider-factory.test.ts[2m > [22mprovider-factory.ts[2m > [22mgetProviderForModel[2m > [22mCursor models (cursor-* prefix)[2m > [22mshould return CursorProvider for cursor-sonnet-4.5[33m 1108[2mms[22m[39m
 [32mÔ£ô[39m [30m[42m server [49m[39m tests/unit/lib/worktree-metadata.test.ts[2m > [22mworktree-metadata.ts[2m > [22mupdateWorktreePRInfo[2m > [22mshould update existing metadata with PR info[32m 18[2mms[22m[39m
 [32mÔ£ô[39m [30m[42m server [49m[39m tests/unit/lib/worktree-metadata.test.ts[2m > [22mworktree-metadata.ts[2m > [22mupdateWorktreePRInfo[2m > [22mshould preserve existing metadata when updating PR info[32m 15[2mms[22m[39m
 [32mÔ£ô[39m [30m[42m server [49m[39m tests/unit/lib/worktree-metadata.test.ts[2m > [22mworktree-metadata.ts[2m > [22mgetWorktreePRInfo[2m > [22mshould return null when metadata doesn't exist[32m 2[2mms[22m[39m
 [32mÔ£ô[39m [30m[42m server [49m[39m tests/unit/lib/worktree-metadata.test.ts[2m > [22mworktree-metadata.ts[2m > [22mgetWorktreePRInfo[2m > [22mshould return null when metadata exists but has no PR info[32m 15[2mms[22m[39m
 [32mÔ£ô[39m [30m[42m server [49m[39m tests/unit/lib/worktree-metadata.test.ts[2m > [22mworktree-metadata.ts[2m > [22mgetWorktreePRInfo[2m > [22mshould return PR info when it exists[32m 14[2mms[22m[39m
 [32mÔ£ô[39m [30m[42m server [49m[39m tests/unit/lib/worktree-metadata.test.ts[2m > [22mworktree-metadata.ts[2m > [22mreadAllWorktreeMetadata[2m > [22mshould return empty map when worktrees directory doesn't exist[32m 7[2mms[22m[39m
 [32mÔ£ô[39m [30m[42m server [49m[39m tests/unit/lib/worktree-metadata.test.ts[2m > [22mworktree-metadata.ts[2m > [22mreadAllWorktreeMetadata[2m > [22mshould return empty map when worktrees directory is empty[32m 12[2mms[22m[39m
 [32mÔ£ô[39m [30m[42m server [49m[39m tests/unit/lib/worktree-metadata.test.ts[2m > [22mworktree-metadata.ts[2m > [22mreadAllWorktreeMetadata[2m > [22mshould read all worktree metadata[32m 16[2mms[22m[39m
[90mstdout[2m | tests/unit/services/dev-server-service.test.ts[2m > [22m[2mdev-server-service.ts[2m > [22m[2mstopDevServer[2m > [22m[2mshould stop a running server
[22m[39m[36mINFO [0m [34m[DevServerService][0m Starting dev server on port 3001

 [32mÔ£ô[39m [30m[42m server [49m[39m tests/unit/lib/worktree-metadata.test.ts[2m > [22mworktree-metadata.ts[2m > [22mreadAllWorktreeMetadata[2m > [22mshould skip directories without worktree.json[32m 38[2mms[22m[39m
 [32mÔ£ô[39m [30m[42m server [49m[39m tests/unit/lib/worktree-metadata.test.ts[2m > [22mworktree-metadata.ts[2m > [22mreadAllWorktreeMetadata[2m > [22mshould skip files in worktrees directory[32m 20[2mms[22m[39m
 [32mÔ£ô[39m [30m[42m server [49m[39m tests/unit/lib/worktree-metadata.test.ts[2m > [22mworktree-metadata.ts[2m > [22mreadAllWorktreeMetadata[2m > [22mshould skip directories with malformed JSON[32m 54[2mms[22m[39m
 [32mÔ£ô[39m [30m[42m server [49m[39m tests/unit/lib/worktree-metadata.test.ts[2m > [22mworktree-metadata.ts[2m > [22mdeleteWorktreeMetadata[2m > [22mshould delete worktree metadata directory[32m 21[2mms[22m[39m
 [32mÔ£ô[39m [30m[42m server [49m[39m tests/unit/lib/worktree-metadata.test.ts[2m > [22mworktree-metadata.ts[2m > [22mdeleteWorktreeMetadata[2m > [22mshould handle deletion when metadata doesn't exist[32m 7[2mms[22m[39m
[90mstdout[2m | tests/integration/services/auto-mode-service.integration.test.ts[2m > [22m[2mauto-mode-service.ts (integration)[2m > [22m[2mworktree operations[2m > [22m[2mshould work without worktrees
[22m[39m[36mINFO [0m [34m[SettingsHelper][0m [AutoMode] SettingsService not available, autoLoadClaudeMd disabled

[90mstdout[2m | tests/integration/services/auto-mode-service.integration.test.ts[2m > [22m[2mauto-mode-service.ts (integration)[2m > [22m[2mworktree operations[2m > [22m[2mshould work without worktrees
[22m[39m[36mINFO [0m [34m[SettingsHelper][0m [AutoMode] SettingsService not available, using default prompts

[90mstdout[2m | tests/integration/services/auto-mode-service.integration.test.ts[2m > [22m[2mauto-mode-service.ts (integration)[2m > [22m[2mworktree operations[2m > [22m[2mshould work without worktrees
[22m[39m[MemoryLoader] Initialized memory folder at C:\Users\justus\AppData\Local\Temp\automaker-test-k4rA6K\.automaker\memory

[90mstdout[2m | tests/integration/services/auto-mode-service.integration.test.ts[2m > [22m[2mauto-mode-service.ts (integration)[2m > [22m[2mworktree operations[2m > [22m[2mshould work without worktrees
[22m[39m[ContextLoader] Selected memory files: gotchas
[ContextLoader] Loaded 1 memory file(s)

[90mstdout[2m | tests/integration/services/auto-mode-service.integration.test.ts[2m > [22m[2mauto-mode-service.ts (integration)[2m > [22m[2mworktree operations[2m > [22m[2mshould work without worktrees
[22m[39m[ModelResolver] resolveModelString called with modelKey: "undefined", defaultModel: "claude-opus-4-5-20251101"
[ModelResolver] No model specified, using default: claude-opus-4-5-20251101
[36mINFO [0m [34m[AutoMode][0m Executing feature test-no-worktree with model: claude-opus-4-5-20251101, provider: undefined in C:\Users\justus\AppData\Local\Temp\automaker-test-k4rA6K

[90mstdout[2m | tests/integration/services/auto-mode-service.integration.test.ts[2m > [22m[2mauto-mode-service.ts (integration)[2m > [22m[2mworktree operations[2m > [22m[2mshould work without worktrees
[22m[39m[ModelResolver] resolveModelString called with modelKey: "claude-opus-4-5-20251101", defaultModel: "claude-opus-4-5-20251101"
[ModelResolver] Using full Claude model string: claude-opus-4-5-20251101
[36mINFO [0m [34m[AutoMode][0m runAgent called for feature test-no-worktree with model: claude-opus-4-5-20251101, planningMode: skip, requiresApproval: false
[36mINFO [0m [34m[AutoMode][0m Using provider "claude" for model "claude-opus-4-5-20251101" (bare: claude-opus-4-5-20251101)

[90mstdout[2m | tests/integration/services/auto-mode-service.integration.test.ts[2m > [22m[2mauto-mode-service.ts (integration)[2m > [22m[2mworktree operations[2m > [22m[2mshould work without worktrees
[22m[39m[36mINFO [0m [34m[AutoMode][0m System prompt provided (310 chars), first 200 chars:
# Project Memory

The following learnings and decisions from previous work are available.
**IMPORTANT**: Review these carefully before making changes that could conflict with past decisions.

---

## ...
[36mINFO [0m [34m[AutoMode][0m Starting stream for feature test-no-worktree...
[36mINFO [0m [34m[AutoMode][0m Stream created, starting to iterate...

[90mstdout[2m | tests/integration/services/auto-mode-service.integration.test.ts[2m > [22m[2mauto-mode-service.ts (integration)[2m > [22m[2mworktree operations[2m > [22m[2mshould work without worktrees
[22m[39m[36mINFO [0m [34m[AutoMode][0m Stream message received: result success

[90mstdout[2m | tests/integration/services/auto-mode-service.integration.test.ts[2m > [22m[2mauto-mode-service.ts (integration)[2m > [22m[2mworktree operations[2m > [22m[2mshould work without worktrees
[22m[39m[36mINFO [0m [34m[NotificationService][0m Created notification: Feature Ready for Review for project C:\Users\justus\AppData\Local\Temp\automaker-test-k4rA6K

[90mstdout[2m | tests/integration/services/auto-mode-service.integration.test.ts[2m > [22m[2mauto-mode-service.ts (integration)[2m > [22m[2mworktree operations[2m > [22m[2mshould work without worktrees
[22m[39m[AutoMode] Skipping learning extraction - output too short (0 chars)

[90mstdout[2m | tests/integration/services/auto-mode-service.integration.test.ts[2m > [22m[2mauto-mode-service.ts (integration)[2m > [22m[2mworktree operations[2m > [22m[2mshould work without worktrees
[22m[39m[36mINFO [0m [34m[AutoMode][0m Feature test-no-worktree execution ended, cleaning up runningFeatures
[36mINFO [0m [34m[AutoMode][0m Pending approvals at cleanup: none

[90mstderr[2m | tests/unit/routes/sprite-routes.test.ts[2m > [22m[2mSpriteRoutes (Sandbox API)[2m > 
[22m[2mPOST /sprites[2m > [22m[2mshould handle creation errors
[22m[39m[31mERROR[0m [34m[SpriteRoutes][0m ÔØî Failed to create sprite: Error: Failed
    at C:/Users/justus/.gemini/antigravity/scratch/automaker/apps/server/tests/unit/routes/sprite-routes.test.ts:45:67
    at 
file:///C:/Users/justus/.gemini/antigravity/scratch/automaker/node_modules/[4m@vitest/runner[24m/dist/index.js:145:11
    at 
file:///C:/Users/justus/.gemini/antigravity/scratch/automaker/node_modules/[4m@vitest/runner[24m/dist/index.js:915:26
    at file:///C:/Users/justus/.gemini/antigravity/scratch/automaker/node_modules/[4m@vitest/runner[24m/dist/index.js
:1243:20
    at new Promise (<anonymous>)
    at runWithTimeout (file:///C:/Users/justus/.gemini/antigravity/scratch/automaker/node_modules/[4m@vitest/runner[2
4m/dist/index.js:1209:10)
    at file:///C:/Users/justus/.gemini/antigravity/scratch/automaker/node_modules/[4m@vitest/runner[24m/dist/index.js
:1653:37
    at Traces.$ (file:///C:/Users/justus/.gemini/antigravity/scratch/automaker/node_modules/[4mvitest[24m/dist/chunks
/traces.U4xDYhzZ.js:115:27)
    at trace (file:///C:/Users/justus/.gemini/antigravity/scratch/automaker/node_modules/[4mvitest[24m/dist/chunks/te
st.B8ej_ZHS.js:239:21)
    at runTest (file:///C:/Users/justus/.gemini/antigravity/scratch/automaker/node_modules/[4m@vitest/runner[24m/dist
/index.js:1653:12)

 [32mÔ£ô[39m [30m[42m server [49m[39m tests/unit/routes/sprite-routes.test.ts[2m > [22mSpriteRoutes (Sandbox API)[2m > [22mPOST /sprites[2m > [22mshould create a sprite (sandbox) successfully[32m 125[2mms[22m[39m
 [32mÔ£ô[39m [30m[42m server [49m[39m tests/unit/routes/sprite-routes.test.ts[2m > [22mSpriteRoutes (Sandbox API)[2m > [22mPOST /sprites[2m > [22mshould handle creation errors[32m 34[2mms[22m[39m
 [32mÔ£ô[39m [30m[42m server [49m[39m tests/unit/routes/sprite-routes.test.ts[2m > [22mSpriteRoutes (Sandbox API)[2m > [22mGET /sprites[2m > [22mshould list all sprites[32m 12[2mms[22m[39m
 [32mÔ£ô[39m [30m[42m server [49m[39m tests/unit/routes/sprite-routes.test.ts[2m > [22mSpriteRoutes (Sandbox API)[2m > [22mDELETE /sprites/:name[2m > [22mshould delete a sprite[32m 17[2mms[22m[39m
 [32mÔ£ô[39m [30m[42m server [49m[39m tests/unit/routes/sprite-routes.test.ts[2m > [22mSpriteRoutes (Sandbox API)[2m > [22mPOST /sprites/:name/exec[2m > [22mshould execute a command[32m 16[2mms[22m[39m
[90mstdout[2m | tests/unit/services/dev-server-service.test.ts[2m > [22m[2mdev-server-service.ts[2m > [22m[2mstopDevServer[2m > [22m[2mshould stop a running server
[22m[39m[36mINFO [0m [34m[DevServerService][0m Stopping dev server for C:\Users\justus\AppData\Local\Temp\dev-server-test-1769283934120

 [32mÔ£ô[39m [30m[42m server [49m[39m tests/unit/routes/sprite-routes.test.ts[2m > [22mSpriteRoutes (Sandbox API)[2m > [22mPOST /sprites/:name/checkpoints[2m > [22mshould create a checkpoint[32m 18[2mms[22m[39m
 [32mÔ£ô[39m [30m[42m server [49m[39m tests/unit/routes/sprite-routes.test.ts[2m > [22mSpriteRoutes (Sandbox API)[2m > [22mPOST /sprites/:name/checkpoints/:id/restore[2m > [22mshould restore a checkpoint[32m 17[2mms[22m[39m
 [32mÔ£ô[39m [30m[42m server [49m[39m tests/integration/services/auto-mode-service.integration.test.ts[2m > [22mauto-mode-service.ts (integration)[2m > [22mworktree operations[2m > [22mshould work without worktrees[33m 1467[2mms[22m[39m
 [32mÔ£ô[39m [30m[42m server [49m[39m tests/unit/services/dev-server-service.test.ts[2m > [22mdev-server-service.ts[2m > [22mstopDevServer[2m > [22mshould stop a running server[33m 757[2mms[22m[39m
 [32mÔ£ô[39m [30m[42m server [49m[39m tests/unit/services/dev-server-service.test.ts[2m > [22mdev-server-service.ts[2m > [22mlistDevServers[2m > [22mshould return empty list when no servers running[32m 39[2mms[22m[39m
[90mstdout[2m | tests/unit/services/dev-server-service.test.ts[2m > [22m[2mdev-server-service.ts[2m > [22m[2mlistDevServers[2m > [22m[2mshould list running servers
[22m[39m[36mINFO [0m [34m[DevServerService][0m Starting dev server on port 3001

 [32mÔ£ô[39m [30m[42m server [49m[39m tests/unit/providers/provider-factory.test.ts[2m > [22mprovider-factory.ts[2m > [22mgetProviderForModel[2m > [22mCursor models (cursor-* prefix)[2m > [22mshould return CursorProvider for cursor-gpt-5.2[33m 1612[2mms[22m[39m
 [32mÔ£ô[39m [30m[42m server [49m[39m tests/unit/lib/validation-storage.test.ts[2m > [22mvalidation-storage.ts[2m > [22mwriteValidation[2m > [22mshould write validation to storage[32m 39[2mms[22m[39m
 [32mÔ£ô[39m [30m[42m server [49m[39m tests/unit/lib/validation-storage.test.ts[2m > [22mvalidation-storage.ts[2m > [22mwriteValidation[2m > [22mshould create nested directories if they do not exist[32m 18[2mms[22m[39m
 [32mÔ£ô[39m [30m[42m server [49m[39m tests/unit/lib/validation-storage.test.ts[2m > [22mvalidation-storage.ts[2m > [22mreadValidation[2m > [22mshould read validation from storage[32m 13[2mms[22m[39m
 [32mÔ£ô[39m [30m[42m server [49m[39m tests/unit/lib/validation-storage.test.ts[2m > [22mvalidation-storage.ts[2m > [22mreadValidation[2m > [22mshould return null when validation does not exist[32m 3[2mms[22m[39m
 [32mÔ£ô[39m [30m[42m server [49m[39m tests/unit/lib/validation-storage.test.ts[2m > [22mvalidation-storage.ts[2m > [22mgetAllValidations[2m > [22mshould return all validations for a project[32m 27[2mms[22m[39m
 [32mÔ£ô[39m [30m[42m server [49m[39m tests/unit/lib/validation-storage.test.ts[2m > [22mvalidation-storage.ts[2m > [22mgetAllValidations[2m > [22mshould return empty array when no validations exist[32m 3[2mms[22m[39m
 [32mÔ£ô[39m [30m[42m server [49m[39m tests/unit/lib/validation-storage.test.ts[2m > [22mvalidation-storage.ts[2m > [22mgetAllValidations[2m > [22mshould skip non-numeric directories[32m 17[2mms[22m[39m
 [32mÔ£ô[39m [30m[42m server [49m[39m tests/unit/lib/validation-storage.test.ts[2m > [22mvalidation-storage.ts[2m > [22mdeleteValidation[2m > [22mshould delete validation from storage[32m 13[2mms[22m[39m
 [32mÔ£ô[39m [30m[42m server [49m[39m tests/unit/lib/validation-storage.test.ts[2m > [22mvalidation-storage.ts[2m > [22mdeleteValidation[2m > [22mshould return true even when validation does not exist[32m 4[2mms[22m[39m
 [32mÔ£ô[39m [30m[42m server [49m[39m tests/unit/lib/validation-storage.test.ts[2m > [22mvalidation-storage.ts[2m > [22misValidationStale[2m > [22mshould return false for recent validation[32m 3[2mms[22m[39m
 [32mÔ£ô[39m [30m[42m server [49m[39m tests/unit/lib/validation-storage.test.ts[2m > [22mvalidation-storage.ts[2m > [22misValidationStale[2m > [22mshould return true for validation older than 24 hours[32m 2[2mms[22m[39m
 [32mÔ£ô[39m [30m[42m server [49m[39m tests/unit/lib/validation-storage.test.ts[2m > [22mvalidation-storage.ts[2m > [22misValidationStale[2m > [22mshould return false for validation exactly at 24 hours[32m 5[2mms[22m[39m
 [32mÔ£ô[39m [30m[42m server [49m[39m tests/unit/lib/validation-storage.test.ts[2m > [22mvalidation-storage.ts[2m > [22mgetValidationWithFreshness[2m > [22mshould return validation with isStale false for recent validation[32m 13[2mms[22m[39m
 [32mÔ£ô[39m [30m[42m server [49m[39m tests/unit/lib/validation-storage.test.ts[2m > [22mvalidation-storage.ts[2m > [22mgetValidationWithFreshness[2m > [22mshould return validation with isStale true for old validation[32m 26[2mms[22m[39m
 [32mÔ£ô[39m [30m[42m server [49m[39m tests/unit/lib/validation-storage.test.ts[2m > [22mvalidation-storage.ts[2m > [22mgetValidationWithFreshness[2m > [22mshould return null when validation does not exist[32m 3[2mms[22m[39m
 [32mÔ£ô[39m [30m[42m server [49m[39m tests/unit/lib/validation-storage.test.ts[2m > [22mvalidation-storage.ts[2m > [22mmarkValidationViewed[2m > [22mshould mark validation as viewed[32m 18[2mms[22m[39m
 [32mÔ£ô[39m [30m[42m server [49m[39m tests/unit/lib/validation-storage.test.ts[2m > [22mvalidation-storage.ts[2m > [22mmarkValidationViewed[2m > [22mshould return false when validation does not exist[32m 4[2mms[22m[39m
 [32mÔ£ô[39m [30m[42m server [49m[39m tests/unit/lib/validation-storage.test.ts[2m > [22mvalidation-storage.ts[2m > [22mgetUnviewedValidationsCount[2m > [22mshould return count of unviewed non-stale validations[32m 59[2mms[22m[39m
[90mstdout[2m | tests/integration/services/auto-mode-service.integration.test.ts[2m > [22m[2mauto-mode-service.ts (integration)[2m > [22m[2mfeature execution[2m > [22m[2mshould execute feature and update status
[22m[39m[36mINFO [0m [34m[SettingsHelper][0m [AutoMode] SettingsService not available, autoLoadClaudeMd disabled

[90mstdout[2m | tests/integration/services/auto-mode-service.integration.test.ts[2m > [22m[2mauto-mode-service.ts (integration)[2m > [22m[2mfeature execution[2m > [22m[2mshould execute feature and update status
[22m[39m[36mINFO [0m [34m[SettingsHelper][0m [AutoMode] SettingsService not available, using default prompts

[90mstdout[2m | tests/integration/services/auto-mode-service.integration.test.ts[2m > [22m[2mauto-mode-service.ts (integration)[2m > [22m[2mfeature execution[2m > [22m[2mshould execute feature and update status
[22m[39m[MemoryLoader] Initialized memory folder at C:\Users\justus\AppData\Local\Temp\automaker-test-5EHvJD\.automaker\memory

[90mstdout[2m | tests/integration/services/auto-mode-service.integration.test.ts[2m > [22m[2mauto-mode-service.ts (integration)[2m > [22m[2mfeature execution[2m > [22m[2mshould execute feature and update status
[22m[39m[ContextLoader] Selected memory files: gotchas
[ContextLoader] Loaded 1 memory file(s)

[90mstdout[2m | tests/integration/services/auto-mode-service.integration.test.ts[2m > [22m[2mauto-mode-service.ts (integration)[2m > [22m[2mfeature execution[2m > [22m[2mshould execute feature and update status
[22m[39m[ModelResolver] resolveModelString called with modelKey: "undefined", defaultModel: "claude-opus-4-5-20251101"
[ModelResolver] No model specified, using default: claude-opus-4-5-20251101
[36mINFO [0m [34m[AutoMode][0m Executing feature feature-exec-1 with model: claude-opus-4-5-20251101, provider: undefined in C:\Users\justus\AppData\Local\Temp\automaker-test-5EHvJD

[90mstdout[2m | tests/integration/services/auto-mode-service.integration.test.ts[2m > [22m[2mauto-mode-service.ts (integration)[2m > [22m[2mfeature execution[2m > [22m[2mshould execute feature and update status
[22m[39m[ModelResolver] resolveModelString called with modelKey: "claude-opus-4-5-20251101", defaultModel: "claude-opus-4-5-20251101"
[ModelResolver] Using full Claude model string: claude-opus-4-5-20251101
[36mINFO [0m [34m[AutoMode][0m runAgent called for feature feature-exec-1 with model: claude-opus-4-5-20251101, planningMode: skip, requiresApproval: false
[36mINFO [0m [34m[AutoMode][0m Using provider "claude" for model "claude-opus-4-5-20251101" (bare: claude-opus-4-5-20251101)

[90mstdout[2m | tests/integration/services/auto-mode-service.integration.test.ts[2m > [22m[2mauto-mode-service.ts (integration)[2m > [22m[2mfeature execution[2m > [22m[2mshould execute feature and update status
[22m[39m[36mINFO [0m [34m[AutoMode][0m System prompt provided (310 chars), first 200 chars:
# Project Memory

The following learnings and decisions from previous work are available.
**IMPORTANT**: Review these carefully before making changes that could conflict with past decisions.

---

## ...
[36mINFO [0m [34m[AutoMode][0m Starting stream for feature feature-exec-1...
[36mINFO [0m [34m[AutoMode][0m Stream created, starting to iterate...

[90mstdout[2m | tests/integration/services/auto-mode-service.integration.test.ts[2m > [22m[2mauto-mode-service.ts (integration)[2m > [22m[2mfeature execution[2m > [22m[2mshould execute feature and update status
[22m[39m[36mINFO [0m [34m[AutoMode][0m Stream message received: assistant 
[36mINFO [0m [34m[AutoMode][0m Emitting progress event for feature-exec-1, content length: 23

[90mstdout[2m | tests/integration/services/auto-mode-service.integration.test.ts[2m > [22m[2mauto-mode-service.ts (integration)[2m > [22m[2mfeature execution[2m > [22m[2mshould execute feature and update status
[22m[39m[36mINFO [0m [34m[AutoMode][0m Stream message received: result success

 [32mÔ£ô[39m [30m[42m server [49m[39m tests/unit/lib/validation-storage.test.ts[2m > [22mvalidation-storage.ts[2m > [22mgetUnviewedValidationsCount[2m > [22mshould not count stale validations[32m 35[2mms[22m[39m
 [32mÔ£ô[39m [30m[42m server [49m[39m tests/unit/lib/validation-storage.test.ts[2m > [22mvalidation-storage.ts[2m > [22mgetUnviewedValidationsCount[2m > [22mshould return 0 when no validations exist[32m 2[2mms[22m[39m
 [32mÔ£ô[39m [30m[42m server [49m[39m tests/unit/lib/validation-storage.test.ts[2m > [22mvalidation-storage.ts[2m > [22mgetUnviewedValidationsCount[2m > [22mshould return 0 when all validations are viewed[32m 29[2mms[22m[39m
[90mstdout[2m | tests/integration/services/auto-mode-service.integration.test.ts[2m > [22m[2mauto-mode-service.ts (integration)[2m > [22m[2mfeature execution[2m > [22m[2mshould execute feature and update status
[22m[39m[36mINFO [0m [34m[NotificationService][0m Created notification: Feature Ready for Review for project C:\Users\justus\AppData\Local\Temp\automaker-test-5EHvJD

[90mstdout[2m | tests/integration/services/auto-mode-service.integration.test.ts[2m > [22m[2mauto-mode-service.ts (integration)[2m > [22m[2mfeature execution[2m > [22m[2mshould execute feature and update status
[22m[39m[AutoMode] Skipping learning extraction - output too short (23 chars)

[90mstdout[2m | tests/integration/services/auto-mode-service.integration.test.ts[2m > [22m[2mauto-mode-service.ts (integration)[2m > [22m[2mfeature execution[2m > [22m[2mshould execute feature and update status
[22m[39m[36mINFO [0m [34m[AutoMode][0m Feature feature-exec-1 execution ended, cleaning up runningFeatures
[36mINFO [0m [34m[AutoMode][0m Pending approvals at cleanup: none

 [32mÔ£ô[39m [30m[42m server [49m[39m tests/unit/services/dev-server-service.test.ts[2m > [22mdev-server-service.ts[2m > [22mlistDevServers[2m > [22mshould list running servers[33m 770[2mms[22m[39m
 [32mÔ£ô[39m [30m[42m server [49m[39m tests/unit/services/dev-server-service.test.ts[2m > [22mdev-server-service.ts[2m > [22misRunning[2m > [22mshould return false for non-running server[32m 47[2mms[22m[39m
[90mstderr[2m | tests/unit/lib/fs-utils.test.ts[2m > [22m[2mfs-utils.ts[2m > [22m[2mmkdirSafe[2m > 
[22m[2mshould handle ELOOP error gracefully when checking path
[22m[39m[fs-utils] Symlink loop detected at 
C:\Users\justus\AppData\Local\Temp\fs-utils-test-1769283935936\eloop-path, skipping mkdir

[90mstdout[2m | tests/unit/services/dev-server-service.test.ts[2m > [22m[2mdev-server-service.ts[2m > [22m[2misRunning[2m > [22m[2mshould return true for running server
[22m[39m[36mINFO [0m [34m[DevServerService][0m Starting dev server on port 3001

 [32mÔ£ô[39m [30m[42m server [49m[39m tests/unit/lib/fs-utils.test.ts[2m > [22mfs-utils.ts[2m > [22mmkdirSafe[2m > [22mshould create a new directory[32m 23[2mms[22m[39m
 [32mÔ£ô[39m [30m[42m server [49m[39m tests/unit/lib/fs-utils.test.ts[2m > [22mfs-utils.ts[2m > [22mmkdirSafe[2m > [22mshould succeed if directory already exists[32m 6[2mms[22m[39m
 [32mÔ£ô[39m [30m[42m server [49m[39m tests/unit/lib/fs-utils.test.ts[2m > [22mfs-utils.ts[2m > [22mmkdirSafe[2m > [22mshould create nested directories[32m 8[2mms[22m[39m
 [32mÔ£ô[39m [30m[42m server [49m[39m tests/unit/lib/fs-utils.test.ts[2m > [22mfs-utils.ts[2m > [22mmkdirSafe[2m > [22mshould throw if path exists as a file[32m 15[2mms[22m[39m
 [32mÔ£ô[39m [30m[42m server [49m[39m tests/unit/lib/fs-utils.test.ts[2m > [22mfs-utils.ts[2m > [22mmkdirSafe[2m > [22mshould succeed if path is a symlink to a directory[32m 8[2mms[22m[39m
 [32mÔ£ô[39m [30m[42m server [49m[39m tests/unit/lib/fs-utils.test.ts[2m > [22mfs-utils.ts[2m > [22mmkdirSafe[2m > [22mshould handle ELOOP error gracefully when checking path[32m 8[2mms[22m[39m
 [32mÔ£ô[39m [30m[42m server [49m[39m tests/unit/lib/fs-utils.test.ts[2m > [22mfs-utils.ts[2m > [22mmkdirSafe[2m > [22mshould handle EEXIST error gracefully when creating directory[32m 13[2mms[22m[39m
 [32mÔ£ô[39m [30m[42m server [49m[39m tests/unit/lib/fs-utils.test.ts[2m > [22mfs-utils.ts[2m > [22mmkdirSafe[2m > [22mshould handle ELOOP error gracefully when creating directory[32m 13[2mms[22m[39m
 [32mÔ£ô[39m [30m[42m server [49m[39m tests/unit/lib/fs-utils.test.ts[2m > [22mfs-utils.ts[2m > [22mexistsSafe[2m > [22mshould return true for existing file[32m 18[2mms[22m[39m
 [32mÔ£ô[39m [30m[42m server [49m[39m tests/unit/lib/fs-utils.test.ts[2m > [22mfs-utils.ts[2m > [22mexistsSafe[2m > [22mshould return true for existing directory[32m 11[2mms[22m[39m
 [32mÔ£ô[39m [30m[42m server [49m[39m tests/unit/lib/fs-utils.test.ts[2m > [22mfs-utils.ts[2m > [22mexistsSafe[2m > [22mshould return false for non-existent path[32m 3[2mms[22m[39m
 [32mÔ£ô[39m [30m[42m server [49m[39m tests/unit/lib/fs-utils.test.ts[2m > [22mfs-utils.ts[2m > [22mexistsSafe[2m > [22mshould return true for symlink[32m 20[2mms[22m[39m
 [32mÔ£ô[39m [30m[42m server [49m[39m tests/unit/lib/fs-utils.test.ts[2m > [22mfs-utils.ts[2m > [22mexistsSafe[2m > [22mshould return true for broken symlink (symlink exists even if target doesn't)[32m 12[2mms[22m[39m
 [32mÔ£ô[39m [30m[42m server [49m[39m tests/unit/lib/fs-utils.test.ts[2m > [22mfs-utils.ts[2m > [22mexistsSafe[2m > [22mshould return true for ELOOP error (symlink loop)[32m 5[2mms[22m[39m
 [32mÔ£ô[39m [30m[42m server [49m[39m tests/unit/lib/fs-utils.test.ts[2m > [22mfs-utils.ts[2m > [22mexistsSafe[2m > [22mshould throw for other errors[32m 5[2mms[22m[39m
 [32mÔ£ô[39m [30m[42m server [49m[39m tests/integration/services/auto-mode-service.integration.test.ts[2m > [22mauto-mode-service.ts (integration)[2m > [22mfeature execution[2m > [22mshould execute feature and update status[33m 1089[2mms[22m[39m
 [32mÔ£ô[39m [30m[42m server [49m[39m tests/unit/providers/provider-factory.test.ts[2m > [22mprovider-factory.ts[2m > [22mgetProviderForModel[2m > [22mCursor models (cursor-* prefix)[2m > [22mshould be case-insensitive for cursor models[33m 1206[2mms[22m[39m
 [32mÔ£ô[39m [30m[42m server [49m[39m tests/unit/services/dev-server-service.test.ts[2m > [22mdev-server-service.ts[2m > [22misRunning[2m > [22mshould return true for running server[33m 749[2mms[22m[39m
 [32mÔ£ô[39m [30m[42m server [49m[39m tests/unit/services/dev-server-service.test.ts[2m > [22mdev-server-service.ts[2m > [22mgetServerInfo[2m > [22mshould return undefined for non-running server[32m 24[2mms[22m[39m
[90mstdout[2m | tests/unit/lib/security.test.ts[2m > [22m[2msecurity.ts[2m > [22m[2minitAllowedPaths[2m > [22m[2mshould load ALLOWED_ROOT_DIRECTORY if set
[22m[39m[Security] Ô£ô ALLOWED_ROOT_DIRECTORY configured: C:\projects

[90mstderr[2m | tests/integration/services/auto-mode-service.integration.test.ts[2m > [22m[2mauto-mode-service.ts 
(integration)[2m > [22m[2mfeature execution[2m > [22m[2mshould handle feature not found
[22m[39m[31mERROR[0m [34m[AutoMode][0m Feature nonexistent-feature failed: Error: Feature nonexistent-feature 
not found
    at AutoModeService.executeFeature 
(C:/Users/justus/.gemini/antigravity/scratch/automaker/apps/server/src/services/auto-mode-service.ts:557:15)
    at C:/Users/justus/.gemini/antigravity/scratch/automaker/apps/server/tests/integration/services/auto-mode-service.i
ntegration.test.ts:238:7
    at 
file:///C:/Users/justus/.gemini/antigravity/scratch/automaker/node_modules/[4m@vitest/runner[24m/dist/index.js:915:20

[90mstdout[2m | tests/integration/services/auto-mode-service.integration.test.ts[2m > [22m[2mauto-mode-service.ts (integration)[2m > [22m[2mfeature execution[2m > [22m[2mshould handle feature not found
[22m[39m[33mWARN [0m [34m[AtomicWriter][0m Main file C:\Users\justus\AppData\Local\Temp\automaker-test-A9cE3a\.automaker\features\nonexistent-feature\feature.json unavailable: File does not exist

[90mstdout[2m | tests/integration/services/auto-mode-service.integration.test.ts[2m > [22m[2mauto-mode-service.ts (integration)[2m > [22m[2mfeature execution[2m > [22m[2mshould handle feature not found
[22m[39m[33mWARN [0m [34m[AtomicWriter][0m All recovery attempts failed for C:\Users\justus\AppData\Local\Temp\automaker-test-A9cE3a\.automaker\features\nonexistent-feature\feature.json, using default value

[90mstdout[2m | tests/integration/services/auto-mode-service.integration.test.ts[2m > [22m[2mauto-mode-service.ts (integration)[2m > [22m[2mfeature execution[2m > [22m[2mshould handle feature not found
[22m[39m[33mWARN [0m [34m[AutoMode][0m Feature nonexistent-feature not found or could not be recovered

[90mstdout[2m | tests/integration/services/auto-mode-service.integration.test.ts[2m > [22m[2mauto-mode-service.ts (integration)[2m > [22m[2mfeature execution[2m > [22m[2mshould handle feature not found
[22m[39m[36mINFO [0m [34m[AutoMode][0m Feature nonexistent-feature execution ended, cleaning up runningFeatures
[36mINFO [0m [34m[AutoMode][0m Pending approvals at cleanup: none

[90mstdout[2m | tests/unit/lib/security.test.ts[2m > [22m[2msecurity.ts[2m > [22m[2minitAllowedPaths[2m > [22m[2mshould include DATA_DIR if set
[22m[39m[Security] ÔÜá´©Å  ALLOWED_ROOT_DIRECTORY not set - allowing access to all paths
[Security] Ô£ô DATA_DIR configured: C:\data\dir

[90mstdout[2m | tests/unit/lib/security.test.ts[2m > [22m[2msecurity.ts[2m > [22m[2minitAllowedPaths[2m > [22m[2mshould include both ALLOWED_ROOT_DIRECTORY and DATA_DIR if both set
[22m[39m[Security] Ô£ô ALLOWED_ROOT_DIRECTORY configured: C:\projects
[Security] Ô£ô DATA_DIR configured: C:\data

[90mstdout[2m | tests/unit/lib/security.test.ts[2m > [22m[2msecurity.ts[2m > [22m[2minitAllowedPaths[2m > [22m[2mshould return empty array when no paths configured
[22m[39m[Security] ÔÜá´©Å  ALLOWED_ROOT_DIRECTORY not set - allowing access to all paths

[90mstdout[2m | tests/unit/lib/security.test.ts[2m > [22m[2msecurity.ts[2m > [22m[2misPathAllowed[2m > [22m[2mshould allow paths within ALLOWED_ROOT_DIRECTORY
[22m[39m[Security] Ô£ô ALLOWED_ROOT_DIRECTORY configured: C:\allowed\project

[90mstdout[2m | tests/unit/services/dev-server-service.test.ts[2m > [22m[2mdev-server-service.ts[2m > [22m[2mgetServerInfo[2m > [22m[2mshould return info for running server
[22m[39m[36mINFO [0m [34m[DevServerService][0m Starting dev server on port 3001

[90mstdout[2m | tests/unit/lib/security.test.ts[2m > [22m[2msecurity.ts[2m > [22m[2misPathAllowed[2m > [22m[2mshould allow all paths when no restrictions are configured
[22m[39m[Security] ÔÜá´©Å  ALLOWED_ROOT_DIRECTORY not set - allowing access to all paths

[90mstdout[2m | tests/unit/lib/security.test.ts[2m > [22m[2msecurity.ts[2m > [22m[2misPathAllowed[2m > [22m[2mshould allow all paths when DATA_DIR is set but ALLOWED_ROOT_DIRECTORY is not
[22m[39m[Security] ÔÜá´©Å  ALLOWED_ROOT_DIRECTORY not set - allowing access to all paths
[Security] Ô£ô DATA_DIR configured: C:\data

[90mstdout[2m | tests/unit/lib/security.test.ts[2m > [22m[2msecurity.ts[2m > [22m[2mvalidatePath[2m > [22m[2mshould return resolved path for allowed paths
[22m[39m[Security] Ô£ô ALLOWED_ROOT_DIRECTORY configured: C:\allowed

 [32mÔ£ô[39m [30m[42m server [49m[39m tests/unit/lib/security.test.ts[2m > [22msecurity.ts[2m > [22minitAllowedPaths[2m > [22mshould load ALLOWED_ROOT_DIRECTORY if set[32m 108[2mms[22m[39m
 [32mÔ£ô[39m [30m[42m server [49m[39m tests/unit/lib/security.test.ts[2m > [22msecurity.ts[2m > [22minitAllowedPaths[2m > [22mshould include DATA_DIR if set[32m 10[2mms[22m[39m
 [32mÔ£ô[39m [30m[42m server [49m[39m tests/unit/lib/security.test.ts[2m > [22msecurity.ts[2m > [22minitAllowedPaths[2m > [22mshould include both ALLOWED_ROOT_DIRECTORY and DATA_DIR if both set[32m 13[2mms[22m[39m
 [32mÔ£ô[39m [30m[42m server [49m[39m tests/unit/lib/security.test.ts[2m > [22msecurity.ts[2m > [22minitAllowedPaths[2m > [22mshould return empty array when no paths configured[32m 12[2mms[22m[39m
 [32mÔ£ô[39m [30m[42m server [49m[39m tests/unit/lib/security.test.ts[2m > [22msecurity.ts[2m > [22misPathAllowed[2m > [22mshould allow paths within ALLOWED_ROOT_DIRECTORY[32m 13[2mms[22m[39m
 [32mÔ£ô[39m [30m[42m server [49m[39m tests/unit/lib/security.test.ts[2m > [22msecurity.ts[2m > [22misPathAllowed[2m > [22mshould allow all paths when no restrictions are configured[32m 20[2mms[22m[39m
 [32mÔ£ô[39m [30m[42m server [49m[39m tests/unit/lib/security.test.ts[2m > [22msecurity.ts[2m > [22misPathAllowed[2m > [22mshould allow all paths when DATA_DIR is set but ALLOWED_ROOT_DIRECTORY is not[32m 13[2mms[22m[39m
 [32mÔ£ô[39m [30m[42m server [49m[39m tests/unit/lib/security.test.ts[2m > [22msecurity.ts[2m > [22mvalidatePath[2m > [22mshould return resolved path for allowed paths[32m 16[2mms[22m[39m
[90mstdout[2m | tests/unit/lib/security.test.ts[2m > [22m[2msecurity.ts[2m > [22m[2mvalidatePath[2m > [22m[2mshould throw error for paths outside allowed directories
[22m[39m[Security] Ô£ô ALLOWED_ROOT_DIRECTORY configured: C:\allowed

[90mstdout[2m | tests/unit/lib/security.test.ts[2m > [22m[2msecurity.ts[2m > [22m[2mvalidatePath[2m > [22m[2mshould not throw error for any path when no restrictions are configured
[22m[39m[Security] ÔÜá´©Å  ALLOWED_ROOT_DIRECTORY not set - allowing access to all paths

[90mstdout[2m | tests/unit/lib/security.test.ts[2m > [22m[2msecurity.ts[2m > [22m[2mvalidatePath[2m > [22m[2mshould resolve relative paths within allowed directory
[22m[39m[Security] Ô£ô ALLOWED_ROOT_DIRECTORY configured: C:\Users\justus\.gemini\antigravity\scratch\automaker\apps\server

[90mstdout[2m | tests/unit/lib/security.test.ts[2m > [22m[2msecurity.ts[2m > [22m[2mgetAllowedPaths[2m > [22m[2mshould return array of allowed paths
[22m[39m[Security] Ô£ô ALLOWED_ROOT_DIRECTORY configured: C:\projects
[Security] Ô£ô DATA_DIR configured: C:\data

[90mstdout[2m | tests/unit/lib/security.test.ts[2m > [22m[2msecurity.ts[2m > [22m[2mgetAllowedPaths[2m > [22m[2mshould return resolved paths
[22m[39m[Security] Ô£ô ALLOWED_ROOT_DIRECTORY configured: C:\test

 [32mÔ£ô[39m [30m[42m server [49m[39m tests/unit/lib/security.test.ts[2m > [22msecurity.ts[2m > [22mvalidatePath[2m > [22mshould throw error for paths outside allowed directories[32m 19[2mms[22m[39m
 [32mÔ£ô[39m [30m[42m server [49m[39m tests/unit/lib/security.test.ts[2m > [22msecurity.ts[2m > [22mvalidatePath[2m > [22mshould not throw error for any path when no restrictions are configured[32m 18[2mms[22m[39m
 [32mÔ£ô[39m [30m[42m server [49m[39m tests/unit/lib/security.test.ts[2m > [22msecurity.ts[2m > [22mvalidatePath[2m > [22mshould resolve relative paths within allowed directory[32m 23[2mms[22m[39m
 [32mÔ£ô[39m [30m[42m server [49m[39m tests/unit/lib/security.test.ts[2m > [22msecurity.ts[2m > [22mgetAllowedPaths[2m > [22mshould return array of allowed paths[32m 30[2mms[22m[39m
 [32mÔ£ô[39m [30m[42m server [49m[39m tests/unit/lib/security.test.ts[2m > [22msecurity.ts[2m > [22mgetAllowedPaths[2m > [22mshould return resolved paths[32m 15[2mms[22m[39m
 [32mÔ£ô[39m [30m[42m server [49m[39m tests/integration/services/auto-mode-service.integration.test.ts[2m > [22mauto-mode-service.ts (integration)[2m > [22mfeature execution[2m > [22mshould handle feature not found[33m 957[2mms[22m[39m
[90mstdout[2m | tests/unit/services/terminal-service.test.ts[2m > [22m[2mterminal-service.ts[2m > [22m[2mdetectShell[2m > [22m[2mshould detect PowerShell Core on Windows when available
[22m[39m[36mINFO [0m [34m[Terminal][0m Cleaning up 0 sessions

[90mstdout[2m | tests/unit/services/terminal-service.test.ts[2m > [22m[2mterminal-service.ts[2m > [22m[2mdetectShell[2m > [22m[2mshould fall back to PowerShell on Windows if Core not available
[22m[39m[36mINFO [0m [34m[Terminal][0m Cleaning up 0 sessions

[90mstdout[2m | tests/unit/services/terminal-service.test.ts[2m > [22m[2mterminal-service.ts[2m > [22m[2mdetectShell[2m > [22m[2mshould fall back to cmd.exe on Windows if no PowerShell
[22m[39m[36mINFO [0m [34m[Terminal][0m Cleaning up 0 sessions

[90mstdout[2m | tests/unit/services/terminal-service.test.ts[2m > [22m[2mterminal-service.ts[2m > [22m[2mdetectShell[2m > [22m[2mshould detect user shell on macOS
[22m[39m[36mINFO [0m [34m[Terminal][0m Cleaning up 0 sessions

[90mstdout[2m | tests/unit/services/terminal-service.test.ts[2m > [22m[2mterminal-service.ts[2m > [22m[2mdetectShell[2m > [22m[2mshould fall back to zsh on macOS if user shell not available
[22m[39m[36mINFO [0m [34m[Terminal][0m Cleaning up 0 sessions

[90mstdout[2m | tests/unit/services/terminal-service.test.ts[2m > [22m[2mterminal-service.ts[2m > [22m[2mdetectShell[2m > [22m[2mshould fall back to bash on macOS if zsh not available
[22m[39m[36mINFO [0m [34m[Terminal][0m Cleaning up 0 sessions

[90mstdout[2m | tests/unit/services/terminal-service.test.ts[2m > [22m[2mterminal-service.ts[2m > [22m[2mdetectShell[2m > [22m[2mshould detect user shell on Linux
[22m[39m[36mINFO [0m [34m[Terminal][0m Cleaning up 0 sessions

[90mstdout[2m | tests/unit/services/terminal-service.test.ts[2m > [22m[2mterminal-service.ts[2m > [22m[2mdetectShell[2m > [22m[2mshould fall back to bash on Linux if user shell not available
[22m[39m[36mINFO [0m [34m[Terminal][0m Cleaning up 0 sessions

[90mstdout[2m | tests/unit/services/terminal-service.test.ts[2m > [22m[2mterminal-service.ts[2m > [22m[2mdetectShell[2m > [22m[2mshould fall back to sh on Linux if bash not available
[22m[39m[36mINFO [0m [34m[Terminal][0m Cleaning up 0 sessions

[90mstdout[2m | tests/unit/services/terminal-service.test.ts[2m > [22m[2mterminal-service.ts[2m > [22m[2mdetectShell[2m > [22m[2mshould detect WSL and use appropriate shell
[22m[39m[36mINFO [0m [34m[Terminal][0m Cleaning up 0 sessions

[90mstdout[2m | tests/unit/services/terminal-service.test.ts[2m > [22m[2mterminal-service.ts[2m > [22m[2misWSL[2m > [22m[2mshould return true if /proc/version contains microsoft
[22m[39m[36mINFO [0m [34m[Terminal][0m Cleaning up 0 sessions

[90mstdout[2m | tests/unit/services/terminal-service.test.ts[2m > [22m[2mterminal-service.ts[2m > [22m[2misWSL[2m > [22m[2mshould return true if /proc/version contains wsl
[22m[39m[36mINFO [0m [34m[Terminal][0m Cleaning up 0 sessions

[90mstdout[2m | tests/unit/services/terminal-service.test.ts[2m > [22m[2mterminal-service.ts[2m > [22m[2misWSL[2m > [22m[2mshould return true if WSL_DISTRO_NAME is set
[22m[39m[36mINFO [0m [34m[Terminal][0m Cleaning up 0 sessions

[90mstdout[2m | tests/unit/services/terminal-service.test.ts[2m > [22m[2mterminal-service.ts[2m > [22m[2misWSL[2m > [22m[2mshould return true if WSLENV is set
[22m[39m[36mINFO [0m [34m[Terminal][0m Cleaning up 0 sessions

[90mstdout[2m | tests/unit/services/terminal-service.test.ts[2m > [22m[2mterminal-service.ts[2m > [22m[2misWSL[2m > [22m[2mshould return false if not in WSL
[22m[39m[36mINFO [0m [34m[Terminal][0m Cleaning up 0 sessions

[90mstdout[2m | tests/unit/services/terminal-service.test.ts[2m > [22m[2mterminal-service.ts[2m > [22m[2misWSL[2m > [22m[2mshould return false if error reading /proc/version
[22m[39m[36mINFO [0m [34m[Terminal][0m Cleaning up 0 sessions

[90mstdout[2m | tests/unit/services/terminal-service.test.ts[2m > [22m[2mterminal-service.ts[2m > [22m[2mgetPlatformInfo[2m > [22m[2mshould return platform information
[22m[39m[36mINFO [0m [34m[Terminal][0m Cleaning up 0 sessions

[90mstdout[2m | tests/unit/services/terminal-service.test.ts[2m > [22m[2mterminal-service.ts[2m > [22m[2mcreateSession[2m > [22m[2mshould create a new terminal session
[22m[39m[36mINFO [0m [34m[Terminal][0m Creating session term-1769283937304-gib5bgh7k with shell: /bin/bash in C:\test\dir
[36mINFO [0m [34m[Terminal][0m Session term-1769283937304-gib5bgh7k created successfully

[90mstdout[2m | tests/unit/services/terminal-service.test.ts[2m > [22m[2mterminal-service.ts[2m > [22m[2mcreateSession[2m > [22m[2mshould create a new terminal session
[22m[39m[36mINFO [0m [34m[Terminal][0m Cleaning up 1 sessions

[90mstdout[2m | tests/unit/services/terminal-service.test.ts[2m > [22m[2mterminal-service.ts[2m > [22m[2mcreateSession[2m > [22m[2mshould use default cols and rows if not provided
[22m[39m[36mINFO [0m [34m[Terminal][0m Creating session term-1769283937311-d6eruq2bw with shell: /bin/bash in /home/user
[36mINFO [0m [34m[Terminal][0m Session term-1769283937311-d6eruq2bw created successfully

[90mstdout[2m | tests/unit/services/terminal-service.test.ts[2m > [22m[2mterminal-service.ts[2m > [22m[2mcreateSession[2m > [22m[2mshould use default cols and rows if not provided
[22m[39m[36mINFO [0m [34m[Terminal][0m Cleaning up 1 sessions

[90mstdout[2m | tests/unit/services/terminal-service.test.ts[2m > [22m[2mterminal-service.ts[2m > [22m[2mcreateSession[2m > [22m[2mshould fall back to home directory if cwd does not exist
[22m[39m[33mWARN [0m [34m[Terminal][0m Working directory does not exist or not allowed: C:\nonexistent, falling back to home

[90mstdout[2m | tests/unit/services/terminal-service.test.ts[2m > [22m[2mterminal-service.ts[2m > [22m[2mcreateSession[2m > [22m[2mshould fall back to home directory if cwd does not exist
[22m[39m[36mINFO [0m [34m[Terminal][0m Creating session term-1769283937314-8usq0h359 with shell: /bin/bash in /home/user
[36mINFO [0m [34m[Terminal][0m Session term-1769283937314-8usq0h359 created successfully

[90mstdout[2m | tests/unit/services/terminal-service.test.ts[2m > [22m[2mterminal-service.ts[2m > [22m[2mcreateSession[2m > [22m[2mshould fall back to home directory if cwd does not exist
[22m[39m[36mINFO [0m [34m[Terminal][0m Cleaning up 1 sessions

[90mstdout[2m | tests/unit/services/terminal-service.test.ts[2m > [22m[2mterminal-service.ts[2m > [22m[2mcreateSession[2m > [22m[2mshould fall back to home directory if cwd is not a directory
[22m[39m[33mWARN [0m [34m[Terminal][0m Path exists but is not a directory: C:\file.txt, falling back to home

[90mstdout[2m | tests/unit/services/terminal-service.test.ts[2m > [22m[2mterminal-service.ts[2m > [22m[2mcreateSession[2m > [22m[2mshould fall back to home directory if cwd is not a directory
[22m[39m[36mINFO [0m [34m[Terminal][0m Creating session term-1769283937318-ko4qpgmwo with shell: /bin/bash in /home/user
[36mINFO [0m [34m[Terminal][0m Session term-1769283937318-ko4qpgmwo created successfully

[90mstdout[2m | tests/unit/services/terminal-service.test.ts[2m > [22m[2mterminal-service.ts[2m > [22m[2mcreateSession[2m > [22m[2mshould fall back to home directory if cwd is not a directory
[22m[39m[36mINFO [0m [34m[Terminal][0m Cleaning up 1 sessions

[90mstdout[2m | tests/unit/services/terminal-service.test.ts[2m > [22m[2mterminal-service.ts[2m > [22m[2mcreateSession[2m > [22m[2mshould fix double slashes in path
[22m[39m[36mINFO [0m [34m[Terminal][0m Creating session term-1769283937320-anjo0s0b1 with shell: /bin/bash in C:\test\dir
[36mINFO [0m [34m[Terminal][0m Session term-1769283937320-anjo0s0b1 created successfully

[90mstdout[2m | tests/unit/services/terminal-service.test.ts[2m > [22m[2mterminal-service.ts[2m > [22m[2mcreateSession[2m > [22m[2mshould fix double slashes in path
[22m[39m[36mINFO [0m [34m[Terminal][0m Cleaning up 1 sessions

[90mstdout[2m | tests/unit/services/terminal-service.test.ts[2m > [22m[2mterminal-service.ts[2m > [22m[2mcreateSession[2m > [22m[2mshould preserve WSL UNC paths
[22m[39m[36mINFO [0m [34m[Terminal][0m Creating session term-1769283937323-enp335oy1 with shell: /bin/bash in //wsl$/Ubuntu/home
[36mINFO [0m [34m[Terminal][0m Session term-1769283937323-enp335oy1 created successfully

[90mstdout[2m | tests/unit/services/terminal-service.test.ts[2m > [22m[2mterminal-service.ts[2m > [22m[2mcreateSession[2m > [22m[2mshould preserve WSL UNC paths
[22m[39m[36mINFO [0m [34m[Terminal][0m Cleaning up 1 sessions

[90mstdout[2m | tests/unit/services/terminal-service.test.ts[2m > [22m[2mterminal-service.ts[2m > [22m[2mcreateSession[2m > [22m[2mshould handle data events from PTY
[22m[39m[36mINFO [0m [34m[Terminal][0m Creating session term-1769283937328-5pqwr7k2i with shell: /bin/bash in /home/user
[36mINFO [0m [34m[Terminal][0m Session term-1769283937328-5pqwr7k2i created successfully

[90mstdout[2m | tests/unit/services/terminal-service.test.ts[2m > [22m[2mterminal-service.ts[2m > [22m[2mcreateSession[2m > [22m[2mshould handle data events from PTY
[22m[39m[36mINFO [0m [34m[Terminal][0m Cleaning up 1 sessions

[90mstdout[2m | tests/unit/services/terminal-service.test.ts[2m > [22m[2mterminal-service.ts[2m > [22m[2mcreateSession[2m > [22m[2mshould handle exit events from PTY
[22m[39m[36mINFO [0m [34m[Terminal][0m Creating session term-1769283937339-asvlud94l with shell: /bin/bash in /home/user
[36mINFO [0m [34m[Terminal][0m Session term-1769283937339-asvlud94l created successfully

[90mstdout[2m | tests/unit/services/terminal-service.test.ts[2m > [22m[2mterminal-service.ts[2m > [22m[2mcreateSession[2m > [22m[2mshould handle exit events from PTY
[22m[39m[36mINFO [0m [34m[Terminal][0m Session exited with code 0 (term-1769283937339-asvlud94l)

[90mstdout[2m | tests/unit/services/terminal-service.test.ts[2m > [22m[2mterminal-service.ts[2m > [22m[2mcreateSession[2m > [22m[2mshould handle exit events from PTY
[22m[39m[36mINFO [0m [34m[Terminal][0m Cleaning up 0 sessions

[90mstdout[2m | tests/unit/services/terminal-service.test.ts[2m > [22m[2mterminal-service.ts[2m > [22m[2mwrite[2m > [22m[2mshould write data to existing session
[22m[39m[36mINFO [0m [34m[Terminal][0m Creating session term-1769283937342-9pztmgfla with shell: /bin/bash in /home/user
[36mINFO [0m [34m[Terminal][0m Session term-1769283937342-9pztmgfla created successfully

[90mstdout[2m | tests/unit/services/terminal-service.test.ts[2m > [22m[2mterminal-service.ts[2m > [22m[2mwrite[2m > [22m[2mshould write data to existing session
[22m[39m[36mINFO [0m [34m[Terminal][0m Cleaning up 1 sessions

[90mstdout[2m | tests/unit/services/terminal-service.test.ts[2m > [22m[2mterminal-service.ts[2m > [22m[2mwrite[2m > [22m[2mshould return false for non-existent session
[22m[39m[33mWARN [0m [34m[Terminal][0m Session nonexistent not found

[90mstdout[2m | tests/unit/services/terminal-service.test.ts[2m > [22m[2mterminal-service.ts[2m > [22m[2mwrite[2m > [22m[2mshould return false for non-existent session
[22m[39m[36mINFO [0m [34m[Terminal][0m Cleaning up 0 sessions

[90mstdout[2m | tests/unit/services/terminal-service.test.ts[2m > [22m[2mterminal-service.ts[2m > [22m[2mresize[2m > [22m[2mshould resize existing session
[22m[39m[36mINFO [0m [34m[Terminal][0m Creating session term-1769283937346-zr9x1gp6n with shell: /bin/bash in /home/user
[36mINFO [0m [34m[Terminal][0m Session term-1769283937346-zr9x1gp6n created successfully

[90mstdout[2m | tests/unit/services/terminal-service.test.ts[2m > [22m[2mterminal-service.ts[2m > [22m[2mresize[2m > [22m[2mshould resize existing session
[22m[39m[36mINFO [0m [34m[Terminal][0m Cleaning up 1 sessions

[90mstdout[2m | tests/unit/services/terminal-service.test.ts[2m > [22m[2mterminal-service.ts[2m > [22m[2mresize[2m > [22m[2mshould return false for non-existent session
[22m[39m[33mWARN [0m [34m[Terminal][0m Session nonexistent not found for resize

[90mstdout[2m | tests/unit/services/terminal-service.test.ts[2m > [22m[2mterminal-service.ts[2m > [22m[2mresize[2m > [22m[2mshould return false for non-existent session
[22m[39m[36mINFO [0m [34m[Terminal][0m Cleaning up 0 sessions

[90mstdout[2m | tests/unit/services/terminal-service.test.ts[2m > [22m[2mterminal-service.ts[2m > [22m[2mresize[2m > [22m[2mshould handle resize errors
[22m[39m[36mINFO [0m [34m[Terminal][0m Creating session term-1769283937355-516qys51b with shell: /bin/bash in /home/user
[36mINFO [0m [34m[Terminal][0m Session term-1769283937355-516qys51b created successfully

[90mstderr[2m | tests/unit/services/terminal-service.test.ts[2m > [22m[2mterminal-service.ts[2m > 
[22m[2mresize[2m > [22m[2mshould handle resize errors
[22m[39m[31mERROR[0m [34m[Terminal][0m Error resizing session term-1769283937355-516qys51b: Error: Resize failed
    at Object.<anonymous> 
(C:/Users/justus/.gemini/antigravity/scratch/automaker/apps/server/tests/unit/services/terminal-service.test.ts:463:15)
    at Object.Mock [as resize] 
(file:///C:/Users/justus/.gemini/antigravity/scratch/automaker/node_modules/[4m@vitest/spy[24m/dist/index.js:285:34)
    at TerminalService.resize 
(C:/Users/justus/.gemini/antigravity/scratch/automaker/apps/server/src/services/terminal-service.ts:737:19)
    at 
C:/Users/justus/.gemini/antigravity/scratch/automaker/apps/server/tests/unit/services/terminal-service.test.ts:467:30
[90m    at processTicksAndRejections (node:internal/process/task_queues:105:5)[39m
    at 
file:///C:/Users/justus/.gemini/antigravity/scratch/automaker/node_modules/[4m@vitest/runner[24m/dist/index.js:915:20

 [32mÔ£ô[39m [30m[42m server [49m[39m tests/unit/services/terminal-service.test.ts[2m > [22mterminal-service.ts[2m > [22mdetectShell[2m > [22mshould detect PowerShell Core on Windows when available[32m 10[2mms[22m[39m
 [32mÔ£ô[39m [30m[42m server [49m[39m tests/unit/services/terminal-service.test.ts[2m > [22mterminal-service.ts[2m > [22mdetectShell[2m > [22mshould fall back to PowerShell on Windows if Core not available[32m 2[2mms[22m[39m
 [32mÔ£ô[39m [30m[42m server [49m[39m tests/unit/services/terminal-service.test.ts[2m > [22mterminal-service.ts[2m > [22mdetectShell[2m > [22mshould fall back to cmd.exe on Windows if no PowerShell[32m 2[2mms[22m[39m
 [32mÔ£ô[39m [30m[42m server [49m[39m tests/unit/services/terminal-service.test.ts[2m > [22mterminal-service.ts[2m > [22mdetectShell[2m > [22mshould detect user shell on macOS[32m 3[2mms[22m[39m
 [32mÔ£ô[39m [30m[42m server [49m[39m tests/unit/services/terminal-service.test.ts[2m > [22mterminal-service.ts[2m > [22mdetectShell[2m > [22mshould fall back to zsh on macOS if user shell not available[32m 2[2mms[22m[39m
 [32mÔ£ô[39m [30m[42m server [49m[39m tests/unit/services/terminal-service.test.ts[2m > [22mterminal-service.ts[2m > [22mdetectShell[2m > [22mshould fall back to bash on macOS if zsh not available[32m 2[2mms[22m[39m
 [32mÔ£ô[39m [30m[42m server [49m[39m tests/unit/services/terminal-service.test.ts[2m > [22mterminal-service.ts[2m > [22mdetectShell[2m > [22mshould detect user shell on Linux[32m 2[2mms[22m[39m
 [32mÔ£ô[39m [30m[42m server [49m[39m tests/unit/services/terminal-service.test.ts[2m > [22mterminal-service.ts[2m > [22mdetectShell[2m > [22mshould fall back to bash on Linux if user shell not available[32m 2[2mms[22m[39m
 [32mÔ£ô[39m [30m[42m server [49m[39m tests/unit/services/terminal-service.test.ts[2m > [22mterminal-service.ts[2m > [22mdetectShell[2m > [22mshould fall back to sh on Linux if bash not available[32m 3[2mms[22m[39m
 [32mÔ£ô[39m [30m[42m server [49m[39m tests/unit/services/terminal-service.test.ts[2m > [22mterminal-service.ts[2m > [22mdetectShell[2m > [22mshould detect WSL and use appropriate shell[32m 2[2mms[22m[39m
 [32mÔ£ô[39m [30m[42m server [49m[39m tests/unit/services/terminal-service.test.ts[2m > [22mterminal-service.ts[2m > [22misWSL[2m > [22mshould return true if /proc/version contains microsoft[32m 1[2mms[22m[39m
 [32mÔ£ô[39m [30m[42m server [49m[39m tests/unit/services/terminal-service.test.ts[2m > [22mterminal-service.ts[2m > [22misWSL[2m > [22mshould return true if /proc/version contains wsl[32m 1[2mms[22m[39m
 [32mÔ£ô[39m [30m[42m server [49m[39m tests/unit/services/terminal-service.test.ts[2m > [22mterminal-service.ts[2m > [22misWSL[2m > [22mshould return true if WSL_DISTRO_NAME is set[32m 2[2mms[22m[39m
 [32mÔ£ô[39m [30m[42m server [49m[39m tests/unit/services/terminal-service.test.ts[2m > [22mterminal-service.ts[2m > [22misWSL[2m > [22mshould return true if WSLENV is set[32m 1[2mms[22m[39m
 [32mÔ£ô[39m [30m[42m server [49m[39m tests/unit/services/terminal-service.test.ts[2m > [22mterminal-service.ts[2m > [22misWSL[2m > [22mshould return false if not in WSL[32m 1[2mms[22m[39m
 [32mÔ£ô[39m [30m[42m server [49m[39m tests/unit/services/terminal-service.test.ts[2m > [22mterminal-service.ts[2m > [22misWSL[2m > [22mshould return false if error reading /proc/version[32m 2[2mms[22m[39m
 [32mÔ£ô[39m [30m[42m server [49m[39m tests/unit/services/terminal-service.test.ts[2m > [22mterminal-service.ts[2m > [22mgetPlatformInfo[2m > [22mshould return platform information[32m 2[2mms[22m[39m
 [32mÔ£ô[39m [30m[42m server [49m[39m tests/unit/services/terminal-service.test.ts[2m > [22mterminal-service.ts[2m > [22mcreateSession[2m > [22mshould create a new terminal session[32m 9[2mms[22m[39m
 [32mÔ£ô[39m [30m[42m server [49m[39m tests/unit/services/terminal-service.test.ts[2m > [22mterminal-service.ts[2m > [22mcreateSession[2m > [22mshould use default cols and rows if not provided[32m 2[2mms[22m[39m
 [32mÔ£ô[39m [30m[42m server [49m[39m tests/unit/services/terminal-service.test.ts[2m > [22mterminal-service.ts[2m > [22mcreateSession[2m > [22mshould fall back to home directory if cwd does not exist[32m 3[2mms[22m[39m
 [32mÔ£ô[39m [30m[42m server [49m[39m tests/unit/services/terminal-service.test.ts[2m > [22mterminal-service.ts[2m > [22mcreateSession[2m > [22mshould fall back to home directory if cwd is not a directory[32m 2[2mms[22m[39m
 [32mÔ£ô[39m [30m[42m server [49m[39m tests/unit/services/terminal-service.test.ts[2m > [22mterminal-service.ts[2m > [22mcreateSession[2m > [22mshould fix double slashes in path[32m 2[2mms[22m[39m
 [32mÔ£ô[39m [30m[42m server [49m[39m tests/unit/services/terminal-service.test.ts[2m > [22mterminal-service.ts[2m > [22mcreateSession[2m > [22mshould preserve WSL UNC paths[32m 5[2mms[22m[39m
 [32mÔ£ô[39m [30m[42m server [49m[39m tests/unit/services/terminal-service.test.ts[2m > [22mterminal-service.ts[2m > [22mcreateSession[2m > [22mshould handle data events from PTY[32m 9[2mms[22m[39m
 [32mÔ£ô[39m [30m[42m server [49m[39m tests/unit/services/terminal-service.test.ts[2m > [22mterminal-service.ts[2m > [22mcreateSession[2m > [22mshould handle exit events from PTY[32m 7[2mms[22m[39m
 [32mÔ£ô[39m [30m[42m server [49m[39m tests/unit/services/terminal-service.test.ts[2m > [22mterminal-service.ts[2m > [22mwrite[2m > [22mshould write data to existing session[32m 2[2mms[22m[39m
 [32mÔ£ô[39m [30m[42m server [49m[39m tests/unit/services/terminal-service.test.ts[2m > [22mterminal-service.ts[2m > [22mwrite[2m > [22mshould return false for non-existent session[32m 2[2mms[22m[39m
 [32mÔ£ô[39m [30m[42m server [49m[39m tests/unit/services/terminal-service.test.ts[2m > [22mterminal-service.ts[2m > [22mresize[2m > [22mshould resize existing session[32m 3[2mms[22m[39m
 [32mÔ£ô[39m [30m[42m server [49m[39m tests/unit/services/terminal-service.test.ts[2m > [22mterminal-service.ts[2m > [22mresize[2m > [22mshould return false for non-existent session[32m 5[2mms[22m[39m
 [32mÔ£ô[39m [30m[42m server [49m[39m tests/unit/services/dev-server-service.test.ts[2m > [22mdev-server-service.ts[2m > [22mgetServerInfo[2m > [22mshould return info for running server[33m 766[2mms[22m[39m
[90mstdout[2m | tests/unit/services/terminal-service.test.ts[2m > [22m[2mterminal-service.ts[2m > [22m[2mresize[2m > [22m[2mshould handle resize errors
[22m[39m[36mINFO [0m [34m[Terminal][0m Cleaning up 1 sessions

[90mstdout[2m | tests/unit/services/terminal-service.test.ts[2m > [22m[2mterminal-service.ts[2m > [22m[2mkillSession[2m > [22m[2mshould kill existing session
[22m[39m[36mINFO [0m [34m[Terminal][0m Creating session term-1769283937387-ve3q50kcf with shell: /bin/bash in /home/user
[36mINFO [0m [34m[Terminal][0m Session term-1769283937387-ve3q50kcf created successfully

[90mstdout[2m | tests/unit/services/terminal-service.test.ts[2m > [22m[2mterminal-service.ts[2m > [22m[2mkillSession[2m > [22m[2mshould kill existing session
[22m[39m[36mINFO [0m [34m[Terminal][0m Session term-1769283937387-ve3q50kcf sending SIGTERM
[36mINFO [0m [34m[Terminal][0m Session term-1769283937387-ve3q50kcf kill initiated
[36mINFO [0m [34m[Terminal][0m Session term-1769283937387-ve3q50kcf still alive after SIGTERM, sending SIGKILL

[90mstdout[2m | tests/unit/services/terminal-service.test.ts[2m > [22m[2mterminal-service.ts[2m > [22m[2mkillSession[2m > [22m[2mshould kill existing session
[22m[39m[36mINFO [0m [34m[Terminal][0m Cleaning up 0 sessions

[90mstdout[2m | tests/unit/services/terminal-service.test.ts[2m > [22m[2mterminal-service.ts[2m > [22m[2mkillSession[2m > [22m[2mshould return false for non-existent session
[22m[39m[36mINFO [0m [34m[Terminal][0m Cleaning up 0 sessions

[90mstdout[2m | tests/unit/services/terminal-service.test.ts[2m > [22m[2mterminal-service.ts[2m > [22m[2mkillSession[2m > [22m[2mshould handle kill errors
[22m[39m[36mINFO [0m [34m[Terminal][0m Creating session term-1769283937395-dxqqqzw2s with shell: /bin/bash in /home/user
[36mINFO [0m [34m[Terminal][0m Session term-1769283937395-dxqqqzw2s created successfully

[90mstderr[2m | tests/unit/services/terminal-service.test.ts[2m > [22m[2mterminal-service.ts[2m > 
[22m[2mkillSession[2m > [22m[2mshould handle kill errors
[22m[39m[31mERROR[0m [34m[Terminal][0m Error killing session term-1769283937395-dxqqqzw2s: Error: Kill failed
    at Object.<anonymous> 
(C:/Users/justus/.gemini/antigravity/scratch/automaker/apps/server/tests/unit/services/terminal-service.test.ts:506:15)
    at Object.Mock 
(file:///C:/Users/justus/.gemini/antigravity/scratch/automaker/node_modules/[4m@vitest/spy[24m/dist/index.js:285:34)
    at TerminalService.killPtyProcess 
(C:/Users/justus/.gemini/antigravity/scratch/automaker/apps/server/src/services/terminal-service.ts:265:18)
    at TerminalService.killSession 
(C:/Users/justus/.gemini/antigravity/scratch/automaker/apps/server/src/services/terminal-service.ts:780:12)
    at 
C:/Users/justus/.gemini/antigravity/scratch/automaker/apps/server/tests/unit/services/terminal-service.test.ts:510:30
[90m    at processTicksAndRejections (node:internal/process/task_queues:105:5)[39m
    at 
file:///C:/Users/justus/.gemini/antigravity/scratch/automaker/node_modules/[4m@vitest/runner[24m/dist/index.js:915:20

[90mstdout[2m | tests/unit/services/terminal-service.test.ts[2m > [22m[2mterminal-service.ts[2m > [22m[2mkillSession[2m > [22m[2mshould handle kill errors
[22m[39m[36mINFO [0m [34m[Terminal][0m Session term-1769283937395-dxqqqzw2s sending SIGTERM

[90mstdout[2m | tests/unit/services/terminal-service.test.ts[2m > [22m[2mterminal-service.ts[2m > [22m[2mkillSession[2m > [22m[2mshould handle kill errors
[22m[39m[36mINFO [0m [34m[Terminal][0m Cleaning up 0 sessions

[90mstdout[2m | tests/unit/services/terminal-service.test.ts[2m > [22m[2mterminal-service.ts[2m > [22m[2mgetSession[2m > [22m[2mshould return existing session
[22m[39m[36mINFO [0m [34m[Terminal][0m Creating session term-1769283937402-rv159724l with shell: /bin/bash in /home/user
[36mINFO [0m [34m[Terminal][0m Session term-1769283937402-rv159724l created successfully

[90mstdout[2m | tests/unit/services/terminal-service.test.ts[2m > [22m[2mterminal-service.ts[2m > [22m[2mgetSession[2m > [22m[2mshould return existing session
[22m[39m[36mINFO [0m [34m[Terminal][0m Cleaning up 1 sessions

[90mstdout[2m | tests/unit/services/terminal-service.test.ts[2m > [22m[2mterminal-service.ts[2m > [22m[2mgetSession[2m > [22m[2mshould return undefined for non-existent session
[22m[39m[36mINFO [0m [34m[Terminal][0m Cleaning up 0 sessions

[90mstdout[2m | tests/unit/services/terminal-service.test.ts[2m > [22m[2mterminal-service.ts[2m > [22m[2mgetScrollback[2m > [22m[2mshould return scrollback buffer for existing session
[22m[39m[36mINFO [0m [34m[Terminal][0m Creating session term-1769283937405-5lmif96sb with shell: /bin/bash in /home/user
[36mINFO [0m [34m[Terminal][0m Session term-1769283937405-5lmif96sb created successfully

[90mstdout[2m | tests/unit/services/terminal-service.test.ts[2m > [22m[2mterminal-service.ts[2m > [22m[2mgetScrollback[2m > [22m[2mshould return scrollback buffer for existing session
[22m[39m[36mINFO [0m [34m[Terminal][0m Cleaning up 1 sessions

[90mstdout[2m | tests/unit/services/terminal-service.test.ts[2m > [22m[2mterminal-service.ts[2m > [22m[2mgetScrollback[2m > [22m[2mshould return null for non-existent session
[22m[39m[36mINFO [0m [34m[Terminal][0m Cleaning up 0 sessions

[90mstdout[2m | tests/unit/services/terminal-service.test.ts[2m > [22m[2mterminal-service.ts[2m > [22m[2mgetAllSessions[2m > [22m[2mshould return all active sessions
[22m[39m[36mINFO [0m [34m[Terminal][0m Creating session term-1769283937409-vs1nvusjk with shell: /bin/bash in C:\dir1
[36mINFO [0m [34m[Terminal][0m Session term-1769283937409-vs1nvusjk created successfully

[90mstdout[2m | tests/unit/services/terminal-service.test.ts[2m > [22m[2mterminal-service.ts[2m > [22m[2mgetAllSessions[2m > [22m[2mshould return all active sessions
[22m[39m[36mINFO [0m [34m[Terminal][0m Creating session term-1769283937409-99aoamlz3 with shell: /bin/bash in C:\dir2
[36mINFO [0m [34m[Terminal][0m Session term-1769283937409-99aoamlz3 created successfully

[90mstdout[2m | tests/unit/services/terminal-service.test.ts[2m > [22m[2mterminal-service.ts[2m > [22m[2mgetAllSessions[2m > [22m[2mshould return all active sessions
[22m[39m[36mINFO [0m [34m[Terminal][0m Cleaning up 2 sessions

[90mstdout[2m | tests/unit/services/terminal-service.test.ts[2m > [22m[2mterminal-service.ts[2m > [22m[2mgetAllSessions[2m > [22m[2mshould return empty array if no sessions
[22m[39m[36mINFO [0m [34m[Terminal][0m Cleaning up 0 sessions

[90mstdout[2m | tests/unit/services/terminal-service.test.ts[2m > [22m[2mterminal-service.ts[2m > [22m[2monData and onExit[2m > [22m[2mshould allow subscribing and unsubscribing from data events
[22m[39m[36mINFO [0m [34m[Terminal][0m Cleaning up 0 sessions

[90mstdout[2m | tests/unit/services/terminal-service.test.ts[2m > [22m[2mterminal-service.ts[2m > [22m[2monData and onExit[2m > [22m[2mshould allow subscribing and unsubscribing from exit events
[22m[39m[36mINFO [0m [34m[Terminal][0m Cleaning up 0 sessions

[90mstdout[2m | tests/unit/services/terminal-service.test.ts[2m > [22m[2mterminal-service.ts[2m > [22m[2mcleanup[2m > [22m[2mshould clean up all sessions
[22m[39m[36mINFO [0m [34m[Terminal][0m Creating session term-1769283937426-tbcuqe5rc with shell: /bin/bash in /home/user
[36mINFO [0m [34m[Terminal][0m Session term-1769283937426-tbcuqe5rc created successfully

[90mstdout[2m | tests/unit/services/terminal-service.test.ts[2m > [22m[2mterminal-service.ts[2m > [22m[2mcleanup[2m > [22m[2mshould clean up all sessions
[22m[39m[36mINFO [0m [34m[Terminal][0m Creating session term-1769283937427-5uqzlpj5j with shell: /bin/bash in /home/user
[36mINFO [0m [34m[Terminal][0m Session term-1769283937427-5uqzlpj5j created successfully

[90mstdout[2m | tests/unit/services/terminal-service.test.ts[2m > [22m[2mterminal-service.ts[2m > [22m[2mcleanup[2m > [22m[2mshould clean up all sessions
[22m[39m[36mINFO [0m [34m[Terminal][0m Cleaning up 2 sessions

[90mstdout[2m | tests/unit/services/terminal-service.test.ts[2m > [22m[2mterminal-service.ts[2m > [22m[2mcleanup[2m > [22m[2mshould clean up all sessions
[22m[39m[36mINFO [0m [34m[Terminal][0m Cleaning up 0 sessions

[90mstdout[2m | tests/unit/services/terminal-service.test.ts[2m > [22m[2mterminal-service.ts[2m > [22m[2mcleanup[2m > [22m[2mshould handle cleanup errors gracefully
[22m[39m[36mINFO [0m [34m[Terminal][0m Creating session term-1769283937436-yjasq35tr with shell: /bin/bash in /home/user
[36mINFO [0m [34m[Terminal][0m Session term-1769283937436-yjasq35tr created successfully

[90mstdout[2m | tests/unit/services/terminal-service.test.ts[2m > [22m[2mterminal-service.ts[2m > [22m[2mcleanup[2m > [22m[2mshould handle cleanup errors gracefully
[22m[39m[36mINFO [0m [34m[Terminal][0m Cleaning up 1 sessions

[90mstdout[2m | tests/unit/services/terminal-service.test.ts[2m > [22m[2mterminal-service.ts[2m > [22m[2mcleanup[2m > [22m[2mshould handle cleanup errors gracefully
[22m[39m[36mINFO [0m [34m[Terminal][0m Cleaning up 0 sessions

[90mstdout[2m | tests/unit/services/terminal-service.test.ts[2m > [22m[2mterminal-service.ts[2m > [22m[2mgetTerminalService[2m > [22m[2mshould return singleton instance
[22m[39m[36mINFO [0m [34m[Terminal][0m Cleaning up 0 sessions

 [32mÔ£ô[39m [30m[42m server [49m[39m tests/unit/services/terminal-service.test.ts[2m > [22mterminal-service.ts[2m > [22mresize[2m > [22mshould handle resize errors[32m 28[2mms[22m[39m
 [32mÔ£ô[39m [30m[42m server [49m[39m tests/unit/services/terminal-service.test.ts[2m > [22mterminal-service.ts[2m > [22mkillSession[2m > [22mshould kill existing session[32m 9[2mms[22m[39m
 [32mÔ£ô[39m [30m[42m server [49m[39m tests/unit/services/terminal-service.test.ts[2m > [22mterminal-service.ts[2m > [22mkillSession[2m > [22mshould return false for non-existent session[32m 2[2mms[22m[39m
 [32mÔ£ô[39m [30m[42m server [49m[39m tests/unit/services/terminal-service.test.ts[2m > [22mterminal-service.ts[2m > [22mkillSession[2m > [22mshould handle kill errors[32m 5[2mms[22m[39m
 [32mÔ£ô[39m [30m[42m server [49m[39m tests/unit/services/terminal-service.test.ts[2m > [22mterminal-service.ts[2m > [22mgetSession[2m > [22mshould return existing session[32m 3[2mms[22m[39m
 [32mÔ£ô[39m [30m[42m server [49m[39m tests/unit/services/terminal-service.test.ts[2m > [22mterminal-service.ts[2m > [22mgetSession[2m > [22mshould return undefined for non-existent session[32m 2[2mms[22m[39m
 [32mÔ£ô[39m [30m[42m server [49m[39m tests/unit/services/terminal-service.test.ts[2m > [22mterminal-service.ts[2m > [22mgetScrollback[2m > [22mshould return scrollback buffer for existing session[32m 2[2mms[22m[39m
 [32mÔ£ô[39m [30m[42m server [49m[39m tests/unit/services/terminal-service.test.ts[2m > [22mterminal-service.ts[2m > [22mgetScrollback[2m > [22mshould return null for non-existent session[32m 1[2mms[22m[39m
 [32mÔ£ô[39m [30m[42m server [49m[39m tests/unit/services/terminal-service.test.ts[2m > [22mterminal-service.ts[2m > [22mgetAllSessions[2m > [22mshould return all active sessions[32m 5[2mms[22m[39m
 [32mÔ£ô[39m [30m[42m server [49m[39m tests/unit/services/terminal-service.test.ts[2m > [22mterminal-service.ts[2m > [22mgetAllSessions[2m > [22mshould return empty array if no sessions[32m 1[2mms[22m[39m
 [32mÔ£ô[39m [30m[42m server [49m[39m tests/unit/services/terminal-service.test.ts[2m > [22mterminal-service.ts[2m > [22monData and onExit[2m > [22mshould allow subscribing and unsubscribing from data events[32m 9[2mms[22m[39m
 [32mÔ£ô[39m [30m[42m server [49m[39m tests/unit/services/terminal-service.test.ts[2m > [22mterminal-service.ts[2m > [22monData and onExit[2m > [22mshould allow subscribing and unsubscribing from exit events[32m 2[2mms[22m[39m
 [32mÔ£ô[39m [30m[42m server [49m[39m tests/unit/services/terminal-service.test.ts[2m > [22mterminal-service.ts[2m > [22mcleanup[2m > [22mshould clean up all sessions[32m 3[2mms[22m[39m
 [32mÔ£ô[39m [30m[42m server [49m[39m tests/unit/services/terminal-service.test.ts[2m > [22mterminal-service.ts[2m > [22mcleanup[2m > [22mshould handle cleanup errors gracefully[32m 10[2mms[22m[39m
 [32mÔ£ô[39m [30m[42m server [49m[39m tests/unit/services/terminal-service.test.ts[2m > [22mterminal-service.ts[2m > [22mgetTerminalService[2m > [22mshould return singleton instance[32m 2[2mms[22m[39m
[90mstdout[2m | tests/unit/services/dev-server-service.test.ts[2m > [22m[2mdev-server-service.ts[2m > [22m[2mgetAllocatedPorts[2m > [22m[2mshould return allocated ports
[22m[39m[36mINFO [0m [34m[DevServerService][0m Starting dev server on port 3001

 [32mÔ£ô[39m [30m[42m server [49m[39m tests/unit/providers/provider-factory.test.ts[2m > [22mprovider-factory.ts[2m > [22mgetProviderForModel[2m > [22mCursor models (cursor-* prefix)[2m > [22mshould return CursorProvider for known cursor model ID without prefix[33m 1050[2mms[22m[39m
 [32mÔ£ô[39m [30m[42m server [49m[39m tests/unit/providers/provider-factory.test.ts[2m > [22mprovider-factory.ts[2m > [22mgetProviderForModel[2m > [22mUnknown models[2m > [22mshould default to ClaudeProvider for unknown model[32m 1[2mms[22m[39m
 [32mÔ£ô[39m [30m[42m server [49m[39m tests/unit/providers/provider-factory.test.ts[2m > [22mprovider-factory.ts[2m > [22mgetProviderForModel[2m > [22mUnknown models[2m > [22mshould handle empty string by defaulting to ClaudeProvider[32m 1[2mms[22m[39m
 [32mÔ£ô[39m [30m[42m server [49m[39m tests/unit/providers/provider-factory.test.ts[2m > [22mprovider-factory.ts[2m > [22mgetProviderForModel[2m > [22mUnknown models[2m > [22mshould default to ClaudeProvider for completely unknown prefixes[32m 1[2mms[22m[39m
 [32mÔ£ô[39m [30m[42m server [49m[39m tests/unit/providers/provider-factory.test.ts[2m > [22mprovider-factory.ts[2m > [22mgetProviderForModel[2m > [22mCursor models via model ID lookup[2m > [22mshould return CodexProvider for gpt-5.2 (Codex model, not Cursor)[32m 1[2mms[22m[39m
[90mstdout[2m | tests/integration/services/auto-mode-service.integration.test.ts[2m > [22m[2mauto-mode-service.ts (integration)[2m > [22m[2mfeature execution[2m > [22m[2mshould prevent duplicate feature execution
[22m[39m[36mINFO [0m [34m[SettingsHelper][0m [AutoMode] SettingsService not available, autoLoadClaudeMd disabled

[90mstdout[2m | tests/integration/services/auto-mode-service.integration.test.ts[2m > [22m[2mauto-mode-service.ts (integration)[2m > [22m[2mfeature execution[2m > [22m[2mshould prevent duplicate feature execution
[22m[39m[36mINFO [0m [34m[SettingsHelper][0m [AutoMode] SettingsService not available, using default prompts

[90mstdout[2m | tests/integration/services/auto-mode-service.integration.test.ts[2m > [22m[2mauto-mode-service.ts (integration)[2m > [22m[2mfeature execution[2m > [22m[2mshould prevent duplicate feature execution
[22m[39m[MemoryLoader] Initialized memory folder at C:\Users\justus\AppData\Local\Temp\automaker-test-a9SMxC\.automaker\memory

[90mstdout[2m | tests/integration/services/auto-mode-service.integration.test.ts[2m > [22m[2mauto-mode-service.ts (integration)[2m > [22m[2mfeature execution[2m > [22m[2mshould prevent duplicate feature execution
[22m[39m[ContextLoader] Selected memory files: gotchas
[ContextLoader] Loaded 1 memory file(s)

[90mstdout[2m | tests/integration/services/auto-mode-service.integration.test.ts[2m > [22m[2mauto-mode-service.ts (integration)[2m > [22m[2mfeature execution[2m > [22m[2mshould prevent duplicate feature execution
[22m[39m[ModelResolver] resolveModelString called with modelKey: "undefined", defaultModel: "claude-opus-4-5-20251101"
[ModelResolver] No model specified, using default: claude-opus-4-5-20251101
[36mINFO [0m [34m[AutoMode][0m Executing feature feature-dup with model: claude-opus-4-5-20251101, provider: undefined in C:\Users\justus\AppData\Local\Temp\automaker-test-a9SMxC

[90mstdout[2m | tests/integration/services/auto-mode-service.integration.test.ts[2m > [22m[2mauto-mode-service.ts (integration)[2m > [22m[2mfeature execution[2m > [22m[2mshould prevent duplicate feature execution
[22m[39m[ModelResolver] resolveModelString called with modelKey: "claude-opus-4-5-20251101", defaultModel: "claude-opus-4-5-20251101"
[ModelResolver] Using full Claude model string: claude-opus-4-5-20251101
[36mINFO [0m [34m[AutoMode][0m runAgent called for feature feature-dup with model: claude-opus-4-5-20251101, planningMode: skip, requiresApproval: false
[36mINFO [0m [34m[AutoMode][0m Using provider "claude" for model "claude-opus-4-5-20251101" (bare: claude-opus-4-5-20251101)

[90mstdout[2m | tests/integration/services/auto-mode-service.integration.test.ts[2m > [22m[2mauto-mode-service.ts (integration)[2m > [22m[2mfeature execution[2m > [22m[2mshould prevent duplicate feature execution
[22m[39m[36mINFO [0m [34m[AutoMode][0m System prompt provided (310 chars), first 200 chars:
# Project Memory

The following learnings and decisions from previous work are available.
**IMPORTANT**: Review these carefully before making changes that could conflict with past decisions.

---

## ...
[36mINFO [0m [34m[AutoMode][0m Starting stream for feature feature-dup...
[36mINFO [0m [34m[AutoMode][0m Stream created, starting to iterate...

 [32mÔ£ô[39m [30m[42m server [49m[39m tests/unit/services/dev-server-service.test.ts[2m > [22mdev-server-service.ts[2m > [22mgetAllocatedPorts[2m > [22mshould return allocated ports[33m 740[2mms[22m[39m
[90mstdout[2m | tests/integration/services/auto-mode-service.integration.test.ts[2m > [22m[2mauto-mode-service.ts (integration)[2m > [22m[2mfeature execution[2m > [22m[2mshould prevent duplicate feature execution
[22m[39m[36mINFO [0m [34m[AutoMode][0m Stream message received: result success

[90mstdout[2m | tests/unit/services/dev-server-service.test.ts[2m > [22m[2mdev-server-service.ts[2m > [22m[2mstopAll[2m > [22m[2mshould stop all running servers
[22m[39m[36mINFO [0m [34m[DevServerService][0m Starting dev server on port 3001

[90mstdout[2m | tests/integration/services/auto-mode-service.integration.test.ts[2m > [22m[2mauto-mode-service.ts (integration)[2m > [22m[2mfeature execution[2m > [22m[2mshould prevent duplicate feature execution
[22m[39m[36mINFO [0m [34m[NotificationService][0m Created notification: Feature Verified for project C:\Users\justus\AppData\Local\Temp\automaker-test-a9SMxC

[90mstdout[2m | tests/integration/services/auto-mode-service.integration.test.ts[2m > [22m[2mauto-mode-service.ts (integration)[2m > [22m[2mfeature execution[2m > [22m[2mshould prevent duplicate feature execution
[22m[39m[36mINFO [0m [34m[FeatureLoader][0m No app_spec.txt found for project, skipping sync for feature feature-dup

[90mstdout[2m | tests/integration/services/auto-mode-service.integration.test.ts[2m > [22m[2mauto-mode-service.ts (integration)[2m > [22m[2mfeature execution[2m > [22m[2mshould prevent duplicate feature execution
[22m[39m[AutoMode] Skipping learning extraction - output too short (0 chars)

[90mstdout[2m | tests/integration/services/auto-mode-service.integration.test.ts[2m > [22m[2mauto-mode-service.ts (integration)[2m > [22m[2mfeature execution[2m > [22m[2mshould prevent duplicate feature execution
[22m[39m[36mINFO [0m [34m[AutoMode][0m Feature feature-dup execution ended, cleaning up runningFeatures
[36mINFO [0m [34m[AutoMode][0m Pending approvals at cleanup: none

[90mstderr[2m | tests/unit/services/pipeline-service.test.ts[2m > [22m[2mpipeline-service.ts[2m > 
[22m[2mgetPipelineConfig[2m > [22m[2mshould handle read errors gracefully
[22m[39m[31mERROR[0m [34m[PipelineService][0m Error reading 
C:\Users\justus\AppData\Local\Temp\pipeline-test-1769283938308\.automaker\pipeline.json: Error: Read error
    at 
C:/Users/justus/.gemini/antigravity/scratch/automaker/apps/server/tests/unit/services/pipeline-service.test.ts:107:21
    at 
file:///C:/Users/justus/.gemini/antigravity/scratch/automaker/node_modules/[4m@vitest/runner[24m/dist/index.js:145:11
    at 
file:///C:/Users/justus/.gemini/antigravity/scratch/automaker/node_modules/[4m@vitest/runner[24m/dist/index.js:915:26
    at file:///C:/Users/justus/.gemini/antigravity/scratch/automaker/node_modules/[4m@vitest/runner[24m/dist/index.js
:1243:20
    at new Promise (<anonymous>)
    at runWithTimeout (file:///C:/Users/justus/.gemini/antigravity/scratch/automaker/node_modules/[4m@vitest/runner[2
4m/dist/index.js:1209:10)
    at file:///C:/Users/justus/.gemini/antigravity/scratch/automaker/node_modules/[4m@vitest/runner[24m/dist/index.js
:1653:37
    at Traces.$ (file:///C:/Users/justus/.gemini/antigravity/scratch/automaker/node_modules/[4mvitest[24m/dist/chunks
/traces.U4xDYhzZ.js:115:27)
    at trace (file:///C:/Users/justus/.gemini/antigravity/scratch/automaker/node_modules/[4mvitest[24m/dist/chunks/te
st.B8ej_ZHS.js:239:21)
    at runTest (file:///C:/Users/justus/.gemini/antigravity/scratch/automaker/node_modules/[4m@vitest/runner[24m/dist
/index.js:1653:12)

[90mstdout[2m | tests/unit/services/pipeline-service.test.ts[2m > [22m[2mpipeline-service.ts[2m > [22m[2msavePipelineConfig[2m > [22m[2mshould save config to file
[22m[39m[36mINFO [0m [34m[PipelineService][0m Pipeline config saved for project: C:\Users\justus\AppData\Local\Temp\pipeline-test-1769283938330

[90mstdout[2m | tests/unit/services/pipeline-service.test.ts[2m > [22m[2mpipeline-service.ts[2m > [22m[2msavePipelineConfig[2m > [22m[2mshould use atomic write pattern
[22m[39m[36mINFO [0m [34m[PipelineService][0m Pipeline config saved for project: C:\Users\justus\AppData\Local\Temp\pipeline-test-1769283938341

[90mstdout[2m | tests/unit/services/pipeline-service.test.ts[2m > [22m[2mpipeline-service.ts[2m > [22m[2maddStep[2m > [22m[2mshould add a new step to config
[22m[39m[36mINFO [0m [34m[PipelineService][0m Pipeline config saved for project: C:\Users\justus\AppData\Local\Temp\pipeline-test-1769283938354

[90mstdout[2m | tests/unit/services/pipeline-service.test.ts[2m > [22m[2mpipeline-service.ts[2m > [22m[2maddStep[2m > [22m[2mshould add a new step to config
[22m[39m[36mINFO [0m [34m[PipelineService][0m Pipeline step added: New Step (step_mkspz41i_n3895a)

[90mstdout[2m | tests/unit/services/pipeline-service.test.ts[2m > [22m[2mpipeline-service.ts[2m > [22m[2maddStep[2m > [22m[2mshould normalize order values after adding step
[22m[39m[36mINFO [0m [34m[PipelineService][0m Pipeline config saved for project: C:\Users\justus\AppData\Local\Temp\pipeline-test-1769283938364

[90mstdout[2m | tests/unit/services/pipeline-service.test.ts[2m > [22m[2mpipeline-service.ts[2m > [22m[2maddStep[2m > [22m[2mshould normalize order values after adding step
[22m[39m[36mINFO [0m [34m[PipelineService][0m Pipeline step added: New Step (step_mkspz41q_jfitbt)

 [32mÔ£ô[39m [30m[42m server [49m[39m tests/unit/services/pipeline-service.test.ts[2m > [22mpipeline-service.ts[2m > [22mgetPipelineConfig[2m > [22mshould return default config when file does not exist[32m 19[2mms[22m[39m
 [32mÔ£ô[39m [30m[42m server [49m[39m tests/unit/services/pipeline-service.test.ts[2m > [22mpipeline-service.ts[2m > [22mgetPipelineConfig[2m > [22mshould read and return existing config[32m 10[2mms[22m[39m
 [32mÔ£ô[39m [30m[42m server [49m[39m tests/unit/services/pipeline-service.test.ts[2m > [22mpipeline-service.ts[2m > [22mgetPipelineConfig[2m > [22mshould merge with defaults for missing properties[32m 5[2mms[22m[39m
 [32mÔ£ô[39m [30m[42m server [49m[39m tests/unit/services/pipeline-service.test.ts[2m > [22mpipeline-service.ts[2m > [22mgetPipelineConfig[2m > [22mshould handle read errors gracefully[32m 21[2mms[22m[39m
 [32mÔ£ô[39m [30m[42m server [49m[39m tests/unit/services/pipeline-service.test.ts[2m > [22mpipeline-service.ts[2m > [22msavePipelineConfig[2m > [22mshould save config to file[32m 11[2mms[22m[39m
 [32mÔ£ô[39m [30m[42m server [49m[39m tests/unit/services/pipeline-service.test.ts[2m > [22mpipeline-service.ts[2m > [22msavePipelineConfig[2m > [22mshould use atomic write pattern[32m 5[2mms[22m[39m
 [32mÔ£ô[39m [30m[42m server [49m[39m tests/unit/services/pipeline-service.test.ts[2m > [22mpipeline-service.ts[2m > [22msavePipelineConfig[2m > [22mshould clean up temp file on write error[32m 8[2mms[22m[39m
 [32mÔ£ô[39m [30m[42m server [49m[39m tests/unit/services/pipeline-service.test.ts[2m > [22mpipeline-service.ts[2m > [22maddStep[2m > [22mshould add a new step to config[32m 10[2mms[22m[39m
[90mstdout[2m | tests/unit/services/pipeline-service.test.ts[2m > [22m[2mpipeline-service.ts[2m > [22m[2maddStep[2m > [22m[2mshould sort steps by order before normalizing
[22m[39m[36mINFO [0m [34m[PipelineService][0m Pipeline config saved for project: C:\Users\justus\AppData\Local\Temp\pipeline-test-1769283938380

[90mstdout[2m | tests/unit/services/pipeline-service.test.ts[2m > [22m[2mpipeline-service.ts[2m > [22m[2maddStep[2m > [22m[2mshould sort steps by order before normalizing
[22m[39m[36mINFO [0m [34m[PipelineService][0m Pipeline step added: New Step (step_mkspz425_7owzpj)

[90mstdout[2m | tests/unit/services/pipeline-service.test.ts[2m > [22m[2mpipeline-service.ts[2m > [22m[2mupdateStep[2m > [22m[2mshould update an existing step
[22m[39m[36mINFO [0m [34m[PipelineService][0m Pipeline config saved for project: C:\Users\justus\AppData\Local\Temp\pipeline-test-1769283938387

[90mstdout[2m | tests/unit/services/pipeline-service.test.ts[2m > [22m[2mpipeline-service.ts[2m > [22m[2mupdateStep[2m > [22m[2mshould update an existing step
[22m[39m[36mINFO [0m [34m[PipelineService][0m Pipeline step updated: step1

[90mstdout[2m | tests/unit/services/pipeline-service.test.ts[2m > [22m[2mpipeline-service.ts[2m > [22m[2mupdateStep[2m > [22m[2mshould preserve createdAt when updating
[22m[39m[36mINFO [0m [34m[PipelineService][0m Pipeline config saved for project: C:\Users\justus\AppData\Local\Temp\pipeline-test-1769283938400

[90mstdout[2m | tests/unit/services/pipeline-service.test.ts[2m > [22m[2mpipeline-service.ts[2m > [22m[2mupdateStep[2m > [22m[2mshould preserve createdAt when updating
[22m[39m[36mINFO [0m [34m[PipelineService][0m Pipeline step updated: step1

[90mstdout[2m | tests/unit/services/pipeline-service.test.ts[2m > [22m[2mpipeline-service.ts[2m > [22m[2mdeleteStep[2m > [22m[2mshould delete an existing step
[22m[39m[36mINFO [0m [34m[PipelineService][0m Pipeline config saved for project: C:\Users\justus\AppData\Local\Temp\pipeline-test-1769283938404

[90mstdout[2m | tests/unit/services/pipeline-service.test.ts[2m > [22m[2mpipeline-service.ts[2m > [22m[2mdeleteStep[2m > [22m[2mshould delete an existing step
[22m[39m[36mINFO [0m [34m[PipelineService][0m Pipeline step deleted: step1

[90mstdout[2m | tests/unit/services/pipeline-service.test.ts[2m > [22m[2mpipeline-service.ts[2m > [22m[2mdeleteStep[2m > [22m[2mshould normalize order values after deletion
[22m[39m[36mINFO [0m [34m[PipelineService][0m Pipeline config saved for project: C:\Users\justus\AppData\Local\Temp\pipeline-test-1769283938412

[90mstdout[2m | tests/unit/services/pipeline-service.test.ts[2m > [22m[2mpipeline-service.ts[2m > [22m[2mdeleteStep[2m > [22m[2mshould normalize order values after deletion
[22m[39m[36mINFO [0m [34m[PipelineService][0m Pipeline step deleted: step2

[90mstdout[2m | tests/unit/services/pipeline-service.test.ts[2m > [22m[2mpipeline-service.ts[2m > [22m[2mreorderSteps[2m > [22m[2mshould reorder steps according to stepIds array
[22m[39m[36mINFO [0m [34m[PipelineService][0m Pipeline config saved for project: C:\Users\justus\AppData\Local\Temp\pipeline-test-1769283938426

[90mstdout[2m | tests/unit/services/pipeline-service.test.ts[2m > [22m[2mpipeline-service.ts[2m > [22m[2mreorderSteps[2m > [22m[2mshould reorder steps according to stepIds array
[22m[39m[36mINFO [0m [34m[PipelineService][0m Pipeline steps reordered

[90mstdout[2m | tests/unit/services/pipeline-service.test.ts[2m > [22m[2mpipeline-service.ts[2m > [22m[2mreorderSteps[2m > [22m[2mshould update updatedAt timestamp for reordered steps
[22m[39m[36mINFO [0m [34m[PipelineService][0m Pipeline config saved for project: C:\Users\justus\AppData\Local\Temp\pipeline-test-1769283938431

[90mstdout[2m | tests/unit/services/pipeline-service.test.ts[2m > [22m[2mpipeline-service.ts[2m > [22m[2mreorderSteps[2m > [22m[2mshould update updatedAt timestamp for reordered steps
[22m[39m[36mINFO [0m [34m[PipelineService][0m Pipeline steps reordered

[90mstdout[2m | tests/unit/services/pipeline-service.test.ts[2m > [22m[2mpipeline-service.ts[2m > [22m[2mreorderSteps[2m > [22m[2mshould allow partial reordering (filtering steps)
[22m[39m[36mINFO [0m [34m[PipelineService][0m Pipeline config saved for project: C:\Users\justus\AppData\Local\Temp\pipeline-test-1769283938442

[90mstdout[2m | tests/unit/services/pipeline-service.test.ts[2m > [22m[2mpipeline-service.ts[2m > [22m[2mreorderSteps[2m > [22m[2mshould allow partial reordering (filtering steps)
[22m[39m[36mINFO [0m [34m[PipelineService][0m Pipeline steps reordered

 [32mÔ£ô[39m [30m[42m server [49m[39m tests/unit/services/pipeline-service.test.ts[2m > [22mpipeline-service.ts[2m > [22maddStep[2m > [22mshould normalize order values after adding step[32m 16[2mms[22m[39m
 [32mÔ£ô[39m [30m[42m server [49m[39m tests/unit/services/pipeline-service.test.ts[2m > [22mpipeline-service.ts[2m > [22maddStep[2m > [22mshould sort steps by order before normalizing[32m 8[2mms[22m[39m
 [32mÔ£ô[39m [30m[42m server [49m[39m tests/unit/services/pipeline-service.test.ts[2m > [22mpipeline-service.ts[2m > [22mupdateStep[2m > [22mshould update an existing step[32m 6[2mms[22m[39m
 [32mÔ£ô[39m [30m[42m server [49m[39m tests/unit/services/pipeline-service.test.ts[2m > [22mpipeline-service.ts[2m > [22mupdateStep[2m > [22mshould throw error if step not found[32m 7[2mms[22m[39m
 [32mÔ£ô[39m [30m[42m server [49m[39m tests/unit/services/pipeline-service.test.ts[2m > [22mpipeline-service.ts[2m > [22mupdateStep[2m > [22mshould preserve createdAt when updating[32m 4[2mms[22m[39m
 [32mÔ£ô[39m [30m[42m server [49m[39m tests/unit/services/pipeline-service.test.ts[2m > [22mpipeline-service.ts[2m > [22mdeleteStep[2m > [22mshould delete an existing step[32m 4[2mms[22m[39m
 [32mÔ£ô[39m [30m[42m server [49m[39m tests/unit/services/pipeline-service.test.ts[2m > [22mpipeline-service.ts[2m > [22mdeleteStep[2m > [22mshould throw error if step not found[32m 3[2mms[22m[39m
 [32mÔ£ô[39m [30m[42m server [49m[39m tests/unit/services/pipeline-service.test.ts[2m > [22mpipeline-service.ts[2m > [22mdeleteStep[2m > [22mshould normalize order values after deletion[32m 15[2mms[22m[39m
 [32mÔ£ô[39m [30m[42m server [49m[39m tests/unit/services/pipeline-service.test.ts[2m > [22mpipeline-service.ts[2m > [22mreorderSteps[2m > [22mshould reorder steps according to stepIds array[32m 5[2mms[22m[39m
 [32mÔ£ô[39m [30m[42m server [49m[39m tests/unit/services/pipeline-service.test.ts[2m > [22mpipeline-service.ts[2m > [22mreorderSteps[2m > [22mshould update updatedAt timestamp for reordered steps[32m 8[2mms[22m[39m
 [32mÔ£ô[39m [30m[42m server [49m[39m tests/unit/services/pipeline-service.test.ts[2m > [22mpipeline-service.ts[2m > [22mreorderSteps[2m > [22mshould throw error if step ID not found[32m 3[2mms[22m[39m
 [32mÔ£ô[39m [30m[42m server [49m[39m tests/unit/services/pipeline-service.test.ts[2m > [22mpipeline-service.ts[2m > [22mreorderSteps[2m > [22mshould allow partial reordering (filtering steps)[32m 4[2mms[22m[39m
 [32mÔ£ô[39m [30m[42m server [49m[39m tests/unit/services/pipeline-service.test.ts[2m > [22mpipeline-service.ts[2m > [22mgetNextStatus[2m > [22mshould return waiting_approval when no pipeline and skipTests is true[32m 3[2mms[22m[39m
 [32mÔ£ô[39m [30m[42m server [49m[39m tests/unit/services/pipeline-service.test.ts[2m > [22mpipeline-service.ts[2m > [22mgetNextStatus[2m > [22mshould return verified when no pipeline and skipTests is false[32m 3[2mms[22m[39m
 [32mÔ£ô[39m [30m[42m server [49m[39m tests/unit/services/pipeline-service.test.ts[2m > [22mpipeline-service.ts[2m > [22mgetNextStatus[2m > [22mshould return first pipeline step when coming from in_progress[32m 2[2mms[22m[39m
 [32mÔ£ô[39m [30m[42m server [49m[39m tests/unit/services/pipeline-service.test.ts[2m > [22mpipeline-service.ts[2m > [22mgetNextStatus[2m > [22mshould go to next pipeline step when in middle of pipeline[32m 2[2mms[22m[39m
 [32mÔ£ô[39m [30m[42m server [49m[39m tests/unit/services/pipeline-service.test.ts[2m > [22mpipeline-service.ts[2m > [22mgetNextStatus[2m > [22mshould go to final status when completing last pipeline step[32m 2[2mms[22m[39m
 [32mÔ£ô[39m [30m[42m server [49m[39m tests/unit/services/pipeline-service.test.ts[2m > [22mpipeline-service.ts[2m > [22mgetNextStatus[2m > [22mshould go to waiting_approval when completing last step with skipTests[32m 2[2mms[22m[39m
 [32mÔ£ô[39m [30m[42m server [49m[39m tests/unit/services/pipeline-service.test.ts[2m > [22mpipeline-service.ts[2m > [22mgetNextStatus[2m > [22mshould handle invalid pipeline step ID gracefully[32m 2[2mms[22m[39m
 [32mÔ£ô[39m [30m[42m server [49m[39m tests/unit/services/pipeline-service.test.ts[2m > [22mpipeline-service.ts[2m > [22mgetNextStatus[2m > [22mshould preserve other statuses unchanged[32m 2[2mms[22m[39m
 [32mÔ£ô[39m [30m[42m server [49m[39m tests/unit/services/pipeline-service.test.ts[2m > [22mpipeline-service.ts[2m > [22mgetNextStatus[2m > [22mshould sort steps by order when determining next status[32m 2[2mms[22m[39m
 [32mÔ£ô[39m [30m[42m server [49m[39m tests/unit/services/pipeline-service.test.ts[2m > [22mpipeline-service.ts[2m > [22mgetStep[2m > [22mshould return step by ID[32m 5[2mms[22m[39m
 [32mÔ£ô[39m [30m[42m server [49m[39m tests/unit/services/pipeline-service.test.ts[2m > [22mpipeline-service.ts[2m > [22mgetStep[2m > [22mshould return null if step not found[32m 2[2mms[22m[39m
 [32mÔ£ô[39m [30m[42m server [49m[39m tests/unit/services/pipeline-service.test.ts[2m > [22mpipeline-service.ts[2m > [22misPipelineStatus[2m > [22mshould return true for pipeline statuses[32m 3[2mms[22m[39m
 [32mÔ£ô[39m [30m[42m server [49m[39m tests/unit/services/pipeline-service.test.ts[2m > [22mpipeline-service.ts[2m > [22misPipelineStatus[2m > [22mshould return false for non-pipeline statuses[32m 8[2mms[22m[39m
 [32mÔ£ô[39m [30m[42m server [49m[39m tests/unit/services/pipeline-service.test.ts[2m > [22mpipeline-service.ts[2m > [22mgetStepIdFromStatus[2m > [22mshould extract step ID from pipeline status[32m 2[2mms[22m[39m
 [32mÔ£ô[39m [30m[42m server [49m[39m tests/unit/services/pipeline-service.test.ts[2m > [22mpipeline-service.ts[2m > [22mgetStepIdFromStatus[2m > [22mshould return null for non-pipeline statuses[32m 3[2mms[22m[39m
 [32mÔ£ô[39m [30m[42m server [49m[39m tests/integration/services/auto-mode-service.integration.test.ts[2m > [22mauto-mode-service.ts (integration)[2m > [22mfeature execution[2m > [22mshould prevent duplicate feature execution[33m 1521[2mms[22m[39m
 [32mÔ£ô[39m [30m[42m server [49m[39m tests/unit/providers/provider-factory.test.ts[2m > [22mprovider-factory.ts[2m > [22mgetProviderForModel[2m > [22mCursor models via model ID lookup[2m > [22mshould return CursorProvider for grok (valid Cursor model)[33m 1215[2mms[22m[39m
[90mstdout[2m | tests/unit/services/dev-server-service.test.ts[2m > [22m[2mdev-server-service.ts[2m > [22m[2mstopAll[2m > [22m[2mshould stop all running servers
[22m[39m[36mINFO [0m [34m[DevServerService][0m Stopping all 1 dev servers
[36mINFO [0m [34m[DevServerService][0m Stopping dev server for C:\Users\justus\AppData\Local\Temp\dev-server-test-1769283938014

 [32mÔ£ô[39m [30m[42m server [49m[39m tests/unit/services/dev-server-service.test.ts[2m > [22mdev-server-service.ts[2m > [22mstopAll[2m > [22mshould stop all running servers[33m 751[2mms[22m[39m
[90mstdout[2m | tests/unit/services/agent-service.test.ts[2m > [22m[2magent-service.ts[2m > [22m[2msendMessage[2m > [22m[2mshould process message and stream responses
[22m[39m[ModelResolver] resolveModelString called with modelKey: "claude-haiku-4-5-20251001", defaultModel: "claude-opus-4-5-20251101"
[ModelResolver] Using full Claude model string: claude-haiku-4-5-20251001

[90mstdout[2m | tests/unit/services/agent-service.test.ts[2m > [22m[2magent-service.ts[2m > [22m[2msendMessage[2m > [22m[2mshould handle images in message
[22m[39m[ModelResolver] resolveModelString called with modelKey: "claude-haiku-4-5-20251001", defaultModel: "claude-opus-4-5-20251101"
[ModelResolver] Using full Claude model string: claude-haiku-4-5-20251001

[90mstdout[2m | tests/unit/services/agent-service.test.ts[2m > [22m[2magent-service.ts[2m > [22m[2msendMessage[2m > [22m[2mshould handle failed image loading gracefully
[22m[39m[ModelResolver] resolveModelString called with modelKey: "claude-haiku-4-5-20251001", defaultModel: "claude-opus-4-5-20251101"
[ModelResolver] Using full Claude model string: claude-haiku-4-5-20251001

[90mstdout[2m | tests/unit/services/agent-service.test.ts[2m > [22m[2magent-service.ts[2m > [22m[2msendMessage[2m > [22m[2mshould use custom model if provided
[22m[39m[ModelResolver] resolveModelString called with modelKey: "claude-sonnet-4-20250514", defaultModel: "claude-opus-4-5-20251101"
[ModelResolver] Using full Claude model string: claude-sonnet-4-20250514

[90mstdout[2m | tests/unit/services/agent-service.test.ts[2m > [22m[2magent-service.ts[2m > [22m[2msendMessage[2m > [22m[2mshould save session messages
[22m[39m[ModelResolver] resolveModelString called with modelKey: "claude-haiku-4-5-20251001", defaultModel: "claude-opus-4-5-20251101"
[ModelResolver] Using full Claude model string: claude-haiku-4-5-20251001

 [32mÔ£ô[39m [30m[42m server [49m[39m tests/unit/services/agent-service.test.ts[2m > [22magent-service.ts[2m > [22minitialize[2m > [22mshould create state directory[32m 16[2mms[22m[39m
 [32mÔ£ô[39m [30m[42m server [49m[39m tests/unit/services/agent-service.test.ts[2m > [22magent-service.ts[2m > [22mstartConversation[2m > [22mshould create new session with empty messages[32m 3[2mms[22m[39m
 [32mÔ£ô[39m [30m[42m server [49m[39m tests/unit/services/agent-service.test.ts[2m > [22magent-service.ts[2m > [22mstartConversation[2m > [22mshould load existing session[32m 29[2mms[22m[39m
 [32mÔ£ô[39m [30m[42m server [49m[39m tests/unit/services/agent-service.test.ts[2m > [22magent-service.ts[2m > [22mstartConversation[2m > [22mshould use process.cwd() if no working directory provided[32m 2[2mms[22m[39m
 [32mÔ£ô[39m [30m[42m server [49m[39m tests/unit/services/agent-service.test.ts[2m > [22magent-service.ts[2m > [22mstartConversation[2m > [22mshould reuse existing session if already started[32m 2[2mms[22m[39m
 [32mÔ£ô[39m [30m[42m server [49m[39m tests/unit/services/agent-service.test.ts[2m > [22magent-service.ts[2m > [22msendMessage[2m > [22mshould throw if session not found[32m 6[2mms[22m[39m
 [32mÔ£ô[39m [30m[42m server [49m[39m tests/unit/services/agent-service.test.ts[2m > [22magent-service.ts[2m > [22msendMessage[2m > [22mshould process message and stream responses[32m 10[2mms[22m[39m
 [32mÔ£ô[39m [30m[42m server [49m[39m tests/unit/services/agent-service.test.ts[2m > [22magent-service.ts[2m > [22msendMessage[2m > [22mshould handle images in message[32m 8[2mms[22m[39m
 [32mÔ£ô[39m [30m[42m server [49m[39m tests/unit/services/agent-service.test.ts[2m > [22magent-service.ts[2m > [22msendMessage[2m > [22mshould handle failed image loading gracefully[32m 12[2mms[22m[39m
 [32mÔ£ô[39m [30m[42m server [49m[39m tests/unit/services/agent-service.test.ts[2m > [22magent-service.ts[2m > [22msendMessage[2m > [22mshould use custom model if provided[32m 4[2mms[22m[39m
 [32mÔ£ô[39m [30m[42m server [49m[39m tests/unit/services/agent-service.test.ts[2m > [22magent-service.ts[2m > [22msendMessage[2m > [22mshould save session messages[32m 4[2mms[22m[39m
[90mstdout[2m | tests/unit/services/agent-service.test.ts[2m > [22m[2magent-service.ts[2m > [22m[2mcreateSession[2m > [22m[2mshould validate working directory
[22m[39m[Security] Ô£ô ALLOWED_ROOT_DIRECTORY configured: C:\allowed\projects
[Security] Ô£ô DATA_DIR configured: C:\tmp\test-data

[90mstdout[2m | tests/unit/services/agent-service.test.ts[2m > [22m[2magent-service.ts[2m > [22m[2mcreateSession[2m > [22m[2mshould validate working directory
[22m[39m[Security] ÔÜá´©Å  ALLOWED_ROOT_DIRECTORY not set - allowing access to all paths
[Security] Ô£ô DATA_DIR configured: C:\tmp\test-data

 [32mÔ£ô[39m [30m[42m server [49m[39m tests/unit/services/agent-service.test.ts[2m > [22magent-service.ts[2m > [22mstopExecution[2m > [22mshould stop execution for a session[32m 2[2mms[22m[39m
 [32mÔ£ô[39m [30m[42m server [49m[39m tests/unit/services/agent-service.test.ts[2m > [22magent-service.ts[2m > [22mgetHistory[2m > [22mshould return message history[32m 1[2mms[22m[39m
 [32mÔ£ô[39m [30m[42m server [49m[39m tests/unit/services/agent-service.test.ts[2m > [22magent-service.ts[2m > [22mgetHistory[2m > [22mshould handle non-existent session[32m 11[2mms[22m[39m
 [32mÔ£ô[39m [30m[42m server [49m[39m tests/unit/services/agent-service.test.ts[2m > [22magent-service.ts[2m > [22mclearSession[2m > [22mshould clear session messages[32m 2[2mms[22m[39m
 [32mÔ£ô[39m [30m[42m server [49m[39m tests/unit/services/agent-service.test.ts[2m > [22magent-service.ts[2m > [22mcreateSession[2m > [22mshould create a new session with metadata[32m 2[2mms[22m[39m
 [32mÔ£ô[39m [30m[42m server [49m[39m tests/unit/services/agent-service.test.ts[2m > [22magent-service.ts[2m > [22mcreateSession[2m > [22mshould use process.cwd() if no working directory provided[32m 1[2mms[22m[39m
 [32mÔ£ô[39m [30m[42m server [49m[39m tests/unit/services/agent-service.test.ts[2m > [22magent-service.ts[2m > [22mcreateSession[2m > [22mshould validate working directory[32m 42[2mms[22m[39m
 [32mÔ£ô[39m [30m[42m server [49m[39m tests/unit/services/agent-service.test.ts[2m > [22magent-service.ts[2m > [22msetSessionModel[2m > [22mshould set model for existing session[32m 2[2mms[22m[39m
 [32mÔ£ô[39m [30m[42m server [49m[39m tests/unit/services/agent-service.test.ts[2m > [22magent-service.ts[2m > [22msetSessionModel[2m > [22mshould return false for non-existent session[32m 1[2mms[22m[39m
 [32mÔ£ô[39m [30m[42m server [49m[39m tests/unit/services/agent-service.test.ts[2m > [22magent-service.ts[2m > [22mupdateSession[2m > [22mshould update session metadata[32m 1[2mms[22m[39m
 [32mÔ£ô[39m [30m[42m server [49m[39m tests/unit/services/agent-service.test.ts[2m > [22magent-service.ts[2m > [22mupdateSession[2m > [22mshould return null for non-existent session[32m 1[2mms[22m[39m
 [32mÔ£ô[39m [30m[42m server [49m[39m tests/unit/services/agent-service.test.ts[2m > [22magent-service.ts[2m > [22marchiveSession[2m > [22mshould archive a session[32m 1[2mms[22m[39m
 [32mÔ£ô[39m [30m[42m server [49m[39m tests/unit/services/agent-service.test.ts[2m > [22magent-service.ts[2m > [22marchiveSession[2m > [22mshould return false for non-existent session[32m 1[2mms[22m[39m
 [32mÔ£ô[39m [30m[42m server [49m[39m tests/unit/services/agent-service.test.ts[2m > [22magent-service.ts[2m > [22munarchiveSession[2m > [22mshould unarchive a session[32m 1[2mms[22m[39m
 [32mÔ£ô[39m [30m[42m server [49m[39m tests/unit/services/agent-service.test.ts[2m > [22magent-service.ts[2m > [22munarchiveSession[2m > [22mshould return false for non-existent session[32m 1[2mms[22m[39m
 [32mÔ£ô[39m [30m[42m server [49m[39m tests/unit/services/agent-service.test.ts[2m > [22magent-service.ts[2m > [22mdeleteSession[2m > [22mshould delete a session[32m 1[2mms[22m[39m
 [32mÔ£ô[39m [30m[42m server [49m[39m tests/unit/services/agent-service.test.ts[2m > [22magent-service.ts[2m > [22mdeleteSession[2m > [22mshould return false for non-existent session[32m 1[2mms[22m[39m
 [32mÔ£ô[39m [30m[42m server [49m[39m tests/unit/services/agent-service.test.ts[2m > [22magent-service.ts[2m > [22mlistSessions[2m > [22mshould list non-archived sessions by default[32m 1[2mms[22m[39m
 [32mÔ£ô[39m [30m[42m server [49m[39m tests/unit/services/agent-service.test.ts[2m > [22magent-service.ts[2m > [22mlistSessions[2m > [22mshould include archived sessions when requested[32m 1[2mms[22m[39m
 [32mÔ£ô[39m [30m[42m server [49m[39m tests/unit/services/agent-service.test.ts[2m > [22magent-service.ts[2m > [22mlistSessions[2m > [22mshould sort sessions by updatedAt descending[32m 1[2mms[22m[39m
 [32mÔ£ô[39m [30m[42m server [49m[39m tests/unit/services/agent-service.test.ts[2m > [22magent-service.ts[2m > [22maddToQueue[2m > [22mshould add prompt to queue[32m 2[2mms[22m[39m
 [32mÔ£ô[39m [30m[42m server [49m[39m tests/unit/services/agent-service.test.ts[2m > [22magent-service.ts[2m > [22maddToQueue[2m > [22mshould return error for non-existent session[32m 1[2mms[22m[39m
 [32mÔ£ô[39m [30m[42m server [49m[39m tests/unit/services/agent-service.test.ts[2m > [22magent-service.ts[2m > [22mgetQueue[2m > [22mshould return queue for session[32m 5[2mms[22m[39m
 [32mÔ£ô[39m [30m[42m server [49m[39m tests/unit/services/agent-service.test.ts[2m > [22magent-service.ts[2m > [22mgetQueue[2m > [22mshould return error for non-existent session[32m 1[2mms[22m[39m
 [32mÔ£ô[39m [30m[42m server [49m[39m tests/unit/services/agent-service.test.ts[2m > [22magent-service.ts[2m > [22mremoveFromQueue[2m > [22mshould remove prompt from queue[32m 2[2mms[22m[39m
 [32mÔ£ô[39m [30m[42m server [49m[39m tests/unit/services/agent-service.test.ts[2m > [22magent-service.ts[2m > [22mremoveFromQueue[2m > [22mshould return error for non-existent session[32m 1[2mms[22m[39m
 [32mÔ£ô[39m [30m[42m server [49m[39m tests/unit/services/agent-service.test.ts[2m > [22magent-service.ts[2m > [22mremoveFromQueue[2m > [22mshould return error for non-existent prompt[32m 5[2mms[22m[39m
 [32mÔ£ô[39m [30m[42m server [49m[39m tests/unit/services/agent-service.test.ts[2m > [22magent-service.ts[2m > [22mclearQueue[2m > [22mshould clear all prompts from queue[32m 2[2mms[22m[39m
 [32mÔ£ô[39m [30m[42m server [49m[39m tests/unit/services/agent-service.test.ts[2m > [22magent-service.ts[2m > [22mclearQueue[2m > [22mshould return error for non-existent session[32m 2[2mms[22m[39m
[90mstdout[2m | tests/integration/services/auto-mode-service.integration.test.ts[2m > [22m[2mauto-mode-service.ts (integration)[2m > [22m[2mfeature execution[2m > [22m[2mshould use feature-specific model
[22m[39m[36mINFO [0m [34m[SettingsHelper][0m [AutoMode] SettingsService not available, autoLoadClaudeMd disabled

[90mstdout[2m | tests/integration/services/auto-mode-service.integration.test.ts[2m > [22m[2mauto-mode-service.ts (integration)[2m > [22m[2mfeature execution[2m > [22m[2mshould use feature-specific model
[22m[39m[36mINFO [0m [34m[SettingsHelper][0m [AutoMode] SettingsService not available, using default prompts

[90mstdout[2m | tests/integration/services/auto-mode-service.integration.test.ts[2m > [22m[2mauto-mode-service.ts (integration)[2m > [22m[2mfeature execution[2m > [22m[2mshould use feature-specific model
[22m[39m[MemoryLoader] Initialized memory folder at C:\Users\justus\AppData\Local\Temp\automaker-test-wmJGZr\.automaker\memory

[90mstdout[2m | tests/integration/services/auto-mode-service.integration.test.ts[2m > [22m[2mauto-mode-service.ts (integration)[2m > [22m[2mfeature execution[2m > [22m[2mshould use feature-specific model
[22m[39m[ContextLoader] Selected memory files: gotchas
[ContextLoader] Loaded 1 memory file(s)

[90mstdout[2m | tests/integration/services/auto-mode-service.integration.test.ts[2m > [22m[2mauto-mode-service.ts (integration)[2m > [22m[2mfeature execution[2m > [22m[2mshould use feature-specific model
[22m[39m[ModelResolver] resolveModelString called with modelKey: "claude-sonnet-4-20250514", defaultModel: "claude-opus-4-5-20251101"
[ModelResolver] Using full Claude model string: claude-sonnet-4-20250514
[36mINFO [0m [34m[AutoMode][0m Executing feature feature-model with model: claude-sonnet-4-20250514, provider: undefined in C:\Users\justus\AppData\Local\Temp\automaker-test-wmJGZr

[90mstdout[2m | tests/integration/services/auto-mode-service.integration.test.ts[2m > [22m[2mauto-mode-service.ts (integration)[2m > [22m[2mfeature execution[2m > [22m[2mshould use feature-specific model
[22m[39m[ModelResolver] resolveModelString called with modelKey: "claude-sonnet-4-20250514", defaultModel: "claude-opus-4-5-20251101"
[ModelResolver] Using full Claude model string: claude-sonnet-4-20250514
[36mINFO [0m [34m[AutoMode][0m runAgent called for feature feature-model with model: claude-sonnet-4-20250514, planningMode: skip, requiresApproval: false
[36mINFO [0m [34m[AutoMode][0m Using provider "claude" for model "claude-sonnet-4-20250514" (bare: claude-sonnet-4-20250514)

[90mstdout[2m | tests/integration/services/auto-mode-service.integration.test.ts[2m > [22m[2mauto-mode-service.ts (integration)[2m > [22m[2mfeature execution[2m > [22m[2mshould use feature-specific model
[22m[39m[36mINFO [0m [34m[AutoMode][0m System prompt provided (310 chars), first 200 chars:
# Project Memory

The following learnings and decisions from previous work are available.
**IMPORTANT**: Review these carefully before making changes that could conflict with past decisions.

---

## ...
[36mINFO [0m [34m[AutoMode][0m Starting stream for feature feature-model...
[36mINFO [0m [34m[AutoMode][0m Stream created, starting to iterate...

[90mstdout[2m | tests/integration/services/auto-mode-service.integration.test.ts[2m > [22m[2mauto-mode-service.ts (integration)[2m > [22m[2mfeature execution[2m > [22m[2mshould use feature-specific model
[22m[39m[36mINFO [0m [34m[AutoMode][0m Stream message received: result success

[90mstdout[2m | tests/integration/services/auto-mode-service.integration.test.ts[2m > [22m[2mauto-mode-service.ts (integration)[2m > [22m[2mfeature execution[2m > [22m[2mshould use feature-specific model
[22m[39m[36mINFO [0m [34m[NotificationService][0m Created notification: Feature Verified for project C:\Users\justus\AppData\Local\Temp\automaker-test-wmJGZr

[90mstdout[2m | tests/integration/services/auto-mode-service.integration.test.ts[2m > [22m[2mauto-mode-service.ts (integration)[2m > [22m[2mfeature execution[2m > [22m[2mshould use feature-specific model
[22m[39m[36mINFO [0m [34m[FeatureLoader][0m No app_spec.txt found for project, skipping sync for feature feature-model

[90mstdout[2m | tests/integration/services/auto-mode-service.integration.test.ts[2m > [22m[2mauto-mode-service.ts (integration)[2m > [22m[2mfeature execution[2m > [22m[2mshould use feature-specific model
[22m[39m[AutoMode] Skipping learning extraction - output too short (0 chars)

[90mstdout[2m | tests/integration/services/auto-mode-service.integration.test.ts[2m > [22m[2mauto-mode-service.ts (integration)[2m > [22m[2mfeature execution[2m > [22m[2mshould use feature-specific model
[22m[39m[36mINFO [0m [34m[AutoMode][0m Feature feature-model execution ended, cleaning up runningFeatures
[36mINFO [0m [34m[AutoMode][0m Pending approvals at cleanup: none

 [32mÔ£ô[39m [30m[42m server [49m[39m tests/integration/services/auto-mode-service.integration.test.ts[2m > [22mauto-mode-service.ts (integration)[2m > [22mfeature execution[2m > [22mshould use feature-specific model[33m 1051[2mms[22m[39m
 [32mÔ£ô[39m [30m[42m server [49m[39m tests/unit/services/claude-usage-service.test.ts[2m > [22mclaude-usage-service.ts[2m > [22misAvailable[2m > [22mshould return true when Claude CLI is available[32m 9[2mms[22m[39m
 [32mÔ£ô[39m [30m[42m server [49m[39m tests/unit/services/claude-usage-service.test.ts[2m > [22mclaude-usage-service.ts[2m > [22misAvailable[2m > [22mshould return false when Claude CLI is not available[32m 2[2mms[22m[39m
 [32mÔ£ô[39m [30m[42m server [49m[39m tests/unit/services/claude-usage-service.test.ts[2m > [22mclaude-usage-service.ts[2m > [22misAvailable[2m > [22mshould return false on error[32m 2[2mms[22m[39m
 [32mÔ£ô[39m [30m[42m server [49m[39m tests/unit/services/claude-usage-service.test.ts[2m > [22mclaude-usage-service.ts[2m > [22misAvailable[2m > [22mshould use 'where' command on Windows[32m 2[2mms[22m[39m
 [32mÔ£ô[39m [30m[42m server [49m[39m tests/unit/services/claude-usage-service.test.ts[2m > [22mclaude-usage-service.ts[2m > [22mstripAnsiCodes[2m > [22mshould strip ANSI color codes from text[32m 1[2mms[22m[39m
 [32mÔ£ô[39m [30m[42m server [49m[39m tests/unit/services/claude-usage-service.test.ts[2m > [22mclaude-usage-service.ts[2m > [22mstripAnsiCodes[2m > [22mshould handle text without ANSI codes[32m 1[2mms[22m[39m
 [32mÔ£ô[39m [30m[42m server [49m[39m tests/unit/services/claude-usage-service.test.ts[2m > [22mclaude-usage-service.ts[2m > [22mparseResetTime[2m > [22mshould parse duration format with hours and minutes[32m 6[2mms[22m[39m
 [32mÔ£ô[39m [30m[42m server [49m[39m tests/unit/services/claude-usage-service.test.ts[2m > [22mclaude-usage-service.ts[2m > [22mparseResetTime[2m > [22mshould parse duration format with only minutes[32m 7[2mms[22m[39m
 [32mÔ£ô[39m [30m[42m server [49m[39m tests/unit/services/claude-usage-service.test.ts[2m > [22mclaude-usage-service.ts[2m > [22mparseResetTime[2m > [22mshould parse simple time format (AM)[32m 6[2mms[22m[39m
 [32mÔ£ô[39m [30m[42m server [49m[39m tests/unit/services/claude-usage-service.test.ts[2m > [22mclaude-usage-service.ts[2m > [22mparseResetTime[2m > [22mshould parse simple time format (PM)[32m 4[2mms[22m[39m
 [32mÔ£ô[39m [30m[42m server [49m[39m tests/unit/services/claude-usage-service.test.ts[2m > [22mclaude-usage-service.ts[2m > [22mparseResetTime[2m > [22mshould parse date format with month, day, and time[32m 3[2mms[22m[39m
 [32mÔ£ô[39m [30m[42m server [49m[39m tests/unit/services/claude-usage-service.test.ts[2m > [22mclaude-usage-service.ts[2m > [22mparseResetTime[2m > [22mshould parse date format with comma separator[32m 4[2mms[22m[39m
 [32mÔ£ô[39m [30m[42m server [49m[39m tests/unit/services/claude-usage-service.test.ts[2m > [22mclaude-usage-service.ts[2m > [22mparseResetTime[2m > [22mshould handle 12am correctly[32m 1[2mms[22m[39m
 [32mÔ£ô[39m [30m[42m server [49m[39m tests/unit/services/claude-usage-service.test.ts[2m > [22mclaude-usage-service.ts[2m > [22mparseResetTime[2m > [22mshould handle 12pm correctly[32m 2[2mms[22m[39m
 [32mÔ£ô[39m [30m[42m server [49m[39m tests/unit/services/claude-usage-service.test.ts[2m > [22mclaude-usage-service.ts[2m > [22mparseResetTime[2m > [22mshould return default reset time for unparseable text[32m 2[2mms[22m[39m
 [32mÔ£ô[39m [30m[42m server [49m[39m tests/unit/services/claude-usage-service.test.ts[2m > [22mclaude-usage-service.ts[2m > [22mgetDefaultResetTime[2m > [22mshould return session default (5 hours from now)[32m 4[2mms[22m[39m
 [32mÔ£ô[39m [30m[42m server [49m[39m tests/unit/services/claude-usage-service.test.ts[2m > [22mclaude-usage-service.ts[2m > [22mgetDefaultResetTime[2m > [22mshould return weekly default (next Monday at noon)[32m 1[2mms[22m[39m
 [32mÔ£ô[39m [30m[42m server [49m[39m tests/unit/services/claude-usage-service.test.ts[2m > [22mclaude-usage-service.ts[2m > [22mparseSection[2m > [22mshould parse section with percentage left[32m 2[2mms[22m[39m
 [32mÔ£ô[39m [30m[42m server [49m[39m tests/unit/services/claude-usage-service.test.ts[2m > [22mclaude-usage-service.ts[2m > [22mparseSection[2m > [22mshould parse section with percentage used[32m 1[2mms[22m[39m
 [32mÔ£ô[39m [30m[42m server [49m[39m tests/unit/services/claude-usage-service.test.ts[2m > [22mclaude-usage-service.ts[2m > [22mparseSection[2m > [22mshould return zero percentage when section not found[32m 14[2mms[22m[39m
 [32mÔ£ô[39m [30m[42m server [49m[39m tests/unit/services/claude-usage-service.test.ts[2m > [22mclaude-usage-service.ts[2m > [22mparseSection[2m > [22mshould strip timezone from reset text[32m 2[2mms[22m[39m
 [32mÔ£ô[39m [30m[42m server [49m[39m tests/unit/services/claude-usage-service.test.ts[2m > [22mclaude-usage-service.ts[2m > [22mparseSection[2m > [22mshould handle case-insensitive section matching[32m 2[2mms[22m[39m
 [32mÔ£ô[39m [30m[42m server [49m[39m tests/unit/services/claude-usage-service.test.ts[2m > [22mclaude-usage-service.ts[2m > [22mparseUsageOutput[2m > [22mshould parse complete usage output[32m 80[2mms[22m[39m
[90mstdout[2m | tests/unit/services/claude-usage-service.test.ts[2m > [22m[2mclaude-usage-service.ts[2m > [22m[2mexecuteClaudeUsageCommandPty[2m > [22m[2mshould use node-pty and return output
[22m[39m[36mINFO [0m [34m[ClaudeUsage][0m [executeClaudeUsageCommandPty] Using winpty on Windows (ConPTY disabled for compatibility)

[90mstdout[2m | tests/unit/services/claude-usage-service.test.ts[2m > [22m[2mclaude-usage-service.ts[2m > [22m[2mexecuteClaudeUsageCommandPty[2m > [22m[2mshould send escape key after seeing usage data
[22m[39m[36mINFO [0m [34m[ClaudeUsage][0m [executeClaudeUsageCommandPty] Using winpty on Windows (ConPTY disabled for compatibility)

[90mstdout[2m | tests/unit/services/claude-usage-service.test.ts[2m > [22m[2mclaude-usage-service.ts[2m > [22m[2mexecuteClaudeUsageCommandPty[2m > [22m[2mshould handle authentication errors
[22m[39m[36mINFO [0m [34m[ClaudeUsage][0m [executeClaudeUsageCommandPty] Using winpty on Windows (ConPTY disabled for compatibility)

[90mstdout[2m | tests/unit/services/claude-usage-service.test.ts[2m > [22m[2mclaude-usage-service.ts[2m > [22m[2mexecuteClaudeUsageCommandPty[2m > [22m[2mshould handle timeout with no data
[22m[39m[36mINFO [0m [34m[ClaudeUsage][0m [executeClaudeUsageCommandPty] Using winpty on Windows (ConPTY disabled for compatibility)

[90mstdout[2m | tests/unit/services/claude-usage-service.test.ts[2m > [22m[2mclaude-usage-service.ts[2m > [22m[2mexecuteClaudeUsageCommandPty[2m > [22m[2mshould return data on timeout if data was captured
[22m[39m[36mINFO [0m [34m[ClaudeUsage][0m [executeClaudeUsageCommandPty] Using winpty on Windows (ConPTY disabled for compatibility)

 [32mÔ£ô[39m [30m[42m server [49m[39m tests/unit/services/claude-usage-service.test.ts[2m > [22mclaude-usage-service.ts[2m > [22mparseUsageOutput[2m > [22mshould handle output with ANSI codes[32m 3[2mms[22m[39m
 [32mÔ£ô[39m [30m[42m server [49m[39m tests/unit/services/claude-usage-service.test.ts[2m > [22mclaude-usage-service.ts[2m > [22mparseUsageOutput[2m > [22mshould handle Opus section name[32m 3[2mms[22m[39m
 [32mÔ£ô[39m [30m[42m server [49m[39m tests/unit/services/claude-usage-service.test.ts[2m > [22mclaude-usage-service.ts[2m > [22mparseUsageOutput[2m > [22mshould set default values for missing sections[32m 9[2mms[22m[39m
 [2m[90mÔåô[39m[22m [30m[42m server [49m[39m tests/unit/services/claude-usage-service.test.ts[2m > [22mclaude-usage-service.ts[2m > [22mexecuteClaudeUsageCommandMac (deprecated - uses PTY now)[2m > [22mshould be skipped - service now uses PTY for all platforms
 [32mÔ£ô[39m [30m[42m server [49m[39m tests/unit/services/claude-usage-service.test.ts[2m > [22mclaude-usage-service.ts[2m > [22mexecuteClaudeUsageCommandPty[2m > [22mshould use node-pty and return output[32m 14[2mms[22m[39m
 [32mÔ£ô[39m [30m[42m server [49m[39m tests/unit/services/claude-usage-service.test.ts[2m > [22mclaude-usage-service.ts[2m > [22mexecuteClaudeUsageCommandPty[2m > [22mshould send escape key after seeing usage data[32m 9[2mms[22m[39m
 [32mÔ£ô[39m [30m[42m server [49m[39m tests/unit/services/claude-usage-service.test.ts[2m > [22mclaude-usage-service.ts[2m > [22mexecuteClaudeUsageCommandPty[2m > [22mshould handle authentication errors[32m 7[2mms[22m[39m
 [32mÔ£ô[39m [30m[42m server [49m[39m tests/unit/services/claude-usage-service.test.ts[2m > [22mclaude-usage-service.ts[2m > [22mexecuteClaudeUsageCommandPty[2m > [22mshould handle timeout with no data[32m 8[2mms[22m[39m
 [32mÔ£ô[39m [30m[42m server [49m[39m tests/unit/services/claude-usage-service.test.ts[2m > [22mclaude-usage-service.ts[2m > [22mexecuteClaudeUsageCommandPty[2m > [22mshould return data on timeout if data was captured[32m 25[2mms[22m[39m
 [32mÔ£ô[39m [30m[42m server [49m[39m tests/unit/services/claude-usage-service.test.ts[2m > [22mclaude-usage-service.ts[2m > [22mexecuteClaudeUsageCommandPty[2m > [22mshould send SIGTERM after ESC if process does not exit[32m 6[2mms[22m[39m
 [32mÔ£ô[39m [30m[42m server [49m[39m tests/unit/providers/provider-factory.test.ts[2m > [22mprovider-factory.ts[2m > [22mgetProviderForModel[2m > [22mCursor models via model ID lookup[2m > [22mshould return CursorProvider for gemini-3-pro (valid Cursor model)[33m 935[2mms[22m[39m
[90mstdout[2m | tests/unit/services/feature-loader.test.ts[2m > [22m[2mfeature-loader.ts[2m > [22m[2mgetAll[2m > [22m[2mshould skip features with missing feature.json
[22m[39m[33mWARN [0m [34m[AtomicWriter][0m Main file C:\test\project\.automaker\features\feature-1\feature.json unavailable: File does not exist

[90mstdout[2m | tests/unit/services/feature-loader.test.ts[2m > [22m[2mfeature-loader.ts[2m > [22m[2mgetAll[2m > [22m[2mshould skip features with missing feature.json
[22m[39m[33mWARN [0m [34m[AtomicWriter][0m All recovery attempts failed for C:\test\project\.automaker\features\feature-1\feature.json, using default value

[90mstdout[2m | tests/unit/services/feature-loader.test.ts[2m > [22m[2mfeature-loader.ts[2m > [22m[2mget[2m > [22m[2mshould return null when feature doesn't exist
[22m[39m[33mWARN [0m [34m[AtomicWriter][0m Main file C:\test\project\.automaker\features\feature-123\feature.json unavailable: File does not exist

[90mstdout[2m | tests/unit/services/feature-loader.test.ts[2m > [22m[2mfeature-loader.ts[2m > [22m[2mget[2m > [22m[2mshould return null when feature doesn't exist
[22m[39m[33mWARN [0m [34m[AtomicWriter][0m All recovery attempts failed for C:\test\project\.automaker\features\feature-123\feature.json, using default value

[90mstdout[2m | tests/unit/services/feature-loader.test.ts[2m > [22m[2mfeature-loader.ts[2m > [22m[2mget[2m > [22m[2mshould return null on other errors (with recovery attempt)
[22m[39m[33mWARN [0m [34m[AtomicWriter][0m Main file C:\test\project\.automaker\features\feature-123\feature.json unavailable: Failed to parse: Permission denied

[90mstdout[2m | tests/unit/services/feature-loader.test.ts[2m > [22m[2mfeature-loader.ts[2m > [22m[2mget[2m > [22m[2mshould return null on other errors (with recovery attempt)
[22m[39m[33mWARN [0m [34m[AtomicWriter][0m All recovery attempts failed for C:\test\project\.automaker\features\feature-123\feature.json, using default value

[90mstdout[2m | tests/unit/services/feature-loader.test.ts[2m > [22m[2mfeature-loader.ts[2m > [22m[2mcreate[2m > [22m[2mshould create new feature
[22m[39m[36mINFO [0m [34m[FeatureLoader][0m Created feature feature-1769283940143-7ob6a6m8k

[90mstdout[2m | tests/unit/services/feature-loader.test.ts[2m > [22m[2mfeature-loader.ts[2m > [22m[2mcreate[2m > [22m[2mshould use provided ID if given
[22m[39m[36mINFO [0m [34m[FeatureLoader][0m Created feature custom-id

[90mstdout[2m | tests/unit/services/feature-loader.test.ts[2m > [22m[2mfeature-loader.ts[2m > [22m[2mcreate[2m > [22m[2mshould set default category if not provided
[22m[39m[36mINFO [0m [34m[FeatureLoader][0m Created feature feature-1769283940149-b1b4rhgqr

[90mstdout[2m | tests/unit/services/feature-loader.test.ts[2m > [22m[2mfeature-loader.ts[2m > [22m[2mupdate[2m > [22m[2mshould update existing feature
[22m[39m[36mINFO [0m [34m[FeatureLoader][0m Updated feature feature-123

[90mstdout[2m | tests/unit/services/feature-loader.test.ts[2m > [22m[2mfeature-loader.ts[2m > [22m[2mupdate[2m > [22m[2mshould throw if feature doesn't exist
[22m[39m[33mWARN [0m [34m[AtomicWriter][0m Main file C:\test\project\.automaker\features\feature-123\feature.json unavailable: File does not exist

[90mstdout[2m | tests/unit/services/feature-loader.test.ts[2m > [22m[2mfeature-loader.ts[2m > [22m[2mupdate[2m > [22m[2mshould throw if feature doesn't exist
[22m[39m[33mWARN [0m [34m[AtomicWriter][0m All recovery attempts failed for C:\test\project\.automaker\features\feature-123\feature.json, using default value

[90mstdout[2m | tests/unit/services/feature-loader.test.ts[2m > [22m[2mfeature-loader.ts[2m > [22m[2mdelete[2m > [22m[2mshould delete feature directory
[22m[39m[36mINFO [0m [34m[FeatureLoader][0m Deleted feature feature-123

[90mstderr[2m | tests/unit/services/feature-loader.test.ts[2m > [22m[2mfeature-loader.ts[2m > 
[22m[2mgetAgentOutput[2m > [22m[2mshould throw on other errors
[22m[39m[31mERROR[0m [34m[FeatureLoader][0m Failed to get agent output for feature-123: Error: Permission denied
    at 
C:/Users/justus/.gemini/antigravity/scratch/automaker/apps/server/tests/unit/services/feature-loader.test.ts:398:48
    at 
file:///C:/Users/justus/.gemini/antigravity/scratch/automaker/node_modules/[4m@vitest/runner[24m/dist/index.js:145:11
    at 
file:///C:/Users/justus/.gemini/antigravity/scratch/automaker/node_modules/[4m@vitest/runner[24m/dist/index.js:915:26
    at file:///C:/Users/justus/.gemini/antigravity/scratch/automaker/node_modules/[4m@vitest/runner[24m/dist/index.js
:1243:20
    at new Promise (<anonymous>)
    at runWithTimeout (file:///C:/Users/justus/.gemini/antigravity/scratch/automaker/node_modules/[4m@vitest/runner[2
4m/dist/index.js:1209:10)
    at file:///C:/Users/justus/.gemini/antigravity/scratch/automaker/node_modules/[4m@vitest/runner[24m/dist/index.js
:1653:37
    at Traces.$ (file:///C:/Users/justus/.gemini/antigravity/scratch/automaker/node_modules/[4mvitest[24m/dist/chunks
/traces.U4xDYhzZ.js:115:27)
    at trace (file:///C:/Users/justus/.gemini/antigravity/scratch/automaker/node_modules/[4mvitest[24m/dist/chunks/te
st.B8ej_ZHS.js:239:21)
    at runTest (file:///C:/Users/justus/.gemini/antigravity/scratch/automaker/node_modules/[4m@vitest/runner[24m/dist
/index.js:1653:12)

 [32mÔ£ô[39m [30m[42m server [49m[39m tests/unit/services/feature-loader.test.ts[2m > [22mfeature-loader.ts[2m > [22mgetFeaturesDir[2m > [22mshould return features directory path[32m 5[2mms[22m[39m
 [32mÔ£ô[39m [30m[42m server [49m[39m tests/unit/services/feature-loader.test.ts[2m > [22mfeature-loader.ts[2m > [22mgetFeatureImagesDir[2m > [22mshould return feature images directory path[32m 2[2mms[22m[39m
 [32mÔ£ô[39m [30m[42m server [49m[39m tests/unit/services/feature-loader.test.ts[2m > [22mfeature-loader.ts[2m > [22mgetFeatureDir[2m > [22mshould return feature directory path[32m 1[2mms[22m[39m
 [32mÔ£ô[39m [30m[42m server [49m[39m tests/unit/services/feature-loader.test.ts[2m > [22mfeature-loader.ts[2m > [22mgetFeatureJsonPath[2m > [22mshould return feature.json path[32m 1[2mms[22m[39m
 [32mÔ£ô[39m [30m[42m server [49m[39m tests/unit/services/feature-loader.test.ts[2m > [22mfeature-loader.ts[2m > [22mgetAgentOutputPath[2m > [22mshould return agent-output.md path[32m 1[2mms[22m[39m
 [32mÔ£ô[39m [30m[42m server [49m[39m tests/unit/services/feature-loader.test.ts[2m > [22mfeature-loader.ts[2m > [22mgenerateFeatureId[2m > [22mshould generate unique feature ID with timestamp[32m 3[2mms[22m[39m
 [32mÔ£ô[39m [30m[42m server [49m[39m tests/unit/services/feature-loader.test.ts[2m > [22mfeature-loader.ts[2m > [22mgenerateFeatureId[2m > [22mshould start with 'feature-'[32m 1[2mms[22m[39m
 [32mÔ£ô[39m [30m[42m server [49m[39m tests/unit/services/feature-loader.test.ts[2m > [22mfeature-loader.ts[2m > [22mgetAll[2m > [22mshould return empty array when features directory doesn't exist[32m 3[2mms[22m[39m
 [32mÔ£ô[39m [30m[42m server [49m[39m tests/unit/services/feature-loader.test.ts[2m > [22mfeature-loader.ts[2m > [22mgetAll[2m > [22mshould load all features from feature directories[32m 5[2mms[22m[39m
 [32mÔ£ô[39m [30m[42m server [49m[39m tests/unit/services/feature-loader.test.ts[2m > [22mfeature-loader.ts[2m > [22mgetAll[2m > [22mshould skip features without id field[32m 8[2mms[22m[39m
 [32mÔ£ô[39m [30m[42m server [49m[39m tests/unit/services/feature-loader.test.ts[2m > [22mfeature-loader.ts[2m > [22mgetAll[2m > [22mshould skip features with missing feature.json[32m 9[2mms[22m[39m
 [32mÔ£ô[39m [30m[42m server [49m[39m tests/unit/services/feature-loader.test.ts[2m > [22mfeature-loader.ts[2m > [22mgetAll[2m > [22mshould handle malformed JSON gracefully[32m 3[2mms[22m[39m
 [32mÔ£ô[39m [30m[42m server [49m[39m tests/unit/services/feature-loader.test.ts[2m > [22mfeature-loader.ts[2m > [22mgetAll[2m > [22mshould sort features by creation order (timestamp)[32m 2[2mms[22m[39m
 [32mÔ£ô[39m [30m[42m server [49m[39m tests/unit/services/feature-loader.test.ts[2m > [22mfeature-loader.ts[2m > [22mget[2m > [22mshould return feature by ID[32m 1[2mms[22m[39m
 [32mÔ£ô[39m [30m[42m server [49m[39m tests/unit/services/feature-loader.test.ts[2m > [22mfeature-loader.ts[2m > [22mget[2m > [22mshould return null when feature doesn't exist[32m 3[2mms[22m[39m
 [32mÔ£ô[39m [30m[42m server [49m[39m tests/unit/services/feature-loader.test.ts[2m > [22mfeature-loader.ts[2m > [22mget[2m > [22mshould return null on other errors (with recovery attempt)[32m 2[2mms[22m[39m
 [32mÔ£ô[39m [30m[42m server [49m[39m tests/unit/services/feature-loader.test.ts[2m > [22mfeature-loader.ts[2m > [22mcreate[2m > [22mshould create new feature[32m 5[2mms[22m[39m
 [32mÔ£ô[39m [30m[42m server [49m[39m tests/unit/services/feature-loader.test.ts[2m > [22mfeature-loader.ts[2m > [22mcreate[2m > [22mshould use provided ID if given[32m 2[2mms[22m[39m
 [32mÔ£ô[39m [30m[42m server [49m[39m tests/unit/services/feature-loader.test.ts[2m > [22mfeature-loader.ts[2m > [22mcreate[2m > [22mshould set default category if not provided[32m 4[2mms[22m[39m
 [32mÔ£ô[39m [30m[42m server [49m[39m tests/unit/services/feature-loader.test.ts[2m > [22mfeature-loader.ts[2m > [22mupdate[2m > [22mshould update existing feature[32m 2[2mms[22m[39m
 [32mÔ£ô[39m [30m[42m server [49m[39m tests/unit/services/feature-loader.test.ts[2m > [22mfeature-loader.ts[2m > [22mupdate[2m > [22mshould throw if feature doesn't exist[32m 6[2mms[22m[39m
 [32mÔ£ô[39m [30m[42m server [49m[39m tests/unit/services/feature-loader.test.ts[2m > [22mfeature-loader.ts[2m > [22mdelete[2m > [22mshould delete feature directory[32m 17[2mms[22m[39m
 [32mÔ£ô[39m [30m[42m server [49m[39m tests/unit/services/feature-loader.test.ts[2m > [22mfeature-loader.ts[2m > [22mdelete[2m > [22mshould return false on error[32m 2[2mms[22m[39m
 [32mÔ£ô[39m [30m[42m server [49m[39m tests/unit/services/feature-loader.test.ts[2m > [22mfeature-loader.ts[2m > [22mgetAgentOutput[2m > [22mshould return agent output content[32m 1[2mms[22m[39m
 [32mÔ£ô[39m [30m[42m server [49m[39m tests/unit/services/feature-loader.test.ts[2m > [22mfeature-loader.ts[2m > [22mgetAgentOutput[2m > [22mshould return null when file doesn't exist[32m 5[2mms[22m[39m
 [32mÔ£ô[39m [30m[42m server [49m[39m tests/unit/services/feature-loader.test.ts[2m > [22mfeature-loader.ts[2m > [22mgetAgentOutput[2m > [22mshould throw on other errors[32m 16[2mms[22m[39m
[90mstdout[2m | tests/unit/services/feature-loader.test.ts[2m > [22m[2mfeature-loader.ts[2m > [22m[2msyncFeatureToAppSpec[2m > [22m[2mshould add feature to app_spec.txt
[22m[39m[36mINFO [0m [34m[FeatureLoader][0m Synced feature "New Feature" to app_spec.txt

[90mstdout[2m | tests/unit/services/feature-loader.test.ts[2m > [22m[2mfeature-loader.ts[2m > [22m[2msyncFeatureToAppSpec[2m > [22m[2mshould add feature with file locations
[22m[39m[36mINFO [0m [34m[FeatureLoader][0m Synced feature "Feature With Locations" to app_spec.txt

[90mstdout[2m | tests/unit/services/feature-loader.test.ts[2m > [22m[2mfeature-loader.ts[2m > [22m[2msyncFeatureToAppSpec[2m > [22m[2mshould return false when app_spec.txt does not exist
[22m[39m[36mINFO [0m [34m[FeatureLoader][0m No app_spec.txt found for project, skipping sync for feature feature-1234-abc

[90mstdout[2m | tests/unit/services/feature-loader.test.ts[2m > [22m[2mfeature-loader.ts[2m > [22m[2msyncFeatureToAppSpec[2m > [22m[2mshould return false when feature already exists (duplicate)
[22m[39m[36mINFO [0m [34m[FeatureLoader][0m Feature "Existing Feature" already exists in app_spec.txt, skipping

[90mstdout[2m | tests/unit/services/feature-loader.test.ts[2m > [22m[2mfeature-loader.ts[2m > [22m[2msyncFeatureToAppSpec[2m > [22m[2mshould use feature ID as fallback name when title is missing
[22m[39m[36mINFO [0m [34m[FeatureLoader][0m Synced feature "Feature: feature-1234-abc" to app_spec.txt

[90mstdout[2m | tests/unit/services/feature-loader.test.ts[2m > [22m[2mfeature-loader.ts[2m > [22m[2msyncFeatureToAppSpec[2m > [22m[2mshould handle app_spec without implemented_features section
[22m[39m[36mINFO [0m [34m[FeatureLoader][0m Synced feature "First Feature" to app_spec.txt

[90mstderr[2m | tests/unit/services/feature-loader.test.ts[2m > [22m[2mfeature-loader.ts[2m > 
[22m[2msyncFeatureToAppSpec[2m > [22m[2mshould throw on non-ENOENT file read errors
[22m[39m[31mERROR[0m [34m[FeatureLoader][0m Failed to sync feature feature-1234-abc to app_spec.txt: Error: 
Permission denied
    at 
C:/Users/justus/.gemini/antigravity/scratch/automaker/apps/server/tests/unit/services/feature-loader.test.ts:826:21
    at 
file:///C:/Users/justus/.gemini/antigravity/scratch/automaker/node_modules/[4m@vitest/runner[24m/dist/index.js:145:11
    at 
file:///C:/Users/justus/.gemini/antigravity/scratch/automaker/node_modules/[4m@vitest/runner[24m/dist/index.js:915:26
    at file:///C:/Users/justus/.gemini/antigravity/scratch/automaker/node_modules/[4m@vitest/runner[24m/dist/index.js
:1243:20
    at new Promise (<anonymous>)
    at runWithTimeout (file:///C:/Users/justus/.gemini/antigravity/scratch/automaker/node_modules/[4m@vitest/runner[2
4m/dist/index.js:1209:10)
    at file:///C:/Users/justus/.gemini/antigravity/scratch/automaker/node_modules/[4m@vitest/runner[24m/dist/index.js
:1653:37
    at Traces.$ (file:///C:/Users/justus/.gemini/antigravity/scratch/automaker/node_modules/[4mvitest[24m/dist/chunks
/traces.U4xDYhzZ.js:115:27)
    at trace (file:///C:/Users/justus/.gemini/antigravity/scratch/automaker/node_modules/[4mvitest[24m/dist/chunks/te
st.B8ej_ZHS.js:239:21)
    at runTest (file:///C:/Users/justus/.gemini/antigravity/scratch/automaker/node_modules/[4m@vitest/runner[24m/dist
/index.js:1653:12)

[90mstdout[2m | tests/unit/services/feature-loader.test.ts[2m > [22m[2mfeature-loader.ts[2m > [22m[2msyncFeatureToAppSpec[2m > [22m[2mshould preserve existing features when adding a new one
[22m[39m[36mINFO [0m [34m[FeatureLoader][0m Synced feature "New Feature" to app_spec.txt

[90mstdout[2m | tests/unit/services/feature-loader.test.ts[2m > [22m[2mfeature-loader.ts[2m > [22m[2msyncFeatureToAppSpec[2m > [22m[2mshould escape special characters in feature name and description
[22m[39m[36mINFO [0m [34m[FeatureLoader][0m Synced feature "Feature with <special> & "chars"" to app_spec.txt

[90mstdout[2m | tests/unit/services/feature-loader.test.ts[2m > [22m[2mfeature-loader.ts[2m > [22m[2msyncFeatureToAppSpec[2m > [22m[2mshould not add empty file_locations array
[22m[39m[36mINFO [0m [34m[FeatureLoader][0m Synced feature "Feature Without Locations" to app_spec.txt

 [32mÔ£ô[39m [30m[42m server [49m[39m tests/unit/services/feature-loader.test.ts[2m > [22mfeature-loader.ts[2m > [22msaveAgentOutput[2m > [22mshould save agent output to file[32m 1[2mms[22m[39m
 [32mÔ£ô[39m [30m[42m server [49m[39m tests/unit/services/feature-loader.test.ts[2m > [22mfeature-loader.ts[2m > [22mdeleteAgentOutput[2m > [22mshould delete agent output file[32m 1[2mms[22m[39m
 [32mÔ£ô[39m [30m[42m server [49m[39m tests/unit/services/feature-loader.test.ts[2m > [22mfeature-loader.ts[2m > [22mdeleteAgentOutput[2m > [22mshould handle missing file gracefully[32m 2[2mms[22m[39m
 [32mÔ£ô[39m [30m[42m server [49m[39m tests/unit/services/feature-loader.test.ts[2m > [22mfeature-loader.ts[2m > [22mdeleteAgentOutput[2m > [22mshould throw on other errors[32m 1[2mms[22m[39m
 [32mÔ£ô[39m [30m[42m server [49m[39m tests/unit/services/feature-loader.test.ts[2m > [22mfeature-loader.ts[2m > [22mfindByTitle[2m > [22mshould find feature by exact title match (case-insensitive)[32m 1[2mms[22m[39m
 [32mÔ£ô[39m [30m[42m server [49m[39m tests/unit/services/feature-loader.test.ts[2m > [22mfeature-loader.ts[2m > [22mfindByTitle[2m > [22mshould return null when title is not found[32m 1[2mms[22m[39m
 [32mÔ£ô[39m [30m[42m server [49m[39m tests/unit/services/feature-loader.test.ts[2m > [22mfeature-loader.ts[2m > [22mfindByTitle[2m > [22mshould return null for empty or whitespace title[32m 0[2mms[22m[39m
 [32mÔ£ô[39m [30m[42m server [49m[39m tests/unit/services/feature-loader.test.ts[2m > [22mfeature-loader.ts[2m > [22mfindByTitle[2m > [22mshould skip features without titles[32m 1[2mms[22m[39m
 [32mÔ£ô[39m [30m[42m server [49m[39m tests/unit/services/feature-loader.test.ts[2m > [22mfeature-loader.ts[2m > [22mfindDuplicateTitle[2m > [22mshould find duplicate title[32m 1[2mms[22m[39m
 [32mÔ£ô[39m [30m[42m server [49m[39m tests/unit/services/feature-loader.test.ts[2m > [22mfeature-loader.ts[2m > [22mfindDuplicateTitle[2m > [22mshould exclude specified feature ID from duplicate check[32m 11[2mms[22m[39m
 [32mÔ£ô[39m [30m[42m server [49m[39m tests/unit/services/feature-loader.test.ts[2m > [22mfeature-loader.ts[2m > [22mfindDuplicateTitle[2m > [22mshould find duplicate when title exists on different feature[32m 1[2mms[22m[39m
 [32mÔ£ô[39m [30m[42m server [49m[39m tests/unit/services/feature-loader.test.ts[2m > [22mfeature-loader.ts[2m > [22mfindDuplicateTitle[2m > [22mshould return null for empty or whitespace title[32m 1[2mms[22m[39m
 [32mÔ£ô[39m [30m[42m server [49m[39m tests/unit/services/feature-loader.test.ts[2m > [22mfeature-loader.ts[2m > [22mfindDuplicateTitle[2m > [22mshould handle titles with leading/trailing whitespace[32m 1[2mms[22m[39m
 [32mÔ£ô[39m [30m[42m server [49m[39m tests/unit/services/feature-loader.test.ts[2m > [22mfeature-loader.ts[2m > [22msyncFeatureToAppSpec[2m > [22mshould add feature to app_spec.txt[32m 6[2mms[22m[39m
 [32mÔ£ô[39m [30m[42m server [49m[39m tests/unit/services/feature-loader.test.ts[2m > [22mfeature-loader.ts[2m > [22msyncFeatureToAppSpec[2m > [22mshould add feature with file locations[32m 6[2mms[22m[39m
 [32mÔ£ô[39m [30m[42m server [49m[39m tests/unit/services/feature-loader.test.ts[2m > [22mfeature-loader.ts[2m > [22msyncFeatureToAppSpec[2m > [22mshould return false when app_spec.txt does not exist[32m 2[2mms[22m[39m
 [32mÔ£ô[39m [30m[42m server [49m[39m tests/unit/services/feature-loader.test.ts[2m > [22mfeature-loader.ts[2m > [22msyncFeatureToAppSpec[2m > [22mshould return false when feature already exists (duplicate)[32m 1[2mms[22m[39m
 [32mÔ£ô[39m [30m[42m server [49m[39m tests/unit/services/feature-loader.test.ts[2m > [22mfeature-loader.ts[2m > [22msyncFeatureToAppSpec[2m > [22mshould use feature ID as fallback name when title is missing[32m 1[2mms[22m[39m
 [32mÔ£ô[39m [30m[42m server [49m[39m tests/unit/services/feature-loader.test.ts[2m > [22mfeature-loader.ts[2m > [22msyncFeatureToAppSpec[2m > [22mshould handle app_spec without implemented_features section[32m 2[2mms[22m[39m
 [32mÔ£ô[39m [30m[42m server [49m[39m tests/unit/services/feature-loader.test.ts[2m > [22mfeature-loader.ts[2m > [22msyncFeatureToAppSpec[2m > [22mshould throw on non-ENOENT file read errors[32m 3[2mms[22m[39m
 [32mÔ£ô[39m [30m[42m server [49m[39m tests/unit/services/feature-loader.test.ts[2m > [22mfeature-loader.ts[2m > [22msyncFeatureToAppSpec[2m > [22mshould preserve existing features when adding a new one[32m 21[2mms[22m[39m
 [32mÔ£ô[39m [30m[42m server [49m[39m tests/unit/services/feature-loader.test.ts[2m > [22mfeature-loader.ts[2m > [22msyncFeatureToAppSpec[2m > [22mshould escape special characters in feature name and description[32m 13[2mms[22m[39m
 [32mÔ£ô[39m [30m[42m server [49m[39m tests/unit/services/feature-loader.test.ts[2m > [22mfeature-loader.ts[2m > [22msyncFeatureToAppSpec[2m > [22mshould not add empty file_locations array[32m 2[2mms[22m[39m
[90mstdout[2m | tests/integration/services/auto-mode-service.integration.test.ts[2m > [22m[2mauto-mode-service.ts (integration)[2m > [22m[2mauto loop[2m > [22m[2mshould start and stop auto loop
[22m[39m[36mINFO [0m [34m[AutoMode][0m Saved execution state: 0 running features

[90mstdout[2m | tests/unit/services/otel-receiver.test.ts[2m > [22m[2mOtelReceiver[2m > [22m[2mshould start and load protos without error
[22m[39m[36mINFO [0m [34m[OtelReceiver][0m OtelReceiver listening on port 50865

[90mstdout[2m | tests/unit/services/otel-receiver.test.ts[2m > [22m[2mOtelReceiver[2m > [22m[2mshould start and load protos without error
[22m[39m[36mINFO [0m [34m[OtelReceiver][0m OtelReceiver stopped

(node:1512) DeprecationWarning: Calling start() is no longer necessary. It can be safely omitted.
(Use `node --trace-deprecation ...` to show where the warning was created)
 [32mÔ£ô[39m [30m[42m server [49m[39m tests/unit/services/otel-receiver.test.ts[2m > [22mOtelReceiver[2m > [22mshould start and load protos without error[32m 178[2mms[22m[39m
[90mstdout[2m | tests/integration/services/auto-mode-service.integration.test.ts[2m > [22m[2mauto-mode-service.ts (integration)[2m > [22m[2mauto loop[2m > [22m[2mshould start and stop auto loop
[22m[39m[36mINFO [0m [34m[AutoMode][0m Cleared execution state

 [32mÔ£ô[39m [30m[42m server [49m[39m tests/integration/services/auto-mode-service.integration.test.ts[2m > [22mauto-mode-service.ts (integration)[2m > [22mauto loop[2m > [22mshould start and stop auto loop[33m 1331[2mms[22m[39m
[90mstdout[2m | tests/unit/services/ideation-service.test.ts[2m > [22m[2mIdeationService[2m > [22m[2mSession Management[2m > [22m[2mstartSession[2m > [22m[2mshould send initial message if provided in options
[22m[39m[ModelResolver] resolveModelString called with modelKey: "sonnet", defaultModel: "claude-opus-4-5-20251101"
[ModelResolver] Resolved Claude model alias: "sonnet" -> "claude-sonnet-4-5-20250929"

 [32mÔ£ô[39m [30m[42m server [49m[39m tests/unit/services/ideation-service.test.ts[2m > [22mIdeationService[2m > [22mSession Management[2m > [22mstartSession[2m > [22mshould create a new session with default options[32m 13[2mms[22m[39m
 [32mÔ£ô[39m [30m[42m server [49m[39m tests/unit/services/ideation-service.test.ts[2m > [22mIdeationService[2m > [22mSession Management[2m > [22mstartSession[2m > [22mshould create session with custom options[32m 2[2mms[22m[39m
 [32mÔ£ô[39m [30m[42m server [49m[39m tests/unit/services/ideation-service.test.ts[2m > [22mIdeationService[2m > [22mSession Management[2m > [22mstartSession[2m > [22mshould send initial message if provided in options[32m 37[2mms[22m[39m
 [32mÔ£ô[39m [30m[42m server [49m[39m tests/unit/services/ideation-service.test.ts[2m > [22mIdeationService[2m > [22mSession Management[2m > [22mgetSession[2m > [22mshould return null for non-existent session[32m 2[2mms[22m[39m
 [32mÔ£ô[39m [30m[42m server [49m[39m tests/unit/services/ideation-service.test.ts[2m > [22mIdeationService[2m > [22mSession Management[2m > [22mgetSession[2m > [22mshould return active session from memory[32m 2[2mms[22m[39m
 [32mÔ£ô[39m [30m[42m server [49m[39m tests/unit/services/ideation-service.test.ts[2m > [22mIdeationService[2m > [22mSession Management[2m > [22mgetSession[2m > [22mshould load session from disk if not in memory[32m 4[2mms[22m[39m
 [32mÔ£ô[39m [30m[42m server [49m[39m tests/unit/services/ideation-service.test.ts[2m > [22mIdeationService[2m > [22mSession Management[2m > [22mstopSession[2m > [22mshould stop an active session[32m 4[2mms[22m[39m
 [32mÔ£ô[39m [30m[42m server [49m[39m tests/unit/services/ideation-service.test.ts[2m > [22mIdeationService[2m > [22mSession Management[2m > [22mstopSession[2m > [22mshould handle stopping non-existent session gracefully[32m 8[2mms[22m[39m
 [32mÔ£ô[39m [30m[42m server [49m[39m tests/unit/services/ideation-service.test.ts[2m > [22mIdeationService[2m > [22mSession Management[2m > [22misSessionRunning[2m > [22mshould return false for non-existent session[32m 2[2mms[22m[39m
 [32mÔ£ô[39m [30m[42m server [49m[39m tests/unit/services/ideation-service.test.ts[2m > [22mIdeationService[2m > [22mSession Management[2m > [22misSessionRunning[2m > [22mshould return false for idle session[32m 1[2mms[22m[39m
 [32mÔ£ô[39m [30m[42m server [49m[39m tests/unit/services/ideation-service.test.ts[2m > [22mIdeationService[2m > [22mIdeas CRUD[2m > [22mcreateIdea[2m > [22mshould create a new idea with required fields[32m 13[2mms[22m[39m
 [32mÔ£ô[39m [30m[42m server [49m[39m tests/unit/services/ideation-service.test.ts[2m > [22mIdeationService[2m > [22mIdeas CRUD[2m > [22mcreateIdea[2m > [22mshould create idea with all optional fields[32m 2[2mms[22m[39m
 [32mÔ£ô[39m [30m[42m server [49m[39m tests/unit/services/ideation-service.test.ts[2m > [22mIdeationService[2m > [22mIdeas CRUD[2m > [22mgetIdeas[2m > [22mshould return empty array when ideas directory does not exist[32m 1[2mms[22m[39m
 [32mÔ£ô[39m [30m[42m server [49m[39m tests/unit/providers/opencode-provider.test.ts[2m > [22mopencode-provider.ts[2m > [22mgetName[2m > [22mshould return 'opencode' as provider name[32m 5[2mms[22m[39m
 [32mÔ£ô[39m [30m[42m server [49m[39m tests/unit/providers/opencode-provider.test.ts[2m > [22mopencode-provider.ts[2m > [22mgetCliName[2m > [22mshould return 'opencode' as CLI name[32m 1[2mms[22m[39m
 [32mÔ£ô[39m [30m[42m server [49m[39m tests/unit/providers/opencode-provider.test.ts[2m > [22mopencode-provider.ts[2m > [22mgetAvailableModels[2m > [22mshould return 5 models[32m 3[2mms[22m[39m
 [32mÔ£ô[39m [30m[42m server [49m[39m tests/unit/providers/opencode-provider.test.ts[2m > [22mopencode-provider.ts[2m > [22mgetAvailableModels[2m > [22mshould include Big Pickle as default[32m 1[2mms[22m[39m
 [32mÔ£ô[39m [30m[42m server [49m[39m tests/unit/providers/opencode-provider.test.ts[2m > [22mopencode-provider.ts[2m > [22mgetAvailableModels[2m > [22mshould include free tier GLM model[32m 1[2mms[22m[39m
 [32mÔ£ô[39m [30m[42m server [49m[39m tests/unit/providers/opencode-provider.test.ts[2m > [22mopencode-provider.ts[2m > [22mgetAvailableModels[2m > [22mshould include free tier MiniMax model[32m 1[2mms[22m[39m
 [32mÔ£ô[39m [30m[42m server [49m[39m tests/unit/providers/opencode-provider.test.ts[2m > [22mopencode-provider.ts[2m > [22mgetAvailableModels[2m > [22mshould have all models support tools[32m 1[2mms[22m[39m
 [32mÔ£ô[39m [30m[42m server [49m[39m tests/unit/providers/opencode-provider.test.ts[2m > [22mopencode-provider.ts[2m > [22mgetAvailableModels[2m > [22mshould have models with modelString property[32m 2[2mms[22m[39m
 [32mÔ£ô[39m [30m[42m server [49m[39m tests/unit/providers/opencode-provider.test.ts[2m > [22mopencode-provider.ts[2m > [22mparseModelsOutput[2m > [22mshould parse nested provider model IDs[32m 3[2mms[22m[39m
 [32mÔ£ô[39m [30m[42m server [49m[39m tests/unit/providers/opencode-provider.test.ts[2m > [22mopencode-provider.ts[2m > [22msupportsFeature[2m > [22mshould support 'tools' feature[32m 1[2mms[22m[39m
 [32mÔ£ô[39m [30m[42m server [49m[39m tests/unit/providers/opencode-provider.test.ts[2m > [22mopencode-provider.ts[2m > [22msupportsFeature[2m > [22mshould support 'text' feature[32m 0[2mms[22m[39m
 [32mÔ£ô[39m [30m[42m server [49m[39m tests/unit/providers/opencode-provider.test.ts[2m > [22mopencode-provider.ts[2m > [22msupportsFeature[2m > [22mshould support 'vision' feature[32m 0[2mms[22m[39m
 [32mÔ£ô[39m [30m[42m server [49m[39m tests/unit/providers/opencode-provider.test.ts[2m > [22mopencode-provider.ts[2m > [22msupportsFeature[2m > [22mshould not support 'thinking' feature[32m 0[2mms[22m[39m
 [32mÔ£ô[39m [30m[42m server [49m[39m tests/unit/providers/opencode-provider.test.ts[2m > [22mopencode-provider.ts[2m > [22msupportsFeature[2m > [22mshould not support 'mcp' feature[32m 0[2mms[22m[39m
 [32mÔ£ô[39m [30m[42m server [49m[39m tests/unit/providers/opencode-provider.test.ts[2m > [22mopencode-provider.ts[2m > [22msupportsFeature[2m > [22mshould not support 'cli' feature[32m 0[2mms[22m[39m
 [32mÔ£ô[39m [30m[42m server [49m[39m tests/unit/providers/opencode-provider.test.ts[2m > [22mopencode-provider.ts[2m > [22msupportsFeature[2m > [22mshould return false for unknown features[32m 0[2mms[22m[39m
 [32mÔ£ô[39m [30m[42m server [49m[39m tests/unit/providers/opencode-provider.test.ts[2m > [22mopencode-provider.ts[2m > [22mbuildCliArgs[2m > [22mshould build correct args with run subcommand[32m 1[2mms[22m[39m
 [32mÔ£ô[39m [30m[42m server [49m[39m tests/unit/providers/opencode-provider.test.ts[2m > [22mopencode-provider.ts[2m > [22mbuildCliArgs[2m > [22mshould include --format json for streaming output[32m 0[2mms[22m[39m
 [32mÔ£ô[39m [30m[42m server [49m[39m tests/unit/providers/opencode-provider.test.ts[2m > [22mopencode-provider.ts[2m > [22mbuildCliArgs[2m > [22mshould include model with --model flag[32m 0[2mms[22m[39m
 [32mÔ£ô[39m [30m[42m server [49m[39m tests/unit/providers/opencode-provider.test.ts[2m > [22mopencode-provider.ts[2m > [22mbuildCliArgs[2m > [22mshould strip opencode- prefix from model[32m 0[2mms[22m[39m
 [32mÔ£ô[39m [30m[42m server [49m[39m tests/unit/providers/opencode-provider.test.ts[2m > [22mopencode-provider.ts[2m > [22mbuildCliArgs[2m > [22mshould handle missing cwd[32m 1[2mms[22m[39m
 [32mÔ£ô[39m [30m[42m server [49m[39m tests/unit/providers/opencode-provider.test.ts[2m > [22mopencode-provider.ts[2m > [22mbuildCliArgs[2m > [22mshould handle model from opencode provider[32m 1[2mms[22m[39m
 [32mÔ£ô[39m [30m[42m server [49m[39m tests/unit/providers/opencode-provider.test.ts[2m > [22mopencode-provider.ts[2m > [22mnormalizeEvent[2m > [22mtext events (new OpenCode format)[2m > [22mshould convert text to assistant message with text content[32m 2[2mms[22m[39m
 [32mÔ£ô[39m [30m[42m server [49m[39m tests/unit/providers/opencode-provider.test.ts[2m > [22mopencode-provider.ts[2m > [22mnormalizeEvent[2m > [22mtext events (new OpenCode format)[2m > [22mshould return null for empty text[32m 0[2mms[22m[39m
 [32mÔ£ô[39m [30m[42m server [49m[39m tests/unit/providers/opencode-provider.test.ts[2m > [22mopencode-provider.ts[2m > [22mnormalizeEvent[2m > [22mtext events (new OpenCode format)[2m > [22mshould return null for text with undefined text[32m 0[2mms[22m[39m
 [32mÔ£ô[39m [30m[42m server [49m[39m tests/unit/providers/opencode-provider.test.ts[2m > [22mopencode-provider.ts[2m > [22mnormalizeEvent[2m > [22mtool_call events[2m > [22mshould convert tool_call to assistant message with tool_use content[32m 1[2mms[22m[39m
 [32mÔ£ô[39m [30m[42m server [49m[39m tests/unit/providers/opencode-provider.test.ts[2m > [22mopencode-provider.ts[2m > [22mnormalizeEvent[2m > [22mtool_call events[2m > [22mshould generate tool_use_id when call_id is missing[32m 1[2mms[22m[39m
 [32mÔ£ô[39m [30m[42m server [49m[39m tests/unit/providers/opencode-provider.test.ts[2m > [22mopencode-provider.ts[2m > [22mnormalizeEvent[2m > [22mtool_result events[2m > [22mshould convert tool_result to assistant message with tool_result content[32m 0[2mms[22m[39m
 [32mÔ£ô[39m [30m[42m server [49m[39m tests/unit/providers/opencode-provider.test.ts[2m > [22mopencode-provider.ts[2m > [22mnormalizeEvent[2m > [22mtool_result events[2m > [22mshould handle tool_result without call_id[32m 0[2mms[22m[39m
 [32mÔ£ô[39m [30m[42m server [49m[39m tests/unit/providers/opencode-provider.test.ts[2m > [22mopencode-provider.ts[2m > [22mnormalizeEvent[2m > [22mtool_error events[2m > [22mshould convert tool_error to error message[32m 0[2mms[22m[39m
 [32mÔ£ô[39m [30m[42m server [49m[39m tests/unit/providers/opencode-provider.test.ts[2m > [22mopencode-provider.ts[2m > [22mnormalizeEvent[2m > [22mtool_error events[2m > [22mshould provide default error message when error is missing[32m 0[2mms[22m[39m
 [32mÔ£ô[39m [30m[42m server [49m[39m tests/unit/providers/opencode-provider.test.ts[2m > [22mopencode-provider.ts[2m > [22mnormalizeEvent[2m > [22mstep_start events[2m > [22mshould return null for step_start events (informational)[32m 0[2mms[22m[39m
 [32mÔ£ô[39m [30m[42m server [49m[39m tests/unit/providers/opencode-provider.test.ts[2m > [22mopencode-provider.ts[2m > [22mnormalizeEvent[2m > [22mstep_finish events[2m > [22mshould convert successful step_finish to result message[32m 0[2mms[22m[39m
 [32mÔ£ô[39m [30m[42m server [49m[39m tests/unit/providers/opencode-provider.test.ts[2m > [22mopencode-provider.ts[2m > [22mnormalizeEvent[2m > [22mstep_finish events[2m > [22mshould convert step_finish with error to error message[32m 0[2mms[22m[39m
 [32mÔ£ô[39m [30m[42m server [49m[39m tests/unit/providers/opencode-provider.test.ts[2m > [22mopencode-provider.ts[2m > [22mnormalizeEvent[2m > [22mstep_finish events[2m > [22mshould convert step_finish with error property to error message[32m 0[2mms[22m[39m
 [32mÔ£ô[39m [30m[42m server [49m[39m tests/unit/providers/opencode-provider.test.ts[2m > [22mopencode-provider.ts[2m > [22mnormalizeEvent[2m > [22mstep_finish events[2m > [22mshould provide default error message for failed step without error text[32m 1[2mms[22m[39m
 [32mÔ£ô[39m [30m[42m server [49m[39m tests/unit/providers/opencode-provider.test.ts[2m > [22mopencode-provider.ts[2m > [22mnormalizeEvent[2m > [22mstep_finish events[2m > [22mshould treat step_finish with reason=stop as success[32m 1[2mms[22m[39m
 [32mÔ£ô[39m [30m[42m server [49m[39m tests/unit/providers/opencode-provider.test.ts[2m > [22mopencode-provider.ts[2m > [22mnormalizeEvent[2m > [22munknown events[2m > [22mshould return null for unknown event types[32m 1[2mms[22m[39m
 [32mÔ£ô[39m [30m[42m server [49m[39m tests/unit/providers/opencode-provider.test.ts[2m > [22mopencode-provider.ts[2m > [22mnormalizeEvent[2m > [22munknown events[2m > [22mshould return null for null input[32m 0[2mms[22m[39m
 [32mÔ£ô[39m [30m[42m server [49m[39m tests/unit/providers/opencode-provider.test.ts[2m > [22mopencode-provider.ts[2m > [22mnormalizeEvent[2m > [22munknown events[2m > [22mshould return null for undefined input[32m 0[2mms[22m[39m
 [32mÔ£ô[39m [30m[42m server [49m[39m tests/unit/providers/opencode-provider.test.ts[2m > [22mopencode-provider.ts[2m > [22mnormalizeEvent[2m > [22munknown events[2m > [22mshould return null for non-object input[32m 1[2mms[22m[39m
 [32mÔ£ô[39m [30m[42m server [49m[39m tests/unit/providers/opencode-provider.test.ts[2m > [22mopencode-provider.ts[2m > [22mnormalizeEvent[2m > [22munknown events[2m > [22mshould return null for events without type[32m 0[2mms[22m[39m
 [32mÔ£ô[39m [30m[42m server [49m[39m tests/unit/providers/opencode-provider.test.ts[2m > [22mopencode-provider.ts[2m > [22mexecuteQuery[2m > [22mshould stream text events as assistant messages[32m 6[2mms[22m[39m
 [32mÔ£ô[39m [30m[42m server [49m[39m tests/unit/providers/opencode-provider.test.ts[2m > [22mopencode-provider.ts[2m > [22mexecuteQuery[2m > [22mshould emit tool_use and tool_result with matching IDs[32m 6[2mms[22m[39m
 [32mÔ£ô[39m [30m[42m server [49m[39m tests/unit/providers/opencode-provider.test.ts[2m > [22mopencode-provider.ts[2m > [22mexecuteQuery[2m > [22mshould pass stdinData containing the prompt[32m 2[2mms[22m[39m
 [32mÔ£ô[39m [30m[42m server [49m[39m tests/unit/providers/opencode-provider.test.ts[2m > [22mopencode-provider.ts[2m > [22mexecuteQuery[2m > [22mshould extract text from array prompt[32m 2[2mms[22m[39m
 [32mÔ£ô[39m [30m[42m server [49m[39m tests/unit/providers/opencode-provider.test.ts[2m > [22mopencode-provider.ts[2m > [22mexecuteQuery[2m > [22mshould include correct CLI args in subprocess options[32m 3[2mms[22m[39m
 [32mÔ£ô[39m [30m[42m server [49m[39m tests/unit/providers/opencode-provider.test.ts[2m > [22mopencode-provider.ts[2m > [22mexecuteQuery[2m > [22mshould skip null-normalized events[32m 2[2mms[22m[39m
 [32mÔ£ô[39m [30m[42m server [49m[39m tests/unit/providers/opencode-provider.test.ts[2m > [22mopencode-provider.ts[2m > [22mexecuteQuery[2m > [22mshould throw error when CLI is not installed[32m 5[2mms[22m[39m
 [32mÔ£ô[39m [30m[42m server [49m[39m tests/unit/providers/opencode-provider.test.ts[2m > [22mopencode-provider.ts[2m > [22mgetSpawnConfig[2m > [22mshould return npx as Windows strategy[32m 1[2mms[22m[39m
 [32mÔ£ô[39m [30m[42m server [49m[39m tests/unit/providers/opencode-provider.test.ts[2m > [22mopencode-provider.ts[2m > [22mgetSpawnConfig[2m > [22mshould specify opencode-ai@latest as npx package[32m 1[2mms[22m[39m
 [32mÔ£ô[39m [30m[42m server [49m[39m tests/unit/providers/opencode-provider.test.ts[2m > [22mopencode-provider.ts[2m > [22mgetSpawnConfig[2m > [22mshould include common paths for Linux[32m 1[2mms[22m[39m
 [32mÔ£ô[39m [30m[42m server [49m[39m tests/unit/providers/opencode-provider.test.ts[2m > [22mopencode-provider.ts[2m > [22mgetSpawnConfig[2m > [22mshould include common paths for macOS[32m 1[2mms[22m[39m
 [32mÔ£ô[39m [30m[42m server [49m[39m tests/unit/providers/opencode-provider.test.ts[2m > [22mopencode-provider.ts[2m > [22mgetSpawnConfig[2m > [22mshould include common paths for Windows[32m 1[2mms[22m[39m
 [32mÔ£ô[39m [30m[42m server [49m[39m tests/unit/providers/opencode-provider.test.ts[2m > [22mopencode-provider.ts[2m > [22mdetectInstallation[2m > [22mshould return installed true when CLI is found[32m 1[2mms[22m[39m
 [32mÔ£ô[39m [30m[42m server [49m[39m tests/unit/providers/opencode-provider.test.ts[2m > [22mopencode-provider.ts[2m > [22mdetectInstallation[2m > [22mshould return installed false when CLI is not found[32m 0[2mms[22m[39m
 [32mÔ£ô[39m [30m[42m server [49m[39m tests/unit/providers/opencode-provider.test.ts[2m > [22mopencode-provider.ts[2m > [22mdetectInstallation[2m > [22mshould return method as npm when using npx strategy[32m 1[2mms[22m[39m
 [32mÔ£ô[39m [30m[42m server [49m[39m tests/unit/providers/opencode-provider.test.ts[2m > [22mopencode-provider.ts[2m > [22mdetectInstallation[2m > [22mshould return method as cli when using native strategy[32m 0[2mms[22m[39m
 [32mÔ£ô[39m [30m[42m server [49m[39m tests/unit/providers/opencode-provider.test.ts[2m > [22mopencode-provider.ts[2m > [22mconfig management[2m > [22mshould get and set config[32m 0[2mms[22m[39m
 [32mÔ£ô[39m [30m[42m server [49m[39m tests/unit/providers/opencode-provider.test.ts[2m > [22mopencode-provider.ts[2m > [22mconfig management[2m > [22mshould merge config updates[32m 3[2mms[22m[39m
 [32mÔ£ô[39m [30m[42m server [49m[39m tests/unit/providers/opencode-provider.test.ts[2m > [22mopencode-provider.ts[2m > [22mvalidateConfig[2m > [22mshould validate config from base class[32m 2[2mms[22m[39m
 [32mÔ£ô[39m [30m[42m server [49m[39m tests/unit/providers/opencode-provider.test.ts[2m > [22mopencode-provider.ts[2m > [22mextractPromptText edge cases[2m > [22mshould handle empty array prompt[32m 2[2mms[22m[39m
 [32mÔ£ô[39m [30m[42m server [49m[39m tests/unit/providers/opencode-provider.test.ts[2m > [22mopencode-provider.ts[2m > [22mextractPromptText edge cases[2m > [22mshould handle array prompt with only image blocks (no text)[32m 2[2mms[22m[39m
 [32mÔ£ô[39m [30m[42m server [49m[39m tests/unit/providers/opencode-provider.test.ts[2m > [22mopencode-provider.ts[2m > [22mextractPromptText edge cases[2m > [22mshould handle array prompt with mixed content types[32m 3[2mms[22m[39m
 [32mÔ£ô[39m [30m[42m server [49m[39m tests/unit/providers/opencode-provider.test.ts[2m > [22mopencode-provider.ts[2m > [22mextractPromptText edge cases[2m > [22mshould handle text blocks with empty text property[32m 4[2mms[22m[39m
 [32mÔ£ô[39m [30m[42m server [49m[39m tests/unit/providers/opencode-provider.test.ts[2m > [22mopencode-provider.ts[2m > [22mabort handling[2m > [22mshould pass abortController to subprocess options[32m 3[2mms[22m[39m
 [32mÔ£ô[39m [30m[42m server [49m[39m tests/unit/providers/opencode-provider.test.ts[2m > [22mopencode-provider.ts[2m > [22msession_id preservation[2m > [22mshould preserve session_id through the full executeQuery flow[32m 8[2mms[22m[39m
 [32mÔ£ô[39m [30m[42m server [49m[39m tests/unit/providers/opencode-provider.test.ts[2m > [22mopencode-provider.ts[2m > [22mnormalizeEvent additional edge cases[2m > [22mshould handle tool_call with empty args object[32m 1[2mms[22m[39m
 [32mÔ£ô[39m [30m[42m server [49m[39m tests/unit/providers/opencode-provider.test.ts[2m > [22mopencode-provider.ts[2m > [22mnormalizeEvent additional edge cases[2m > [22mshould handle tool_call with null args[32m 0[2mms[22m[39m
 [32mÔ£ô[39m [30m[42m server [49m[39m tests/unit/providers/opencode-provider.test.ts[2m > [22mopencode-provider.ts[2m > [22mnormalizeEvent additional edge cases[2m > [22mshould handle tool_call with complex nested args[32m 1[2mms[22m[39m
 [32mÔ£ô[39m [30m[42m server [49m[39m tests/unit/providers/opencode-provider.test.ts[2m > [22mopencode-provider.ts[2m > [22mnormalizeEvent additional edge cases[2m > [22mshould handle tool_result with empty output[32m 1[2mms[22m[39m
 [32mÔ£ô[39m [30m[42m server [49m[39m tests/unit/providers/opencode-provider.test.ts[2m > [22mopencode-provider.ts[2m > [22mnormalizeEvent additional edge cases[2m > [22mshould handle text with whitespace-only text[32m 1[2mms[22m[39m
 [32mÔ£ô[39m [30m[42m server [49m[39m tests/unit/providers/opencode-provider.test.ts[2m > [22mopencode-provider.ts[2m > [22mnormalizeEvent additional edge cases[2m > [22mshould handle text with newlines[32m 0[2mms[22m[39m
 [32mÔ£ô[39m [30m[42m server [49m[39m tests/unit/providers/opencode-provider.test.ts[2m > [22mopencode-provider.ts[2m > [22mnormalizeEvent additional edge cases[2m > [22mshould handle step_finish with both result and error (error takes precedence)[32m 0[2mms[22m[39m
 [32mÔ£ô[39m [30m[42m server [49m[39m tests/unit/providers/opencode-provider.test.ts[2m > [22mopencode-provider.ts[2m > [22misInstalled[2m > [22mshould return true when CLI path is set[32m 0[2mms[22m[39m
 [32mÔ£ô[39m [30m[42m server [49m[39m tests/unit/providers/opencode-provider.test.ts[2m > [22mopencode-provider.ts[2m > [22misInstalled[2m > [22mshould return false when CLI path is null[32m 0[2mms[22m[39m
 [32mÔ£ô[39m [30m[42m server [49m[39m tests/unit/providers/opencode-provider.test.ts[2m > [22mopencode-provider.ts[2m > [22mmodel tier validation[2m > [22mshould have exactly one default model[32m 1[2mms[22m[39m
 [32mÔ£ô[39m [30m[42m server [49m[39m tests/unit/providers/opencode-provider.test.ts[2m > [22mopencode-provider.ts[2m > [22mmodel tier validation[2m > [22mshould have valid tier values for all models[32m 1[2mms[22m[39m
 [32mÔ£ô[39m [30m[42m server [49m[39m tests/unit/providers/opencode-provider.test.ts[2m > [22mopencode-provider.ts[2m > [22mmodel tier validation[2m > [22mshould have descriptions for all models[32m 9[2mms[22m[39m
 [32mÔ£ô[39m [30m[42m server [49m[39m tests/unit/providers/opencode-provider.test.ts[2m > [22mopencode-provider.ts[2m > [22mbuildCliArgs edge cases[2m > [22mshould handle very long prompts[32m 1[2mms[22m[39m
 [32mÔ£ô[39m [30m[42m server [49m[39m tests/unit/providers/opencode-provider.test.ts[2m > [22mopencode-provider.ts[2m > [22mbuildCliArgs edge cases[2m > [22mshould handle prompts with special characters[32m 0[2mms[22m[39m
 [32mÔ£ô[39m [30m[42m server [49m[39m tests/unit/providers/opencode-provider.test.ts[2m > [22mopencode-provider.ts[2m > [22mbuildCliArgs edge cases[2m > [22mshould handle cwd with spaces[32m 0[2mms[22m[39m
 [32mÔ£ô[39m [30m[42m server [49m[39m tests/unit/providers/opencode-provider.test.ts[2m > [22mopencode-provider.ts[2m > [22mbuildCliArgs edge cases[2m > [22mshould handle model with unusual characters[32m 1[2mms[22m[39m
[90mstdout[2m | tests/unit/services/ideation-service.test.ts[2m > [22m[2mIdeationService[2m > [22m[2mSuggestion Generation[2m > [22m[2mgenerateSuggestions[2m > [22m[2mshould generate suggestions for a prompt
[22m[39m[ModelResolver] resolveModelString called with modelKey: "sonnet", defaultModel: "claude-opus-4-5-20251101"
[ModelResolver] Resolved Claude model alias: "sonnet" -> "claude-sonnet-4-5-20250929"

 [32mÔ£ô[39m [30m[42m server [49m[39m tests/unit/services/ideation-service.test.ts[2m > [22mIdeationService[2m > [22mIdeas CRUD[2m > [22mgetIdeas[2m > [22mshould load all ideas from disk[32m 10[2mms[22m[39m
 [32mÔ£ô[39m [30m[42m server [49m[39m tests/unit/services/ideation-service.test.ts[2m > [22mIdeationService[2m > [22mIdeas CRUD[2m > [22mgetIdeas[2m > [22mshould skip invalid idea files[32m 2[2mms[22m[39m
 [32mÔ£ô[39m [30m[42m server [49m[39m tests/unit/services/ideation-service.test.ts[2m > [22mIdeationService[2m > [22mIdeas CRUD[2m > [22mgetIdea[2m > [22mshould return idea by id[32m 1[2mms[22m[39m
 [32mÔ£ô[39m [30m[42m server [49m[39m tests/unit/services/ideation-service.test.ts[2m > [22mIdeationService[2m > [22mIdeas CRUD[2m > [22mgetIdea[2m > [22mshould return null for non-existent idea[32m 2[2mms[22m[39m
 [32mÔ£ô[39m [30m[42m server [49m[39m tests/unit/services/ideation-service.test.ts[2m > [22mIdeationService[2m > [22mIdeas CRUD[2m > [22mupdateIdea[2m > [22mshould update idea fields[32m 3[2mms[22m[39m
 [32mÔ£ô[39m [30m[42m server [49m[39m tests/unit/services/ideation-service.test.ts[2m > [22mIdeationService[2m > [22mIdeas CRUD[2m > [22mupdateIdea[2m > [22mshould return null for non-existent idea[32m 4[2mms[22m[39m
 [32mÔ£ô[39m [30m[42m server [49m[39m tests/unit/services/ideation-service.test.ts[2m > [22mIdeationService[2m > [22mIdeas CRUD[2m > [22mdeleteIdea[2m > [22mshould delete idea directory[32m 12[2mms[22m[39m
 [32mÔ£ô[39m [30m[42m server [49m[39m tests/unit/services/ideation-service.test.ts[2m > [22mIdeationService[2m > [22mIdeas CRUD[2m > [22mdeleteIdea[2m > [22mshould handle non-existent idea gracefully[32m 2[2mms[22m[39m
 [32mÔ£ô[39m [30m[42m server [49m[39m tests/unit/services/ideation-service.test.ts[2m > [22mIdeationService[2m > [22mIdeas CRUD[2m > [22marchiveIdea[2m > [22mshould set idea status to archived[32m 1[2mms[22m[39m
 [32mÔ£ô[39m [30m[42m server [49m[39m tests/unit/services/ideation-service.test.ts[2m > [22mIdeationService[2m > [22mIdea to Feature Conversion[2m > [22mconvertToFeature[2m > [22mshould convert idea to feature with basic fields[32m 2[2mms[22m[39m
 [32mÔ£ô[39m [30m[42m server [49m[39m tests/unit/services/ideation-service.test.ts[2m > [22mIdeationService[2m > [22mIdea to Feature Conversion[2m > [22mconvertToFeature[2m > [22mshould include user stories in feature description[32m 2[2mms[22m[39m
 [32mÔ£ô[39m [30m[42m server [49m[39m tests/unit/services/ideation-service.test.ts[2m > [22mIdeationService[2m > [22mIdea to Feature Conversion[2m > [22mconvertToFeature[2m > [22mshould include notes in feature description[32m 1[2mms[22m[39m
 [32mÔ£ô[39m [30m[42m server [49m[39m tests/unit/services/ideation-service.test.ts[2m > [22mIdeationService[2m > [22mIdea to Feature Conversion[2m > [22mconvertToFeature[2m > [22mshould throw error for non-existent idea[32m 4[2mms[22m[39m
 [32mÔ£ô[39m [30m[42m server [49m[39m tests/unit/services/ideation-service.test.ts[2m > [22mIdeationService[2m > [22mProject Analysis[2m > [22manalyzeProject[2m > [22mshould analyze project and generate suggestions[32m 6[2mms[22m[39m
 [32mÔ£ô[39m [30m[42m server [49m[39m tests/unit/services/ideation-service.test.ts[2m > [22mIdeationService[2m > [22mProject Analysis[2m > [22manalyzeProject[2m > [22mshould emit error event on failure[32m 15[2mms[22m[39m
 [32mÔ£ô[39m [30m[42m server [49m[39m tests/unit/services/ideation-service.test.ts[2m > [22mIdeationService[2m > [22mProject Analysis[2m > [22mgetCachedAnalysis[2m > [22mshould return cached analysis if exists[32m 5[2mms[22m[39m
 [32mÔ£ô[39m [30m[42m server [49m[39m tests/unit/services/ideation-service.test.ts[2m > [22mIdeationService[2m > [22mProject Analysis[2m > [22mgetCachedAnalysis[2m > [22mshould return null if cache does not exist[32m 11[2mms[22m[39m
 [32mÔ£ô[39m [30m[42m server [49m[39m tests/unit/services/ideation-service.test.ts[2m > [22mIdeationService[2m > [22mPrompt Management[2m > [22mgetPromptCategories[2m > [22mshould return list of prompt categories[32m 3[2mms[22m[39m
 [32mÔ£ô[39m [30m[42m server [49m[39m tests/unit/services/ideation-service.test.ts[2m > [22mIdeationService[2m > [22mPrompt Management[2m > [22mgetAllPrompts[2m > [22mshould return all guided prompts[32m 3[2mms[22m[39m
 [32mÔ£ô[39m [30m[42m server [49m[39m tests/unit/services/ideation-service.test.ts[2m > [22mIdeationService[2m > [22mPrompt Management[2m > [22mgetPromptsByCategory[2m > [22mshould return prompts filtered by category[32m 2[2mms[22m[39m
 [32mÔ£ô[39m [30m[42m server [49m[39m tests/unit/services/ideation-service.test.ts[2m > [22mIdeationService[2m > [22mPrompt Management[2m > [22mgetPromptsByCategory[2m > [22mshould return empty array for non-existent category[32m 1[2mms[22m[39m
 [32mÔ£ô[39m [30m[42m server [49m[39m tests/unit/services/ideation-service.test.ts[2m > [22mIdeationService[2m > [22mSuggestion Generation[2m > [22mgenerateSuggestions[2m > [22mshould generate suggestions for a prompt[32m 5[2mms[22m[39m
 [32mÔ£ô[39m [30m[42m server [49m[39m tests/unit/services/ideation-service.test.ts[2m > [22mIdeationService[2m > [22mSuggestion Generation[2m > [22mgenerateSuggestions[2m > [22mshould throw error for non-existent prompt[32m 2[2mms[22m[39m
[90mstderr[2m | tests/unit/routes/pipeline.test.ts[2m > [22m[2mpipeline routes[2m > [22m[2mget-config[2m > 
[22m[2mshould handle errors gracefully
[22m[39m[31mERROR[0m [34m[Pipeline][0m ÔØî Get pipeline config failed: Error: Read failed
    at C:/Users/justus/.gemini/antigravity/scratch/automaker/apps/server/tests/unit/routes/pipeline.test.ts:70:21
    at 
file:///C:/Users/justus/.gemini/antigravity/scratch/automaker/node_modules/[4m@vitest/runner[24m/dist/index.js:145:11
    at 
file:///C:/Users/justus/.gemini/antigravity/scratch/automaker/node_modules/[4m@vitest/runner[24m/dist/index.js:915:26
    at file:///C:/Users/justus/.gemini/antigravity/scratch/automaker/node_modules/[4m@vitest/runner[24m/dist/index.js
:1243:20
    at new Promise (<anonymous>)
    at runWithTimeout (file:///C:/Users/justus/.gemini/antigravity/scratch/automaker/node_modules/[4m@vitest/runner[2
4m/dist/index.js:1209:10)
    at file:///C:/Users/justus/.gemini/antigravity/scratch/automaker/node_modules/[4m@vitest/runner[24m/dist/index.js
:1653:37
    at Traces.$ (file:///C:/Users/justus/.gemini/antigravity/scratch/automaker/node_modules/[4mvitest[24m/dist/chunks
/traces.U4xDYhzZ.js:115:27)
    at trace (file:///C:/Users/justus/.gemini/antigravity/scratch/automaker/node_modules/[4mvitest[24m/dist/chunks/te
st.B8ej_ZHS.js:239:21)
    at runTest (file:///C:/Users/justus/.gemini/antigravity/scratch/automaker/node_modules/[4m@vitest/runner[24m/dist
/index.js:1653:12)

[90mstderr[2m | tests/unit/routes/pipeline.test.ts[2m > [22m[2mpipeline routes[2m > [22m[2msave-config[2m > 
[22m[2mshould handle errors gracefully
[22m[39m[31mERROR[0m [34m[Pipeline][0m ÔØî Save pipeline config failed: Error: Save failed
    at C:/Users/justus/.gemini/antigravity/scratch/automaker/apps/server/tests/unit/routes/pipeline.test.ts:141:21
    at 
file:///C:/Users/justus/.gemini/antigravity/scratch/automaker/node_modules/[4m@vitest/runner[24m/dist/index.js:145:11
    at 
file:///C:/Users/justus/.gemini/antigravity/scratch/automaker/node_modules/[4m@vitest/runner[24m/dist/index.js:915:26
    at file:///C:/Users/justus/.gemini/antigravity/scratch/automaker/node_modules/[4m@vitest/runner[24m/dist/index.js
:1243:20
    at new Promise (<anonymous>)
    at runWithTimeout (file:///C:/Users/justus/.gemini/antigravity/scratch/automaker/node_modules/[4m@vitest/runner[2
4m/dist/index.js:1209:10)
    at file:///C:/Users/justus/.gemini/antigravity/scratch/automaker/node_modules/[4m@vitest/runner[24m/dist/index.js
:1653:37
    at Traces.$ (file:///C:/Users/justus/.gemini/antigravity/scratch/automaker/node_modules/[4mvitest[24m/dist/chunks
/traces.U4xDYhzZ.js:115:27)
    at trace (file:///C:/Users/justus/.gemini/antigravity/scratch/automaker/node_modules/[4mvitest[24m/dist/chunks/te
st.B8ej_ZHS.js:239:21)
    at runTest (file:///C:/Users/justus/.gemini/antigravity/scratch/automaker/node_modules/[4m@vitest/runner[24m/dist
/index.js:1653:12)

[90mstderr[2m | tests/unit/routes/pipeline.test.ts[2m > [22m[2mpipeline routes[2m > [22m[2madd-step[2m > 
[22m[2mshould handle errors gracefully
[22m[39m[31mERROR[0m [34m[Pipeline][0m ÔØî Add pipeline step failed: Error: Add failed
    at C:/Users/justus/.gemini/antigravity/scratch/automaker/apps/server/tests/unit/routes/pipeline.test.ts:247:21
    at 
file:///C:/Users/justus/.gemini/antigravity/scratch/automaker/node_modules/[4m@vitest/runner[24m/dist/index.js:145:11
    at 
file:///C:/Users/justus/.gemini/antigravity/scratch/automaker/node_modules/[4m@vitest/runner[24m/dist/index.js:915:26
    at file:///C:/Users/justus/.gemini/antigravity/scratch/automaker/node_modules/[4m@vitest/runner[24m/dist/index.js
:1243:20
    at new Promise (<anonymous>)
    at runWithTimeout (file:///C:/Users/justus/.gemini/antigravity/scratch/automaker/node_modules/[4m@vitest/runner[2
4m/dist/index.js:1209:10)
    at file:///C:/Users/justus/.gemini/antigravity/scratch/automaker/node_modules/[4m@vitest/runner[24m/dist/index.js
:1653:37
    at Traces.$ (file:///C:/Users/justus/.gemini/antigravity/scratch/automaker/node_modules/[4mvitest[24m/dist/chunks
/traces.U4xDYhzZ.js:115:27)
    at trace (file:///C:/Users/justus/.gemini/antigravity/scratch/automaker/node_modules/[4mvitest[24m/dist/chunks/te
st.B8ej_ZHS.js:239:21)
    at runTest (file:///C:/Users/justus/.gemini/antigravity/scratch/automaker/node_modules/[4m@vitest/runner[24m/dist
/index.js:1653:12)

[90mstderr[2m | tests/unit/routes/pipeline.test.ts[2m > [22m[2mpipeline routes[2m > [22m[2mupdate-step[2m > 
[22m[2mshould handle errors gracefully
[22m[39m[31mERROR[0m [34m[Pipeline][0m ÔØî Update pipeline step failed: Error: Update failed
    at C:/Users/justus/.gemini/antigravity/scratch/automaker/apps/server/tests/unit/routes/pipeline.test.ts:352:21
    at 
file:///C:/Users/justus/.gemini/antigravity/scratch/automaker/node_modules/[4m@vitest/runner[24m/dist/index.js:145:11
    at 
file:///C:/Users/justus/.gemini/antigravity/scratch/automaker/node_modules/[4m@vitest/runner[24m/dist/index.js:915:26
    at file:///C:/Users/justus/.gemini/antigravity/scratch/automaker/node_modules/[4m@vitest/runner[24m/dist/index.js
:1243:20
    at new Promise (<anonymous>)
    at runWithTimeout (file:///C:/Users/justus/.gemini/antigravity/scratch/automaker/node_modules/[4m@vitest/runner[2
4m/dist/index.js:1209:10)
    at file:///C:/Users/justus/.gemini/antigravity/scratch/automaker/node_modules/[4m@vitest/runner[24m/dist/index.js
:1653:37
    at Traces.$ (file:///C:/Users/justus/.gemini/antigravity/scratch/automaker/node_modules/[4mvitest[24m/dist/chunks
/traces.U4xDYhzZ.js:115:27)
    at trace (file:///C:/Users/justus/.gemini/antigravity/scratch/automaker/node_modules/[4mvitest[24m/dist/chunks/te
st.B8ej_ZHS.js:239:21)
    at runTest (file:///C:/Users/justus/.gemini/antigravity/scratch/automaker/node_modules/[4m@vitest/runner[24m/dist
/index.js:1653:12)

 [32mÔ£ô[39m [30m[42m server [49m[39m tests/unit/providers/provider-factory.test.ts[2m > [22mprovider-factory.ts[2m > [22mgetAllProviders[2m > [22mshould return array of all providers[33m 1383[2mms[22m[39m
[90mstderr[2m | tests/unit/routes/pipeline.test.ts[2m > [22m[2mpipeline routes[2m > [22m[2mdelete-step[2m > 
[22m[2mshould handle errors gracefully
[22m[39m[31mERROR[0m [34m[Pipeline][0m ÔØî Delete pipeline step failed: Error: Delete failed
    at C:/Users/justus/.gemini/antigravity/scratch/automaker/apps/server/tests/unit/routes/pipeline.test.ts:412:21
    at 
file:///C:/Users/justus/.gemini/antigravity/scratch/automaker/node_modules/[4m@vitest/runner[24m/dist/index.js:145:11
    at 
file:///C:/Users/justus/.gemini/antigravity/scratch/automaker/node_modules/[4m@vitest/runner[24m/dist/index.js:915:26
    at file:///C:/Users/justus/.gemini/antigravity/scratch/automaker/node_modules/[4m@vitest/runner[24m/dist/index.js
:1243:20
    at new Promise (<anonymous>)
    at runWithTimeout (file:///C:/Users/justus/.gemini/antigravity/scratch/automaker/node_modules/[4m@vitest/runner[2
4m/dist/index.js:1209:10)
    at file:///C:/Users/justus/.gemini/antigravity/scratch/automaker/node_modules/[4m@vitest/runner[24m/dist/index.js
:1653:37
    at Traces.$ (file:///C:/Users/justus/.gemini/antigravity/scratch/automaker/node_modules/[4mvitest[24m/dist/chunks
/traces.U4xDYhzZ.js:115:27)
    at trace (file:///C:/Users/justus/.gemini/antigravity/scratch/automaker/node_modules/[4mvitest[24m/dist/chunks/te
st.B8ej_ZHS.js:239:21)
    at runTest (file:///C:/Users/justus/.gemini/antigravity/scratch/automaker/node_modules/[4m@vitest/runner[24m/dist
/index.js:1653:12)

 [32mÔ£ô[39m [30m[42m server [49m[39m tests/unit/routes/pipeline.test.ts[2m > [22mpipeline routes[2m > [22mget-config[2m > [22mshould return pipeline config successfully[32m 11[2mms[22m[39m
 [32mÔ£ô[39m [30m[42m server [49m[39m tests/unit/routes/pipeline.test.ts[2m > [22mpipeline routes[2m > [22mget-config[2m > [22mshould return 400 if projectPath is missing[32m 2[2mms[22m[39m
 [32mÔ£ô[39m [30m[42m server [49m[39m tests/unit/routes/pipeline.test.ts[2m > [22mpipeline routes[2m > [22mget-config[2m > [22mshould handle errors gracefully[32m 16[2mms[22m[39m
 [32mÔ£ô[39m [30m[42m server [49m[39m tests/unit/routes/pipeline.test.ts[2m > [22mpipeline routes[2m > [22msave-config[2m > [22mshould save pipeline config successfully[32m 3[2mms[22m[39m
 [32mÔ£ô[39m [30m[42m server [49m[39m tests/unit/routes/pipeline.test.ts[2m > [22mpipeline routes[2m > [22msave-config[2m > [22mshould return 400 if projectPath is missing[32m 2[2mms[22m[39m
 [32mÔ£ô[39m [30m[42m server [49m[39m tests/unit/routes/pipeline.test.ts[2m > [22mpipeline routes[2m > [22msave-config[2m > [22mshould return 400 if config is missing[32m 11[2mms[22m[39m
 [32mÔ£ô[39m [30m[42m server [49m[39m tests/unit/routes/pipeline.test.ts[2m > [22mpipeline routes[2m > [22msave-config[2m > [22mshould handle errors gracefully[32m 3[2mms[22m[39m
 [32mÔ£ô[39m [30m[42m server [49m[39m tests/unit/routes/pipeline.test.ts[2m > [22mpipeline routes[2m > [22madd-step[2m > [22mshould add step successfully[32m 2[2mms[22m[39m
 [32mÔ£ô[39m [30m[42m server [49m[39m tests/unit/routes/pipeline.test.ts[2m > [22mpipeline routes[2m > [22madd-step[2m > [22mshould return 400 if projectPath is missing[32m 2[2mms[22m[39m
 [32mÔ£ô[39m [30m[42m server [49m[39m tests/unit/routes/pipeline.test.ts[2m > [22mpipeline routes[2m > [22madd-step[2m > [22mshould return 400 if step is missing[32m 1[2mms[22m[39m
 [32mÔ£ô[39m [30m[42m server [49m[39m tests/unit/routes/pipeline.test.ts[2m > [22mpipeline routes[2m > [22madd-step[2m > [22mshould return 400 if step.name is missing[32m 2[2mms[22m[39m
 [32mÔ£ô[39m [30m[42m server [49m[39m tests/unit/routes/pipeline.test.ts[2m > [22mpipeline routes[2m > [22madd-step[2m > [22mshould return 400 if step.instructions is missing[32m 1[2mms[22m[39m
 [32mÔ£ô[39m [30m[42m server [49m[39m tests/unit/routes/pipeline.test.ts[2m > [22mpipeline routes[2m > [22madd-step[2m > [22mshould handle errors gracefully[32m 3[2mms[22m[39m
 [32mÔ£ô[39m [30m[42m server [49m[39m tests/unit/routes/pipeline.test.ts[2m > [22mpipeline routes[2m > [22mupdate-step[2m > [22mshould update step successfully[32m 2[2mms[22m[39m
 [32mÔ£ô[39m [30m[42m server [49m[39m tests/unit/routes/pipeline.test.ts[2m > [22mpipeline routes[2m > [22mupdate-step[2m > [22mshould return 400 if projectPath is missing[32m 1[2mms[22m[39m
 [32mÔ£ô[39m [30m[42m server [49m[39m tests/unit/routes/pipeline.test.ts[2m > [22mpipeline routes[2m > [22mupdate-step[2m > [22mshould return 400 if stepId is missing[32m 6[2mms[22m[39m
 [32mÔ£ô[39m [30m[42m server [49m[39m tests/unit/routes/pipeline.test.ts[2m > [22mpipeline routes[2m > [22mupdate-step[2m > [22mshould return 400 if updates is missing[32m 1[2mms[22m[39m
 [32mÔ£ô[39m [30m[42m server [49m[39m tests/unit/routes/pipeline.test.ts[2m > [22mpipeline routes[2m > [22mupdate-step[2m > [22mshould return 400 if updates is empty object[32m 14[2mms[22m[39m
 [32mÔ£ô[39m [30m[42m server [49m[39m tests/unit/routes/pipeline.test.ts[2m > [22mpipeline routes[2m > [22mupdate-step[2m > [22mshould handle errors gracefully[32m 3[2mms[22m[39m
 [32mÔ£ô[39m [30m[42m server [49m[39m tests/unit/routes/pipeline.test.ts[2m > [22mpipeline routes[2m > [22mdelete-step[2m > [22mshould delete step successfully[32m 2[2mms[22m[39m
 [32mÔ£ô[39m [30m[42m server [49m[39m tests/unit/routes/pipeline.test.ts[2m > [22mpipeline routes[2m > [22mdelete-step[2m > [22mshould return 400 if projectPath is missing[32m 2[2mms[22m[39m
 [32mÔ£ô[39m [30m[42m server [49m[39m tests/unit/routes/pipeline.test.ts[2m > [22mpipeline routes[2m > [22mdelete-step[2m > [22mshould return 400 if stepId is missing[32m 1[2mms[22m[39m
 [32mÔ£ô[39m [30m[42m server [49m[39m tests/unit/routes/pipeline.test.ts[2m > [22mpipeline routes[2m > [22mdelete-step[2m > [22mshould handle errors gracefully[32m 2[2mms[22m[39m
 [32mÔ£ô[39m [30m[42m server [49m[39m tests/unit/routes/pipeline.test.ts[2m > [22mpipeline routes[2m > [22mreorder-steps[2m > [22mshould reorder steps successfully[32m 3[2mms[22m[39m
[90mstderr[2m | tests/unit/routes/pipeline.test.ts[2m > [22m[2mpipeline routes[2m > [22m[2mreorder-steps[2m > 
[22m[2mshould handle errors gracefully
[22m[39m[31mERROR[0m [34m[Pipeline][0m ÔØî Reorder pipeline steps failed: Error: Reorder failed
    at C:/Users/justus/.gemini/antigravity/scratch/automaker/apps/server/tests/unit/routes/pipeline.test.ts:485:21
    at 
file:///C:/Users/justus/.gemini/antigravity/scratch/automaker/node_modules/[4m@vitest/runner[24m/dist/index.js:145:11
    at 
file:///C:/Users/justus/.gemini/antigravity/scratch/automaker/node_modules/[4m@vitest/runner[24m/dist/index.js:915:26
    at file:///C:/Users/justus/.gemini/antigravity/scratch/automaker/node_modules/[4m@vitest/runner[24m/dist/index.js
:1243:20
    at new Promise (<anonymous>)
    at runWithTimeout (file:///C:/Users/justus/.gemini/antigravity/scratch/automaker/node_modules/[4m@vitest/runner[2
4m/dist/index.js:1209:10)
    at file:///C:/Users/justus/.gemini/antigravity/scratch/automaker/node_modules/[4m@vitest/runner[24m/dist/index.js
:1653:37
    at Traces.$ (file:///C:/Users/justus/.gemini/antigravity/scratch/automaker/node_modules/[4mvitest[24m/dist/chunks
/traces.U4xDYhzZ.js:115:27)
    at trace (file:///C:/Users/justus/.gemini/antigravity/scratch/automaker/node_modules/[4mvitest[24m/dist/chunks/te
st.B8ej_ZHS.js:239:21)
    at runTest (file:///C:/Users/justus/.gemini/antigravity/scratch/automaker/node_modules/[4m@vitest/runner[24m/dist
/index.js:1653:12)

 [32mÔ£ô[39m [30m[42m server [49m[39m tests/unit/routes/pipeline.test.ts[2m > [22mpipeline routes[2m > [22mreorder-steps[2m > [22mshould return 400 if projectPath is missing[32m 1[2mms[22m[39m
 [32mÔ£ô[39m [30m[42m server [49m[39m tests/unit/routes/pipeline.test.ts[2m > [22mpipeline routes[2m > [22mreorder-steps[2m > [22mshould return 400 if stepIds is missing[32m 4[2mms[22m[39m
 [32mÔ£ô[39m [30m[42m server [49m[39m tests/unit/routes/pipeline.test.ts[2m > [22mpipeline routes[2m > [22mreorder-steps[2m > [22mshould return 400 if stepIds is not an array[32m 1[2mms[22m[39m
 [32mÔ£ô[39m [30m[42m server [49m[39m tests/unit/routes/pipeline.test.ts[2m > [22mpipeline routes[2m > [22mreorder-steps[2m > [22mshould handle errors gracefully[32m 2[2mms[22m[39m
[90mstdout[2m | tests/integration/services/auto-mode-service.integration.test.ts[2m > [22m[2mauto-mode-service.ts (integration)[2m > [22m[2mauto loop[2m > [22m[2mshould process pending features in auto loop
[22m[39m[36mINFO [0m [34m[AutoMode][0m Saved execution state: 0 running features

[90mstdout[2m | tests/integration/services/auto-mode-service.integration.test.ts[2m > [22m[2mauto-mode-service.ts (integration)[2m > [22m[2mauto loop[2m > [22m[2mshould process pending features in auto loop
[22m[39m[36mINFO [0m [34m[AutoMode][0m Saved execution state: 1 running features

[90mstdout[2m | tests/integration/services/auto-mode-service.integration.test.ts[2m > [22m[2mauto-mode-service.ts (integration)[2m > [22m[2mauto loop[2m > [22m[2mshould process pending features in auto loop
[22m[39m[36mINFO [0m [34m[SettingsHelper][0m [AutoMode] SettingsService not available, autoLoadClaudeMd disabled

[90mstdout[2m | tests/integration/services/auto-mode-service.integration.test.ts[2m > [22m[2mauto-mode-service.ts (integration)[2m > [22m[2mauto loop[2m > [22m[2mshould process pending features in auto loop
[22m[39m[36mINFO [0m [34m[SettingsHelper][0m [AutoMode] SettingsService not available, using default prompts

[90mstdout[2m | tests/integration/services/auto-mode-service.integration.test.ts[2m > [22m[2mauto-mode-service.ts (integration)[2m > [22m[2mauto loop[2m > [22m[2mshould process pending features in auto loop
[22m[39m[MemoryLoader] Initialized memory folder at C:\Users\justus\AppData\Local\Temp\automaker-test-krJ4IN\.automaker\memory

[90mstdout[2m | tests/integration/services/auto-mode-service.integration.test.ts[2m > [22m[2mauto-mode-service.ts (integration)[2m > [22m[2mauto loop[2m > [22m[2mshould process pending features in auto loop
[22m[39m[ContextLoader] Selected memory files: gotchas
[ContextLoader] Loaded 1 memory file(s)

[90mstdout[2m | tests/integration/services/auto-mode-service.integration.test.ts[2m > [22m[2mauto-mode-service.ts (integration)[2m > [22m[2mauto loop[2m > [22m[2mshould process pending features in auto loop
[22m[39m[ModelResolver] resolveModelString called with modelKey: "undefined", defaultModel: "claude-opus-4-5-20251101"
[ModelResolver] No model specified, using default: claude-opus-4-5-20251101
[36mINFO [0m [34m[AutoMode][0m Executing feature auto-1 with model: claude-opus-4-5-20251101, provider: undefined in C:\Users\justus\AppData\Local\Temp\automaker-test-krJ4IN

[90mstdout[2m | tests/integration/services/auto-mode-service.integration.test.ts[2m > [22m[2mauto-mode-service.ts (integration)[2m > [22m[2mauto loop[2m > [22m[2mshould process pending features in auto loop
[22m[39m[ModelResolver] resolveModelString called with modelKey: "claude-opus-4-5-20251101", defaultModel: "claude-opus-4-5-20251101"
[ModelResolver] Using full Claude model string: claude-opus-4-5-20251101
[36mINFO [0m [34m[AutoMode][0m runAgent called for feature auto-1 with model: claude-opus-4-5-20251101, planningMode: skip, requiresApproval: false
[36mINFO [0m [34m[AutoMode][0m Using provider "claude" for model "claude-opus-4-5-20251101" (bare: claude-opus-4-5-20251101)

[90mstdout[2m | tests/integration/services/auto-mode-service.integration.test.ts[2m > [22m[2mauto-mode-service.ts (integration)[2m > [22m[2mauto loop[2m > [22m[2mshould process pending features in auto loop
[22m[39m[36mINFO [0m [34m[AutoMode][0m System prompt provided (310 chars), first 200 chars:
# Project Memory

The following learnings and decisions from previous work are available.
**IMPORTANT**: Review these carefully before making changes that could conflict with past decisions.

---

## ...
[36mINFO [0m [34m[AutoMode][0m Starting stream for feature auto-1...
[36mINFO [0m [34m[AutoMode][0m Stream created, starting to iterate...

[90mstdout[2m | tests/integration/services/auto-mode-service.integration.test.ts[2m > [22m[2mauto-mode-service.ts (integration)[2m > [22m[2mauto loop[2m > [22m[2mshould process pending features in auto loop
[22m[39m[36mINFO [0m [34m[AutoMode][0m Stream message received: result success

[90mstdout[2m | tests/integration/services/auto-mode-service.integration.test.ts[2m > [22m[2mauto-mode-service.ts (integration)[2m > [22m[2mauto loop[2m > [22m[2mshould process pending features in auto loop
[22m[39m[36mINFO [0m [34m[NotificationService][0m Created notification: Feature Ready for Review for project C:\Users\justus\AppData\Local\Temp\automaker-test-krJ4IN

[90mstdout[2m | tests/integration/services/auto-mode-service.integration.test.ts[2m > [22m[2mauto-mode-service.ts (integration)[2m > [22m[2mauto loop[2m > [22m[2mshould process pending features in auto loop
[22m[39m[AutoMode] Skipping learning extraction - output too short (0 chars)

[90mstdout[2m | tests/integration/services/auto-mode-service.integration.test.ts[2m > [22m[2mauto-mode-service.ts (integration)[2m > [22m[2mauto loop[2m > [22m[2mshould process pending features in auto loop
[22m[39m[36mINFO [0m [34m[AutoMode][0m Feature auto-1 execution ended, cleaning up runningFeatures
[36mINFO [0m [34m[AutoMode][0m Pending approvals at cleanup: none

[90mstdout[2m | tests/integration/services/auto-mode-service.integration.test.ts[2m > [22m[2mauto-mode-service.ts (integration)[2m > [22m[2mauto loop[2m > [22m[2mshould process pending features in auto loop
[22m[39m[36mINFO [0m [34m[AutoMode][0m Saved execution state: 0 running features

[90mstdout[2m | tests/unit/providers/cursor-config-manager.test.ts[2m > [22m[2mcursor-config-manager.ts[2m > [22m[2mconstructor[2m > [22m[2mshould use default config if file read fails
[22m[39m[33mWARN [0m [34m[CursorConfigManager][0m Failed to load config: Error: Read error
    at Module.<anonymous> (C:/Users/justus/.gemini/antigravity/scratch/automaker/apps/server/tests/unit/providers/cursor-config-manager.test.ts:60:15)
    at Module.readFileSync (file:///C:/Users/justus/.gemini/antigravity/scratch/automaker/node_modules/[4m@vitest/spy[24m/dist/index.js:285:34)
    at CursorConfigManager.loadConfig (C:/Users/justus/.gemini/antigravity/scratch/automaker/apps/server/src/providers/cursor-config-manager.ts:36:28)
    at new CursorConfigManager (C:/Users/justus/.gemini/antigravity/scratch/automaker/apps/server/src/providers/cursor-config-manager.ts:27:24)
    at C:/Users/justus/.gemini/antigravity/scratch/automaker/apps/server/tests/unit/providers/cursor-config-manager.test.ts:63:17
    at file:///C:/Users/justus/.gemini/antigravity/scratch/automaker/node_modules/[4m@vitest/runner[24m/dist/index.js:145:11
    at file:///C:/Users/justus/.gemini/antigravity/scratch/automaker/node_modules/[4m@vitest/runner[24m/dist/index.js:915:26
    at file:///C:/Users/justus/.gemini/antigravity/scratch/automaker/node_modules/[4m@vitest/runner[24m/dist/index.js:1243:20
    at new Promise (<anonymous>)
    at runWithTimeout (file:///C:/Users/justus/.gemini/antigravity/scratch/automaker/node_modules/[4m@vitest/runner[24m/dist/index.js:1209:10)

[90mstdout[2m | tests/unit/providers/cursor-config-manager.test.ts[2m > [22m[2mcursor-config-manager.ts[2m > [22m[2mconstructor[2m > [22m[2mshould use default config if JSON parse fails
[22m[39m[33mWARN [0m [34m[CursorConfigManager][0m Failed to load config: SyntaxError: Unexpected token 'i', "invalid json" is not valid JSON
    at JSON.parse (<anonymous>)
    at CursorConfigManager.loadConfig (C:/Users/justus/.gemini/antigravity/scratch/automaker/apps/server/src/providers/cursor-config-manager.ts:37:29)
    at new CursorConfigManager (C:/Users/justus/.gemini/antigravity/scratch/automaker/apps/server/src/providers/cursor-config-manager.ts:27:24)
    at C:/Users/justus/.gemini/antigravity/scratch/automaker/apps/server/tests/unit/providers/cursor-config-manager.test.ts:72:17
    at file:///C:/Users/justus/.gemini/antigravity/scratch/automaker/node_modules/[4m@vitest/runner[24m/dist/index.js:145:11
    at file:///C:/Users/justus/.gemini/antigravity/scratch/automaker/node_modules/[4m@vitest/runner[24m/dist/index.js:915:26
    at file:///C:/Users/justus/.gemini/antigravity/scratch/automaker/node_modules/[4m@vitest/runner[24m/dist/index.js:1243:20
    at new Promise (<anonymous>)
    at runWithTimeout (file:///C:/Users/justus/.gemini/antigravity/scratch/automaker/node_modules/[4m@vitest/runner[24m/dist/index.js:1209:10)
    at file:///C:/Users/justus/.gemini/antigravity/scratch/automaker/node_modules/[4m@vitest/runner[24m/dist/index.js:1653:37

[90mstdout[2m | tests/unit/providers/cursor-config-manager.test.ts[2m > [22m[2mcursor-config-manager.ts[2m > [22m[2mgetDefaultModel / setDefaultModel[2m > [22m[2mshould set and persist default model
[22m[39m[36mINFO [0m [34m[CursorConfigManager][0m Default model set to: claude-3-5-sonnet

[90mstdout[2m | tests/unit/lib/xml-extractor.test.ts[2m > [22m[2mxml-extractor.ts[2m > [22m[2medge cases[2m > [22m[2mupdateImplementedFeaturesSection edge cases[2m > [22m[2mshould return unchanged content when no insertion point found
[22m[39m[33mWARN [0m [34m[XmlExtractor][0m Could not find appropriate insertion point for implemented_features

 [32mÔ£ô[39m [30m[42m server [49m[39m tests/unit/lib/xml-extractor.test.ts[2m > [22mxml-extractor.ts[2m > [22mescapeXml[2m > [22mshould escape ampersand[32m 4[2mms[22m[39m
 [32mÔ£ô[39m [30m[42m server [49m[39m tests/unit/lib/xml-extractor.test.ts[2m > [22mxml-extractor.ts[2m > [22mescapeXml[2m > [22mshould escape less than[32m 1[2mms[22m[39m
 [32mÔ£ô[39m [30m[42m server [49m[39m tests/unit/lib/xml-extractor.test.ts[2m > [22mxml-extractor.ts[2m > [22mescapeXml[2m > [22mshould escape greater than[32m 1[2mms[22m[39m
 [32mÔ£ô[39m [30m[42m server [49m[39m tests/unit/lib/xml-extractor.test.ts[2m > [22mxml-extractor.ts[2m > [22mescapeXml[2m > [22mshould escape double quotes[32m 1[2mms[22m[39m
 [32mÔ£ô[39m [30m[42m server [49m[39m tests/unit/lib/xml-extractor.test.ts[2m > [22mxml-extractor.ts[2m > [22mescapeXml[2m > [22mshould escape single quotes[32m 0[2mms[22m[39m
 [32mÔ£ô[39m [30m[42m server [49m[39m tests/unit/lib/xml-extractor.test.ts[2m > [22mxml-extractor.ts[2m > [22mescapeXml[2m > [22mshould handle null[32m 0[2mms[22m[39m
 [32mÔ£ô[39m [30m[42m server [49m[39m tests/unit/lib/xml-extractor.test.ts[2m > [22mxml-extractor.ts[2m > [22mescapeXml[2m > [22mshould handle undefined[32m 0[2mms[22m[39m
 [32mÔ£ô[39m [30m[42m server [49m[39m tests/unit/lib/xml-extractor.test.ts[2m > [22mxml-extractor.ts[2m > [22mescapeXml[2m > [22mshould handle empty string[32m 0[2mms[22m[39m
 [32mÔ£ô[39m [30m[42m server [49m[39m tests/unit/lib/xml-extractor.test.ts[2m > [22mxml-extractor.ts[2m > [22mescapeXml[2m > [22mshould escape multiple special characters[32m 1[2mms[22m[39m
 [32mÔ£ô[39m [30m[42m server [49m[39m tests/unit/lib/xml-extractor.test.ts[2m > [22mxml-extractor.ts[2m > [22munescapeXml[2m > [22mshould unescape ampersand[32m 1[2mms[22m[39m
 [32mÔ£ô[39m [30m[42m server [49m[39m tests/unit/lib/xml-extractor.test.ts[2m > [22mxml-extractor.ts[2m > [22munescapeXml[2m > [22mshould unescape less than[32m 1[2mms[22m[39m
 [32mÔ£ô[39m [30m[42m server [49m[39m tests/unit/lib/xml-extractor.test.ts[2m > [22mxml-extractor.ts[2m > [22munescapeXml[2m > [22mshould unescape greater than[32m 0[2mms[22m[39m
 [32mÔ£ô[39m [30m[42m server [49m[39m tests/unit/lib/xml-extractor.test.ts[2m > [22mxml-extractor.ts[2m > [22munescapeXml[2m > [22mshould unescape double quotes[32m 0[2mms[22m[39m
 [32mÔ£ô[39m [30m[42m server [49m[39m tests/unit/lib/xml-extractor.test.ts[2m > [22mxml-extractor.ts[2m > [22munescapeXml[2m > [22mshould unescape single quotes[32m 0[2mms[22m[39m
 [32mÔ£ô[39m [30m[42m server [49m[39m tests/unit/lib/xml-extractor.test.ts[2m > [22mxml-extractor.ts[2m > [22munescapeXml[2m > [22mshould handle empty string[32m 0[2mms[22m[39m
 [32mÔ£ô[39m [30m[42m server [49m[39m tests/unit/lib/xml-extractor.test.ts[2m > [22mxml-extractor.ts[2m > [22munescapeXml[2m > [22mshould roundtrip with escapeXml[32m 0[2mms[22m[39m
 [32mÔ£ô[39m [30m[42m server [49m[39m tests/unit/lib/xml-extractor.test.ts[2m > [22mxml-extractor.ts[2m > [22mextractXmlSection[2m > [22mshould extract section content[32m 1[2mms[22m[39m
 [32mÔ£ô[39m [30m[42m server [49m[39m tests/unit/lib/xml-extractor.test.ts[2m > [22mxml-extractor.ts[2m > [22mextractXmlSection[2m > [22mshould extract multiline section content[32m 1[2mms[22m[39m
 [32mÔ£ô[39m [30m[42m server [49m[39m tests/unit/lib/xml-extractor.test.ts[2m > [22mxml-extractor.ts[2m > [22mextractXmlSection[2m > [22mshould return null for non-existent section[32m 0[2mms[22m[39m
 [32mÔ£ô[39m [30m[42m server [49m[39m tests/unit/lib/xml-extractor.test.ts[2m > [22mxml-extractor.ts[2m > [22mextractXmlSection[2m > [22mshould be case-insensitive[32m 0[2mms[22m[39m
 [32mÔ£ô[39m [30m[42m server [49m[39m tests/unit/lib/xml-extractor.test.ts[2m > [22mxml-extractor.ts[2m > [22mextractXmlSection[2m > [22mshould handle empty section[32m 0[2mms[22m[39m
 [32mÔ£ô[39m [30m[42m server [49m[39m tests/unit/lib/xml-extractor.test.ts[2m > [22mxml-extractor.ts[2m > [22mextractXmlElements[2m > [22mshould extract all element values[32m 2[2mms[22m[39m
 [32mÔ£ô[39m [30m[42m server [49m[39m tests/unit/lib/xml-extractor.test.ts[2m > [22mxml-extractor.ts[2m > [22mextractXmlElements[2m > [22mshould return empty array for non-existent elements[32m 0[2mms[22m[39m
 [32mÔ£ô[39m [30m[42m server [49m[39m tests/unit/lib/xml-extractor.test.ts[2m > [22mxml-extractor.ts[2m > [22mextractXmlElements[2m > [22mshould trim whitespace[32m 0[2mms[22m[39m
 [32mÔ£ô[39m [30m[42m server [49m[39m tests/unit/lib/xml-extractor.test.ts[2m > [22mxml-extractor.ts[2m > [22mextractXmlElements[2m > [22mshould unescape XML entities[32m 0[2mms[22m[39m
 [32mÔ£ô[39m [30m[42m server [49m[39m tests/unit/lib/xml-extractor.test.ts[2m > [22mxml-extractor.ts[2m > [22mextractXmlElements[2m > [22mshould handle empty elements[32m 0[2mms[22m[39m
 [32mÔ£ô[39m [30m[42m server [49m[39m tests/unit/lib/xml-extractor.test.ts[2m > [22mxml-extractor.ts[2m > [22mextractImplementedFeatures[2m > [22mshould extract all features[32m 4[2mms[22m[39m
 [32mÔ£ô[39m [30m[42m server [49m[39m tests/unit/lib/xml-extractor.test.ts[2m > [22mxml-extractor.ts[2m > [22mextractImplementedFeatures[2m > [22mshould extract feature names[32m 1[2mms[22m[39m
 [32mÔ£ô[39m [30m[42m server [49m[39m tests/unit/lib/xml-extractor.test.ts[2m > [22mxml-extractor.ts[2m > [22mextractImplementedFeatures[2m > [22mshould extract feature descriptions[32m 0[2mms[22m[39m
 [32mÔ£ô[39m [30m[42m server [49m[39m tests/unit/lib/xml-extractor.test.ts[2m > [22mxml-extractor.ts[2m > [22mextractImplementedFeatures[2m > [22mshould extract file_locations when present[32m 1[2mms[22m[39m
 [32mÔ£ô[39m [30m[42m server [49m[39m tests/unit/lib/xml-extractor.test.ts[2m > [22mxml-extractor.ts[2m > [22mextractImplementedFeatures[2m > [22mshould return empty array for missing section[32m 0[2mms[22m[39m
 [32mÔ£ô[39m [30m[42m server [49m[39m tests/unit/lib/xml-extractor.test.ts[2m > [22mxml-extractor.ts[2m > [22mextractImplementedFeatures[2m > [22mshould return empty array for empty section[32m 0[2mms[22m[39m
 [32mÔ£ô[39m [30m[42m server [49m[39m tests/unit/lib/xml-extractor.test.ts[2m > [22mxml-extractor.ts[2m > [22mextractImplementedFeatures[2m > [22mshould handle escaped content[32m 1[2mms[22m[39m
 [32mÔ£ô[39m [30m[42m server [49m[39m tests/unit/lib/xml-extractor.test.ts[2m > [22mxml-extractor.ts[2m > [22mextractImplementedFeatureNames[2m > [22mshould return only feature names[32m 1[2mms[22m[39m
 [32mÔ£ô[39m [30m[42m server [49m[39m tests/unit/lib/xml-extractor.test.ts[2m > [22mxml-extractor.ts[2m > [22mextractImplementedFeatureNames[2m > [22mshould return empty array for no features[32m 0[2mms[22m[39m
 [32mÔ£ô[39m [30m[42m server [49m[39m tests/unit/lib/xml-extractor.test.ts[2m > [22mxml-extractor.ts[2m > [22mfeatureToXml[2m > [22mshould generate XML for feature without file_locations[32m 3[2mms[22m[39m
 [32mÔ£ô[39m [30m[42m server [49m[39m tests/unit/lib/xml-extractor.test.ts[2m > [22mxml-extractor.ts[2m > [22mfeatureToXml[2m > [22mshould generate XML for feature with file_locations[32m 1[2mms[22m[39m
 [32mÔ£ô[39m [30m[42m server [49m[39m tests/unit/lib/xml-extractor.test.ts[2m > [22mxml-extractor.ts[2m > [22mfeatureToXml[2m > [22mshould escape special characters[32m 0[2mms[22m[39m
 [32mÔ£ô[39m [30m[42m server [49m[39m tests/unit/lib/xml-extractor.test.ts[2m > [22mxml-extractor.ts[2m > [22mfeatureToXml[2m > [22mshould not include empty file_locations array[32m 0[2mms[22m[39m
 [32mÔ£ô[39m [30m[42m server [49m[39m tests/unit/lib/xml-extractor.test.ts[2m > [22mxml-extractor.ts[2m > [22mfeaturesToXml[2m > [22mshould generate XML for multiple features[32m 0[2mms[22m[39m
 [32mÔ£ô[39m [30m[42m server [49m[39m tests/unit/lib/xml-extractor.test.ts[2m > [22mxml-extractor.ts[2m > [22mfeaturesToXml[2m > [22mshould handle empty array[32m 0[2mms[22m[39m
 [32mÔ£ô[39m [30m[42m server [49m[39m tests/unit/lib/xml-extractor.test.ts[2m > [22mxml-extractor.ts[2m > [22mupdateImplementedFeaturesSection[2m > [22mshould replace existing section[32m 1[2mms[22m[39m
 [32mÔ£ô[39m [30m[42m server [49m[39m tests/unit/lib/xml-extractor.test.ts[2m > [22mxml-extractor.ts[2m > [22mupdateImplementedFeaturesSection[2m > [22mshould insert section after core_capabilities if missing[32m 0[2mms[22m[39m
 [32mÔ£ô[39m [30m[42m server [49m[39m tests/unit/lib/xml-extractor.test.ts[2m > [22mxml-extractor.ts[2m > [22mupdateImplementedFeaturesSection[2m > [22mshould handle multiple features[32m 0[2mms[22m[39m
 [32mÔ£ô[39m [30m[42m server [49m[39m tests/unit/lib/xml-extractor.test.ts[2m > [22mxml-extractor.ts[2m > [22maddImplementedFeature[2m > [22mshould add new feature[32m 1[2mms[22m[39m
 [32mÔ£ô[39m [30m[42m server [49m[39m tests/unit/lib/xml-extractor.test.ts[2m > [22mxml-extractor.ts[2m > [22maddImplementedFeature[2m > [22mshould not add duplicate feature[32m 2[2mms[22m[39m
 [32mÔ£ô[39m [30m[42m server [49m[39m tests/unit/lib/xml-extractor.test.ts[2m > [22mxml-extractor.ts[2m > [22maddImplementedFeature[2m > [22mshould be case-insensitive for duplicates[32m 0[2mms[22m[39m
 [32mÔ£ô[39m [30m[42m server [49m[39m tests/unit/lib/xml-extractor.test.ts[2m > [22mxml-extractor.ts[2m > [22mremoveImplementedFeature[2m > [22mshould remove feature by name[32m 1[2mms[22m[39m
 [32mÔ£ô[39m [30m[42m server [49m[39m tests/unit/lib/xml-extractor.test.ts[2m > [22mxml-extractor.ts[2m > [22mremoveImplementedFeature[2m > [22mshould be case-insensitive[32m 0[2mms[22m[39m
 [32mÔ£ô[39m [30m[42m server [49m[39m tests/unit/lib/xml-extractor.test.ts[2m > [22mxml-extractor.ts[2m > [22mremoveImplementedFeature[2m > [22mshould return unchanged content if feature not found[32m 0[2mms[22m[39m
 [32mÔ£ô[39m [30m[42m server [49m[39m tests/unit/lib/xml-extractor.test.ts[2m > [22mxml-extractor.ts[2m > [22mupdateImplementedFeature[2m > [22mshould update feature description[32m 1[2mms[22m[39m
 [32mÔ£ô[39m [30m[42m server [49m[39m tests/unit/lib/xml-extractor.test.ts[2m > [22mxml-extractor.ts[2m > [22mupdateImplementedFeature[2m > [22mshould add file_locations[32m 0[2mms[22m[39m
 [32mÔ£ô[39m [30m[42m server [49m[39m tests/unit/lib/xml-extractor.test.ts[2m > [22mxml-extractor.ts[2m > [22mupdateImplementedFeature[2m > [22mshould preserve feature name if not updated[32m 0[2mms[22m[39m
 [32mÔ£ô[39m [30m[42m server [49m[39m tests/unit/lib/xml-extractor.test.ts[2m > [22mxml-extractor.ts[2m > [22mupdateImplementedFeature[2m > [22mshould be case-insensitive[32m 0[2mms[22m[39m
 [32mÔ£ô[39m [30m[42m server [49m[39m tests/unit/lib/xml-extractor.test.ts[2m > [22mxml-extractor.ts[2m > [22mupdateImplementedFeature[2m > [22mshould return unchanged content if feature not found[32m 0[2mms[22m[39m
 [32mÔ£ô[39m [30m[42m server [49m[39m tests/unit/lib/xml-extractor.test.ts[2m > [22mxml-extractor.ts[2m > [22mhasImplementedFeature[2m > [22mshould return true for existing feature[32m 0[2mms[22m[39m
 [32mÔ£ô[39m [30m[42m server [49m[39m tests/unit/lib/xml-extractor.test.ts[2m > [22mxml-extractor.ts[2m > [22mhasImplementedFeature[2m > [22mshould return false for non-existing feature[32m 4[2mms[22m[39m
 [32mÔ£ô[39m [30m[42m server [49m[39m tests/unit/lib/xml-extractor.test.ts[2m > [22mxml-extractor.ts[2m > [22mhasImplementedFeature[2m > [22mshould be case-insensitive[32m 0[2mms[22m[39m
 [32mÔ£ô[39m [30m[42m server [49m[39m tests/unit/lib/xml-extractor.test.ts[2m > [22mxml-extractor.ts[2m > [22mtoSpecOutputFeatures[2m > [22mshould convert to SpecOutput format[32m 1[2mms[22m[39m
 [32mÔ£ô[39m [30m[42m server [49m[39m tests/unit/lib/xml-extractor.test.ts[2m > [22mxml-extractor.ts[2m > [22mtoSpecOutputFeatures[2m > [22mshould handle empty array[32m 0[2mms[22m[39m
 [32mÔ£ô[39m [30m[42m server [49m[39m tests/unit/lib/xml-extractor.test.ts[2m > [22mxml-extractor.ts[2m > [22mfromSpecOutputFeatures[2m > [22mshould convert from SpecOutput format[32m 1[2mms[22m[39m
 [32mÔ£ô[39m [30m[42m server [49m[39m tests/unit/lib/xml-extractor.test.ts[2m > [22mxml-extractor.ts[2m > [22mfromSpecOutputFeatures[2m > [22mshould handle empty array[32m 0[2mms[22m[39m
 [32mÔ£ô[39m [30m[42m server [49m[39m tests/unit/lib/xml-extractor.test.ts[2m > [22mxml-extractor.ts[2m > [22mroundtrip[2m > [22mshould maintain data integrity through extract -> update cycle[32m 1[2mms[22m[39m
 [32mÔ£ô[39m [30m[42m server [49m[39m tests/unit/lib/xml-extractor.test.ts[2m > [22mxml-extractor.ts[2m > [22mcustom logger[2m > [22mshould use custom logger for extractXmlSection[32m 7[2mms[22m[39m
 [32mÔ£ô[39m [30m[42m server [49m[39m tests/unit/lib/xml-extractor.test.ts[2m > [22mxml-extractor.ts[2m > [22mcustom logger[2m > [22mshould log when section is not found[32m 2[2mms[22m[39m
 [32mÔ£ô[39m [30m[42m server [49m[39m tests/unit/lib/xml-extractor.test.ts[2m > [22mxml-extractor.ts[2m > [22mcustom logger[2m > [22mshould use custom logger for extractXmlElements[32m 2[2mms[22m[39m
 [32mÔ£ô[39m [30m[42m server [49m[39m tests/unit/lib/xml-extractor.test.ts[2m > [22mxml-extractor.ts[2m > [22mcustom logger[2m > [22mshould use custom logger for extractImplementedFeatures[32m 2[2mms[22m[39m
 [32mÔ£ô[39m [30m[42m server [49m[39m tests/unit/lib/xml-extractor.test.ts[2m > [22mxml-extractor.ts[2m > [22mcustom logger[2m > [22mshould log when no implemented_features section found[32m 1[2mms[22m[39m
 [32mÔ£ô[39m [30m[42m server [49m[39m tests/unit/lib/xml-extractor.test.ts[2m > [22mxml-extractor.ts[2m > [22mcustom logger[2m > [22mshould use custom logger warn for missing insertion point[32m 1[2mms[22m[39m
 [32mÔ£ô[39m [30m[42m server [49m[39m tests/unit/lib/xml-extractor.test.ts[2m > [22mxml-extractor.ts[2m > [22medge cases[2m > [22mescapeXml edge cases[2m > [22mshould handle strings with only special characters[32m 0[2mms[22m[39m
 [32mÔ£ô[39m [30m[42m server [49m[39m tests/unit/lib/xml-extractor.test.ts[2m > [22mxml-extractor.ts[2m > [22medge cases[2m > [22mescapeXml edge cases[2m > [22mshould handle very long strings[32m 0[2mms[22m[39m
 [32mÔ£ô[39m [30m[42m server [49m[39m tests/unit/lib/xml-extractor.test.ts[2m > [22mxml-extractor.ts[2m > [22medge cases[2m > [22mescapeXml edge cases[2m > [22mshould handle unicode characters without escaping[32m 0[2mms[22m[39m
 [32mÔ£ô[39m [30m[42m server [49m[39m tests/unit/lib/xml-extractor.test.ts[2m > [22mxml-extractor.ts[2m > [22medge cases[2m > [22munescapeXml edge cases[2m > [22mshould handle strings with only entities[32m 0[2mms[22m[39m
 [32mÔ£ô[39m [30m[42m server [49m[39m tests/unit/lib/xml-extractor.test.ts[2m > [22mxml-extractor.ts[2m > [22medge cases[2m > [22munescapeXml edge cases[2m > [22mshould not double-unescape[32m 0[2mms[22m[39m
 [32mÔ£ô[39m [30m[42m server [49m[39m tests/unit/lib/xml-extractor.test.ts[2m > [22mxml-extractor.ts[2m > [22medge cases[2m > [22munescapeXml edge cases[2m > [22mshould handle partial/invalid entities gracefully[32m 0[2mms[22m[39m
 [32mÔ£ô[39m [30m[42m server [49m[39m tests/unit/lib/xml-extractor.test.ts[2m > [22mxml-extractor.ts[2m > [22medge cases[2m > [22mextractXmlSection edge cases[2m > [22mshould handle nested tags with same name[32m 1[2mms[22m[39m
 [32mÔ£ô[39m [30m[42m server [49m[39m tests/unit/lib/xml-extractor.test.ts[2m > [22mxml-extractor.ts[2m > [22medge cases[2m > [22mextractXmlSection edge cases[2m > [22mshould handle self-closing tags (returns null)[32m 0[2mms[22m[39m
 [32mÔ£ô[39m [30m[42m server [49m[39m tests/unit/lib/xml-extractor.test.ts[2m > [22mxml-extractor.ts[2m > [22medge cases[2m > [22mextractXmlSection edge cases[2m > [22mshould handle tags with attributes[32m 2[2mms[22m[39m
 [32mÔ£ô[39m [30m[42m server [49m[39m tests/unit/lib/xml-extractor.test.ts[2m > [22mxml-extractor.ts[2m > [22medge cases[2m > [22mextractXmlSection edge cases[2m > [22mshould handle whitespace in tag content[32m 0[2mms[22m[39m
 [32mÔ£ô[39m [30m[42m server [49m[39m tests/unit/lib/xml-extractor.test.ts[2m > [22mxml-extractor.ts[2m > [22medge cases[2m > [22mextractXmlElements edge cases[2m > [22mshould handle elements across multiple lines[32m 1[2mms[22m[39m
 [32mÔ£ô[39m [30m[42m server [49m[39m tests/unit/lib/xml-extractor.test.ts[2m > [22mxml-extractor.ts[2m > [22medge cases[2m > [22mextractXmlElements edge cases[2m > [22mshould handle consecutive elements without whitespace[32m 12[2mms[22m[39m
 [32mÔ£ô[39m [30m[42m server [49m[39m tests/unit/lib/xml-extractor.test.ts[2m > [22mxml-extractor.ts[2m > [22medge cases[2m > [22mextractImplementedFeatures edge cases[2m > [22mshould skip features without names[32m 1[2mms[22m[39m
 [32mÔ£ô[39m [30m[42m server [49m[39m tests/unit/lib/xml-extractor.test.ts[2m > [22mxml-extractor.ts[2m > [22medge cases[2m > [22mextractImplementedFeatures edge cases[2m > [22mshould handle features with empty names[32m 1[2mms[22m[39m
 [32mÔ£ô[39m [30m[42m server [49m[39m tests/unit/lib/xml-extractor.test.ts[2m > [22mxml-extractor.ts[2m > [22medge cases[2m > [22mextractImplementedFeatures edge cases[2m > [22mshould handle features with whitespace-only names[32m 0[2mms[22m[39m
 [32mÔ£ô[39m [30m[42m server [49m[39m tests/unit/lib/xml-extractor.test.ts[2m > [22mxml-extractor.ts[2m > [22medge cases[2m > [22mextractImplementedFeatures edge cases[2m > [22mshould handle empty file_locations section[32m 1[2mms[22m[39m
 [32mÔ£ô[39m [30m[42m server [49m[39m tests/unit/lib/xml-extractor.test.ts[2m > [22mxml-extractor.ts[2m > [22medge cases[2m > [22mfeatureToXml edge cases[2m > [22mshould handle custom indentation[32m 1[2mms[22m[39m
 [32mÔ£ô[39m [30m[42m server [49m[39m tests/unit/lib/xml-extractor.test.ts[2m > [22mxml-extractor.ts[2m > [22medge cases[2m > [22mfeatureToXml edge cases[2m > [22mshould handle empty description[32m 1[2mms[22m[39m
 [32mÔ£ô[39m [30m[42m server [49m[39m tests/unit/lib/xml-extractor.test.ts[2m > [22mxml-extractor.ts[2m > [22medge cases[2m > [22mfeatureToXml edge cases[2m > [22mshould handle undefined file_locations[32m 3[2mms[22m[39m
 [32mÔ£ô[39m [30m[42m server [49m[39m tests/unit/lib/xml-extractor.test.ts[2m > [22mxml-extractor.ts[2m > [22medge cases[2m > [22mupdateImplementedFeaturesSection edge cases[2m > [22mshould insert before </project_specification> as fallback[32m 2[2mms[22m[39m
 [32mÔ£ô[39m [30m[42m server [49m[39m tests/unit/lib/xml-extractor.test.ts[2m > [22mxml-extractor.ts[2m > [22medge cases[2m > [22mupdateImplementedFeaturesSection edge cases[2m > [22mshould return unchanged content when no insertion point found[32m 3[2mms[22m[39m
[90mstdout[2m | tests/unit/providers/cursor-config-manager.test.ts[2m > [22m[2mcursor-config-manager.ts[2m > [22m[2mgetEnabledModels / setEnabledModels[2m > [22m[2mshould set enabled models
[22m[39m[36mINFO [0m [34m[CursorConfigManager][0m Enabled models updated: claude-3-5-sonnet, gpt-4o

[90mstdout[2m | tests/unit/providers/cursor-config-manager.test.ts[2m > [22m[2mcursor-config-manager.ts[2m > [22m[2maddModel[2m > [22m[2mshould add a new model
[22m[39m[36mINFO [0m [34m[CursorConfigManager][0m Model added: claude-3-5-sonnet

[90mstdout[2m | tests/unit/providers/cursor-config-manager.test.ts[2m > [22m[2mcursor-config-manager.ts[2m > [22m[2maddModel[2m > [22m[2mshould initialize models array if undefined
[22m[39m[36mINFO [0m [34m[CursorConfigManager][0m Model added: claude-3-5-sonnet

 [32mÔ£ô[39m [30m[42m server [49m[39m tests/unit/lib/xml-extractor.test.ts[2m > [22mxml-extractor.ts[2m > [22medge cases[2m > [22mupdateImplementedFeaturesSection edge cases[2m > [22mshould handle empty features array[32m 1[2mms[22m[39m
 [32mÔ£ô[39m [30m[42m server [49m[39m tests/unit/lib/xml-extractor.test.ts[2m > [22mxml-extractor.ts[2m > [22medge cases[2m > [22maddImplementedFeature edge cases[2m > [22mshould create section when adding to spec without implemented_features[32m 0[2mms[22m[39m
 [32mÔ£ô[39m [30m[42m server [49m[39m tests/unit/lib/xml-extractor.test.ts[2m > [22mxml-extractor.ts[2m > [22medge cases[2m > [22maddImplementedFeature edge cases[2m > [22mshould handle feature with all fields populated[32m 1[2mms[22m[39m
 [32mÔ£ô[39m [30m[42m server [49m[39m tests/unit/lib/xml-extractor.test.ts[2m > [22mxml-extractor.ts[2m > [22medge cases[2m > [22mupdateImplementedFeature edge cases[2m > [22mshould allow updating feature name[32m 2[2mms[22m[39m
 [32mÔ£ô[39m [30m[42m server [49m[39m tests/unit/lib/xml-extractor.test.ts[2m > [22mxml-extractor.ts[2m > [22medge cases[2m > [22mupdateImplementedFeature edge cases[2m > [22mshould allow clearing file_locations[32m 1[2mms[22m[39m
 [32mÔ£ô[39m [30m[42m server [49m[39m tests/unit/lib/xml-extractor.test.ts[2m > [22mxml-extractor.ts[2m > [22medge cases[2m > [22mupdateImplementedFeature edge cases[2m > [22mshould handle updating multiple fields at once[32m 1[2mms[22m[39m
 [32mÔ£ô[39m [30m[42m server [49m[39m tests/unit/lib/xml-extractor.test.ts[2m > [22mxml-extractor.ts[2m > [22medge cases[2m > [22mtoSpecOutputFeatures and fromSpecOutputFeatures edge cases[2m > [22mshould handle features with empty file_locations array[32m 0[2mms[22m[39m
 [32mÔ£ô[39m [30m[42m server [49m[39m tests/unit/lib/xml-extractor.test.ts[2m > [22mxml-extractor.ts[2m > [22medge cases[2m > [22mtoSpecOutputFeatures and fromSpecOutputFeatures edge cases[2m > [22mshould handle round-trip conversion[32m 0[2mms[22m[39m
 [32mÔ£ô[39m [30m[42m server [49m[39m tests/unit/lib/xml-extractor.test.ts[2m > [22mxml-extractor.ts[2m > [22mintegration scenarios[2m > [22mshould handle a complete spec file workflow[32m 2[2mms[22m[39m
 [32mÔ£ô[39m [30m[42m server [49m[39m tests/unit/lib/xml-extractor.test.ts[2m > [22mxml-extractor.ts[2m > [22mintegration scenarios[2m > [22mshould handle special characters throughout workflow[32m 3[2mms[22m[39m
 [32mÔ£ô[39m [30m[42m server [49m[39m tests/unit/lib/xml-extractor.test.ts[2m > [22mxml-extractor.ts[2m > [22mintegration scenarios[2m > [22mshould preserve other XML content when modifying features[32m 1[2mms[22m[39m
[90mstdout[2m | tests/unit/providers/cursor-config-manager.test.ts[2m > [22m[2mcursor-config-manager.ts[2m > [22m[2mremoveModel[2m > [22m[2mshould remove a model
[22m[39m[36mINFO [0m [34m[CursorConfigManager][0m Model removed: gpt-4o

[90mstdout[2m | tests/unit/providers/cursor-config-manager.test.ts[2m > [22m[2mcursor-config-manager.ts[2m > [22m[2mremoveModel[2m > [22m[2mshould handle removing non-existent model
[22m[39m[36mINFO [0m [34m[CursorConfigManager][0m Model removed: non-existent

 [32mÔ£ô[39m [30m[42m server [49m[39m tests/unit/providers/cursor-config-manager.test.ts[2m > [22mcursor-config-manager.ts[2m > [22mconstructor[2m > [22mshould load existing config from disk[32m 11[2mms[22m[39m
 [32mÔ£ô[39m [30m[42m server [49m[39m tests/unit/providers/cursor-config-manager.test.ts[2m > [22mcursor-config-manager.ts[2m > [22mconstructor[2m > [22mshould use default config if file does not exist[32m 3[2mms[22m[39m
 [32mÔ£ô[39m [30m[42m server [49m[39m tests/unit/providers/cursor-config-manager.test.ts[2m > [22mcursor-config-manager.ts[2m > [22mconstructor[2m > [22mshould use default config if file read fails[32m 16[2mms[22m[39m
 [32mÔ£ô[39m [30m[42m server [49m[39m tests/unit/providers/cursor-config-manager.test.ts[2m > [22mcursor-config-manager.ts[2m > [22mconstructor[2m > [22mshould use default config if JSON parse fails[32m 8[2mms[22m[39m
 [32mÔ£ô[39m [30m[42m server [49m[39m tests/unit/providers/cursor-config-manager.test.ts[2m > [22mcursor-config-manager.ts[2m > [22mgetConfig[2m > [22mshould return a copy of the config[32m 3[2mms[22m[39m
 [32mÔ£ô[39m [30m[42m server [49m[39m tests/unit/providers/cursor-config-manager.test.ts[2m > [22mcursor-config-manager.ts[2m > [22mgetDefaultModel / setDefaultModel[2m > [22mshould return default model[32m 15[2mms[22m[39m
 [32mÔ£ô[39m [30m[42m server [49m[39m tests/unit/providers/cursor-config-manager.test.ts[2m > [22mcursor-config-manager.ts[2m > [22mgetDefaultModel / setDefaultModel[2m > [22mshould set and persist default model[32m 3[2mms[22m[39m
 [32mÔ£ô[39m [30m[42m server [49m[39m tests/unit/providers/cursor-config-manager.test.ts[2m > [22mcursor-config-manager.ts[2m > [22mgetDefaultModel / setDefaultModel[2m > [22mshould return auto if defaultModel is undefined[32m 1[2mms[22m[39m
 [32mÔ£ô[39m [30m[42m server [49m[39m tests/unit/providers/cursor-config-manager.test.ts[2m > [22mcursor-config-manager.ts[2m > [22mgetEnabledModels / setEnabledModels[2m > [22mshould return enabled models[32m 6[2mms[22m[39m
 [32mÔ£ô[39m [30m[42m server [49m[39m tests/unit/providers/cursor-config-manager.test.ts[2m > [22mcursor-config-manager.ts[2m > [22mgetEnabledModels / setEnabledModels[2m > [22mshould set enabled models[32m 3[2mms[22m[39m
 [32mÔ£ô[39m [30m[42m server [49m[39m tests/unit/providers/cursor-config-manager.test.ts[2m > [22mcursor-config-manager.ts[2m > [22mgetEnabledModels / setEnabledModels[2m > [22mshould return [auto] if models is undefined[32m 2[2mms[22m[39m
 [32mÔ£ô[39m [30m[42m server [49m[39m tests/unit/providers/cursor-config-manager.test.ts[2m > [22mcursor-config-manager.ts[2m > [22maddModel[2m > [22mshould add a new model[32m 4[2mms[22m[39m
 [32mÔ£ô[39m [30m[42m server [49m[39m tests/unit/providers/cursor-config-manager.test.ts[2m > [22mcursor-config-manager.ts[2m > [22maddModel[2m > [22mshould not add duplicate models[32m 2[2mms[22m[39m
 [32mÔ£ô[39m [30m[42m server [49m[39m tests/unit/providers/cursor-config-manager.test.ts[2m > [22mcursor-config-manager.ts[2m > [22maddModel[2m > [22mshould initialize models array if undefined[32m 2[2mms[22m[39m
 [32mÔ£ô[39m [30m[42m server [49m[39m tests/unit/providers/cursor-config-manager.test.ts[2m > [22mcursor-config-manager.ts[2m > [22mremoveModel[2m > [22mshould remove a model[32m 2[2mms[22m[39m
 [32mÔ£ô[39m [30m[42m server [49m[39m tests/unit/providers/cursor-config-manager.test.ts[2m > [22mcursor-config-manager.ts[2m > [22mremoveModel[2m > [22mshould handle removing non-existent model[32m 12[2mms[22m[39m
 [32mÔ£ô[39m [30m[42m server [49m[39m tests/unit/providers/cursor-config-manager.test.ts[2m > [22mcursor-config-manager.ts[2m > [22mremoveModel[2m > [22mshould do nothing if models array is undefined[32m 1[2mms[22m[39m
 [32mÔ£ô[39m [30m[42m server [49m[39m tests/unit/providers/cursor-config-manager.test.ts[2m > [22mcursor-config-manager.ts[2m > [22misModelEnabled[2m > [22mshould return true for enabled model[32m 1[2mms[22m[39m
[90mstdout[2m | tests/unit/providers/cursor-config-manager.test.ts[2m > [22m[2mcursor-config-manager.ts[2m > [22m[2mgetMcpServers / setMcpServers[2m > [22m[2mshould set and get MCP servers
[22m[39m[36mINFO [0m [34m[CursorConfigManager][0m MCP servers updated: server1, server2

[90mstdout[2m | tests/unit/providers/cursor-config-manager.test.ts[2m > [22m[2mcursor-config-manager.ts[2m > [22m[2mgetRules / setRules[2m > [22m[2mshould set and get rules
[22m[39m[36mINFO [0m [34m[CursorConfigManager][0m Rules updated: .cursorrules, rules.md

[90mstdout[2m | tests/unit/providers/cursor-config-manager.test.ts[2m > [22m[2mcursor-config-manager.ts[2m > [22m[2mreset[2m > [22m[2mshould reset to default values
[22m[39m[36mINFO [0m [34m[CursorConfigManager][0m Config reset to defaults

[90mstdout[2m | tests/unit/providers/cursor-config-manager.test.ts[2m > [22m[2mcursor-config-manager.ts[2m > [22m[2mexists[2m > [22m[2mshould return true if config file exists
[22m[39m[33mWARN [0m [34m[CursorConfigManager][0m Failed to load config: SyntaxError: "undefined" is not valid JSON
    at JSON.parse (<anonymous>)
    at CursorConfigManager.loadConfig (C:/Users/justus/.gemini/antigravity/scratch/automaker/apps/server/src/providers/cursor-config-manager.ts:37:29)
    at new CursorConfigManager (C:/Users/justus/.gemini/antigravity/scratch/automaker/apps/server/src/providers/cursor-config-manager.ts:27:24)
    at C:/Users/justus/.gemini/antigravity/scratch/automaker/apps/server/tests/unit/providers/cursor-config-manager.test.ts:306:17
    at file:///C:/Users/justus/.gemini/antigravity/scratch/automaker/node_modules/[4m@vitest/runner[24m/dist/index.js:145:11
    at file:///C:/Users/justus/.gemini/antigravity/scratch/automaker/node_modules/[4m@vitest/runner[24m/dist/index.js:915:26
    at file:///C:/Users/justus/.gemini/antigravity/scratch/automaker/node_modules/[4m@vitest/runner[24m/dist/index.js:1243:20
    at new Promise (<anonymous>)
    at runWithTimeout (file:///C:/Users/justus/.gemini/antigravity/scratch/automaker/node_modules/[4m@vitest/runner[24m/dist/index.js:1209:10)
    at file:///C:/Users/justus/.gemini/antigravity/scratch/automaker/node_modules/[4m@vitest/runner[24m/dist/index.js:1653:37

[90mstdout[2m | tests/unit/providers/cursor-config-manager.test.ts[2m > [22m[2mcursor-config-manager.ts[2m > [22m[2msaveConfig[2m > [22m[2mshould create directory if it does not exist
[22m[39m[36mINFO [0m [34m[CursorConfigManager][0m Default model set to: claude-3-5-sonnet

[90mstderr[2m | tests/unit/providers/cursor-config-manager.test.ts[2m > [22m[2mcursor-config-manager.ts[2m > 
[22m[2msaveConfig[2m > [22m[2mshould throw error on write failure
[22m[39m[31mERROR[0m [34m[CursorConfigManager][0m Failed to save config: Error: Write failed
    at Module.<anonymous> (C:/Users/justus/.gemini/antigravity/scratch/automaker/apps/server/tests/unit/providers/curso
r-config-manager.test.ts:346:15)
    at Module.writeFileSync 
(file:///C:/Users/justus/.gemini/antigravity/scratch/automaker/node_modules/[4m@vitest/spy[24m/dist/index.js:285:34)
    at CursorConfigManager.saveConfig 
(C:/Users/justus/.gemini/antigravity/scratch/automaker/apps/server/src/providers/cursor-config-manager.ts:61:10)
    at CursorConfigManager.setDefaultModel 
(C:/Users/justus/.gemini/antigravity/scratch/automaker/apps/server/src/providers/cursor-config-manager.ts:88:10)
    at C:/Users/justus/.gemini/antigravity/scratch/automaker/apps/server/tests/unit/providers/cursor-config-manager.tes
t.ts:349:28
    at Proxy.assertThrows 
(file:///C:/Users/justus/.gemini/antigravity/scratch/automaker/node_modules/[4mchai[24m/index.js:2798:5)
    at Proxy.methodWrapper 
(file:///C:/Users/justus/.gemini/antigravity/scratch/automaker/node_modules/[4mchai[24m/index.js:1700:25)
    at Proxy.<anonymous> (file:///C:/Users/justus/.gemini/antigravity/scratch/automaker/node_modules/[4m@vitest/expect
[24m/dist/index.js:1149:12)
    at Proxy.overwritingMethodWrapper 
(file:///C:/Users/justus/.gemini/antigravity/scratch/automaker/node_modules/[4mchai[24m/index.js:1750:33)
    at Proxy.<anonymous> (file:///C:/Users/justus/.gemini/antigravity/scratch/automaker/node_modules/[4m@vitest/expect
[24m/dist/index.js:1485:16)

 [32mÔ£ô[39m [30m[42m server [49m[39m tests/unit/providers/cursor-config-manager.test.ts[2m > [22mcursor-config-manager.ts[2m > [22misModelEnabled[2m > [22mshould return false for disabled model[32m 2[2mms[22m[39m
 [32mÔ£ô[39m [30m[42m server [49m[39m tests/unit/providers/cursor-config-manager.test.ts[2m > [22mcursor-config-manager.ts[2m > [22misModelEnabled[2m > [22mshould return false if models is undefined[32m 2[2mms[22m[39m
 [32mÔ£ô[39m [30m[42m server [49m[39m tests/unit/providers/cursor-config-manager.test.ts[2m > [22mcursor-config-manager.ts[2m > [22mgetMcpServers / setMcpServers[2m > [22mshould return empty array by default[32m 2[2mms[22m[39m
 [32mÔ£ô[39m [30m[42m server [49m[39m tests/unit/providers/cursor-config-manager.test.ts[2m > [22mcursor-config-manager.ts[2m > [22mgetMcpServers / setMcpServers[2m > [22mshould set and get MCP servers[32m 5[2mms[22m[39m
 [32mÔ£ô[39m [30m[42m server [49m[39m tests/unit/providers/cursor-config-manager.test.ts[2m > [22mcursor-config-manager.ts[2m > [22mgetRules / setRules[2m > [22mshould return empty array by default[32m 1[2mms[22m[39m
 [32mÔ£ô[39m [30m[42m server [49m[39m tests/unit/providers/cursor-config-manager.test.ts[2m > [22mcursor-config-manager.ts[2m > [22mgetRules / setRules[2m > [22mshould set and get rules[32m 5[2mms[22m[39m
 [32mÔ£ô[39m [30m[42m server [49m[39m tests/unit/providers/cursor-config-manager.test.ts[2m > [22mcursor-config-manager.ts[2m > [22mreset[2m > [22mshould reset to default values[32m 2[2mms[22m[39m
 [32mÔ£ô[39m [30m[42m server [49m[39m tests/unit/providers/cursor-config-manager.test.ts[2m > [22mcursor-config-manager.ts[2m > [22mexists[2m > [22mshould return true if config file exists[32m 2[2mms[22m[39m
 [32mÔ£ô[39m [30m[42m server [49m[39m tests/unit/providers/cursor-config-manager.test.ts[2m > [22mcursor-config-manager.ts[2m > [22mexists[2m > [22mshould return false if config file does not exist[32m 1[2mms[22m[39m
 [32mÔ£ô[39m [30m[42m server [49m[39m tests/unit/providers/cursor-config-manager.test.ts[2m > [22mcursor-config-manager.ts[2m > [22mgetConfigPath[2m > [22mshould return the config file path[32m 1[2mms[22m[39m
 [32mÔ£ô[39m [30m[42m server [49m[39m tests/unit/providers/cursor-config-manager.test.ts[2m > [22mcursor-config-manager.ts[2m > [22msaveConfig[2m > [22mshould create directory if it does not exist[32m 2[2mms[22m[39m
 [32mÔ£ô[39m [30m[42m server [49m[39m tests/unit/providers/cursor-config-manager.test.ts[2m > [22mcursor-config-manager.ts[2m > [22msaveConfig[2m > [22mshould throw error on write failure[32m 4[2mms[22m[39m
[90mstderr[2m | tests/unit/services/cursor-config-service.test.ts[2m > [22m[2mcursor-config-service.ts[2m > 
[22m[2mreadGlobalConfig[2m > [22m[2mshould throw on other errors
[22m[39m[31mERROR[0m [34m[CursorConfigService][0m Failed to read global Cursor config: Error: Permission denied
    at C:/Users/justus/.gemini/antigravity/scratch/automaker/apps/server/tests/unit/services/cursor-config-service.test
.ts:88:21
    at 
file:///C:/Users/justus/.gemini/antigravity/scratch/automaker/node_modules/[4m@vitest/runner[24m/dist/index.js:145:11
    at 
file:///C:/Users/justus/.gemini/antigravity/scratch/automaker/node_modules/[4m@vitest/runner[24m/dist/index.js:915:26
    at file:///C:/Users/justus/.gemini/antigravity/scratch/automaker/node_modules/[4m@vitest/runner[24m/dist/index.js
:1243:20
    at new Promise (<anonymous>)
    at runWithTimeout (file:///C:/Users/justus/.gemini/antigravity/scratch/automaker/node_modules/[4m@vitest/runner[2
4m/dist/index.js:1209:10)
    at file:///C:/Users/justus/.gemini/antigravity/scratch/automaker/node_modules/[4m@vitest/runner[24m/dist/index.js
:1653:37
    at Traces.$ (file:///C:/Users/justus/.gemini/antigravity/scratch/automaker/node_modules/[4mvitest[24m/dist/chunks
/traces.U4xDYhzZ.js:115:27)
    at trace (file:///C:/Users/justus/.gemini/antigravity/scratch/automaker/node_modules/[4mvitest[24m/dist/chunks/te
st.B8ej_ZHS.js:239:21)
    at runTest (file:///C:/Users/justus/.gemini/antigravity/scratch/automaker/node_modules/[4m@vitest/runner[24m/dist
/index.js:1653:12) {
  code: [32m'EACCES'[39m
}

[90mstdout[2m | tests/unit/services/cursor-config-service.test.ts[2m > [22m[2mcursor-config-service.ts[2m > [22m[2mwriteGlobalConfig[2m > [22m[2mshould create directory and write config
[22m[39m[36mINFO [0m [34m[CursorConfigService][0m Wrote global Cursor config to: \home\user\.cursor\cli-config.json

[90mstderr[2m | tests/unit/services/cursor-config-service.test.ts[2m > [22m[2mcursor-config-service.ts[2m > 
[22m[2mreadProjectConfig[2m > [22m[2mshould throw on other errors
[22m[39m[31mERROR[0m [34m[CursorConfigService][0m Failed to read project Cursor config: Error: Read error
    at C:/Users/justus/.gemini/antigravity/scratch/automaker/apps/server/tests/unit/services/cursor-config-service.test
.ts:136:21
    at 
file:///C:/Users/justus/.gemini/antigravity/scratch/automaker/node_modules/[4m@vitest/runner[24m/dist/index.js:145:11
    at 
file:///C:/Users/justus/.gemini/antigravity/scratch/automaker/node_modules/[4m@vitest/runner[24m/dist/index.js:915:26
    at file:///C:/Users/justus/.gemini/antigravity/scratch/automaker/node_modules/[4m@vitest/runner[24m/dist/index.js
:1243:20
    at new Promise (<anonymous>)
    at runWithTimeout (file:///C:/Users/justus/.gemini/antigravity/scratch/automaker/node_modules/[4m@vitest/runner[2
4m/dist/index.js:1209:10)
    at file:///C:/Users/justus/.gemini/antigravity/scratch/automaker/node_modules/[4m@vitest/runner[24m/dist/index.js
:1653:37
    at Traces.$ (file:///C:/Users/justus/.gemini/antigravity/scratch/automaker/node_modules/[4mvitest[24m/dist/chunks
/traces.U4xDYhzZ.js:115:27)
    at trace (file:///C:/Users/justus/.gemini/antigravity/scratch/automaker/node_modules/[4mvitest[24m/dist/chunks/te
st.B8ej_ZHS.js:239:21)
    at runTest (file:///C:/Users/justus/.gemini/antigravity/scratch/automaker/node_modules/[4m@vitest/runner[24m/dist
/index.js:1653:12) {
  code: [32m'EIO'[39m
}

[90mstdout[2m | tests/unit/services/cursor-config-service.test.ts[2m > [22m[2mcursor-config-service.ts[2m > [22m[2mwriteProjectConfig[2m > [22m[2mshould write project config with only permissions
[22m[39m[36mINFO [0m [34m[CursorConfigService][0m Wrote project Cursor config to: \tmp\test-project\.cursor\cli.json

[90mstdout[2m | tests/unit/services/cursor-config-service.test.ts[2m > [22m[2mcursor-config-service.ts[2m > [22m[2mdeleteProjectConfig[2m > [22m[2mshould delete project config
[22m[39m[36mINFO [0m [34m[CursorConfigService][0m Deleted project Cursor config: \tmp\test-project\.cursor\cli.json

[90mstdout[2m | tests/unit/services/cursor-config-service.test.ts[2m > [22m[2mcursor-config-service.ts[2m > [22m[2mapplyProfileToProject[2m > [22m[2mshould write development profile to project
[22m[39m[36mINFO [0m [34m[CursorConfigService][0m Wrote project Cursor config to: \tmp\test-project\.cursor\cli.json

[90mstdout[2m | tests/unit/services/cursor-config-service.test.ts[2m > [22m[2mcursor-config-service.ts[2m > [22m[2mapplyProfileToProject[2m > [22m[2mshould write development profile to project
[22m[39m[36mINFO [0m [34m[CursorConfigService][0m Applied "Development" profile to project: \tmp\test-project

[90mstdout[2m | tests/unit/services/cursor-config-service.test.ts[2m > [22m[2mcursor-config-service.ts[2m > [22m[2mapplyProfileGlobally[2m > [22m[2mshould write profile to global config
[22m[39m[36mINFO [0m [34m[CursorConfigService][0m Wrote global Cursor config to: \home\user\.cursor\cli-config.json

[90mstdout[2m | tests/unit/services/cursor-config-service.test.ts[2m > [22m[2mcursor-config-service.ts[2m > [22m[2mapplyProfileGlobally[2m > [22m[2mshould write profile to global config
[22m[39m[36mINFO [0m [34m[CursorConfigService][0m Applied "Strict (Read-Only)" profile globally

[90mstdout[2m | tests/unit/services/cursor-config-service.test.ts[2m > [22m[2mcursor-config-service.ts[2m > [22m[2mapplyProfileGlobally[2m > [22m[2mshould preserve existing settings
[22m[39m[36mINFO [0m [34m[CursorConfigService][0m Wrote global Cursor config to: \home\user\.cursor\cli-config.json

[90mstdout[2m | tests/unit/services/cursor-config-service.test.ts[2m > [22m[2mcursor-config-service.ts[2m > [22m[2mapplyProfileGlobally[2m > [22m[2mshould preserve existing settings
[22m[39m[36mINFO [0m [34m[CursorConfigService][0m Applied "Development" profile globally

 [32mÔ£ô[39m [30m[42m server [49m[39m tests/unit/services/cursor-config-service.test.ts[2m > [22mcursor-config-service.ts[2m > [22mgetGlobalConfigPath[2m > [22mshould return default path using homedir[32m 5[2mms[22m[39m
 [32mÔ£ô[39m [30m[42m server [49m[39m tests/unit/services/cursor-config-service.test.ts[2m > [22mcursor-config-service.ts[2m > [22mgetGlobalConfigPath[2m > [22mshould use CURSOR_CONFIG_DIR if set[32m 1[2mms[22m[39m
 [32mÔ£ô[39m [30m[42m server [49m[39m tests/unit/services/cursor-config-service.test.ts[2m > [22mcursor-config-service.ts[2m > [22mgetProjectConfigPath[2m > [22mshould return project config path[32m 1[2mms[22m[39m
 [32mÔ£ô[39m [30m[42m server [49m[39m tests/unit/services/cursor-config-service.test.ts[2m > [22mcursor-config-service.ts[2m > [22mreadGlobalConfig[2m > [22mshould read and parse global config[32m 8[2mms[22m[39m
 [32mÔ£ô[39m [30m[42m server [49m[39m tests/unit/services/cursor-config-service.test.ts[2m > [22mcursor-config-service.ts[2m > [22mreadGlobalConfig[2m > [22mshould return null if file does not exist[32m 1[2mms[22m[39m
 [32mÔ£ô[39m [30m[42m server [49m[39m tests/unit/services/cursor-config-service.test.ts[2m > [22mcursor-config-service.ts[2m > [22mreadGlobalConfig[2m > [22mshould throw on other errors[32m 17[2mms[22m[39m
 [32mÔ£ô[39m [30m[42m server [49m[39m tests/unit/services/cursor-config-service.test.ts[2m > [22mcursor-config-service.ts[2m > [22mwriteGlobalConfig[2m > [22mshould create directory and write config[32m 6[2mms[22m[39m
 [32mÔ£ô[39m [30m[42m server [49m[39m tests/unit/services/cursor-config-service.test.ts[2m > [22mcursor-config-service.ts[2m > [22mreadProjectConfig[2m > [22mshould read and parse project config[32m 2[2mms[22m[39m
 [32mÔ£ô[39m [30m[42m server [49m[39m tests/unit/services/cursor-config-service.test.ts[2m > [22mcursor-config-service.ts[2m > [22mreadProjectConfig[2m > [22mshould return null if file does not exist[32m 1[2mms[22m[39m
 [32mÔ£ô[39m [30m[42m server [49m[39m tests/unit/services/cursor-config-service.test.ts[2m > [22mcursor-config-service.ts[2m > [22mreadProjectConfig[2m > [22mshould throw on other errors[32m 9[2mms[22m[39m
 [32mÔ£ô[39m [30m[42m server [49m[39m tests/unit/services/cursor-config-service.test.ts[2m > [22mcursor-config-service.ts[2m > [22mwriteProjectConfig[2m > [22mshould write project config with only permissions[32m 2[2mms[22m[39m
 [32mÔ£ô[39m [30m[42m server [49m[39m tests/unit/services/cursor-config-service.test.ts[2m > [22mcursor-config-service.ts[2m > [22mdeleteProjectConfig[2m > [22mshould delete project config[32m 1[2mms[22m[39m
 [32mÔ£ô[39m [30m[42m server [49m[39m tests/unit/services/cursor-config-service.test.ts[2m > [22mcursor-config-service.ts[2m > [22mdeleteProjectConfig[2m > [22mshould not throw if file does not exist[32m 1[2mms[22m[39m
 [32mÔ£ô[39m [30m[42m server [49m[39m tests/unit/services/cursor-config-service.test.ts[2m > [22mcursor-config-service.ts[2m > [22mdeleteProjectConfig[2m > [22mshould throw on other errors[32m 1[2mms[22m[39m
 [32mÔ£ô[39m [30m[42m server [49m[39m tests/unit/services/cursor-config-service.test.ts[2m > [22mcursor-config-service.ts[2m > [22mgetEffectivePermissions[2m > [22mshould return project permissions if available[32m 3[2mms[22m[39m
 [32mÔ£ô[39m [30m[42m server [49m[39m tests/unit/services/cursor-config-service.test.ts[2m > [22mcursor-config-service.ts[2m > [22mgetEffectivePermissions[2m > [22mshould fall back to global permissions[32m 1[2mms[22m[39m
 [32mÔ£ô[39m [30m[42m server [49m[39m tests/unit/services/cursor-config-service.test.ts[2m > [22mcursor-config-service.ts[2m > [22mgetEffectivePermissions[2m > [22mshould return null if no config exists[32m 1[2mms[22m[39m
 [32mÔ£ô[39m [30m[42m server [49m[39m tests/unit/services/cursor-config-service.test.ts[2m > [22mcursor-config-service.ts[2m > [22mgetEffectivePermissions[2m > [22mshould return global permissions if no project path provided[32m 1[2mms[22m[39m
 [32mÔ£ô[39m [30m[42m server [49m[39m tests/unit/services/cursor-config-service.test.ts[2m > [22mcursor-config-service.ts[2m > [22mapplyProfileToProject[2m > [22mshould write development profile to project[32m 2[2mms[22m[39m
 [32mÔ£ô[39m [30m[42m server [49m[39m tests/unit/services/cursor-config-service.test.ts[2m > [22mcursor-config-service.ts[2m > [22mapplyProfileToProject[2m > [22mshould throw on unknown profile[32m 1[2mms[22m[39m
 [32mÔ£ô[39m [30m[42m server [49m[39m tests/unit/services/cursor-config-service.test.ts[2m > [22mcursor-config-service.ts[2m > [22mapplyProfileGlobally[2m > [22mshould write profile to global config[32m 2[2mms[22m[39m
 [32mÔ£ô[39m [30m[42m server [49m[39m tests/unit/services/cursor-config-service.test.ts[2m > [22mcursor-config-service.ts[2m > [22mapplyProfileGlobally[2m > [22mshould preserve existing settings[32m 2[2mms[22m[39m
 [32mÔ£ô[39m [30m[42m server [49m[39m tests/unit/services/cursor-config-service.test.ts[2m > [22mcursor-config-service.ts[2m > [22mapplyProfileGlobally[2m > [22mshould throw on unknown profile[32m 6[2mms[22m[39m
 [32mÔ£ô[39m [30m[42m server [49m[39m tests/unit/services/cursor-config-service.test.ts[2m > [22mcursor-config-service.ts[2m > [22mdetectProfile[2m > [22mshould return null for null permissions[32m 1[2mms[22m[39m
 [32mÔ£ô[39m [30m[42m server [49m[39m tests/unit/services/cursor-config-service.test.ts[2m > [22mcursor-config-service.ts[2m > [22mdetectProfile[2m > [22mshould return custom for non-matching permissions[32m 0[2mms[22m[39m
 [32mÔ£ô[39m [30m[42m server [49m[39m tests/unit/services/cursor-config-service.test.ts[2m > [22mcursor-config-service.ts[2m > [22mdetectProfile[2m > [22mshould detect matching profile[32m 1[2mms[22m[39m
 [32mÔ£ô[39m [30m[42m server [49m[39m tests/unit/services/cursor-config-service.test.ts[2m > [22mcursor-config-service.ts[2m > [22mgenerateExampleConfig[2m > [22mshould generate development profile config by default[32m 1[2mms[22m[39m
 [32mÔ£ô[39m [30m[42m server [49m[39m tests/unit/services/cursor-config-service.test.ts[2m > [22mcursor-config-service.ts[2m > [22mgenerateExampleConfig[2m > [22mshould generate specified profile config[32m 1[2mms[22m[39m
 [32mÔ£ô[39m [30m[42m server [49m[39m tests/unit/services/cursor-config-service.test.ts[2m > [22mcursor-config-service.ts[2m > [22mhasProjectConfig[2m > [22mshould return true if config exists[32m 1[2mms[22m[39m
 [32mÔ£ô[39m [30m[42m server [49m[39m tests/unit/services/cursor-config-service.test.ts[2m > [22mcursor-config-service.ts[2m > [22mhasProjectConfig[2m > [22mshould return false if config does not exist[32m 1[2mms[22m[39m
 [32mÔ£ô[39m [30m[42m server [49m[39m tests/unit/services/cursor-config-service.test.ts[2m > [22mcursor-config-service.ts[2m > [22mgetAvailableProfiles[2m > [22mshould return all available profiles[32m 1[2mms[22m[39m
 [32mÔ£ô[39m [30m[42m server [49m[39m tests/unit/providers/provider-factory.test.ts[2m > [22mprovider-factory.ts[2m > [22mgetAllProviders[2m > [22mshould include ClaudeProvider[33m 2110[2mms[22m[39m
[90mstderr[2m | tests/unit/providers/codex-provider.test.ts[2m > [22m[2mcodex-provider.ts[2m > 
[22m[2mexecuteQuery[2m > [22m[2mdisables sandbox mode when running in cloud storage paths
[22m[39m[CodexProvider] Sandbox disabled: Cloud storage path detected (C:\Users\justus\Dropbox\project). Sandbox 
mode may not work correctly with cloud-synced directories.

[90mstderr[2m | tests/unit/providers/codex-provider.test.ts[2m > [22m[2mcodex-provider.ts[2m > 
[22m[2mexecuteQuery[2m > [22m[2muses the SDK when API key is present, even for tool requests (to avoid OAuth 
issues)
[22m[39m[CodexSDK] executeQuery() error during execution: {
  type: [32m'execution'[39m,
  message: [32m"Cannot read properties of undefined (reading 'finalResponse')"[39m,
  isRateLimit: [33mfalse[39m,
  retryAfter: [90mundefined[39m,
  stack: [32m"TypeError: Cannot read properties of undefined (reading 'finalResponse')\n"[39m +
    [32m'    at executeCodexSdkQuery 
(C:/Users/justus/.gemini/antigravity/scratch/automaker/apps/server/src/providers/codex-sdk-client.ts:138:31)\n'[39m +
    [32m'    at processTicksAndRejections (node:internal/process/task_queues:105:5)\n'[39m +
    [32m'    at CodexProvider.executeQuery 
(C:/Users/justus/.gemini/antigravity/scratch/automaker/apps/server/src/providers/codex-provider.ts:739:11)\n'[39m +
    [32m'    at Module.collectAsyncGenerator 
(C:/Users/justus/.gemini/antigravity/scratch/automaker/apps/server/tests/utils/helpers.ts:10:20)\n'[39m +
    [32m'    at C:/Users/justus/.gemini/antigravity/scratch/automaker/apps/server/tests/unit/providers/codex-provider.
test.ts:269:7\n'[39m +
    [32m'    at 
file:///C:/Users/justus/.gemini/antigravity/scratch/automaker/node_modules/@vitest/runner/dist/index.js:915:20'[39m
}

 [32mÔ£ô[39m [30m[42m server [49m[39m tests/unit/providers/codex-provider.test.ts[2m > [22mcodex-provider.ts[2m > [22mexecuteQuery[2m > [22memits tool_use and tool_result with shared tool_use_id for command execution[32m 16[2mms[22m[39m
 [32mÔ£ô[39m [30m[42m server [49m[39m tests/unit/providers/codex-provider.test.ts[2m > [22mcodex-provider.ts[2m > [22mexecuteQuery[2m > [22madds output schema and max turn overrides when configured[32m 4[2mms[22m[39m
 [32mÔ£ô[39m [30m[42m server [49m[39m tests/unit/providers/codex-provider.test.ts[2m > [22mcodex-provider.ts[2m > [22mexecuteQuery[2m > [22moverrides approval policy when MCP auto-approval is enabled[32m 3[2mms[22m[39m
 [32mÔ£ô[39m [30m[42m server [49m[39m tests/unit/providers/codex-provider.test.ts[2m > [22mcodex-provider.ts[2m > [22mexecuteQuery[2m > [22minjects user and project instructions when auto-load is enabled[32m 2[2mms[22m[39m
 [32mÔ£ô[39m [30m[42m server [49m[39m tests/unit/providers/codex-provider.test.ts[2m > [22mcodex-provider.ts[2m > [22mexecuteQuery[2m > [22mdisables sandbox mode when running in cloud storage paths[32m 15[2mms[22m[39m
 [32mÔ£ô[39m [30m[42m server [49m[39m tests/unit/providers/codex-provider.test.ts[2m > [22mcodex-provider.ts[2m > [22mexecuteQuery[2m > [22muses the SDK when no tools are requested and an API key is present[32m 14[2mms[22m[39m
 [32mÔ£ô[39m [30m[42m server [49m[39m tests/unit/providers/codex-provider.test.ts[2m > [22mcodex-provider.ts[2m > [22mexecuteQuery[2m > [22muses the SDK when API key is present, even for tool requests (to avoid OAuth issues)[32m 27[2mms[22m[39m
 [32mÔ£ô[39m [30m[42m server [49m[39m tests/unit/providers/codex-provider.test.ts[2m > [22mcodex-provider.ts[2m > [22mexecuteQuery[2m > [22mfalls back to CLI when no tools are requested and no API key is available[32m 2[2mms[22m[39m
 [32mÔ£ô[39m [30m[42m server [49m[39m tests/unit/providers/codex-provider.test.ts[2m > [22mcodex-provider.ts[2m > [22mexecuteQuery[2m > [22mpasses extended timeout for high reasoning effort[32m 5[2mms[22m[39m
 [32mÔ£ô[39m [30m[42m server [49m[39m tests/unit/providers/codex-provider.test.ts[2m > [22mcodex-provider.ts[2m > [22mexecuteQuery[2m > [22mpasses extended timeout for xhigh reasoning effort[32m 1[2mms[22m[39m
 [32mÔ£ô[39m [30m[42m server [49m[39m tests/unit/providers/codex-provider.test.ts[2m > [22mcodex-provider.ts[2m > [22mexecuteQuery[2m > [22muses default timeout when no reasoning effort is specified[32m 1[2mms[22m[39m
 [32mÔ£ô[39m [30m[42m server [49m[39m tests/unit/providers/codex-provider.test.ts[2m > [22mcodex-provider.ts[2m > [22mcalculateReasoningTimeout[2m > [22mreturns default timeout when no reasoning effort is specified[32m 0[2mms[22m[39m
 [32mÔ£ô[39m [30m[42m server [49m[39m tests/unit/providers/codex-provider.test.ts[2m > [22mcodex-provider.ts[2m > [22mcalculateReasoningTimeout[2m > [22mreturns default timeout for none reasoning effort[32m 0[2mms[22m[39m
 [32mÔ£ô[39m [30m[42m server [49m[39m tests/unit/providers/codex-provider.test.ts[2m > [22mcodex-provider.ts[2m > [22mcalculateReasoningTimeout[2m > [22mapplies correct multiplier for minimal reasoning effort[32m 0[2mms[22m[39m
 [32mÔ£ô[39m [30m[42m server [49m[39m tests/unit/providers/codex-provider.test.ts[2m > [22mcodex-provider.ts[2m > [22mcalculateReasoningTimeout[2m > [22mapplies correct multiplier for low reasoning effort[32m 0[2mms[22m[39m
 [32mÔ£ô[39m [30m[42m server [49m[39m tests/unit/providers/codex-provider.test.ts[2m > [22mcodex-provider.ts[2m > [22mcalculateReasoningTimeout[2m > [22mapplies correct multiplier for medium reasoning effort[32m 0[2mms[22m[39m
 [32mÔ£ô[39m [30m[42m server [49m[39m tests/unit/providers/codex-provider.test.ts[2m > [22mcodex-provider.ts[2m > [22mcalculateReasoningTimeout[2m > [22mapplies correct multiplier for high reasoning effort[32m 1[2mms[22m[39m
 [32mÔ£ô[39m [30m[42m server [49m[39m tests/unit/providers/codex-provider.test.ts[2m > [22mcodex-provider.ts[2m > [22mcalculateReasoningTimeout[2m > [22mapplies correct multiplier for xhigh reasoning effort[32m 1[2mms[22m[39m
 [32mÔ£ô[39m [30m[42m server [49m[39m tests/unit/providers/codex-provider.test.ts[2m > [22mcodex-provider.ts[2m > [22mcalculateReasoningTimeout[2m > [22muses custom base timeout when provided[32m 1[2mms[22m[39m
 [32mÔ£ô[39m [30m[42m server [49m[39m tests/unit/providers/codex-provider.test.ts[2m > [22mcodex-provider.ts[2m > [22mcalculateReasoningTimeout[2m > [22mfalls back to 1.0 multiplier for invalid reasoning effort[32m 0[2mms[22m[39m
 [32mÔ£ô[39m [30m[42m server [49m[39m tests/unit/providers/codex-provider.test.ts[2m > [22mcodex-provider.ts[2m > [22mcalculateReasoningTimeout[2m > [22mproduces expected absolute timeout values[32m 1[2mms[22m[39m
[90mstdout[2m | tests/integration/services/auto-mode-service.integration.test.ts[2m > [22m[2mauto-mode-service.ts (integration)[2m > [22m[2mauto loop[2m > [22m[2mshould process pending features in auto loop
[22m[39m[36mINFO [0m [34m[AutoMode][0m Saved execution state: 1 running features

[90mstdout[2m | tests/integration/services/auto-mode-service.integration.test.ts[2m > [22m[2mauto-mode-service.ts (integration)[2m > [22m[2mauto loop[2m > [22m[2mshould process pending features in auto loop
[22m[39m[36mINFO [0m [34m[SettingsHelper][0m [AutoMode] SettingsService not available, autoLoadClaudeMd disabled

[90mstdout[2m | tests/integration/services/auto-mode-service.integration.test.ts[2m > [22m[2mauto-mode-service.ts (integration)[2m > [22m[2mauto loop[2m > [22m[2mshould process pending features in auto loop
[22m[39m[36mINFO [0m [34m[SettingsHelper][0m [AutoMode] SettingsService not available, using default prompts

 [32mÔ£ô[39m [30m[42m server [49m[39m tests/unit/providers/claude-provider.test.ts[2m > [22mclaude-provider.ts[2m > [22mgetName[2m > [22mshould return 'claude' as provider name[32m 6[2mms[22m[39m
 [32mÔ£ô[39m [30m[42m server [49m[39m tests/unit/providers/claude-provider.test.ts[2m > [22mclaude-provider.ts[2m > [22mexecuteQuery[2m > [22mshould execute simple text query[32m 7[2mms[22m[39m
 [32mÔ£ô[39m [30m[42m server [49m[39m tests/unit/providers/claude-provider.test.ts[2m > [22mclaude-provider.ts[2m > [22mexecuteQuery[2m > [22mshould pass correct options to SDK[32m 8[2mms[22m[39m
 [32mÔ£ô[39m [30m[42m server [49m[39m tests/unit/providers/claude-provider.test.ts[2m > [22mclaude-provider.ts[2m > [22mexecuteQuery[2m > [22mshould not include allowedTools when not specified (caller decides via sdk-options)[32m 3[2mms[22m[39m
 [32mÔ£ô[39m [30m[42m server [49m[39m tests/unit/providers/claude-provider.test.ts[2m > [22mclaude-provider.ts[2m > [22mexecuteQuery[2m > [22mshould pass abortController if provided[32m 2[2mms[22m[39m
 [32mÔ£ô[39m [30m[42m server [49m[39m tests/unit/providers/claude-provider.test.ts[2m > [22mclaude-provider.ts[2m > [22mexecuteQuery[2m > [22mshould handle conversation history with sdkSessionId using resume option[32m 2[2mms[22m[39m
 [32mÔ£ô[39m [30m[42m server [49m[39m tests/unit/providers/claude-provider.test.ts[2m > [22mclaude-provider.ts[2m > [22mexecuteQuery[2m > [22mshould handle array prompt (with images)[32m 1[2mms[22m[39m
 [32mÔ£ô[39m [30m[42m server [49m[39m tests/unit/providers/claude-provider.test.ts[2m > [22mclaude-provider.ts[2m > [22mexecuteQuery[2m > [22mshould use maxTurns default of 20[32m 2[2mms[22m[39m
 [32mÔ£ô[39m [30m[42m server [49m[39m tests/unit/providers/claude-provider.test.ts[2m > [22mclaude-provider.ts[2m > [22mexecuteQuery[2m > [22mshould handle errors during execution and rethrow[32m 23[2mms[22m[39m
 [32mÔ£ô[39m [30m[42m server [49m[39m tests/unit/providers/claude-provider.test.ts[2m > [22mclaude-provider.ts[2m > [22mdetectInstallation[2m > [22mshould return installed with SDK method[32m 1[2mms[22m[39m
 [32mÔ£ô[39m [30m[42m server [49m[39m tests/unit/providers/claude-provider.test.ts[2m > [22mclaude-provider.ts[2m > [22mdetectInstallation[2m > [22mshould detect ANTHROPIC_API_KEY[32m 1[2mms[22m[39m
 [32mÔ£ô[39m [30m[42m server [49m[39m tests/unit/providers/claude-provider.test.ts[2m > [22mclaude-provider.ts[2m > [22mdetectInstallation[2m > [22mshould return hasApiKey false when no keys present[32m 1[2mms[22m[39m
 [32mÔ£ô[39m [30m[42m server [49m[39m tests/unit/providers/claude-provider.test.ts[2m > [22mclaude-provider.ts[2m > [22menvironment variable passthrough[2m > [22mshould pass ANTHROPIC_BASE_URL to SDK env[32m 2[2mms[22m[39m
 [32mÔ£ô[39m [30m[42m server [49m[39m tests/unit/providers/claude-provider.test.ts[2m > [22mclaude-provider.ts[2m > [22menvironment variable passthrough[2m > [22mshould pass ANTHROPIC_AUTH_TOKEN to SDK env[32m 1[2mms[22m[39m
 [32mÔ£ô[39m [30m[42m server [49m[39m tests/unit/providers/claude-provider.test.ts[2m > [22mclaude-provider.ts[2m > [22menvironment variable passthrough[2m > [22mshould pass both custom endpoint vars together[32m 1[2mms[22m[39m
 [32mÔ£ô[39m [30m[42m server [49m[39m tests/unit/providers/claude-provider.test.ts[2m > [22mclaude-provider.ts[2m > [22mgetAvailableModels[2m > [22mshould return 4 Claude models[32m 1[2mms[22m[39m
 [32mÔ£ô[39m [30m[42m server [49m[39m tests/unit/providers/claude-provider.test.ts[2m > [22mclaude-provider.ts[2m > [22mgetAvailableModels[2m > [22mshould include Claude Opus 4.5[32m 1[2mms[22m[39m
 [32mÔ£ô[39m [30m[42m server [49m[39m tests/unit/providers/claude-provider.test.ts[2m > [22mclaude-provider.ts[2m > [22mgetAvailableModels[2m > [22mshould include Claude Sonnet 4[32m 1[2mms[22m[39m
 [32mÔ£ô[39m [30m[42m server [49m[39m tests/unit/providers/claude-provider.test.ts[2m > [22mclaude-provider.ts[2m > [22mgetAvailableModels[2m > [22mshould include Claude 3.5 Sonnet[32m 0[2mms[22m[39m
 [32mÔ£ô[39m [30m[42m server [49m[39m tests/unit/providers/claude-provider.test.ts[2m > [22mclaude-provider.ts[2m > [22mgetAvailableModels[2m > [22mshould include Claude Haiku 4.5[32m 0[2mms[22m[39m
 [32mÔ£ô[39m [30m[42m server [49m[39m tests/unit/providers/claude-provider.test.ts[2m > [22mclaude-provider.ts[2m > [22mgetAvailableModels[2m > [22mshould mark Opus as default[32m 1[2mms[22m[39m
 [32mÔ£ô[39m [30m[42m server [49m[39m tests/unit/providers/claude-provider.test.ts[2m > [22mclaude-provider.ts[2m > [22mgetAvailableModels[2m > [22mshould all support vision and tools[32m 2[2mms[22m[39m
 [32mÔ£ô[39m [30m[42m server [49m[39m tests/unit/providers/claude-provider.test.ts[2m > [22mclaude-provider.ts[2m > [22mgetAvailableModels[2m > [22mshould have correct context windows[32m 1[2mms[22m[39m
 [32mÔ£ô[39m [30m[42m server [49m[39m tests/unit/providers/claude-provider.test.ts[2m > [22mclaude-provider.ts[2m > [22mgetAvailableModels[2m > [22mshould have modelString field matching id[32m 6[2mms[22m[39m
 [32mÔ£ô[39m [30m[42m server [49m[39m tests/unit/providers/claude-provider.test.ts[2m > [22mclaude-provider.ts[2m > [22msupportsFeature[2m > [22mshould support 'tools' feature[32m 1[2mms[22m[39m
 [32mÔ£ô[39m [30m[42m server [49m[39m tests/unit/providers/claude-provider.test.ts[2m > [22mclaude-provider.ts[2m > [22msupportsFeature[2m > [22mshould support 'text' feature[32m 0[2mms[22m[39m
 [32mÔ£ô[39m [30m[42m server [49m[39m tests/unit/providers/claude-provider.test.ts[2m > [22mclaude-provider.ts[2m > [22msupportsFeature[2m > [22mshould support 'vision' feature[32m 0[2mms[22m[39m
 [32mÔ£ô[39m [30m[42m server [49m[39m tests/unit/providers/claude-provider.test.ts[2m > [22mclaude-provider.ts[2m > [22msupportsFeature[2m > [22mshould support 'thinking' feature[32m 0[2mms[22m[39m
 [32mÔ£ô[39m [30m[42m server [49m[39m tests/unit/providers/claude-provider.test.ts[2m > [22mclaude-provider.ts[2m > [22msupportsFeature[2m > [22mshould not support 'mcp' feature[32m 0[2mms[22m[39m
 [32mÔ£ô[39m [30m[42m server [49m[39m tests/unit/providers/claude-provider.test.ts[2m > [22mclaude-provider.ts[2m > [22msupportsFeature[2m > [22mshould not support 'cli' feature[32m 0[2mms[22m[39m
 [32mÔ£ô[39m [30m[42m server [49m[39m tests/unit/providers/claude-provider.test.ts[2m > [22mclaude-provider.ts[2m > [22msupportsFeature[2m > [22mshould not support unknown features[32m 0[2mms[22m[39m
 [32mÔ£ô[39m [30m[42m server [49m[39m tests/unit/providers/claude-provider.test.ts[2m > [22mclaude-provider.ts[2m > [22mvalidateConfig[2m > [22mshould validate config from base class[32m 1[2mms[22m[39m
 [32mÔ£ô[39m [30m[42m server [49m[39m tests/unit/providers/claude-provider.test.ts[2m > [22mclaude-provider.ts[2m > [22mconfig management[2m > [22mshould get and set config[32m 2[2mms[22m[39m
 [32mÔ£ô[39m [30m[42m server [49m[39m tests/unit/providers/claude-provider.test.ts[2m > [22mclaude-provider.ts[2m > [22mconfig management[2m > [22mshould merge config updates[32m 1[2mms[22m[39m
[90mstdout[2m | tests/integration/services/auto-mode-service.integration.test.ts[2m > [22m[2mauto-mode-service.ts (integration)[2m > [22m[2mauto loop[2m > [22m[2mshould process pending features in auto loop
[22m[39m[ContextLoader] Selected memory files: gotchas
[ContextLoader] Loaded 1 memory file(s)

[90mstdout[2m | tests/integration/services/auto-mode-service.integration.test.ts[2m > [22m[2mauto-mode-service.ts (integration)[2m > [22m[2mauto loop[2m > [22m[2mshould process pending features in auto loop
[22m[39m[ModelResolver] resolveModelString called with modelKey: "undefined", defaultModel: "claude-opus-4-5-20251101"
[ModelResolver] No model specified, using default: claude-opus-4-5-20251101
[36mINFO [0m [34m[AutoMode][0m Executing feature auto-2 with model: claude-opus-4-5-20251101, provider: undefined in C:\Users\justus\AppData\Local\Temp\automaker-test-krJ4IN

[90mstdout[2m | tests/integration/services/auto-mode-service.integration.test.ts[2m > [22m[2mauto-mode-service.ts (integration)[2m > [22m[2mauto loop[2m > [22m[2mshould process pending features in auto loop
[22m[39m[ModelResolver] resolveModelString called with modelKey: "claude-opus-4-5-20251101", defaultModel: "claude-opus-4-5-20251101"
[ModelResolver] Using full Claude model string: claude-opus-4-5-20251101
[36mINFO [0m [34m[AutoMode][0m runAgent called for feature auto-2 with model: claude-opus-4-5-20251101, planningMode: skip, requiresApproval: false
[36mINFO [0m [34m[AutoMode][0m Using provider "claude" for model "claude-opus-4-5-20251101" (bare: claude-opus-4-5-20251101)

[90mstdout[2m | tests/integration/services/auto-mode-service.integration.test.ts[2m > [22m[2mauto-mode-service.ts (integration)[2m > [22m[2mauto loop[2m > [22m[2mshould process pending features in auto loop
[22m[39m[36mINFO [0m [34m[AutoMode][0m System prompt provided (310 chars), first 200 chars:
# Project Memory

The following learnings and decisions from previous work are available.
**IMPORTANT**: Review these carefully before making changes that could conflict with past decisions.

---

## ...
[36mINFO [0m [34m[AutoMode][0m Starting stream for feature auto-2...
[36mINFO [0m [34m[AutoMode][0m Stream created, starting to iterate...

[90mstdout[2m | tests/integration/services/auto-mode-service.integration.test.ts[2m > [22m[2mauto-mode-service.ts (integration)[2m > [22m[2mauto loop[2m > [22m[2mshould process pending features in auto loop
[22m[39m[36mINFO [0m [34m[AutoMode][0m Stream message received: result success

 [32mÔ£ô[39m [30m[42m server [49m[39m tests/unit/providers/provider-factory.test.ts[2m > [22mprovider-factory.ts[2m > [22mgetAllProviders[2m > [22mshould return exactly 4 providers[33m 1145[2mms[22m[39m
[90mstdout[2m | tests/integration/services/auto-mode-service.integration.test.ts[2m > [22m[2mauto-mode-service.ts (integration)[2m > [22m[2mauto loop[2m > [22m[2mshould process pending features in auto loop
[22m[39m[36mINFO [0m [34m[NotificationService][0m Created notification: Feature Ready for Review for project C:\Users\justus\AppData\Local\Temp\automaker-test-krJ4IN

[90mstdout[2m | tests/integration/services/auto-mode-service.integration.test.ts[2m > [22m[2mauto-mode-service.ts (integration)[2m > [22m[2mauto loop[2m > [22m[2mshould process pending features in auto loop
[22m[39m[AutoMode] Skipping learning extraction - output too short (0 chars)

[90mstdout[2m | tests/integration/services/auto-mode-service.integration.test.ts[2m > [22m[2mauto-mode-service.ts (integration)[2m > [22m[2mauto loop[2m > [22m[2mshould process pending features in auto loop
[22m[39m[36mINFO [0m [34m[AutoMode][0m Feature auto-2 execution ended, cleaning up runningFeatures
[36mINFO [0m [34m[AutoMode][0m Pending approvals at cleanup: none

[90mstdout[2m | tests/integration/services/auto-mode-service.integration.test.ts[2m > [22m[2mauto-mode-service.ts (integration)[2m > [22m[2mauto loop[2m > [22m[2mshould process pending features in auto loop
[22m[39m[36mINFO [0m [34m[AutoMode][0m Saved execution state: 0 running features

[90mstdout[2m | tests/unit/services/auto-mode-service.test.ts[2m > [22m[2mauto-mode-service.ts[2m > [22m[2mstartAutoLoop[2m > [22m[2mshould throw if auto mode is already running
[22m[39m[36mINFO [0m [34m[AutoMode][0m Cleared execution state

[90mstdout[2m | tests/unit/services/auto-mode-service.test.ts[2m > [22m[2mauto-mode-service.ts[2m > [22m[2mstartAutoLoop[2m > [22m[2mshould throw if auto mode is already running
[22m[39m[36mINFO [0m [34m[AutoMode][0m Saved execution state: 0 running features

[90mstdout[2m | tests/unit/services/auto-mode-service.test.ts[2m > [22m[2mauto-mode-service.ts[2m > [22m[2mstartAutoLoop[2m > [22m[2mshould emit auto mode start event
[22m[39m[36mINFO [0m [34m[AutoMode][0m Saved execution state: 0 running features

[90mstdout[2m | tests/unit/services/auto-mode-service.test.ts[2m > [22m[2mauto-mode-service.ts[2m > [22m[2mstartAutoLoop[2m > [22m[2mshould emit auto mode start event
[22m[39m[36mINFO [0m [34m[AutoMode][0m Cleared execution state

[90mstdout[2m | tests/unit/services/auto-mode-service.test.ts[2m > [22m[2mauto-mode-service.ts[2m > [22m[2mstopAutoLoop[2m > [22m[2mshould stop the auto loop
[22m[39m[36mINFO [0m [34m[AutoMode][0m Saved execution state: 0 running features

 [32mÔ£ô[39m [30m[42m server [49m[39m tests/unit/services/auto-mode-service.test.ts[2m > [22mauto-mode-service.ts[2m > [22mconstructor[2m > [22mshould initialize with event emitter[32m 5[2mms[22m[39m
 [32mÔ£ô[39m [30m[42m server [49m[39m tests/unit/services/auto-mode-service.test.ts[2m > [22mauto-mode-service.ts[2m > [22mstartAutoLoop[2m > [22mshould throw if auto mode is already running[32m 16[2mms[22m[39m
 [32mÔ£ô[39m [30m[42m server [49m[39m tests/unit/services/auto-mode-service.test.ts[2m > [22mauto-mode-service.ts[2m > [22mstartAutoLoop[2m > [22mshould emit auto mode start event[32m 30[2mms[22m[39m
 [32mÔ£ô[39m [30m[42m server [49m[39m tests/unit/services/auto-mode-service.test.ts[2m > [22mauto-mode-service.ts[2m > [22mstopAutoLoop[2m > [22mshould stop the auto loop[32m 13[2mms[22m[39m
 [32mÔ£ô[39m [30m[42m server [49m[39m tests/unit/services/auto-mode-service.test.ts[2m > [22mauto-mode-service.ts[2m > [22mstopAutoLoop[2m > [22mshould return 0 when not running[32m 1[2mms[22m[39m
 [32mÔ£ô[39m [30m[42m server [49m[39m tests/unit/services/auto-mode-service.test.ts[2m > [22mauto-mode-service.ts[2m > [22mgetRunningAgents[2m > [22mshould return empty array when no agents are running[32m 1[2mms[22m[39m
 [32mÔ£ô[39m [30m[42m server [49m[39m tests/unit/services/auto-mode-service.test.ts[2m > [22mauto-mode-service.ts[2m > [22mgetRunningAgents[2m > [22mshould return running agents with basic info when feature data is not available[32m 6[2mms[22m[39m
 [32mÔ£ô[39m [30m[42m server [49m[39m tests/unit/services/auto-mode-service.test.ts[2m > [22mauto-mode-service.ts[2m > [22mgetRunningAgents[2m > [22mshould return running agents with title and description when feature data is available[32m 3[2mms[22m[39m
 [32mÔ£ô[39m [30m[42m server [49m[39m tests/unit/services/auto-mode-service.test.ts[2m > [22mauto-mode-service.ts[2m > [22mgetRunningAgents[2m > [22mshould handle multiple running agents[32m 2[2mms[22m[39m
 [32mÔ£ô[39m [30m[42m server [49m[39m tests/unit/services/auto-mode-service.test.ts[2m > [22mauto-mode-service.ts[2m > [22mgetRunningAgents[2m > [22mshould silently handle errors when fetching feature data[32m 2[2mms[22m[39m
 [32mÔ£ô[39m [30m[42m server [49m[39m tests/unit/services/auto-mode-service.test.ts[2m > [22mauto-mode-service.ts[2m > [22mgetRunningAgents[2m > [22mshould handle feature with title but no description[32m 1[2mms[22m[39m
 [32mÔ£ô[39m [30m[42m server [49m[39m tests/unit/services/auto-mode-service.test.ts[2m > [22mauto-mode-service.ts[2m > [22mgetRunningAgents[2m > [22mshould handle feature with description but no title[32m 1[2mms[22m[39m
 [32mÔ£ô[39m [30m[42m server [49m[39m tests/unit/services/auto-mode-service.test.ts[2m > [22mauto-mode-service.ts[2m > [22mgetRunningAgents[2m > [22mshould extract projectName from nested paths correctly[32m 1[2mms[22m[39m
 [32mÔ£ô[39m [30m[42m server [49m[39m tests/unit/services/auto-mode-service.test.ts[2m > [22mauto-mode-service.ts[2m > [22mgetRunningAgents[2m > [22mshould fetch feature data in parallel for multiple agents[32m 14[2mms[22m[39m
 [32mÔ£ô[39m [30m[42m server [49m[39m tests/unit/lib/automaker-paths.test.ts[2m > [22mautomaker-paths.ts[2m > [22mgetAutomakerDir[2m > [22mshould return path to .automaker directory[32m 5[2mms[22m[39m
 [32mÔ£ô[39m [30m[42m server [49m[39m tests/unit/lib/automaker-paths.test.ts[2m > [22mautomaker-paths.ts[2m > [22mgetAutomakerDir[2m > [22mshould handle paths with trailing slashes[32m 1[2mms[22m[39m
 [32mÔ£ô[39m [30m[42m server [49m[39m tests/unit/lib/automaker-paths.test.ts[2m > [22mautomaker-paths.ts[2m > [22mgetFeaturesDir[2m > [22mshould return path to features directory[32m 1[2mms[22m[39m
 [32mÔ£ô[39m [30m[42m server [49m[39m tests/unit/lib/automaker-paths.test.ts[2m > [22mautomaker-paths.ts[2m > [22mgetFeatureDir[2m > [22mshould return path to specific feature directory[32m 1[2mms[22m[39m
 [32mÔ£ô[39m [30m[42m server [49m[39m tests/unit/lib/automaker-paths.test.ts[2m > [22mautomaker-paths.ts[2m > [22mgetFeatureDir[2m > [22mshould handle feature IDs with special characters[32m 1[2mms[22m[39m
 [32mÔ£ô[39m [30m[42m server [49m[39m tests/unit/lib/automaker-paths.test.ts[2m > [22mautomaker-paths.ts[2m > [22mgetFeatureImagesDir[2m > [22mshould return path to feature images directory[32m 0[2mms[22m[39m
 [32mÔ£ô[39m [30m[42m server [49m[39m tests/unit/lib/automaker-paths.test.ts[2m > [22mautomaker-paths.ts[2m > [22mgetBoardDir[2m > [22mshould return path to board directory[32m 0[2mms[22m[39m
 [32mÔ£ô[39m [30m[42m server [49m[39m tests/unit/lib/automaker-paths.test.ts[2m > [22mautomaker-paths.ts[2m > [22mgetImagesDir[2m > [22mshould return path to images directory[32m 0[2mms[22m[39m
 [32mÔ£ô[39m [30m[42m server [49m[39m tests/unit/lib/automaker-paths.test.ts[2m > [22mautomaker-paths.ts[2m > [22mgetWorktreesDir[2m > [22mshould return path to worktrees directory[32m 1[2mms[22m[39m
 [32mÔ£ô[39m [30m[42m server [49m[39m tests/unit/lib/automaker-paths.test.ts[2m > [22mautomaker-paths.ts[2m > [22mgetAppSpecPath[2m > [22mshould return path to app_spec.txt file[32m 1[2mms[22m[39m
 [32mÔ£ô[39m [30m[42m server [49m[39m tests/unit/lib/automaker-paths.test.ts[2m > [22mautomaker-paths.ts[2m > [22mgetBranchTrackingPath[2m > [22mshould return path to active-branches.json file[32m 0[2mms[22m[39m
 [32mÔ£ô[39m [30m[42m server [49m[39m tests/unit/lib/automaker-paths.test.ts[2m > [22mautomaker-paths.ts[2m > [22mensureAutomakerDir[2m > [22mshould create automaker directory and return path[32m 8[2mms[22m[39m
 [32mÔ£ô[39m [30m[42m server [49m[39m tests/unit/lib/automaker-paths.test.ts[2m > [22mautomaker-paths.ts[2m > [22mensureAutomakerDir[2m > [22mshould succeed if directory already exists[32m 9[2mms[22m[39m
 [32mÔ£ô[39m [30m[42m server [49m[39m tests/unit/lib/automaker-paths.test.ts[2m > [22mautomaker-paths.ts[2m > [22mgetGlobalSettingsPath[2m > [22mshould return path to settings.json in data directory[32m 1[2mms[22m[39m
 [32mÔ£ô[39m [30m[42m server [49m[39m tests/unit/lib/automaker-paths.test.ts[2m > [22mautomaker-paths.ts[2m > [22mgetGlobalSettingsPath[2m > [22mshould handle paths with trailing slashes[32m 0[2mms[22m[39m
 [32mÔ£ô[39m [30m[42m server [49m[39m tests/unit/lib/automaker-paths.test.ts[2m > [22mautomaker-paths.ts[2m > [22mgetCredentialsPath[2m > [22mshould return path to credentials.json in data directory[32m 0[2mms[22m[39m
 [32mÔ£ô[39m [30m[42m server [49m[39m tests/unit/lib/automaker-paths.test.ts[2m > [22mautomaker-paths.ts[2m > [22mgetCredentialsPath[2m > [22mshould handle paths with trailing slashes[32m 0[2mms[22m[39m
 [32mÔ£ô[39m [30m[42m server [49m[39m tests/unit/lib/automaker-paths.test.ts[2m > [22mautomaker-paths.ts[2m > [22mgetProjectSettingsPath[2m > [22mshould return path to settings.json in project .automaker directory[32m 0[2mms[22m[39m
 [32mÔ£ô[39m [30m[42m server [49m[39m tests/unit/lib/automaker-paths.test.ts[2m > [22mautomaker-paths.ts[2m > [22mgetProjectSettingsPath[2m > [22mshould handle paths with trailing slashes[32m 0[2mms[22m[39m
 [32mÔ£ô[39m [30m[42m server [49m[39m tests/unit/lib/automaker-paths.test.ts[2m > [22mautomaker-paths.ts[2m > [22mensureDataDir[2m > [22mshould create data directory and return path[32m 3[2mms[22m[39m
 [32mÔ£ô[39m [30m[42m server [49m[39m tests/unit/lib/automaker-paths.test.ts[2m > [22mautomaker-paths.ts[2m > [22mensureDataDir[2m > [22mshould succeed if directory already exists[32m 4[2mms[22m[39m
 [32mÔ£ô[39m [30m[42m server [49m[39m tests/unit/lib/automaker-paths.test.ts[2m > [22mautomaker-paths.ts[2m > [22mensureDataDir[2m > [22mshould create nested directories[32m 15[2mms[22m[39m
[90mstdout[2m | tests/integration/services/auto-mode-service.integration.test.ts[2m > [22m[2mauto-mode-service.ts (integration)[2m > [22m[2mauto loop[2m > [22m[2mshould process pending features in auto loop
[22m[39m[36mINFO [0m [34m[AutoMode][0m Cleared execution state

[90mstdout[2m | tests/unit/services/sprite-service.test.ts[2m > [22m[2mSpriteService[2m > [22m[2mshould create a sprite and record telemetry
[22m[39m[36mINFO [0m [34m[SpriteService][0m Creating sprite 'test-sprite'...

[90mstdout[2m | tests/unit/services/sprite-service.test.ts[2m > [22m[2mSpriteService[2m > [22m[2mshould create a sprite and record telemetry
[22m[39m[36mINFO [0m [34m[SpriteService][0m Sprite 'test-sprite' created in 3ms

[90mstderr[2m | tests/unit/services/sprite-service.test.ts[2m > [22m[2mSpriteService[2m > [22m[2mshould handle 
errors and record telemetry
[22m[39m[31mERROR[0m [34m[SpriteService][0m Error in listSprites: Error: API Error
    at 
C:/Users/justus/.gemini/antigravity/scratch/automaker/apps/server/tests/unit/services/sprite-service.test.ts:81:19
    at 
file:///C:/Users/justus/.gemini/antigravity/scratch/automaker/node_modules/[4m@vitest/runner[24m/dist/index.js:145:11
    at 
file:///C:/Users/justus/.gemini/antigravity/scratch/automaker/node_modules/[4m@vitest/runner[24m/dist/index.js:915:26
    at file:///C:/Users/justus/.gemini/antigravity/scratch/automaker/node_modules/[4m@vitest/runner[24m/dist/index.js
:1243:20
    at new Promise (<anonymous>)
    at runWithTimeout (file:///C:/Users/justus/.gemini/antigravity/scratch/automaker/node_modules/[4m@vitest/runner[2
4m/dist/index.js:1209:10)
    at file:///C:/Users/justus/.gemini/antigravity/scratch/automaker/node_modules/[4m@vitest/runner[24m/dist/index.js
:1653:37
    at Traces.$ (file:///C:/Users/justus/.gemini/antigravity/scratch/automaker/node_modules/[4mvitest[24m/dist/chunks
/traces.U4xDYhzZ.js:115:27)
    at trace (file:///C:/Users/justus/.gemini/antigravity/scratch/automaker/node_modules/[4mvitest[24m/dist/chunks/te
st.B8ej_ZHS.js:239:21)
    at runTest (file:///C:/Users/justus/.gemini/antigravity/scratch/automaker/node_modules/[4m@vitest/runner[24m/dist
/index.js:1653:12)
[31mERROR[0m [34m[TelemetryStore][0m [Metric:ERROR] sprites.listSprites.error: API Error {
  stack: [32m'Error: API Error\n'[39m +
    [32m'    at C:/Users/justus/.gemini/antigravity/scratch/automaker/apps/server/tests/unit/services/sprite-service.t
est.ts:81:19\n'[39m +
    [32m'    at 
file:///C:/Users/justus/.gemini/antigravity/scratch/automaker/node_modules/@vitest/runner/dist/index.js:145:11\n'[39m 
+
    [32m'    at 
file:///C:/Users/justus/.gemini/antigravity/scratch/automaker/node_modules/@vitest/runner/dist/index.js:915:26\n'[39m 
+
    [32m'    at file:///C:/Users/justus/.gemini/antigravity/scratch/automaker/node_modules/@vitest/runner/dist/index.j
s:1243:20\n'[39m +
    [32m'    at new Promise (<anonymous>)\n'[39m +
    [32m'    at runWithTimeout (file:///C:/Users/justus/.gemini/antigravity/scratch/automaker/node_modules/@vitest/run
ner/dist/index.js:1209:10)\n'[39m +
    [32m'    at file:///C:/Users/justus/.gemini/antigravity/scratch/automaker/node_modules/@vitest/runner/dist/index.j
s:1653:37\n'[39m +
    [32m'    at Traces.$ (file:///C:/Users/justus/.gemini/antigravity/scratch/automaker/node_modules/vitest/dist/chunk
s/traces.U4xDYhzZ.js:115:27)\n'[39m +
    [32m'    at trace (file:///C:/Users/justus/.gemini/antigravity/scratch/automaker/node_modules/vitest/dist/chunks/t
est.B8ej_ZHS.js:239:21)\n'[39m +
    [32m'    at runTest 
(file:///C:/Users/justus/.gemini/antigravity/scratch/automaker/node_modules/@vitest/runner/dist/index.js:1653:12)'[39m
}

 [32mÔ£ô[39m [30m[42m server [49m[39m tests/unit/services/sprite-service.test.ts[2m > [22mSpriteService[2m > [22mshould initialize and setup listeners[32m 17[2mms[22m[39m
 [32mÔ£ô[39m [30m[42m server [49m[39m tests/unit/services/sprite-service.test.ts[2m > [22mSpriteService[2m > [22mshould create a sprite and record telemetry[32m 8[2mms[22m[39m
 [32mÔ£ô[39m [30m[42m server [49m[39m tests/unit/services/sprite-service.test.ts[2m > [22mSpriteService[2m > [22mshould emit standard events when client emits events[32m 2[2mms[22m[39m
 [32mÔ£ô[39m [30m[42m server [49m[39m tests/unit/services/sprite-service.test.ts[2m > [22mSpriteService[2m > [22mshould handle errors and record telemetry[32m 13[2mms[22m[39m
 [32mÔ£ô[39m [30m[42m server [49m[39m tests/unit/services/sprite-service.test.ts[2m > [22mSpriteService[2m > [22mshould emit RESTORED event when client emits spriteRestored[32m 3[2mms[22m[39m
 [32mÔ£ô[39m [30m[42m server [49m[39m tests/unit/services/sprite-service.test.ts[2m > [22mSpriteService[2m > [22mshould create checkpoint and record telemetry[32m 2[2mms[22m[39m
 [32mÔ£ô[39m [30m[42m server [49m[39m tests/unit/services/sprite-service.test.ts[2m > [22mSpriteService[2m > [22mshould restore checkpoint and record telemetry[32m 2[2mms[22m[39m
[90mstdout[2m | tests/unit/services/auto-mode-service-planning.test.ts[2m > [22m[2mauto-mode-service.ts - Planning Mode[2m > [22m[2mgetPlanningPromptPrefix[2m > [22m[2mshould return lite prompt for lite mode without approval
[22m[39m[36mINFO [0m [34m[SettingsHelper][0m [AutoMode] SettingsService not available, using default prompts

[90mstdout[2m | tests/unit/services/auto-mode-service-planning.test.ts[2m > [22m[2mauto-mode-service.ts - Planning Mode[2m > [22m[2mgetPlanningPromptPrefix[2m > [22m[2mshould return lite_with_approval prompt for lite mode with approval
[22m[39m[36mINFO [0m [34m[SettingsHelper][0m [AutoMode] SettingsService not available, using default prompts

[90mstdout[2m | tests/unit/services/auto-mode-service-planning.test.ts[2m > [22m[2mauto-mode-service.ts - Planning Mode[2m > [22m[2mgetPlanningPromptPrefix[2m > [22m[2mshould return spec prompt for spec mode
[22m[39m[36mINFO [0m [34m[SettingsHelper][0m [AutoMode] SettingsService not available, using default prompts

[90mstdout[2m | tests/unit/services/auto-mode-service-planning.test.ts[2m > [22m[2mauto-mode-service.ts - Planning Mode[2m > [22m[2mgetPlanningPromptPrefix[2m > [22m[2mshould return full prompt for full mode
[22m[39m[36mINFO [0m [34m[SettingsHelper][0m [AutoMode] SettingsService not available, using default prompts

[90mstdout[2m | tests/unit/services/auto-mode-service-planning.test.ts[2m > [22m[2mauto-mode-service.ts - Planning Mode[2m > [22m[2mgetPlanningPromptPrefix[2m > [22m[2mshould include the separator and Feature Request header
[22m[39m[36mINFO [0m [34m[SettingsHelper][0m [AutoMode] SettingsService not available, using default prompts

[90mstdout[2m | tests/unit/services/auto-mode-service-planning.test.ts[2m > [22m[2mauto-mode-service.ts - Planning Mode[2m > [22m[2mgetPlanningPromptPrefix[2m > [22m[2mshould instruct agent to NOT output exploration text
[22m[39m[36mINFO [0m [34m[SettingsHelper][0m [AutoMode] SettingsService not available, using default prompts

[90mstdout[2m | tests/unit/services/auto-mode-service-planning.test.ts[2m > [22m[2mauto-mode-service.ts - Planning Mode[2m > [22m[2mgetPlanningPromptPrefix[2m > [22m[2mshould instruct agent to NOT output exploration text
[22m[39m[36mINFO [0m [34m[SettingsHelper][0m [AutoMode] SettingsService not available, using default prompts

[90mstdout[2m | tests/unit/services/auto-mode-service-planning.test.ts[2m > [22m[2mauto-mode-service.ts - Planning Mode[2m > [22m[2mgetPlanningPromptPrefix[2m > [22m[2mshould instruct agent to NOT output exploration text
[22m[39m[36mINFO [0m [34m[SettingsHelper][0m [AutoMode] SettingsService not available, using default prompts

[90mstdout[2m | tests/unit/services/auto-mode-service-planning.test.ts[2m > [22m[2mauto-mode-service.ts - Planning Mode[2m > [22m[2mplan approval flow[2m > [22m[2mshould allow cancelling non-existent approval without error
[22m[39m[36mINFO [0m [34m[AutoMode][0m cancelPlanApproval called for feature non-existent
[36mINFO [0m [34m[AutoMode][0m Current pending approvals: none
[36mINFO [0m [34m[AutoMode][0m No pending approval to cancel for feature non-existent

[90mstdout[2m | tests/unit/services/auto-mode-service-planning.test.ts[2m > [22m[2mauto-mode-service.ts - Planning Mode[2m > [22m[2mresolvePlanApproval[2m > [22m[2mshould return error when no pending approval exists
[22m[39m[36mINFO [0m [34m[AutoMode][0m resolvePlanApproval called for feature non-existent-feature, approved=true
[36mINFO [0m [34m[AutoMode][0m Current pending approvals: none
[36mINFO [0m [34m[AutoMode][0m No pending approval in Map for feature non-existent-feature
[36mINFO [0m [34m[AutoMode][0m ERROR: No pending approval found for feature non-existent-feature and recovery not possible

[90mstdout[2m | tests/unit/services/auto-mode-service-planning.test.ts[2m > [22m[2mauto-mode-service.ts - Planning Mode[2m > [22m[2mresolvePlanApproval[2m > [22m[2mshould handle approval with edited plan
[22m[39m[36mINFO [0m [34m[AutoMode][0m resolvePlanApproval called for feature test-feature, approved=true
[36mINFO [0m [34m[AutoMode][0m Current pending approvals: none
[36mINFO [0m [34m[AutoMode][0m No pending approval in Map for feature test-feature
[36mINFO [0m [34m[AutoMode][0m ERROR: No pending approval found for feature test-feature and recovery not possible

[90mstdout[2m | tests/unit/services/auto-mode-service-planning.test.ts[2m > [22m[2mauto-mode-service.ts - Planning Mode[2m > [22m[2mresolvePlanApproval[2m > [22m[2mshould handle rejection with feedback
[22m[39m[36mINFO [0m [34m[AutoMode][0m resolvePlanApproval called for feature test-feature, approved=false
[36mINFO [0m [34m[AutoMode][0m Current pending approvals: none
[36mINFO [0m [34m[AutoMode][0m No pending approval in Map for feature test-feature
[36mINFO [0m [34m[AutoMode][0m ERROR: No pending approval found for feature test-feature and recovery not possible

[90mstdout[2m | tests/unit/services/auto-mode-service-planning.test.ts[2m > [22m[2mauto-mode-service.ts - Planning Mode[2m > [22m[2mPLANNING_PROMPTS structure[2m > [22m[2mshould have all required planning modes
[22m[39m[36mINFO [0m [34m[SettingsHelper][0m [AutoMode] SettingsService not available, using default prompts

[90mstdout[2m | tests/unit/services/auto-mode-service-planning.test.ts[2m > [22m[2mauto-mode-service.ts - Planning Mode[2m > [22m[2mPLANNING_PROMPTS structure[2m > [22m[2mshould have all required planning modes
[22m[39m[36mINFO [0m [34m[SettingsHelper][0m [AutoMode] SettingsService not available, using default prompts

[90mstdout[2m | tests/unit/services/auto-mode-service-planning.test.ts[2m > [22m[2mauto-mode-service.ts - Planning Mode[2m > [22m[2mPLANNING_PROMPTS structure[2m > [22m[2mshould have all required planning modes
[22m[39m[36mINFO [0m [34m[SettingsHelper][0m [AutoMode] SettingsService not available, using default prompts

[90mstdout[2m | tests/unit/services/auto-mode-service-planning.test.ts[2m > [22m[2mauto-mode-service.ts - Planning Mode[2m > [22m[2mPLANNING_PROMPTS structure[2m > [22m[2mlite prompt should include correct structure
[22m[39m[36mINFO [0m [34m[SettingsHelper][0m [AutoMode] SettingsService not available, using default prompts

[90mstdout[2m | tests/unit/services/auto-mode-service-planning.test.ts[2m > [22m[2mauto-mode-service.ts - Planning Mode[2m > [22m[2mPLANNING_PROMPTS structure[2m > [22m[2mspec prompt should include task format instructions
[22m[39m[36mINFO [0m [34m[SettingsHelper][0m [AutoMode] SettingsService not available, using default prompts

[90mstdout[2m | tests/unit/services/auto-mode-service-planning.test.ts[2m > [22m[2mauto-mode-service.ts - Planning Mode[2m > [22m[2mPLANNING_PROMPTS structure[2m > [22m[2mfull prompt should include phases
[22m[39m[36mINFO [0m [34m[SettingsHelper][0m [AutoMode] SettingsService not available, using default prompts

 [32mÔ£ô[39m [30m[42m server [49m[39m tests/unit/services/auto-mode-service-planning.test.ts[2m > [22mauto-mode-service.ts - Planning Mode[2m > [22mgetPlanningPromptPrefix[2m > [22mshould return empty string for skip mode[32m 5[2mms[22m[39m
 [32mÔ£ô[39m [30m[42m server [49m[39m tests/unit/services/auto-mode-service-planning.test.ts[2m > [22mauto-mode-service.ts - Planning Mode[2m > [22mgetPlanningPromptPrefix[2m > [22mshould return empty string when planningMode is undefined[32m 1[2mms[22m[39m
 [32mÔ£ô[39m [30m[42m server [49m[39m tests/unit/services/auto-mode-service-planning.test.ts[2m > [22mauto-mode-service.ts - Planning Mode[2m > [22mgetPlanningPromptPrefix[2m > [22mshould return lite prompt for lite mode without approval[32m 9[2mms[22m[39m
 [32mÔ£ô[39m [30m[42m server [49m[39m tests/unit/services/auto-mode-service-planning.test.ts[2m > [22mauto-mode-service.ts - Planning Mode[2m > [22mgetPlanningPromptPrefix[2m > [22mshould return lite_with_approval prompt for lite mode with approval[32m 1[2mms[22m[39m
 [32mÔ£ô[39m [30m[42m server [49m[39m tests/unit/services/auto-mode-service-planning.test.ts[2m > [22mauto-mode-service.ts - Planning Mode[2m > [22mgetPlanningPromptPrefix[2m > [22mshould return spec prompt for spec mode[32m 2[2mms[22m[39m
 [32mÔ£ô[39m [30m[42m server [49m[39m tests/unit/services/auto-mode-service-planning.test.ts[2m > [22mauto-mode-service.ts - Planning Mode[2m > [22mgetPlanningPromptPrefix[2m > [22mshould return full prompt for full mode[32m 1[2mms[22m[39m
 [32mÔ£ô[39m [30m[42m server [49m[39m tests/unit/services/auto-mode-service-planning.test.ts[2m > [22mauto-mode-service.ts - Planning Mode[2m > [22mgetPlanningPromptPrefix[2m > [22mshould include the separator and Feature Request header[32m 1[2mms[22m[39m
 [32mÔ£ô[39m [30m[42m server [49m[39m tests/unit/services/auto-mode-service-planning.test.ts[2m > [22mauto-mode-service.ts - Planning Mode[2m > [22mgetPlanningPromptPrefix[2m > [22mshould instruct agent to NOT output exploration text[32m 2[2mms[22m[39m
 [32mÔ£ô[39m [30m[42m server [49m[39m tests/unit/services/auto-mode-service-planning.test.ts[2m > [22mauto-mode-service.ts - Planning Mode[2m > [22mparseTasksFromSpec (via module)[2m > [22mshould parse tasks from a valid tasks block[32m 2[2mms[22m[39m
 [32mÔ£ô[39m [30m[42m server [49m[39m tests/unit/services/auto-mode-service-planning.test.ts[2m > [22mauto-mode-service.ts - Planning Mode[2m > [22mparseTasksFromSpec (via module)[2m > [22mshould handle tasks block with phases[32m 1[2mms[22m[39m
 [32mÔ£ô[39m [30m[42m server [49m[39m tests/unit/services/auto-mode-service-planning.test.ts[2m > [22mauto-mode-service.ts - Planning Mode[2m > [22mplan approval flow[2m > [22mshould track pending approvals correctly[32m 0[2mms[22m[39m
 [32mÔ£ô[39m [30m[42m server [49m[39m tests/unit/services/auto-mode-service-planning.test.ts[2m > [22mauto-mode-service.ts - Planning Mode[2m > [22mplan approval flow[2m > [22mshould allow cancelling non-existent approval without error[32m 4[2mms[22m[39m
 [32mÔ£ô[39m [30m[42m server [49m[39m tests/unit/services/auto-mode-service-planning.test.ts[2m > [22mauto-mode-service.ts - Planning Mode[2m > [22mplan approval flow[2m > [22mshould return running features count after stop[32m 0[2mms[22m[39m
 [32mÔ£ô[39m [30m[42m server [49m[39m tests/unit/services/auto-mode-service-planning.test.ts[2m > [22mauto-mode-service.ts - Planning Mode[2m > [22mresolvePlanApproval[2m > [22mshould return error when no pending approval exists[32m 1[2mms[22m[39m
 [32mÔ£ô[39m [30m[42m server [49m[39m tests/unit/services/auto-mode-service-planning.test.ts[2m > [22mauto-mode-service.ts - Planning Mode[2m > [22mresolvePlanApproval[2m > [22mshould handle approval with edited plan[32m 2[2mms[22m[39m
 [32mÔ£ô[39m [30m[42m server [49m[39m tests/unit/services/auto-mode-service-planning.test.ts[2m > [22mauto-mode-service.ts - Planning Mode[2m > [22mresolvePlanApproval[2m > [22mshould handle rejection with feedback[32m 1[2mms[22m[39m
 [32mÔ£ô[39m [30m[42m server [49m[39m tests/unit/services/auto-mode-service-planning.test.ts[2m > [22mauto-mode-service.ts - Planning Mode[2m > [22mbuildFeaturePrompt[2m > [22mshould include feature ID and description[32m 1[2mms[22m[39m
 [32mÔ£ô[39m [30m[42m server [49m[39m tests/unit/services/auto-mode-service-planning.test.ts[2m > [22mauto-mode-service.ts - Planning Mode[2m > [22mbuildFeaturePrompt[2m > [22mshould include specification when present[32m 1[2mms[22m[39m
 [32mÔ£ô[39m [30m[42m server [49m[39m tests/unit/services/auto-mode-service-planning.test.ts[2m > [22mauto-mode-service.ts - Planning Mode[2m > [22mbuildFeaturePrompt[2m > [22mshould include image paths when present[32m 1[2mms[22m[39m
 [32mÔ£ô[39m [30m[42m server [49m[39m tests/unit/services/auto-mode-service-planning.test.ts[2m > [22mauto-mode-service.ts - Planning Mode[2m > [22mbuildFeaturePrompt[2m > [22mshould include implementation instructions[32m 1[2mms[22m[39m
 [32mÔ£ô[39m [30m[42m server [49m[39m tests/unit/services/auto-mode-service-planning.test.ts[2m > [22mauto-mode-service.ts - Planning Mode[2m > [22mextractTitleFromDescription[2m > [22mshould return 'Untitled Feature' for empty description[32m 0[2mms[22m[39m
 [32mÔ£ô[39m [30m[42m server [49m[39m tests/unit/services/auto-mode-service-planning.test.ts[2m > [22mauto-mode-service.ts - Planning Mode[2m > [22mextractTitleFromDescription[2m > [22mshould return first line if under 60 characters[32m 0[2mms[22m[39m
 [32mÔ£ô[39m [30m[42m server [49m[39m tests/unit/services/auto-mode-service-planning.test.ts[2m > [22mauto-mode-service.ts - Planning Mode[2m > [22mextractTitleFromDescription[2m > [22mshould truncate long first lines to 60 characters[32m 0[2mms[22m[39m
 [32mÔ£ô[39m [30m[42m server [49m[39m tests/unit/services/auto-mode-service-planning.test.ts[2m > [22mauto-mode-service.ts - Planning Mode[2m > [22mPLANNING_PROMPTS structure[2m > [22mshould have all required planning modes[32m 2[2mms[22m[39m
 [32mÔ£ô[39m [30m[42m server [49m[39m tests/unit/services/auto-mode-service-planning.test.ts[2m > [22mauto-mode-service.ts - Planning Mode[2m > [22mPLANNING_PROMPTS structure[2m > [22mlite prompt should include correct structure[32m 1[2mms[22m[39m
 [32mÔ£ô[39m [30m[42m server [49m[39m tests/unit/services/auto-mode-service-planning.test.ts[2m > [22mauto-mode-service.ts - Planning Mode[2m > [22mPLANNING_PROMPTS structure[2m > [22mspec prompt should include task format instructions[32m 1[2mms[22m[39m
 [32mÔ£ô[39m [30m[42m server [49m[39m tests/unit/services/auto-mode-service-planning.test.ts[2m > [22mauto-mode-service.ts - Planning Mode[2m > [22mPLANNING_PROMPTS structure[2m > [22mfull prompt should include phases[32m 2[2mms[22m[39m
 [32mÔ£ô[39m [30m[42m server [49m[39m tests/unit/services/auto-mode-service-planning.test.ts[2m > [22mauto-mode-service.ts - Planning Mode[2m > [22mstatus management[2m > [22mshould report correct status[32m 2[2mms[22m[39m
 [32mÔ£ô[39m [30m[42m server [49m[39m tests/unit/lib/model-resolver.test.ts[2m > [22mmodel-resolver.ts[2m > [22mresolveModelString[2m > [22mshould resolve 'haiku' alias to full model string[32m 7[2mms[22m[39m
 [32mÔ£ô[39m [30m[42m server [49m[39m tests/unit/lib/model-resolver.test.ts[2m > [22mmodel-resolver.ts[2m > [22mresolveModelString[2m > [22mshould resolve 'sonnet' alias to full model string[32m 1[2mms[22m[39m
 [32mÔ£ô[39m [30m[42m server [49m[39m tests/unit/lib/model-resolver.test.ts[2m > [22mmodel-resolver.ts[2m > [22mresolveModelString[2m > [22mshould resolve 'opus' alias to full model string[32m 6[2mms[22m[39m
 [32mÔ£ô[39m [30m[42m server [49m[39m tests/unit/lib/model-resolver.test.ts[2m > [22mmodel-resolver.ts[2m > [22mresolveModelString[2m > [22mshould treat unknown models as falling back to default[32m 3[2mms[22m[39m
 [32mÔ£ô[39m [30m[42m server [49m[39m tests/unit/lib/model-resolver.test.ts[2m > [22mmodel-resolver.ts[2m > [22mresolveModelString[2m > [22mshould pass through full Claude model strings[32m 2[2mms[22m[39m
 [32mÔ£ô[39m [30m[42m server [49m[39m tests/unit/lib/model-resolver.test.ts[2m > [22mmodel-resolver.ts[2m > [22mresolveModelString[2m > [22mshould return default model when modelKey is undefined[32m 1[2mms[22m[39m
 [32mÔ£ô[39m [30m[42m server [49m[39m tests/unit/lib/model-resolver.test.ts[2m > [22mmodel-resolver.ts[2m > [22mresolveModelString[2m > [22mshould return custom default model when provided[32m 0[2mms[22m[39m
 [32mÔ£ô[39m [30m[42m server [49m[39m tests/unit/lib/model-resolver.test.ts[2m > [22mmodel-resolver.ts[2m > [22mresolveModelString[2m > [22mshould return default for unknown model key[32m 1[2mms[22m[39m
 [32mÔ£ô[39m [30m[42m server [49m[39m tests/unit/lib/model-resolver.test.ts[2m > [22mmodel-resolver.ts[2m > [22mresolveModelString[2m > [22mshould handle empty string[32m 1[2mms[22m[39m
 [32mÔ£ô[39m [30m[42m server [49m[39m tests/unit/lib/model-resolver.test.ts[2m > [22mmodel-resolver.ts[2m > [22mresolveModelString[2m > [22mCursor models[2m > [22mshould pass through cursor-prefixed models unchanged[32m 1[2mms[22m[39m
 [32mÔ£ô[39m [30m[42m server [49m[39m tests/unit/lib/model-resolver.test.ts[2m > [22mmodel-resolver.ts[2m > [22mresolveModelString[2m > [22mCursor models[2m > [22mshould add cursor- prefix to bare Cursor model IDs[32m 1[2mms[22m[39m
 [32mÔ£ô[39m [30m[42m server [49m[39m tests/unit/lib/model-resolver.test.ts[2m > [22mmodel-resolver.ts[2m > [22mresolveModelString[2m > [22mCursor models[2m > [22mshould handle cursor-auto model[32m 1[2mms[22m[39m
 [32mÔ£ô[39m [30m[42m server [49m[39m tests/unit/lib/model-resolver.test.ts[2m > [22mmodel-resolver.ts[2m > [22mresolveModelString[2m > [22mCursor models[2m > [22mshould handle all known Cursor model IDs with prefix[32m 9[2mms[22m[39m
 [32mÔ£ô[39m [30m[42m server [49m[39m tests/unit/lib/model-resolver.test.ts[2m > [22mmodel-resolver.ts[2m > [22mgetEffectiveModel[2m > [22mshould prioritize explicit model over session and default[32m 1[2mms[22m[39m
 [32mÔ£ô[39m [30m[42m server [49m[39m tests/unit/lib/model-resolver.test.ts[2m > [22mmodel-resolver.ts[2m > [22mgetEffectiveModel[2m > [22mshould use session model when explicit is not provided[32m 1[2mms[22m[39m
 [32mÔ£ô[39m [30m[42m server [49m[39m tests/unit/lib/model-resolver.test.ts[2m > [22mmodel-resolver.ts[2m > [22mgetEffectiveModel[2m > [22mshould use default when neither explicit nor session is provided[32m 0[2mms[22m[39m
 [32mÔ£ô[39m [30m[42m server [49m[39m tests/unit/lib/model-resolver.test.ts[2m > [22mmodel-resolver.ts[2m > [22mgetEffectiveModel[2m > [22mshould use Claude default when no arguments provided[32m 0[2mms[22m[39m
 [32mÔ£ô[39m [30m[42m server [49m[39m tests/unit/lib/model-resolver.test.ts[2m > [22mmodel-resolver.ts[2m > [22mgetEffectiveModel[2m > [22mshould handle explicit empty strings as undefined[32m 0[2mms[22m[39m
 [32mÔ£ô[39m [30m[42m server [49m[39m tests/unit/lib/model-resolver.test.ts[2m > [22mmodel-resolver.ts[2m > [22mCLAUDE_MODEL_MAP[2m > [22mshould have haiku, sonnet, opus mappings[32m 1[2mms[22m[39m
 [32mÔ£ô[39m [30m[42m server [49m[39m tests/unit/lib/model-resolver.test.ts[2m > [22mmodel-resolver.ts[2m > [22mCLAUDE_MODEL_MAP[2m > [22mshould have valid Claude model strings[32m 1[2mms[22m[39m
 [32mÔ£ô[39m [30m[42m server [49m[39m tests/unit/lib/model-resolver.test.ts[2m > [22mmodel-resolver.ts[2m > [22mDEFAULT_MODELS[2m > [22mshould have claude default[32m 1[2mms[22m[39m
 [32mÔ£ô[39m [30m[42m server [49m[39m tests/unit/lib/model-resolver.test.ts[2m > [22mmodel-resolver.ts[2m > [22mDEFAULT_MODELS[2m > [22mshould have valid default model[32m 1[2mms[22m[39m
 [32mÔ£ô[39m [30m[42m server [49m[39m tests/unit/lib/error-handler.test.ts[2m > [22merror-handler.ts[2m > [22misAbortError[2m > [22mshould detect AbortError by error name[32m 6[2mms[22m[39m
 [32mÔ£ô[39m [30m[42m server [49m[39m tests/unit/lib/error-handler.test.ts[2m > [22merror-handler.ts[2m > [22misAbortError[2m > [22mshould detect abort error by message content[32m 0[2mms[22m[39m
 [32mÔ£ô[39m [30m[42m server [49m[39m tests/unit/lib/error-handler.test.ts[2m > [22merror-handler.ts[2m > [22misAbortError[2m > [22mshould return false for non-abort errors[32m 0[2mms[22m[39m
 [32mÔ£ô[39m [30m[42m server [49m[39m tests/unit/lib/error-handler.test.ts[2m > [22merror-handler.ts[2m > [22misAbortError[2m > [22mshould return false for non-Error objects[32m 1[2mms[22m[39m
 [32mÔ£ô[39m [30m[42m server [49m[39m tests/unit/lib/error-handler.test.ts[2m > [22merror-handler.ts[2m > [22misCancellationError[2m > [22mshould detect 'cancelled' message[32m 1[2mms[22m[39m
 [32mÔ£ô[39m [30m[42m server [49m[39m tests/unit/lib/error-handler.test.ts[2m > [22merror-handler.ts[2m > [22misCancellationError[2m > [22mshould detect 'canceled' message[32m 0[2mms[22m[39m
 [32mÔ£ô[39m [30m[42m server [49m[39m tests/unit/lib/error-handler.test.ts[2m > [22merror-handler.ts[2m > [22misCancellationError[2m > [22mshould detect 'stopped' message[32m 0[2mms[22m[39m
 [32mÔ£ô[39m [30m[42m server [49m[39m tests/unit/lib/error-handler.test.ts[2m > [22merror-handler.ts[2m > [22misCancellationError[2m > [22mshould detect 'aborted' message[32m 0[2mms[22m[39m
 [32mÔ£ô[39m [30m[42m server [49m[39m tests/unit/lib/error-handler.test.ts[2m > [22merror-handler.ts[2m > [22misCancellationError[2m > [22mshould be case insensitive[32m 3[2mms[22m[39m
 [32mÔ£ô[39m [30m[42m server [49m[39m tests/unit/lib/error-handler.test.ts[2m > [22merror-handler.ts[2m > [22misCancellationError[2m > [22mshould return false for non-cancellation errors[32m 1[2mms[22m[39m
 [32mÔ£ô[39m [30m[42m server [49m[39m tests/unit/lib/error-handler.test.ts[2m > [22merror-handler.ts[2m > [22misAuthenticationError[2m > [22mshould detect 'Authentication failed' message[32m 0[2mms[22m[39m
 [32mÔ£ô[39m [30m[42m server [49m[39m tests/unit/lib/error-handler.test.ts[2m > [22merror-handler.ts[2m > [22misAuthenticationError[2m > [22mshould detect 'Invalid API key' message[32m 0[2mms[22m[39m
 [32mÔ£ô[39m [30m[42m server [49m[39m tests/unit/lib/error-handler.test.ts[2m > [22merror-handler.ts[2m > [22misAuthenticationError[2m > [22mshould detect 'authentication_failed' message[32m 1[2mms[22m[39m
 [32mÔ£ô[39m [30m[42m server [49m[39m tests/unit/lib/error-handler.test.ts[2m > [22merror-handler.ts[2m > [22misAuthenticationError[2m > [22mshould detect 'Fix external API key' message[32m 0[2mms[22m[39m
 [32mÔ£ô[39m [30m[42m server [49m[39m tests/unit/lib/error-handler.test.ts[2m > [22merror-handler.ts[2m > [22misAuthenticationError[2m > [22mshould return false for non-authentication errors[32m 0[2mms[22m[39m
 [32mÔ£ô[39m [30m[42m server [49m[39m tests/unit/lib/error-handler.test.ts[2m > [22merror-handler.ts[2m > [22misAuthenticationError[2m > [22mshould be case sensitive[32m 1[2mms[22m[39m
 [32mÔ£ô[39m [30m[42m server [49m[39m tests/unit/lib/error-handler.test.ts[2m > [22merror-handler.ts[2m > [22mclassifyError[2m > [22mshould classify authentication errors[32m 5[2mms[22m[39m
 [32mÔ£ô[39m [30m[42m server [49m[39m tests/unit/lib/error-handler.test.ts[2m > [22merror-handler.ts[2m > [22mclassifyError[2m > [22mshould classify abort errors[32m 1[2mms[22m[39m
 [32mÔ£ô[39m [30m[42m server [49m[39m tests/unit/lib/error-handler.test.ts[2m > [22merror-handler.ts[2m > [22mclassifyError[2m > [22mshould prioritize auth over abort if both match[32m 0[2mms[22m[39m
 [32mÔ£ô[39m [30m[42m server [49m[39m tests/unit/lib/error-handler.test.ts[2m > [22merror-handler.ts[2m > [22mclassifyError[2m > [22mshould classify cancellation errors[32m 0[2mms[22m[39m
 [32mÔ£ô[39m [30m[42m server [49m[39m tests/unit/lib/error-handler.test.ts[2m > [22merror-handler.ts[2m > [22mclassifyError[2m > [22mshould prioritize abort over cancellation if both match[32m 0[2mms[22m[39m
 [32mÔ£ô[39m [30m[42m server [49m[39m tests/unit/lib/error-handler.test.ts[2m > [22merror-handler.ts[2m > [22mclassifyError[2m > [22mshould classify cancellation errors with 'canceled' spelling[32m 0[2mms[22m[39m
 [32mÔ£ô[39m [30m[42m server [49m[39m tests/unit/lib/error-handler.test.ts[2m > [22merror-handler.ts[2m > [22mclassifyError[2m > [22mshould classify cancellation errors with 'stopped' message[32m 0[2mms[22m[39m
 [32mÔ£ô[39m [30m[42m server [49m[39m tests/unit/lib/error-handler.test.ts[2m > [22merror-handler.ts[2m > [22mclassifyError[2m > [22mshould classify generic Error as execution error[32m 0[2mms[22m[39m
 [32mÔ£ô[39m [30m[42m server [49m[39m tests/unit/lib/error-handler.test.ts[2m > [22merror-handler.ts[2m > [22mclassifyError[2m > [22mshould classify non-Error objects as unknown[32m 1[2mms[22m[39m
 [32mÔ£ô[39m [30m[42m server [49m[39m tests/unit/lib/error-handler.test.ts[2m > [22merror-handler.ts[2m > [22mclassifyError[2m > [22mshould handle null and undefined[32m 1[2mms[22m[39m
 [32mÔ£ô[39m [30m[42m server [49m[39m tests/unit/lib/error-handler.test.ts[2m > [22merror-handler.ts[2m > [22mgetUserFriendlyErrorMessage[2m > [22mshould return friendly message for abort errors[32m 0[2mms[22m[39m
 [32mÔ£ô[39m [30m[42m server [49m[39m tests/unit/lib/error-handler.test.ts[2m > [22merror-handler.ts[2m > [22mgetUserFriendlyErrorMessage[2m > [22mshould return friendly message for authentication errors[32m 0[2mms[22m[39m
 [32mÔ£ô[39m [30m[42m server [49m[39m tests/unit/lib/error-handler.test.ts[2m > [22merror-handler.ts[2m > [22mgetUserFriendlyErrorMessage[2m > [22mshould return original message for other errors[32m 1[2mms[22m[39m
 [32mÔ£ô[39m [30m[42m server [49m[39m tests/unit/lib/error-handler.test.ts[2m > [22merror-handler.ts[2m > [22mgetUserFriendlyErrorMessage[2m > [22mshould handle non-Error objects[32m 0[2mms[22m[39m
 [32mÔ£ô[39m [30m[42m server [49m[39m tests/unit/lib/image-handler.test.ts[2m > [22mimage-handler.ts[2m > [22mgetMimeTypeForImage[2m > [22mshould return correct MIME type for .jpg[32m 8[2mms[22m[39m
 [32mÔ£ô[39m [30m[42m server [49m[39m tests/unit/lib/image-handler.test.ts[2m > [22mimage-handler.ts[2m > [22mgetMimeTypeForImage[2m > [22mshould return correct MIME type for .jpeg[32m 1[2mms[22m[39m
 [32mÔ£ô[39m [30m[42m server [49m[39m tests/unit/lib/image-handler.test.ts[2m > [22mimage-handler.ts[2m > [22mgetMimeTypeForImage[2m > [22mshould return correct MIME type for .png[32m 1[2mms[22m[39m
 [32mÔ£ô[39m [30m[42m server [49m[39m tests/unit/lib/image-handler.test.ts[2m > [22mimage-handler.ts[2m > [22mgetMimeTypeForImage[2m > [22mshould return correct MIME type for .gif[32m 1[2mms[22m[39m
 [32mÔ£ô[39m [30m[42m server [49m[39m tests/unit/lib/image-handler.test.ts[2m > [22mimage-handler.ts[2m > [22mgetMimeTypeForImage[2m > [22mshould return correct MIME type for .webp[32m 1[2mms[22m[39m
 [32mÔ£ô[39m [30m[42m server [49m[39m tests/unit/lib/image-handler.test.ts[2m > [22mimage-handler.ts[2m > [22mgetMimeTypeForImage[2m > [22mshould be case-insensitive[32m 1[2mms[22m[39m
 [32mÔ£ô[39m [30m[42m server [49m[39m tests/unit/lib/image-handler.test.ts[2m > [22mimage-handler.ts[2m > [22mgetMimeTypeForImage[2m > [22mshould default to image/png for unknown extensions[32m 1[2mms[22m[39m
 [32mÔ£ô[39m [30m[42m server [49m[39m tests/unit/lib/image-handler.test.ts[2m > [22mimage-handler.ts[2m > [22mgetMimeTypeForImage[2m > [22mshould handle paths with multiple dots[32m 0[2mms[22m[39m
 [2m[90mÔåô[39m[22m [30m[42m server [49m[39m tests/unit/lib/image-handler.test.ts[2m > [22mimage-handler.ts[2m > [22mreadImageAsBase64[2m > [22mshould read image and return base64 data
 [32mÔ£ô[39m [30m[42m server [49m[39m tests/unit/lib/image-handler.test.ts[2m > [22mimage-handler.ts[2m > [22mreadImageAsBase64[2m > [22mshould handle different image formats[32m 3[2mms[22m[39m
 [32mÔ£ô[39m [30m[42m server [49m[39m tests/unit/lib/image-handler.test.ts[2m > [22mimage-handler.ts[2m > [22mreadImageAsBase64[2m > [22mshould extract filename from path[32m 1[2mms[22m[39m
 [32mÔ£ô[39m [30m[42m server [49m[39m tests/unit/lib/image-handler.test.ts[2m > [22mimage-handler.ts[2m > [22mreadImageAsBase64[2m > [22mshould throw error if file cannot be read[32m 8[2mms[22m[39m
 [32mÔ£ô[39m [30m[42m server [49m[39m tests/unit/lib/image-handler.test.ts[2m > [22mimage-handler.ts[2m > [22mconvertImagesToContentBlocks[2m > [22mshould convert single image to content block[32m 5[2mms[22m[39m
 [32mÔ£ô[39m [30m[42m server [49m[39m tests/unit/lib/image-handler.test.ts[2m > [22mimage-handler.ts[2m > [22mconvertImagesToContentBlocks[2m > [22mshould convert multiple images to content blocks[32m 1[2mms[22m[39m
 [32mÔ£ô[39m [30m[42m server [49m[39m tests/unit/lib/image-handler.test.ts[2m > [22mimage-handler.ts[2m > [22mconvertImagesToContentBlocks[2m > [22mshould resolve relative paths with workDir[32m 1[2mms[22m[39m
 [2m[90mÔåô[39m[22m [30m[42m server [49m[39m tests/unit/lib/image-handler.test.ts[2m > [22mimage-handler.ts[2m > [22mconvertImagesToContentBlocks[2m > [22mshould handle absolute paths without workDir
 [32mÔ£ô[39m [30m[42m server [49m[39m tests/unit/lib/image-handler.test.ts[2m > [22mimage-handler.ts[2m > [22mconvertImagesToContentBlocks[2m > [22mshould continue processing on individual image errors[32m 7[2mms[22m[39m
 [32mÔ£ô[39m [30m[42m server [49m[39m tests/unit/lib/image-handler.test.ts[2m > [22mimage-handler.ts[2m > [22mconvertImagesToContentBlocks[2m > [22mshould return empty array for empty input[32m 1[2mms[22m[39m
 [2m[90mÔåô[39m[22m [30m[42m server [49m[39m tests/unit/lib/image-handler.test.ts[2m > [22mimage-handler.ts[2m > [22mconvertImagesToContentBlocks[2m > [22mshould handle undefined workDir
 [32mÔ£ô[39m [30m[42m server [49m[39m tests/unit/lib/image-handler.test.ts[2m > [22mimage-handler.ts[2m > [22mformatImagePathsForPrompt[2m > [22mshould format single image path as bulleted list[32m 1[2mms[22m[39m
 [32mÔ£ô[39m [30m[42m server [49m[39m tests/unit/lib/image-handler.test.ts[2m > [22mimage-handler.ts[2m > [22mformatImagePathsForPrompt[2m > [22mshould format multiple image paths as bulleted list[32m 1[2mms[22m[39m
 [32mÔ£ô[39m [30m[42m server [49m[39m tests/unit/lib/image-handler.test.ts[2m > [22mimage-handler.ts[2m > [22mformatImagePathsForPrompt[2m > [22mshould return empty string for empty array[32m 0[2mms[22m[39m
 [32mÔ£ô[39m [30m[42m server [49m[39m tests/unit/lib/image-handler.test.ts[2m > [22mimage-handler.ts[2m > [22mformatImagePathsForPrompt[2m > [22mshould start with double newline[32m 1[2mms[22m[39m
 [32mÔ£ô[39m [30m[42m server [49m[39m tests/unit/lib/image-handler.test.ts[2m > [22mimage-handler.ts[2m > [22mformatImagePathsForPrompt[2m > [22mshould handle paths with special characters[32m 1[2mms[22m[39m
 [32mÔ£ô[39m [30m[42m server [49m[39m tests/unit/routes/sprite.test.ts[2m > [22mSprite Routes[2m > [22mGET /[2m > [22mshould list sprites[32m 12[2mms[22m[39m
 [32mÔ£ô[39m [30m[42m server [49m[39m tests/unit/routes/sprite.test.ts[2m > [22mSprite Routes[2m > [22mGET /[2m > [22mshould handle errors[32m 4[2mms[22m[39m
 [32mÔ£ô[39m [30m[42m server [49m[39m tests/unit/routes/sprite.test.ts[2m > [22mSprite Routes[2m > [22mPOST /[2m > [22mshould create sprite[32m 3[2mms[22m[39m
 [32mÔ£ô[39m [30m[42m server [49m[39m tests/unit/routes/sprite.test.ts[2m > [22mSprite Routes[2m > [22mGET /:name[2m > [22mshould get sprite[32m 2[2mms[22m[39m
 [32mÔ£ô[39m [30m[42m server [49m[39m tests/unit/routes/sprite.test.ts[2m > [22mSprite Routes[2m > [22mDELETE /:name[2m > [22mshould delete sprite[32m 4[2mms[22m[39m
 [32mÔ£ô[39m [30m[42m server [49m[39m tests/unit/routes/sprite.test.ts[2m > [22mSprite Routes[2m > [22mPOST /:name/exec[2m > [22mshould execute command[32m 2[2mms[22m[39m
 [32mÔ£ô[39m [30m[42m server [49m[39m tests/unit/routes/sprite.test.ts[2m > [22mSprite Routes[2m > [22mPOST /:name/exec[2m > [22mshould validate command[32m 2[2mms[22m[39m
 [32mÔ£ô[39m [30m[42m server [49m[39m tests/unit/routes/sprite.test.ts[2m > [22mSprite Routes[2m > [22mPOST /:name/shutdown[2m > [22mshould shutdown sprite[32m 1[2mms[22m[39m
 [32mÔ£ô[39m [30m[42m server [49m[39m tests/unit/routes/sprite.test.ts[2m > [22mSprite Routes[2m > [22mPOST /:name/wake[2m > [22mshould wake sprite[32m 2[2mms[22m[39m
 [32mÔ£ô[39m [30m[42m server [49m[39m tests/unit/routes/sprite.test.ts[2m > [22mSprite Routes[2m > [22mGET /:name/url[2m > [22mshould return console url[32m 4[2mms[22m[39m
 [32mÔ£ô[39m [30m[42m server [49m[39m tests/integration/services/auto-mode-service.integration.test.ts[2m > [22mauto-mode-service.ts (integration)[2m > [22mauto loop[2m > [22mshould process pending features in auto loop[33m 4828[2mms[22m[39m
[90mstdout[2m | tests/integration/services/auto-mode-service.integration.test.ts[2m > [22m[2mauto-mode-service.ts (integration)[2m > [22m[2mauto loop[2m > [22m[2mshould respect max concurrency
[22m[39m[36mINFO [0m [34m[AutoMode][0m Saved execution state: 0 running features

[90mstdout[2m | tests/integration/services/auto-mode-service.integration.test.ts[2m > [22m[2mauto-mode-service.ts (integration)[2m > [22m[2mauto loop[2m > [22m[2mshould respect max concurrency
[22m[39m[36mINFO [0m [34m[AutoMode][0m Saved execution state: 1 running features

[90mstdout[2m | tests/integration/services/auto-mode-service.integration.test.ts[2m > [22m[2mauto-mode-service.ts (integration)[2m > [22m[2mauto loop[2m > [22m[2mshould respect max concurrency
[22m[39m[36mINFO [0m [34m[SettingsHelper][0m [AutoMode] SettingsService not available, autoLoadClaudeMd disabled

[90mstdout[2m | tests/integration/services/auto-mode-service.integration.test.ts[2m > [22m[2mauto-mode-service.ts (integration)[2m > [22m[2mauto loop[2m > [22m[2mshould respect max concurrency
[22m[39m[36mINFO [0m [34m[SettingsHelper][0m [AutoMode] SettingsService not available, using default prompts

[90mstdout[2m | tests/integration/services/auto-mode-service.integration.test.ts[2m > [22m[2mauto-mode-service.ts (integration)[2m > [22m[2mauto loop[2m > [22m[2mshould respect max concurrency
[22m[39m[MemoryLoader] Initialized memory folder at C:\Users\justus\AppData\Local\Temp\automaker-test-9kBWQe\.automaker\memory

[90mstdout[2m | tests/integration/services/auto-mode-service.integration.test.ts[2m > [22m[2mauto-mode-service.ts (integration)[2m > [22m[2mauto loop[2m > [22m[2mshould respect max concurrency
[22m[39m[ContextLoader] Selected memory files: gotchas
[ContextLoader] Loaded 1 memory file(s)

[90mstdout[2m | tests/integration/services/auto-mode-service.integration.test.ts[2m > [22m[2mauto-mode-service.ts (integration)[2m > [22m[2mauto loop[2m > [22m[2mshould respect max concurrency
[22m[39m[ModelResolver] resolveModelString called with modelKey: "undefined", defaultModel: "claude-opus-4-5-20251101"
[ModelResolver] No model specified, using default: claude-opus-4-5-20251101
[36mINFO [0m [34m[AutoMode][0m Executing feature concurrent-1 with model: claude-opus-4-5-20251101, provider: undefined in C:\Users\justus\AppData\Local\Temp\automaker-test-9kBWQe

[90mstdout[2m | tests/integration/services/auto-mode-service.integration.test.ts[2m > [22m[2mauto-mode-service.ts (integration)[2m > [22m[2mauto loop[2m > [22m[2mshould respect max concurrency
[22m[39m[ModelResolver] resolveModelString called with modelKey: "claude-opus-4-5-20251101", defaultModel: "claude-opus-4-5-20251101"
[ModelResolver] Using full Claude model string: claude-opus-4-5-20251101
[36mINFO [0m [34m[AutoMode][0m runAgent called for feature concurrent-1 with model: claude-opus-4-5-20251101, planningMode: skip, requiresApproval: false
[36mINFO [0m [34m[AutoMode][0m Using provider "claude" for model "claude-opus-4-5-20251101" (bare: claude-opus-4-5-20251101)

[90mstdout[2m | tests/integration/services/auto-mode-service.integration.test.ts[2m > [22m[2mauto-mode-service.ts (integration)[2m > [22m[2mauto loop[2m > [22m[2mshould respect max concurrency
[22m[39m[36mINFO [0m [34m[AutoMode][0m System prompt provided (310 chars), first 200 chars:
# Project Memory

The following learnings and decisions from previous work are available.
**IMPORTANT**: Review these carefully before making changes that could conflict with past decisions.

---

## ...
[36mINFO [0m [34m[AutoMode][0m Starting stream for feature concurrent-1...
[36mINFO [0m [34m[AutoMode][0m Stream created, starting to iterate...

[90mstdout[2m | tests/integration/services/auto-mode-service.integration.test.ts[2m > [22m[2mauto-mode-service.ts (integration)[2m > [22m[2mauto loop[2m > [22m[2mshould respect max concurrency
[22m[39m[36mINFO [0m [34m[AutoMode][0m Stream message received: result success

[90mstdout[2m | tests/integration/services/auto-mode-service.integration.test.ts[2m > [22m[2mauto-mode-service.ts (integration)[2m > [22m[2mauto loop[2m > [22m[2mshould respect max concurrency
[22m[39m[36mINFO [0m [34m[NotificationService][0m Created notification: Feature Verified for project C:\Users\justus\AppData\Local\Temp\automaker-test-9kBWQe

[90mstdout[2m | tests/integration/services/auto-mode-service.integration.test.ts[2m > [22m[2mauto-mode-service.ts (integration)[2m > [22m[2mauto loop[2m > [22m[2mshould respect max concurrency
[22m[39m[36mINFO [0m [34m[FeatureLoader][0m No app_spec.txt found for project, skipping sync for feature concurrent-1

[90mstdout[2m | tests/integration/services/auto-mode-service.integration.test.ts[2m > [22m[2mauto-mode-service.ts (integration)[2m > [22m[2mauto loop[2m > [22m[2mshould respect max concurrency
[22m[39m[AutoMode] Skipping learning extraction - output too short (0 chars)

[90mstdout[2m | tests/integration/services/auto-mode-service.integration.test.ts[2m > [22m[2mauto-mode-service.ts (integration)[2m > [22m[2mauto loop[2m > [22m[2mshould respect max concurrency
[22m[39m[36mINFO [0m [34m[AutoMode][0m Feature concurrent-1 execution ended, cleaning up runningFeatures
[36mINFO [0m [34m[AutoMode][0m Pending approvals at cleanup: none

[90mstdout[2m | tests/integration/services/auto-mode-service.integration.test.ts[2m > [22m[2mauto-mode-service.ts (integration)[2m > [22m[2mauto loop[2m > [22m[2mshould respect max concurrency
[22m[39m[36mINFO [0m [34m[AutoMode][0m Saved execution state: 0 running features

[90mstdout[2m | tests/unit/services/sprite-api-client.test.ts[2m > [22m[2mSpriteApiClient[2m > [22m[2mSprite CRUD[2m > [22m[2mshould create a sprite and emit event
[22m[39m[36mINFO [0m [34m[SpriteApiClient][0m Creating sprite: new-sprite

[90mstdout[2m | tests/unit/services/sprite-api-client.test.ts[2m > [22m[2mSpriteApiClient[2m > [22m[2mSprite CRUD[2m > [22m[2mshould restore checkpoint and emit event
[22m[39m[36mINFO [0m [34m[SpriteApiClient][0m Restoring sprite s1 to checkpoint ckpt-1

[90mstdout[2m | tests/unit/services/sprite-api-client.test.ts[2m > [22m[2mSpriteApiClient[2m > [22m[2mSprite CRUD[2m > [22m[2mshould delete a sprite and emit event
[22m[39m[36mINFO [0m [34m[SpriteApiClient][0m Deleting sprite: s1

[90mstdout[2m | tests/unit/services/sprite-api-client.test.ts[2m > [22m[2mSpriteApiClient[2m > [22m[2mCheckpointing[2m > [22m[2mshould create checkpoint
[22m[39m[36mINFO [0m [34m[SpriteApiClient][0m Creating checkpoint for sprite s1 with comment: test comment

[90mstdout[2m | tests/unit/services/sprite-api-client.test.ts[2m > [22m[2mSpriteApiClient[2m > [22m[2mLifecycle Management[2m > [22m[2mshould shutdown sprite
[22m[39m[36mINFO [0m [34m[SpriteApiClient][0m Shutting down sprite s1

[90mstdout[2m | tests/unit/services/sprite-api-client.test.ts[2m > [22m[2mSpriteApiClient[2m > [22m[2mLifecycle Management[2m > [22m[2mshould wake up sprite
[22m[39m[36mINFO [0m [34m[SpriteApiClient][0m Waking up sprite s1

 [32mÔ£ô[39m [30m[42m server [49m[39m tests/unit/services/sprite-api-client.test.ts[2m > [22mSpriteApiClient[2m > [22mSprite CRUD[2m > [22mshould list sprites and update cache[32m 14[2mms[22m[39m
 [32mÔ£ô[39m [30m[42m server [49m[39m tests/unit/services/sprite-api-client.test.ts[2m > [22mSpriteApiClient[2m > [22mSprite CRUD[2m > [22mshould create a sprite and emit event[32m 5[2mms[22m[39m
 [32mÔ£ô[39m [30m[42m server [49m[39m tests/unit/services/sprite-api-client.test.ts[2m > [22mSpriteApiClient[2m > [22mSprite CRUD[2m > [22mshould restore checkpoint and emit event[32m 4[2mms[22m[39m
 [32mÔ£ô[39m [30m[42m server [49m[39m tests/unit/services/sprite-api-client.test.ts[2m > [22mSpriteApiClient[2m > [22mSprite CRUD[2m > [22mshould delete a sprite and emit event[32m 2[2mms[22m[39m
 [32mÔ£ô[39m [30m[42m server [49m[39m tests/unit/services/sprite-api-client.test.ts[2m > [22mSpriteApiClient[2m > [22mCheckpointing[2m > [22mshould create checkpoint[32m 2[2mms[22m[39m
 [32mÔ£ô[39m [30m[42m server [49m[39m tests/unit/services/sprite-api-client.test.ts[2m > [22mSpriteApiClient[2m > [22mCommand Execution[2m > [22mshould execute command[32m 1[2mms[22m[39m
 [32mÔ£ô[39m [30m[42m server [49m[39m tests/unit/services/sprite-api-client.test.ts[2m > [22mSpriteApiClient[2m > [22mLifecycle Management[2m > [22mshould shutdown sprite[32m 1[2mms[22m[39m
 [32mÔ£ô[39m [30m[42m server [49m[39m tests/unit/services/sprite-api-client.test.ts[2m > [22mSpriteApiClient[2m > [22mLifecycle Management[2m > [22mshould wake up sprite[32m 1[2mms[22m[39m
 [32mÔ£ô[39m [30m[42m server [49m[39m tests/unit/services/sprite-api-client.test.ts[2m > [22mSpriteApiClient[2m > [22mUtilities[2m > [22mshould generate correct console URL[32m 1[2mms[22m[39m
[90mstdout[2m | tests/unit/services/onboarding-service.test.ts[2m > [22m[2mOnboardingService[2m > [22m[2mshould execute all onboarding steps successfully
[22m[39m[36mINFO [0m [34m[OnboardingService][0m Starting onboarding for sprite sprite-123

[90mstdout[2m | tests/unit/services/onboarding-service.test.ts[2m > [22m[2mOnboardingService[2m > [22m[2mshould execute all onboarding steps successfully
[22m[39m[36mINFO [0m [34m[OnboardingService][0m Installing MCP server: test-server

[90mstdout[2m | tests/unit/services/onboarding-service.test.ts[2m > [22m[2mOnboardingService[2m > [22m[2mshould execute all onboarding steps successfully
[22m[39m[36mINFO [0m [34m[OnboardingService][0m Onboarding completed for sprite sprite-123

[90mstdout[2m | tests/unit/services/onboarding-service.test.ts[2m > [22m[2mOnboardingService[2m > [22m[2mshould fail if a step fails
[22m[39m[36mINFO [0m [34m[OnboardingService][0m Starting onboarding for sprite sprite-123

[90mstderr[2m | tests/unit/services/onboarding-service.test.ts[2m > [22m[2mOnboardingService[2m > 
[22m[2mshould fail if a step fails
[22m[39m[31mERROR[0m [34m[OnboardingService][0m Onboarding failed for sprite sprite-123 Error: Command failed: 
echo "Configuring OAuth..."
Stderr: OAuth failed
    at OnboardingService.exec 
(C:/Users/justus/.gemini/antigravity/scratch/automaker/apps/server/src/services/onboarding-service.ts:152:13)
[90m    at processTicksAndRejections (node:internal/process/task_queues:105:5)[39m
    at C:/Users/justus/.gemini/antigravity/scratch/automaker/apps/server/src/services/onboarding-service.ts:55:9
    at OnboardingService.runStep 
(C:/Users/justus/.gemini/antigravity/scratch/automaker/apps/server/src/services/onboarding-service.ts:141:7)
    at OnboardingService.startOnboarding 
(C:/Users/justus/.gemini/antigravity/scratch/automaker/apps/server/src/services/onboarding-service.ts:51:7)
    at 
C:/Users/justus/.gemini/antigravity/scratch/automaker/apps/server/tests/unit/services/onboarding-service.test.ts:77:5
    at 
file:///C:/Users/justus/.gemini/antigravity/scratch/automaker/node_modules/[4m@vitest/runner[24m/dist/index.js:915:20

 [32mÔ£ô[39m [30m[42m server [49m[39m tests/unit/services/onboarding-service.test.ts[2m > [22mOnboardingService[2m > [22mshould execute all onboarding steps successfully[32m 21[2mms[22m[39m
 [32mÔ£ô[39m [30m[42m server [49m[39m tests/unit/services/onboarding-service.test.ts[2m > [22mOnboardingService[2m > [22mshould fail if a step fails[32m 14[2mms[22m[39m
 [32mÔ£ô[39m [30m[42m server [49m[39m tests/unit/providers/provider-factory.test.ts[2m > [22mprovider-factory.ts[2m > [22mgetAllProviders[2m > [22mshould include CursorProvider[33m 1230[2mms[22m[39m
 [32mÔ£ô[39m [30m[42m server [49m[39m tests/unit/services/agent-service-sandbox.test.ts[2m > [22mAgentService Sandbox[2m > [22mspawnAgent[2m > [22mshould create a sprite when useSandbox is true[32m 17[2mms[22m[39m
 [32mÔ£ô[39m [30m[42m server [49m[39m tests/unit/services/agent-service-sandbox.test.ts[2m > [22mAgentService Sandbox[2m > [22mspawnAgent[2m > [22mshould NOT create a sprite when useSandbox is false[32m 11[2mms[22m[39m
 [32mÔ£ô[39m [30m[42m server [49m[39m tests/unit/services/agent-service-sandbox.test.ts[2m > [22mAgentService Sandbox[2m > [22mstopExecution[2m > [22mshould auto-checkpoint if session has spriteId[32m 3[2mms[22m[39m
 [32mÔ£ô[39m [30m[42m server [49m[39m tests/unit/services/agent-service-sandbox.test.ts[2m > [22mAgentService Sandbox[2m > [22mstopExecution[2m > [22mshould NOT checkpoint if session has no spriteId[32m 1[2mms[22m[39m
 [32mÔ£ô[39m [30m[42m server [49m[39m tests/unit/services/agent-service-sandbox.test.ts[2m > [22mAgentService Sandbox[2m > [22mdeleteSession[2m > [22mshould delete sprite if session has spriteId[32m 1[2mms[22m[39m
 [32mÔ£ô[39m [30m[42m server [49m[39m tests/unit/lib/dependency-resolver.test.ts[2m > [22mdependency-resolver.ts[2m > [22mresolveDependencies[2m > [22mshould handle empty feature list[32m 6[2mms[22m[39m
 [32mÔ£ô[39m [30m[42m server [49m[39m tests/unit/lib/dependency-resolver.test.ts[2m > [22mdependency-resolver.ts[2m > [22mresolveDependencies[2m > [22mshould handle features with no dependencies[32m 8[2mms[22m[39m
 [32mÔ£ô[39m [30m[42m server [49m[39m tests/unit/lib/dependency-resolver.test.ts[2m > [22mdependency-resolver.ts[2m > [22mresolveDependencies[2m > [22mshould order features by dependencies (simple chain)[32m 1[2mms[22m[39m
 [32mÔ£ô[39m [30m[42m server [49m[39m tests/unit/lib/dependency-resolver.test.ts[2m > [22mdependency-resolver.ts[2m > [22mresolveDependencies[2m > [22mshould respect priority within same dependency level[32m 2[2mms[22m[39m
 [32mÔ£ô[39m [30m[42m server [49m[39m tests/unit/lib/dependency-resolver.test.ts[2m > [22mdependency-resolver.ts[2m > [22mresolveDependencies[2m > [22mshould use default priority of 2 when not specified[32m 1[2mms[22m[39m
 [32mÔ£ô[39m [30m[42m server [49m[39m tests/unit/lib/dependency-resolver.test.ts[2m > [22mdependency-resolver.ts[2m > [22mresolveDependencies[2m > [22mshould detect missing dependencies[32m 1[2mms[22m[39m
 [32mÔ£ô[39m [30m[42m server [49m[39m tests/unit/lib/dependency-resolver.test.ts[2m > [22mdependency-resolver.ts[2m > [22mresolveDependencies[2m > [22mshould detect blocked features (incomplete dependencies)[32m 1[2mms[22m[39m
 [32mÔ£ô[39m [30m[42m server [49m[39m tests/unit/lib/dependency-resolver.test.ts[2m > [22mdependency-resolver.ts[2m > [22mresolveDependencies[2m > [22mshould not block features whose dependencies are verified[32m 0[2mms[22m[39m
 [32mÔ£ô[39m [30m[42m server [49m[39m tests/unit/lib/dependency-resolver.test.ts[2m > [22mdependency-resolver.ts[2m > [22mresolveDependencies[2m > [22mshould detect circular dependencies (simple cycle)[32m 2[2mms[22m[39m
 [32mÔ£ô[39m [30m[42m server [49m[39m tests/unit/lib/dependency-resolver.test.ts[2m > [22mdependency-resolver.ts[2m > [22mresolveDependencies[2m > [22mshould detect circular dependencies (multi-node cycle)[32m 1[2mms[22m[39m
 [32mÔ£ô[39m [30m[42m server [49m[39m tests/unit/lib/dependency-resolver.test.ts[2m > [22mdependency-resolver.ts[2m > [22mresolveDependencies[2m > [22mshould handle mixed valid and circular dependencies[32m 4[2mms[22m[39m
 [32mÔ£ô[39m [30m[42m server [49m[39m tests/unit/lib/dependency-resolver.test.ts[2m > [22mdependency-resolver.ts[2m > [22mresolveDependencies[2m > [22mshould handle complex dependency graph[32m 1[2mms[22m[39m
 [32mÔ£ô[39m [30m[42m server [49m[39m tests/unit/lib/dependency-resolver.test.ts[2m > [22mdependency-resolver.ts[2m > [22mresolveDependencies[2m > [22mshould handle features with empty dependencies array[32m 1[2mms[22m[39m
 [32mÔ£ô[39m [30m[42m server [49m[39m tests/unit/lib/dependency-resolver.test.ts[2m > [22mdependency-resolver.ts[2m > [22mresolveDependencies[2m > [22mshould track multiple blocking dependencies[32m 0[2mms[22m[39m
 [32mÔ£ô[39m [30m[42m server [49m[39m tests/unit/lib/dependency-resolver.test.ts[2m > [22mdependency-resolver.ts[2m > [22mresolveDependencies[2m > [22mshould handle self-referencing dependency[32m 1[2mms[22m[39m
 [32mÔ£ô[39m [30m[42m server [49m[39m tests/unit/lib/dependency-resolver.test.ts[2m > [22mdependency-resolver.ts[2m > [22mareDependenciesSatisfied[2m > [22mshould return true for feature with no dependencies[32m 1[2mms[22m[39m
 [32mÔ£ô[39m [30m[42m server [49m[39m tests/unit/lib/dependency-resolver.test.ts[2m > [22mdependency-resolver.ts[2m > [22mareDependenciesSatisfied[2m > [22mshould return true for feature with empty dependencies array[32m 0[2mms[22m[39m
 [32mÔ£ô[39m [30m[42m server [49m[39m tests/unit/lib/dependency-resolver.test.ts[2m > [22mdependency-resolver.ts[2m > [22mareDependenciesSatisfied[2m > [22mshould return true when all dependencies are completed[32m 0[2mms[22m[39m
 [32mÔ£ô[39m [30m[42m server [49m[39m tests/unit/lib/dependency-resolver.test.ts[2m > [22mdependency-resolver.ts[2m > [22mareDependenciesSatisfied[2m > [22mshould return true when all dependencies are verified[32m 0[2mms[22m[39m
 [32mÔ£ô[39m [30m[42m server [49m[39m tests/unit/lib/dependency-resolver.test.ts[2m > [22mdependency-resolver.ts[2m > [22mareDependenciesSatisfied[2m > [22mshould return true when dependencies are mix of completed and verified[32m 0[2mms[22m[39m
 [32mÔ£ô[39m [30m[42m server [49m[39m tests/unit/lib/dependency-resolver.test.ts[2m > [22mdependency-resolver.ts[2m > [22mareDependenciesSatisfied[2m > [22mshould return false when any dependency is in_progress[32m 0[2mms[22m[39m
 [32mÔ£ô[39m [30m[42m server [49m[39m tests/unit/lib/dependency-resolver.test.ts[2m > [22mdependency-resolver.ts[2m > [22mareDependenciesSatisfied[2m > [22mshould return false when any dependency is in backlog[32m 0[2mms[22m[39m
 [32mÔ£ô[39m [30m[42m server [49m[39m tests/unit/lib/dependency-resolver.test.ts[2m > [22mdependency-resolver.ts[2m > [22mareDependenciesSatisfied[2m > [22mshould return false when dependency is missing[32m 0[2mms[22m[39m
 [32mÔ£ô[39m [30m[42m server [49m[39m tests/unit/lib/dependency-resolver.test.ts[2m > [22mdependency-resolver.ts[2m > [22mareDependenciesSatisfied[2m > [22mshould return false when multiple dependencies are incomplete[32m 0[2mms[22m[39m
 [32mÔ£ô[39m [30m[42m server [49m[39m tests/unit/lib/dependency-resolver.test.ts[2m > [22mdependency-resolver.ts[2m > [22mgetBlockingDependencies[2m > [22mshould return empty array for feature with no dependencies[32m 0[2mms[22m[39m
 [32mÔ£ô[39m [30m[42m server [49m[39m tests/unit/lib/dependency-resolver.test.ts[2m > [22mdependency-resolver.ts[2m > [22mgetBlockingDependencies[2m > [22mshould return empty array for feature with empty dependencies array[32m 0[2mms[22m[39m
 [32mÔ£ô[39m [30m[42m server [49m[39m tests/unit/lib/dependency-resolver.test.ts[2m > [22mdependency-resolver.ts[2m > [22mgetBlockingDependencies[2m > [22mshould return empty array when all dependencies are completed[32m 0[2mms[22m[39m
 [32mÔ£ô[39m [30m[42m server [49m[39m tests/unit/lib/dependency-resolver.test.ts[2m > [22mdependency-resolver.ts[2m > [22mgetBlockingDependencies[2m > [22mshould return empty array when all dependencies are verified[32m 0[2mms[22m[39m
 [32mÔ£ô[39m [30m[42m server [49m[39m tests/unit/lib/dependency-resolver.test.ts[2m > [22mdependency-resolver.ts[2m > [22mgetBlockingDependencies[2m > [22mshould return blocking dependencies in backlog status[32m 0[2mms[22m[39m
 [32mÔ£ô[39m [30m[42m server [49m[39m tests/unit/lib/dependency-resolver.test.ts[2m > [22mdependency-resolver.ts[2m > [22mgetBlockingDependencies[2m > [22mshould return blocking dependencies in in_progress status[32m 0[2mms[22m[39m
 [32mÔ£ô[39m [30m[42m server [49m[39m tests/unit/lib/dependency-resolver.test.ts[2m > [22mdependency-resolver.ts[2m > [22mgetBlockingDependencies[2m > [22mshould return blocking dependencies in waiting_approval status[32m 1[2mms[22m[39m
 [32mÔ£ô[39m [30m[42m server [49m[39m tests/unit/lib/dependency-resolver.test.ts[2m > [22mdependency-resolver.ts[2m > [22mgetBlockingDependencies[2m > [22mshould return all blocking dependencies[32m 1[2mms[22m[39m
 [32mÔ£ô[39m [30m[42m server [49m[39m tests/unit/lib/dependency-resolver.test.ts[2m > [22mdependency-resolver.ts[2m > [22mgetBlockingDependencies[2m > [22mshould handle missing dependencies[32m 0[2mms[22m[39m
 [32mÔ£ô[39m [30m[42m server [49m[39m tests/unit/lib/dependency-resolver.test.ts[2m > [22mdependency-resolver.ts[2m > [22mgetBlockingDependencies[2m > [22mshould handle mix of completed, verified, and incomplete dependencies[32m 1[2mms[22m[39m
[90mstdout[2m | tests/unit/services/sandbox-service.test.ts[2m > [22m[2mSandboxService[2m > [22m[2mcreateSandbox[2m > [22m[2mshould create and start a sandbox with default limits
[22m[39m[36mINFO [0m [34m[SandboxService][0m Creating sandbox sbx-1769283950485-3cpkq13c1 (test-sandbox) with 1 vCPU, 512MB RAM

[90mstdout[2m | tests/unit/services/sandbox-service.test.ts[2m > [22m[2mSandboxService[2m > [22m[2mcreateSandbox[2m > [22m[2mshould respect custom resource limits
[22m[39m[36mINFO [0m [34m[SandboxService][0m Creating sandbox sbx-1769283950502-orynahcqh (high-perf) with 4 vCPU, 4096MB RAM

[90mstdout[2m | tests/unit/services/sandbox-service.test.ts[2m > [22m[2mSandboxService[2m > [22m[2mLifecycle Management[2m > [22m[2mshould hibernate (stop) a running sandbox
[22m[39m[36mINFO [0m [34m[SandboxService][0m Creating sandbox sbx-1769283950505-iz232jyn2 (test) with 1 vCPU, 512MB RAM

[90mstdout[2m | tests/unit/services/sandbox-service.test.ts[2m > [22m[2mSandboxService[2m > [22m[2mLifecycle Management[2m > [22m[2mshould hibernate (stop) a running sandbox
[22m[39m[36mINFO [0m [34m[SandboxService][0m Hibernating sandbox sbx-1769283950505-iz232jyn2 (VM vm-1)

[90mstdout[2m | tests/unit/services/sandbox-service.test.ts[2m > [22m[2mSandboxService[2m > [22m[2mCheckpointing[2m > [22m[2mshould create a checkpoint
[22m[39m[36mINFO [0m [34m[SandboxService][0m Creating sandbox sbx-1769283950508-9kan5mrvp (test) with 1 vCPU, 512MB RAM

[90mstdout[2m | tests/unit/services/sandbox-service.test.ts[2m > [22m[2mSandboxService[2m > [22m[2mCheckpointing[2m > [22m[2mshould restore a checkpoint
[22m[39m[36mINFO [0m [34m[SandboxService][0m Creating sandbox sbx-1769283950510-omyg6c1e4 (test) with 1 vCPU, 512MB RAM

 [32mÔ£ô[39m [30m[42m server [49m[39m tests/unit/services/sandbox-service.test.ts[2m > [22mSandboxService[2m > [22mcreateSandbox[2m > [22mshould create and start a sandbox with default limits[32m 18[2mms[22m[39m
 [32mÔ£ô[39m [30m[42m server [49m[39m tests/unit/services/sandbox-service.test.ts[2m > [22mSandboxService[2m > [22mcreateSandbox[2m > [22mshould respect custom resource limits[32m 3[2mms[22m[39m
 [32mÔ£ô[39m [30m[42m server [49m[39m tests/unit/services/sandbox-service.test.ts[2m > [22mSandboxService[2m > [22mLifecycle Management[2m > [22mshould hibernate (stop) a running sandbox[32m 2[2mms[22m[39m
 [32mÔ£ô[39m [30m[42m server [49m[39m tests/unit/services/sandbox-service.test.ts[2m > [22mSandboxService[2m > [22mLifecycle Management[2m > [22mshould wake (start) a hibernated sandbox[32m 1[2mms[22m[39m
 [32mÔ£ô[39m [30m[42m server [49m[39m tests/unit/services/sandbox-service.test.ts[2m > [22mSandboxService[2m > [22mCheckpointing[2m > [22mshould create a checkpoint[32m 2[2mms[22m[39m
 [32mÔ£ô[39m [30m[42m server [49m[39m tests/unit/services/sandbox-service.test.ts[2m > [22mSandboxService[2m > [22mCheckpointing[2m > [22mshould restore a checkpoint[32m 1[2mms[22m[39m
[90mstdout[2m | tests/integration/services/auto-mode-service.integration.test.ts[2m > [22m[2mauto-mode-service.ts (integration)[2m > [22m[2mauto loop[2m > [22m[2mshould respect max concurrency
[22m[39m[36mINFO [0m [34m[AutoMode][0m Saved execution state: 1 running features

[90mstdout[2m | tests/integration/services/auto-mode-service.integration.test.ts[2m > [22m[2mauto-mode-service.ts (integration)[2m > [22m[2mauto loop[2m > [22m[2mshould respect max concurrency
[22m[39m[36mINFO [0m [34m[SettingsHelper][0m [AutoMode] SettingsService not available, autoLoadClaudeMd disabled

[90mstdout[2m | tests/integration/services/auto-mode-service.integration.test.ts[2m > [22m[2mauto-mode-service.ts (integration)[2m > [22m[2mauto loop[2m > [22m[2mshould respect max concurrency
[22m[39m[36mINFO [0m [34m[SettingsHelper][0m [AutoMode] SettingsService not available, using default prompts

[90mstdout[2m | tests/integration/services/auto-mode-service.integration.test.ts[2m > [22m[2mauto-mode-service.ts (integration)[2m > [22m[2mauto loop[2m > [22m[2mshould respect max concurrency
[22m[39m[ContextLoader] Selected memory files: gotchas
[ContextLoader] Loaded 1 memory file(s)

[90mstdout[2m | tests/integration/services/auto-mode-service.integration.test.ts[2m > [22m[2mauto-mode-service.ts (integration)[2m > [22m[2mauto loop[2m > [22m[2mshould respect max concurrency
[22m[39m[ModelResolver] resolveModelString called with modelKey: "undefined", defaultModel: "claude-opus-4-5-20251101"
[ModelResolver] No model specified, using default: claude-opus-4-5-20251101
[36mINFO [0m [34m[AutoMode][0m Executing feature concurrent-2 with model: claude-opus-4-5-20251101, provider: undefined in C:\Users\justus\AppData\Local\Temp\automaker-test-9kBWQe

[90mstdout[2m | tests/integration/services/auto-mode-service.integration.test.ts[2m > [22m[2mauto-mode-service.ts (integration)[2m > [22m[2mauto loop[2m > [22m[2mshould respect max concurrency
[22m[39m[ModelResolver] resolveModelString called with modelKey: "claude-opus-4-5-20251101", defaultModel: "claude-opus-4-5-20251101"
[ModelResolver] Using full Claude model string: claude-opus-4-5-20251101
[36mINFO [0m [34m[AutoMode][0m runAgent called for feature concurrent-2 with model: claude-opus-4-5-20251101, planningMode: skip, requiresApproval: false
[36mINFO [0m [34m[AutoMode][0m Using provider "claude" for model "claude-opus-4-5-20251101" (bare: claude-opus-4-5-20251101)

[90mstdout[2m | tests/integration/services/auto-mode-service.integration.test.ts[2m > [22m[2mauto-mode-service.ts (integration)[2m > [22m[2mauto loop[2m > [22m[2mshould respect max concurrency
[22m[39m[36mINFO [0m [34m[AutoMode][0m System prompt provided (310 chars), first 200 chars:
# Project Memory

The following learnings and decisions from previous work are available.
**IMPORTANT**: Review these carefully before making changes that could conflict with past decisions.

---

## ...
[36mINFO [0m [34m[AutoMode][0m Starting stream for feature concurrent-2...
[36mINFO [0m [34m[AutoMode][0m Stream created, starting to iterate...

 [32mÔ£ô[39m [30m[42m server [49m[39m tests/unit/providers/provider-factory.test.ts[2m > [22mprovider-factory.ts[2m > [22mgetAllProviders[2m > [22mshould create new instances each time[33m 4967[2mms[22m[39m
 [32mÔ£ô[39m [30m[42m server [49m[39m tests/unit/lib/enhancement-prompts.test.ts[2m > [22menhancement-prompts.ts[2m > [22mSystem Prompt Constants[2m > [22mshould have non-empty improve system prompt[32m 6[2mms[22m[39m
 [32mÔ£ô[39m [30m[42m server [49m[39m tests/unit/lib/enhancement-prompts.test.ts[2m > [22menhancement-prompts.ts[2m > [22mSystem Prompt Constants[2m > [22mshould have non-empty technical system prompt[32m 1[2mms[22m[39m
 [32mÔ£ô[39m [30m[42m server [49m[39m tests/unit/lib/enhancement-prompts.test.ts[2m > [22menhancement-prompts.ts[2m > [22mSystem Prompt Constants[2m > [22mshould have non-empty simplify system prompt[32m 1[2mms[22m[39m
 [32mÔ£ô[39m [30m[42m server [49m[39m tests/unit/lib/enhancement-prompts.test.ts[2m > [22menhancement-prompts.ts[2m > [22mSystem Prompt Constants[2m > [22mshould have non-empty acceptance system prompt[32m 2[2mms[22m[39m
 [32mÔ£ô[39m [30m[42m server [49m[39m tests/unit/lib/enhancement-prompts.test.ts[2m > [22menhancement-prompts.ts[2m > [22mExample Constants[2m > [22mshould have improve examples with input and output[32m 2[2mms[22m[39m
 [32mÔ£ô[39m [30m[42m server [49m[39m tests/unit/lib/enhancement-prompts.test.ts[2m > [22menhancement-prompts.ts[2m > [22mExample Constants[2m > [22mshould have technical examples with input and output[32m 1[2mms[22m[39m
 [32mÔ£ô[39m [30m[42m server [49m[39m tests/unit/lib/enhancement-prompts.test.ts[2m > [22menhancement-prompts.ts[2m > [22mExample Constants[2m > [22mshould have simplify examples with input and output[32m 1[2mms[22m[39m
 [32mÔ£ô[39m [30m[42m server [49m[39m tests/unit/lib/enhancement-prompts.test.ts[2m > [22menhancement-prompts.ts[2m > [22mExample Constants[2m > [22mshould have acceptance examples with input and output[32m 1[2mms[22m[39m
 [32mÔ£ô[39m [30m[42m server [49m[39m tests/unit/lib/enhancement-prompts.test.ts[2m > [22menhancement-prompts.ts[2m > [22mgetEnhancementPrompt[2m > [22mshould return config for improve mode[32m 1[2mms[22m[39m
 [32mÔ£ô[39m [30m[42m server [49m[39m tests/unit/lib/enhancement-prompts.test.ts[2m > [22menhancement-prompts.ts[2m > [22mgetEnhancementPrompt[2m > [22mshould return config for technical mode[32m 4[2mms[22m[39m
 [32mÔ£ô[39m [30m[42m server [49m[39m tests/unit/lib/enhancement-prompts.test.ts[2m > [22menhancement-prompts.ts[2m > [22mgetEnhancementPrompt[2m > [22mshould return config for simplify mode[32m 0[2mms[22m[39m
 [32mÔ£ô[39m [30m[42m server [49m[39m tests/unit/lib/enhancement-prompts.test.ts[2m > [22menhancement-prompts.ts[2m > [22mgetEnhancementPrompt[2m > [22mshould return config for acceptance mode[32m 0[2mms[22m[39m
 [32mÔ£ô[39m [30m[42m server [49m[39m tests/unit/lib/enhancement-prompts.test.ts[2m > [22menhancement-prompts.ts[2m > [22mgetEnhancementPrompt[2m > [22mshould handle case-insensitive mode[32m 0[2mms[22m[39m
 [32mÔ£ô[39m [30m[42m server [49m[39m tests/unit/lib/enhancement-prompts.test.ts[2m > [22menhancement-prompts.ts[2m > [22mgetEnhancementPrompt[2m > [22mshould fall back to improve for invalid mode[32m 0[2mms[22m[39m
 [32mÔ£ô[39m [30m[42m server [49m[39m tests/unit/lib/enhancement-prompts.test.ts[2m > [22menhancement-prompts.ts[2m > [22mgetEnhancementPrompt[2m > [22mshould fall back to improve for empty string[32m 0[2mms[22m[39m
 [32mÔ£ô[39m [30m[42m server [49m[39m tests/unit/lib/enhancement-prompts.test.ts[2m > [22menhancement-prompts.ts[2m > [22mgetSystemPrompt[2m > [22mshould return correct system prompt for each mode[32m 1[2mms[22m[39m
 [32mÔ£ô[39m [30m[42m server [49m[39m tests/unit/lib/enhancement-prompts.test.ts[2m > [22menhancement-prompts.ts[2m > [22mgetExamples[2m > [22mshould return correct examples for each mode[32m 1[2mms[22m[39m
 [32mÔ£ô[39m [30m[42m server [49m[39m tests/unit/lib/enhancement-prompts.test.ts[2m > [22menhancement-prompts.ts[2m > [22mgetExamples[2m > [22mshould return arrays with example objects[32m 1[2mms[22m[39m
 [32mÔ£ô[39m [30m[42m server [49m[39m tests/unit/lib/enhancement-prompts.test.ts[2m > [22menhancement-prompts.ts[2m > [22mbuildUserPrompt[2m > [22mshould build prompt with examples by default[32m 1[2mms[22m[39m
 [32mÔ£ô[39m [30m[42m server [49m[39m tests/unit/lib/enhancement-prompts.test.ts[2m > [22menhancement-prompts.ts[2m > [22mbuildUserPrompt[2m > [22mshould build prompt without examples when includeExamples is false[32m 1[2mms[22m[39m
 [32mÔ£ô[39m [30m[42m server [49m[39m tests/unit/lib/enhancement-prompts.test.ts[2m > [22menhancement-prompts.ts[2m > [22mbuildUserPrompt[2m > [22mshould include all examples for improve mode[32m 1[2mms[22m[39m
 [32mÔ£ô[39m [30m[42m server [49m[39m tests/unit/lib/enhancement-prompts.test.ts[2m > [22menhancement-prompts.ts[2m > [22mbuildUserPrompt[2m > [22mshould include separator between examples[32m 0[2mms[22m[39m
 [32mÔ£ô[39m [30m[42m server [49m[39m tests/unit/lib/enhancement-prompts.test.ts[2m > [22menhancement-prompts.ts[2m > [22mbuildUserPrompt[2m > [22mshould work with all enhancement modes[32m 1[2mms[22m[39m
 [32mÔ£ô[39m [30m[42m server [49m[39m tests/unit/lib/enhancement-prompts.test.ts[2m > [22menhancement-prompts.ts[2m > [22mbuildUserPrompt[2m > [22mshould preserve the original text exactly[32m 0[2mms[22m[39m
 [32mÔ£ô[39m [30m[42m server [49m[39m tests/unit/lib/enhancement-prompts.test.ts[2m > [22menhancement-prompts.ts[2m > [22misValidEnhancementMode[2m > [22mshould return true for valid modes[32m 1[2mms[22m[39m
 [32mÔ£ô[39m [30m[42m server [49m[39m tests/unit/lib/enhancement-prompts.test.ts[2m > [22menhancement-prompts.ts[2m > [22misValidEnhancementMode[2m > [22mshould return false for invalid modes[32m 0[2mms[22m[39m
 [32mÔ£ô[39m [30m[42m server [49m[39m tests/unit/lib/enhancement-prompts.test.ts[2m > [22menhancement-prompts.ts[2m > [22mgetAvailableEnhancementModes[2m > [22mshould return all enhancement modes[32m 5[2mms[22m[39m
 [32mÔ£ô[39m [30m[42m server [49m[39m tests/unit/lib/enhancement-prompts.test.ts[2m > [22menhancement-prompts.ts[2m > [22mgetAvailableEnhancementModes[2m > [22mshould return an array[32m 0[2mms[22m[39m
[90mstdout[2m | tests/integration/services/auto-mode-service.integration.test.ts[2m > [22m[2mauto-mode-service.ts (integration)[2m > [22m[2mauto loop[2m > [22m[2mshould respect max concurrency
[22m[39m[36mINFO [0m [34m[AutoMode][0m Stream message received: result success

[90mstdout[2m | tests/integration/services/auto-mode-service.integration.test.ts[2m > [22m[2mauto-mode-service.ts (integration)[2m > [22m[2mauto loop[2m > [22m[2mshould respect max concurrency
[22m[39m[36mINFO [0m [34m[NotificationService][0m Created notification: Feature Verified for project C:\Users\justus\AppData\Local\Temp\automaker-test-9kBWQe

[90mstdout[2m | tests/integration/services/auto-mode-service.integration.test.ts[2m > [22m[2mauto-mode-service.ts (integration)[2m > [22m[2mauto loop[2m > [22m[2mshould respect max concurrency
[22m[39m[36mINFO [0m [34m[FeatureLoader][0m No app_spec.txt found for project, skipping sync for feature concurrent-2

[90mstdout[2m | tests/integration/services/auto-mode-service.integration.test.ts[2m > [22m[2mauto-mode-service.ts (integration)[2m > [22m[2mauto loop[2m > [22m[2mshould respect max concurrency
[22m[39m[AutoMode] Skipping learning extraction - output too short (0 chars)

[90mstdout[2m | tests/integration/services/auto-mode-service.integration.test.ts[2m > [22m[2mauto-mode-service.ts (integration)[2m > [22m[2mauto loop[2m > [22m[2mshould respect max concurrency
[22m[39m[36mINFO [0m [34m[AutoMode][0m Feature concurrent-2 execution ended, cleaning up runningFeatures
[36mINFO [0m [34m[AutoMode][0m Pending approvals at cleanup: none

[90mstdout[2m | tests/integration/services/auto-mode-service.integration.test.ts[2m > [22m[2mauto-mode-service.ts (integration)[2m > [22m[2mauto loop[2m > [22m[2mshould respect max concurrency
[22m[39m[36mINFO [0m [34m[AutoMode][0m Saved execution state: 0 running features

[90mstderr[2m | tests/unit/lib/prompt-builder.test.ts[2m > [22m[2mprompt-builder.ts[2m > 
[22m[2mbuildPromptWithImages[2m > [22m[2mshould return text when only one block and it's text
[22m[39m[ImageHandler] Failed to load image /missing.png: Error: File not found
    at C:/Users/justus/.gemini/antigravity/scratch/automaker/apps/server/tests/unit/lib/prompt-builder.test.ts:100:48
    at 
file:///C:/Users/justus/.gemini/antigravity/scratch/automaker/node_modules/[4m@vitest/runner[24m/dist/index.js:145:11
    at 
file:///C:/Users/justus/.gemini/antigravity/scratch/automaker/node_modules/[4m@vitest/runner[24m/dist/index.js:915:26
    at file:///C:/Users/justus/.gemini/antigravity/scratch/automaker/node_modules/[4m@vitest/runner[24m/dist/index.js
:1243:20
    at new Promise (<anonymous>)
    at runWithTimeout (file:///C:/Users/justus/.gemini/antigravity/scratch/automaker/node_modules/[4m@vitest/runner[2
4m/dist/index.js:1209:10)
    at file:///C:/Users/justus/.gemini/antigravity/scratch/automaker/node_modules/[4m@vitest/runner[24m/dist/index.js
:1653:37
    at Traces.$ (file:///C:/Users/justus/.gemini/antigravity/scratch/automaker/node_modules/[4mvitest[24m/dist/chunks
/traces.U4xDYhzZ.js:115:27)
    at trace (file:///C:/Users/justus/.gemini/antigravity/scratch/automaker/node_modules/[4mvitest[24m/dist/chunks/te
st.B8ej_ZHS.js:239:21)
    at runTest (file:///C:/Users/justus/.gemini/antigravity/scratch/automaker/node_modules/[4m@vitest/runner[24m/dist
/index.js:1653:12)

 [32mÔ£ô[39m [30m[42m server [49m[39m tests/unit/lib/prompt-builder.test.ts[2m > [22mprompt-builder.ts[2m > [22mbuildPromptWithImages[2m > [22mshould return plain text when no images provided[32m 7[2mms[22m[39m
 [32mÔ£ô[39m [30m[42m server [49m[39m tests/unit/lib/prompt-builder.test.ts[2m > [22mprompt-builder.ts[2m > [22mbuildPromptWithImages[2m > [22mshould return plain text when imagePaths is empty array[32m 1[2mms[22m[39m
 [32mÔ£ô[39m [30m[42m server [49m[39m tests/unit/lib/prompt-builder.test.ts[2m > [22mprompt-builder.ts[2m > [22mbuildPromptWithImages[2m > [22mshould build content blocks with single image[32m 5[2mms[22m[39m
 [32mÔ£ô[39m [30m[42m server [49m[39m tests/unit/lib/prompt-builder.test.ts[2m > [22mprompt-builder.ts[2m > [22mbuildPromptWithImages[2m > [22mshould build content blocks with multiple images[32m 2[2mms[22m[39m
 [32mÔ£ô[39m [30m[42m server [49m[39m tests/unit/lib/prompt-builder.test.ts[2m > [22mprompt-builder.ts[2m > [22mbuildPromptWithImages[2m > [22mshould include image paths in text when requested[32m 1[2mms[22m[39m
 [32mÔ£ô[39m [30m[42m server [49m[39m tests/unit/lib/prompt-builder.test.ts[2m > [22mprompt-builder.ts[2m > [22mbuildPromptWithImages[2m > [22mshould not include image paths by default[32m 1[2mms[22m[39m
 [32mÔ£ô[39m [30m[42m server [49m[39m tests/unit/lib/prompt-builder.test.ts[2m > [22mprompt-builder.ts[2m > [22mbuildPromptWithImages[2m > [22mshould handle empty text content[32m 1[2mms[22m[39m
 [32mÔ£ô[39m [30m[42m server [49m[39m tests/unit/lib/prompt-builder.test.ts[2m > [22mprompt-builder.ts[2m > [22mbuildPromptWithImages[2m > [22mshould trim text content before checking if empty[32m 1[2mms[22m[39m
 [32mÔ£ô[39m [30m[42m server [49m[39m tests/unit/lib/prompt-builder.test.ts[2m > [22mprompt-builder.ts[2m > [22mbuildPromptWithImages[2m > [22mshould return text when only one block and it's text[32m 12[2mms[22m[39m
 [32mÔ£ô[39m [30m[42m server [49m[39m tests/unit/lib/prompt-builder.test.ts[2m > [22mprompt-builder.ts[2m > [22mbuildPromptWithImages[2m > [22mshould pass workDir for path resolution[32m 2[2mms[22m[39m
[90mstdout[2m | tests/integration/services/auto-mode-service.integration.test.ts[2m > [22m[2mauto-mode-service.ts (integration)[2m > [22m[2mauto loop[2m > [22m[2mshould respect max concurrency
[22m[39m[36mINFO [0m [34m[AutoMode][0m Cleared execution state

[90mstderr[2m | tests/unit/routes/running-agents.test.ts[2m > [22m[2mrunning-agents routes[2m > [22m[2mGET / 
(index handler)[2m > [22m[2mshould handle errors gracefully and return 500
[22m[39m[31mERROR[0m [34m[RunningAgents][0m ÔØî Get running agents failed: Error: Database connection failed
    at 
C:/Users/justus/.gemini/antigravity/scratch/automaker/apps/server/tests/unit/routes/running-agents.test.ts:106:21
    at 
file:///C:/Users/justus/.gemini/antigravity/scratch/automaker/node_modules/[4m@vitest/runner[24m/dist/index.js:145:11
    at 
file:///C:/Users/justus/.gemini/antigravity/scratch/automaker/node_modules/[4m@vitest/runner[24m/dist/index.js:915:26
    at file:///C:/Users/justus/.gemini/antigravity/scratch/automaker/node_modules/[4m@vitest/runner[24m/dist/index.js
:1243:20
    at new Promise (<anonymous>)
    at runWithTimeout (file:///C:/Users/justus/.gemini/antigravity/scratch/automaker/node_modules/[4m@vitest/runner[2
4m/dist/index.js:1209:10)
    at file:///C:/Users/justus/.gemini/antigravity/scratch/automaker/node_modules/[4m@vitest/runner[24m/dist/index.js
:1653:37
    at Traces.$ (file:///C:/Users/justus/.gemini/antigravity/scratch/automaker/node_modules/[4mvitest[24m/dist/chunks
/traces.U4xDYhzZ.js:115:27)
    at trace (file:///C:/Users/justus/.gemini/antigravity/scratch/automaker/node_modules/[4mvitest[24m/dist/chunks/te
st.B8ej_ZHS.js:239:21)
    at runTest (file:///C:/Users/justus/.gemini/antigravity/scratch/automaker/node_modules/[4m@vitest/runner[24m/dist
/index.js:1653:12)

[90mstderr[2m | tests/unit/routes/running-agents.test.ts[2m > [22m[2mrunning-agents routes[2m > [22m[2mGET / 
(index handler)[2m > [22m[2mshould handle non-Error exceptions
[22m[39m[31mERROR[0m [34m[RunningAgents][0m ÔØî Get running agents failed: String error

 [32mÔ£ô[39m [30m[42m server [49m[39m tests/unit/routes/running-agents.test.ts[2m > [22mrunning-agents routes[2m > [22mGET / (index handler)[2m > [22mshould return empty array when no agents are running[32m 11[2mms[22m[39m
 [32mÔ£ô[39m [30m[42m server [49m[39m tests/unit/routes/running-agents.test.ts[2m > [22mrunning-agents routes[2m > [22mGET / (index handler)[2m > [22mshould return running agents with all properties[32m 2[2mms[22m[39m
 [32mÔ£ô[39m [30m[42m server [49m[39m tests/unit/routes/running-agents.test.ts[2m > [22mrunning-agents routes[2m > [22mGET / (index handler)[2m > [22mshould return agents without title/description (backward compatibility)[32m 2[2mms[22m[39m
 [32mÔ£ô[39m [30m[42m server [49m[39m tests/unit/routes/running-agents.test.ts[2m > [22mrunning-agents routes[2m > [22mGET / (index handler)[2m > [22mshould handle errors gracefully and return 500[32m 13[2mms[22m[39m
 [32mÔ£ô[39m [30m[42m server [49m[39m tests/unit/routes/running-agents.test.ts[2m > [22mrunning-agents routes[2m > [22mGET / (index handler)[2m > [22mshould handle non-Error exceptions[32m 6[2mms[22m[39m
 [32mÔ£ô[39m [30m[42m server [49m[39m tests/unit/routes/running-agents.test.ts[2m > [22mrunning-agents routes[2m > [22mGET / (index handler)[2m > [22mshould correctly count multiple running agents[32m 2[2mms[22m[39m
 [32mÔ£ô[39m [30m[42m server [49m[39m tests/unit/routes/running-agents.test.ts[2m > [22mrunning-agents routes[2m > [22mGET / (index handler)[2m > [22mshould include agents from different projects[32m 1[2mms[22m[39m
 [32mÔ£ô[39m [30m[42m server [49m[39m tests/integration/services/auto-mode-service.integration.test.ts[2m > [22mauto-mode-service.ts (integration)[2m > [22mauto loop[2m > [22mshould respect max concurrency[33m 6141[2mms[22m[39m
 [32mÔ£ô[39m [30m[42m server [49m[39m tests/unit/providers/provider-factory.test.ts[2m > [22mprovider-factory.ts[2m > [22mcheckAllProviders[2m > [22mshould return installation status for all providers[33m 1172[2mms[22m[39m
 [32mÔ£ô[39m [30m[42m server [49m[39m tests/unit/lib/json-extractor.test.ts[2m > [22mjson-extractor.ts[2m > [22mextractJson[2m > [22mStrategy 1: JSON in ```json code block[2m > [22mshould extract JSON from ```json code block[32m 8[2mms[22m[39m
 [32mÔ£ô[39m [30m[42m server [49m[39m tests/unit/lib/json-extractor.test.ts[2m > [22mjson-extractor.ts[2m > [22mextractJson[2m > [22mStrategy 1: JSON in ```json code block[2m > [22mshould handle multiline JSON in code block[32m 1[2mms[22m[39m
 [32mÔ£ô[39m [30m[42m server [49m[39m tests/unit/lib/json-extractor.test.ts[2m > [22mjson-extractor.ts[2m > [22mextractJson[2m > [22mStrategy 2: JSON in ``` code block (no language)[2m > [22mshould extract JSON from unmarked code block[32m 2[2mms[22m[39m
 [32mÔ£ô[39m [30m[42m server [49m[39m tests/unit/lib/json-extractor.test.ts[2m > [22mjson-extractor.ts[2m > [22mextractJson[2m > [22mStrategy 2: JSON in ``` code block (no language)[2m > [22mshould handle array JSON in unmarked code block[32m 1[2mms[22m[39m
 [32mÔ£ô[39m [30m[42m server [49m[39m tests/unit/lib/json-extractor.test.ts[2m > [22mjson-extractor.ts[2m > [22mextractJson[2m > [22mStrategy 2: JSON in ``` code block (no language)[2m > [22mshould skip non-JSON code blocks and find JSON via brace matching[32m 1[2mms[22m[39m
 [32mÔ£ô[39m [30m[42m server [49m[39m tests/unit/lib/json-extractor.test.ts[2m > [22mjson-extractor.ts[2m > [22mextractJson[2m > [22mStrategy 3: Find JSON with required key[2m > [22mshould find JSON containing required key[32m 1[2mms[22m[39m
 [32mÔ£ô[39m [30m[42m server [49m[39m tests/unit/lib/json-extractor.test.ts[2m > [22mjson-extractor.ts[2m > [22mextractJson[2m > [22mStrategy 3: Find JSON with required key[2m > [22mshould skip JSON without required key[32m 1[2mms[22m[39m
 [32mÔ£ô[39m [30m[42m server [49m[39m tests/unit/lib/json-extractor.test.ts[2m > [22mjson-extractor.ts[2m > [22mextractJson[2m > [22mStrategy 4: Find any JSON by brace matching[2m > [22mshould extract JSON by matching braces[32m 1[2mms[22m[39m
 [32mÔ£ô[39m [30m[42m server [49m[39m tests/unit/lib/json-extractor.test.ts[2m > [22mjson-extractor.ts[2m > [22mextractJson[2m > [22mStrategy 4: Find any JSON by brace matching[2m > [22mshould handle deeply nested objects[32m 1[2mms[22m[39m
 [32mÔ£ô[39m [30m[42m server [49m[39m tests/unit/lib/json-extractor.test.ts[2m > [22mjson-extractor.ts[2m > [22mextractJson[2m > [22mStrategy 5: First { to last }[2m > [22mshould extract from first to last brace when other strategies fail[32m 0[2mms[22m[39m
 [32mÔ£ô[39m [30m[42m server [49m[39m tests/unit/lib/json-extractor.test.ts[2m > [22mjson-extractor.ts[2m > [22mextractJson[2m > [22mStrategy 6: Parse entire response as JSON[2m > [22mshould parse entire response when it is valid JSON object[32m 0[2mms[22m[39m
 [32mÔ£ô[39m [30m[42m server [49m[39m tests/unit/lib/json-extractor.test.ts[2m > [22mjson-extractor.ts[2m > [22mextractJson[2m > [22mStrategy 6: Parse entire response as JSON[2m > [22mshould parse entire response when it is valid JSON array[32m 0[2mms[22m[39m
 [32mÔ£ô[39m [30m[42m server [49m[39m tests/unit/lib/json-extractor.test.ts[2m > [22mjson-extractor.ts[2m > [22mextractJson[2m > [22mStrategy 6: Parse entire response as JSON[2m > [22mshould handle whitespace around JSON[32m 0[2mms[22m[39m
 [32mÔ£ô[39m [30m[42m server [49m[39m tests/unit/lib/json-extractor.test.ts[2m > [22mjson-extractor.ts[2m > [22mextractJson[2m > [22mrequireArray option[2m > [22mshould validate required key contains array[32m 0[2mms[22m[39m
 [32mÔ£ô[39m [30m[42m server [49m[39m tests/unit/lib/json-extractor.test.ts[2m > [22mjson-extractor.ts[2m > [22mextractJson[2m > [22mrequireArray option[2m > [22mshould reject when required key is not an array[32m 0[2mms[22m[39m
 [32mÔ£ô[39m [30m[42m server [49m[39m tests/unit/lib/json-extractor.test.ts[2m > [22mjson-extractor.ts[2m > [22mextractJson[2m > [22merror handling[2m > [22mshould return null for invalid JSON[32m 1[2mms[22m[39m
 [32mÔ£ô[39m [30m[42m server [49m[39m tests/unit/lib/json-extractor.test.ts[2m > [22mjson-extractor.ts[2m > [22mextractJson[2m > [22merror handling[2m > [22mshould return null for malformed JSON[32m 0[2mms[22m[39m
 [32mÔ£ô[39m [30m[42m server [49m[39m tests/unit/lib/json-extractor.test.ts[2m > [22mjson-extractor.ts[2m > [22mextractJson[2m > [22merror handling[2m > [22mshould return null for empty input[32m 0[2mms[22m[39m
 [32mÔ£ô[39m [30m[42m server [49m[39m tests/unit/lib/json-extractor.test.ts[2m > [22mjson-extractor.ts[2m > [22mextractJson[2m > [22merror handling[2m > [22mshould return null when required key is missing[32m 0[2mms[22m[39m
 [32mÔ£ô[39m [30m[42m server [49m[39m tests/unit/lib/json-extractor.test.ts[2m > [22mjson-extractor.ts[2m > [22mextractJson[2m > [22medge cases[2m > [22mshould handle JSON with escaped characters[32m 0[2mms[22m[39m
 [32mÔ£ô[39m [30m[42m server [49m[39m tests/unit/lib/json-extractor.test.ts[2m > [22mjson-extractor.ts[2m > [22mextractJson[2m > [22medge cases[2m > [22mshould handle JSON with unicode[32m 1[2mms[22m[39m
 [32mÔ£ô[39m [30m[42m server [49m[39m tests/unit/lib/json-extractor.test.ts[2m > [22mjson-extractor.ts[2m > [22mextractJson[2m > [22medge cases[2m > [22mshould work without custom logger[32m 0[2mms[22m[39m
 [32mÔ£ô[39m [30m[42m server [49m[39m tests/unit/lib/json-extractor.test.ts[2m > [22mjson-extractor.ts[2m > [22mextractJson[2m > [22medge cases[2m > [22mshould handle multiple JSON objects in text - takes first valid one[32m 0[2mms[22m[39m
 [32mÔ£ô[39m [30m[42m server [49m[39m tests/unit/lib/json-extractor.test.ts[2m > [22mjson-extractor.ts[2m > [22mextractJsonWithKey[2m > [22mshould extract JSON with specified required key[32m 0[2mms[22m[39m
 [32mÔ£ô[39m [30m[42m server [49m[39m tests/unit/lib/json-extractor.test.ts[2m > [22mjson-extractor.ts[2m > [22mextractJsonWithKey[2m > [22mshould return null when key is missing[32m 0[2mms[22m[39m
 [32mÔ£ô[39m [30m[42m server [49m[39m tests/unit/lib/json-extractor.test.ts[2m > [22mjson-extractor.ts[2m > [22mextractJsonWithArray[2m > [22mshould extract JSON with array at specified key[32m 2[2mms[22m[39m
 [32mÔ£ô[39m [30m[42m server [49m[39m tests/unit/lib/json-extractor.test.ts[2m > [22mjson-extractor.ts[2m > [22mextractJsonWithArray[2m > [22mshould return null when key value is not an array[32m 0[2mms[22m[39m
 [32mÔ£ô[39m [30m[42m server [49m[39m tests/unit/lib/json-extractor.test.ts[2m > [22mjson-extractor.ts[2m > [22mextractJsonWithArray[2m > [22mshould return null when key is missing[32m 1[2mms[22m[39m
 [32mÔ£ô[39m [30m[42m server [49m[39m tests/unit/lib/conversation-utils.test.ts[2m > [22mconversation-utils.ts[2m > [22mextractTextFromContent[2m > [22mshould return string content as-is[32m 4[2mms[22m[39m
 [32mÔ£ô[39m [30m[42m server [49m[39m tests/unit/lib/conversation-utils.test.ts[2m > [22mconversation-utils.ts[2m > [22mextractTextFromContent[2m > [22mshould extract text from single text block[32m 3[2mms[22m[39m
 [32mÔ£ô[39m [30m[42m server [49m[39m tests/unit/lib/conversation-utils.test.ts[2m > [22mconversation-utils.ts[2m > [22mextractTextFromContent[2m > [22mshould extract and join multiple text blocks with newlines[32m 1[2mms[22m[39m
 [32mÔ£ô[39m [30m[42m server [49m[39m tests/unit/lib/conversation-utils.test.ts[2m > [22mconversation-utils.ts[2m > [22mextractTextFromContent[2m > [22mshould ignore non-text blocks[32m 1[2mms[22m[39m
 [32mÔ£ô[39m [30m[42m server [49m[39m tests/unit/lib/conversation-utils.test.ts[2m > [22mconversation-utils.ts[2m > [22mextractTextFromContent[2m > [22mshould handle blocks without text property[32m 1[2mms[22m[39m
 [32mÔ£ô[39m [30m[42m server [49m[39m tests/unit/lib/conversation-utils.test.ts[2m > [22mconversation-utils.ts[2m > [22mextractTextFromContent[2m > [22mshould handle empty array[32m 0[2mms[22m[39m
 [32mÔ£ô[39m [30m[42m server [49m[39m tests/unit/lib/conversation-utils.test.ts[2m > [22mconversation-utils.ts[2m > [22mextractTextFromContent[2m > [22mshould handle array with only non-text blocks[32m 0[2mms[22m[39m
 [32mÔ£ô[39m [30m[42m server [49m[39m tests/unit/lib/conversation-utils.test.ts[2m > [22mconversation-utils.ts[2m > [22mnormalizeContentBlocks[2m > [22mshould convert string to content block array[32m 2[2mms[22m[39m
 [32mÔ£ô[39m [30m[42m server [49m[39m tests/unit/lib/conversation-utils.test.ts[2m > [22mconversation-utils.ts[2m > [22mnormalizeContentBlocks[2m > [22mshould return array content as-is[32m 3[2mms[22m[39m
 [32mÔ£ô[39m [30m[42m server [49m[39m tests/unit/lib/conversation-utils.test.ts[2m > [22mconversation-utils.ts[2m > [22mnormalizeContentBlocks[2m > [22mshould handle empty string[32m 1[2mms[22m[39m
 [32mÔ£ô[39m [30m[42m server [49m[39m tests/unit/lib/conversation-utils.test.ts[2m > [22mconversation-utils.ts[2m > [22mformatHistoryAsText[2m > [22mshould return empty string for empty history[32m 1[2mms[22m[39m
 [32mÔ£ô[39m [30m[42m server [49m[39m tests/unit/lib/conversation-utils.test.ts[2m > [22mconversation-utils.ts[2m > [22mformatHistoryAsText[2m > [22mshould format single user message[32m 1[2mms[22m[39m
 [32mÔ£ô[39m [30m[42m server [49m[39m tests/unit/lib/conversation-utils.test.ts[2m > [22mconversation-utils.ts[2m > [22mformatHistoryAsText[2m > [22mshould format single assistant message[32m 0[2mms[22m[39m
 [32mÔ£ô[39m [30m[42m server [49m[39m tests/unit/lib/conversation-utils.test.ts[2m > [22mconversation-utils.ts[2m > [22mformatHistoryAsText[2m > [22mshould format multiple messages with correct roles[32m 0[2mms[22m[39m
 [32mÔ£ô[39m [30m[42m server [49m[39m tests/unit/lib/conversation-utils.test.ts[2m > [22mconversation-utils.ts[2m > [22mformatHistoryAsText[2m > [22mshould handle messages with array content (multipart)[32m 1[2mms[22m[39m
 [32mÔ£ô[39m [30m[42m server [49m[39m tests/unit/lib/conversation-utils.test.ts[2m > [22mconversation-utils.ts[2m > [22mformatHistoryAsText[2m > [22mshould format all messages from fixture[32m 1[2mms[22m[39m
 [32mÔ£ô[39m [30m[42m server [49m[39m tests/unit/lib/conversation-utils.test.ts[2m > [22mconversation-utils.ts[2m > [22mformatHistoryAsText[2m > [22mshould separate messages with double newlines[32m 0[2mms[22m[39m
 [32mÔ£ô[39m [30m[42m server [49m[39m tests/unit/lib/conversation-utils.test.ts[2m > [22mconversation-utils.ts[2m > [22mconvertHistoryToMessages[2m > [22mshould convert empty history[32m 0[2mms[22m[39m
 [32mÔ£ô[39m [30m[42m server [49m[39m tests/unit/lib/conversation-utils.test.ts[2m > [22mconversation-utils.ts[2m > [22mconvertHistoryToMessages[2m > [22mshould convert single message to SDK format[32m 4[2mms[22m[39m
 [32mÔ£ô[39m [30m[42m server [49m[39m tests/unit/lib/conversation-utils.test.ts[2m > [22mconversation-utils.ts[2m > [22mconvertHistoryToMessages[2m > [22mshould normalize string content to array[32m 1[2mms[22m[39m
 [32mÔ£ô[39m [30m[42m server [49m[39m tests/unit/lib/conversation-utils.test.ts[2m > [22mconversation-utils.ts[2m > [22mconvertHistoryToMessages[2m > [22mshould preserve array content[32m 1[2mms[22m[39m
 [32mÔ£ô[39m [30m[42m server [49m[39m tests/unit/lib/conversation-utils.test.ts[2m > [22mconversation-utils.ts[2m > [22mconvertHistoryToMessages[2m > [22mshould convert multiple messages[32m 1[2mms[22m[39m
 [32mÔ£ô[39m [30m[42m server [49m[39m tests/unit/lib/conversation-utils.test.ts[2m > [22mconversation-utils.ts[2m > [22mconvertHistoryToMessages[2m > [22mshould set correct fields for SDK format[32m 1[2mms[22m[39m
 [32mÔ£ô[39m [30m[42m server [49m[39m tests/unit/lib/conversation-utils.test.ts[2m > [22mconversation-utils.ts[2m > [22mconvertHistoryToMessages[2m > [22mshould handle all messages from fixture[32m 1[2mms[22m[39m
 [32mÔ£ô[39m [30m[42m server [49m[39m tests/unit/services/auto-mode-task-parsing.test.ts[2m > [22mTask Parsing[2m > [22mparseTaskLine[2m > [22mshould parse task with file path[32m 7[2mms[22m[39m
 [32mÔ£ô[39m [30m[42m server [49m[39m tests/unit/services/auto-mode-task-parsing.test.ts[2m > [22mTask Parsing[2m > [22mparseTaskLine[2m > [22mshould parse task without file path[32m 1[2mms[22m[39m
 [32mÔ£ô[39m [30m[42m server [49m[39m tests/unit/services/auto-mode-task-parsing.test.ts[2m > [22mTask Parsing[2m > [22mparseTaskLine[2m > [22mshould include phase when provided[32m 1[2mms[22m[39m
 [32mÔ£ô[39m [30m[42m server [49m[39m tests/unit/services/auto-mode-task-parsing.test.ts[2m > [22mTask Parsing[2m > [22mparseTaskLine[2m > [22mshould return null for invalid line[32m 2[2mms[22m[39m
 [32mÔ£ô[39m [30m[42m server [49m[39m tests/unit/services/auto-mode-task-parsing.test.ts[2m > [22mTask Parsing[2m > [22mparseTaskLine[2m > [22mshould handle multi-word descriptions[32m 1[2mms[22m[39m
 [32mÔ£ô[39m [30m[42m server [49m[39m tests/unit/services/auto-mode-task-parsing.test.ts[2m > [22mTask Parsing[2m > [22mparseTaskLine[2m > [22mshould trim whitespace from description and file path[32m 1[2mms[22m[39m
 [32mÔ£ô[39m [30m[42m server [49m[39m tests/unit/services/auto-mode-task-parsing.test.ts[2m > [22mTask Parsing[2m > [22mparseTasksFromSpec[2m > [22mshould parse tasks from a tasks code block[32m 3[2mms[22m[39m
 [32mÔ£ô[39m [30m[42m server [49m[39m tests/unit/services/auto-mode-task-parsing.test.ts[2m > [22mTask Parsing[2m > [22mparseTasksFromSpec[2m > [22mshould parse tasks with phases[32m 1[2mms[22m[39m
 [32mÔ£ô[39m [30m[42m server [49m[39m tests/unit/services/auto-mode-task-parsing.test.ts[2m > [22mTask Parsing[2m > [22mparseTasksFromSpec[2m > [22mshould return empty array for content without tasks[32m 1[2mms[22m[39m
 [32mÔ£ô[39m [30m[42m server [49m[39m tests/unit/services/auto-mode-task-parsing.test.ts[2m > [22mTask Parsing[2m > [22mparseTasksFromSpec[2m > [22mshould fallback to finding task lines outside code block[32m 1[2mms[22m[39m
 [32mÔ£ô[39m [30m[42m server [49m[39m tests/unit/services/auto-mode-task-parsing.test.ts[2m > [22mTask Parsing[2m > [22mparseTasksFromSpec[2m > [22mshould handle empty tasks block[32m 0[2mms[22m[39m
 [32mÔ£ô[39m [30m[42m server [49m[39m tests/unit/services/auto-mode-task-parsing.test.ts[2m > [22mTask Parsing[2m > [22mparseTasksFromSpec[2m > [22mshould handle mixed valid and invalid lines[32m 1[2mms[22m[39m
 [32mÔ£ô[39m [30m[42m server [49m[39m tests/unit/services/auto-mode-task-parsing.test.ts[2m > [22mTask Parsing[2m > [22mparseTasksFromSpec[2m > [22mshould preserve task order[32m 1[2mms[22m[39m
 [32mÔ£ô[39m [30m[42m server [49m[39m tests/unit/services/auto-mode-task-parsing.test.ts[2m > [22mTask Parsing[2m > [22mparseTasksFromSpec[2m > [22mshould handle task IDs with different numbers[32m 1[2mms[22m[39m
 [32mÔ£ô[39m [30m[42m server [49m[39m tests/unit/services/auto-mode-task-parsing.test.ts[2m > [22mTask Parsing[2m > [22mspec content generation patterns[2m > [22mshould match the expected lite mode output format[32m 1[2mms[22m[39m
 [32mÔ£ô[39m [30m[42m server [49m[39m tests/unit/services/auto-mode-task-parsing.test.ts[2m > [22mTask Parsing[2m > [22mspec content generation patterns[2m > [22mshould match the expected spec mode output format[32m 1[2mms[22m[39m
 [32mÔ£ô[39m [30m[42m server [49m[39m tests/unit/services/auto-mode-task-parsing.test.ts[2m > [22mTask Parsing[2m > [22mspec content generation patterns[2m > [22mshould match the expected full mode output format[32m 1[2mms[22m[39m
 [32mÔ£ô[39m [30m[42m server [49m[39m tests/unit/mcp/sprite-mcp-server.test.ts[2m > [22mSpriteMCPServer[2m > [22mshould register handlers on initialization[32m 14[2mms[22m[39m
 [32mÔ£ô[39m [30m[42m server [49m[39m tests/unit/mcp/sprite-mcp-server.test.ts[2m > [22mSpriteMCPServer[2m > [22mshould list all tools[32m 8[2mms[22m[39m
 [32mÔ£ô[39m [30m[42m server [49m[39m tests/unit/mcp/sprite-mcp-server.test.ts[2m > [22mSpriteMCPServer[2m > [22mshould handle sprite_create tool call[32m 2[2mms[22m[39m
[90mstdout[2m | tests/integration/services/auto-mode-service.integration.test.ts[2m > [22m[2mauto-mode-service.ts (integration)[2m > [22m[2mauto loop[2m > [22m[2mshould emit auto mode events
[22m[39m[36mINFO [0m [34m[AutoMode][0m Saved execution state: 0 running features

[90mstdout[2m | tests/integration/services/auto-mode-service.integration.test.ts[2m > [22m[2mauto-mode-service.ts (integration)[2m > [22m[2mauto loop[2m > [22m[2mshould emit auto mode events
[22m[39m[36mINFO [0m [34m[AutoMode][0m Cleared execution state

 [32mÔ£ô[39m [30m[42m server [49m[39m tests/integration/services/auto-mode-service.integration.test.ts[2m > [22mauto-mode-service.ts (integration)[2m > [22mauto loop[2m > [22mshould emit auto mode events[33m 1618[2mms[22m[39m
 [32mÔ£ô[39m [30m[42m server [49m[39m tests/unit/providers/provider-factory.test.ts[2m > [22mprovider-factory.ts[2m > [22mcheckAllProviders[2m > [22mshould call detectInstallation on each provider[33m 1287[2mms[22m[39m
 [32mÔ£ô[39m [30m[42m server [49m[39m tests/unit/services/event-store.test.ts[2m > [22mEventStore[2m > [22mshould add events[32m 7[2mms[22m[39m
 [32mÔ£ô[39m [30m[42m server [49m[39m tests/unit/services/event-store.test.ts[2m > [22mEventStore[2m > [22mshould filter events by type[32m 1[2mms[22m[39m
 [32mÔ£ô[39m [30m[42m server [49m[39m tests/unit/services/event-store.test.ts[2m > [22mEventStore[2m > [22mshould enforce max events limit[32m 4[2mms[22m[39m
 [32mÔ£ô[39m [30m[42m server [49m[39m tests/unit/services/event-store.test.ts[2m > [22mEventStore[2m > [22mshould aggregate API stats[32m 1[2mms[22m[39m
 [32mÔ£ô[39m [30m[42m server [49m[39m tests/unit/services/event-store.test.ts[2m > [22mEventStore[2m > [22mshould aggregate Tool stats[32m 1[2mms[22m[39m
 [32mÔ£ô[39m [30m[42m server [49m[39m tests/unit/lib/events.test.ts[2m > [22mevents.ts[2m > [22mcreateEventEmitter[2m > [22mshould emit events to single subscriber[32m 8[2mms[22m[39m
 [32mÔ£ô[39m [30m[42m server [49m[39m tests/unit/lib/events.test.ts[2m > [22mevents.ts[2m > [22mcreateEventEmitter[2m > [22mshould emit events to multiple subscribers[32m 2[2mms[22m[39m
 [32mÔ£ô[39m [30m[42m server [49m[39m tests/unit/lib/events.test.ts[2m > [22mevents.ts[2m > [22mcreateEventEmitter[2m > [22mshould support unsubscribe functionality[32m 1[2mms[22m[39m
 [32mÔ£ô[39m [30m[42m server [49m[39m tests/unit/lib/events.test.ts[2m > [22mevents.ts[2m > [22mcreateEventEmitter[2m > [22mshould handle errors in subscribers without crashing[32m 8[2mms[22m[39m
 [32mÔ£ô[39m [30m[42m server [49m[39m tests/unit/lib/events.test.ts[2m > [22mevents.ts[2m > [22mcreateEventEmitter[2m > [22mshould emit different event types[32m 2[2mms[22m[39m
 [32mÔ£ô[39m [30m[42m server [49m[39m tests/unit/lib/events.test.ts[2m > [22mevents.ts[2m > [22mcreateEventEmitter[2m > [22mshould handle emitting without subscribers[32m 1[2mms[22m[39m
 [32mÔ£ô[39m [30m[42m server [49m[39m tests/unit/lib/events.test.ts[2m > [22mevents.ts[2m > [22mcreateEventEmitter[2m > [22mshould allow multiple subscriptions and unsubscriptions[32m 1[2mms[22m[39m
 [32mÔ£ô[39m [30m[42m server [49m[39m tests/unit/providers/base-provider.test.ts[2m > [22mbase-provider.ts[2m > [22mconstructor[2m > [22mshould initialize with empty config when none provided[32m 5[2mms[22m[39m
 [32mÔ£ô[39m [30m[42m server [49m[39m tests/unit/providers/base-provider.test.ts[2m > [22mbase-provider.ts[2m > [22mconstructor[2m > [22mshould initialize with provided config[32m 1[2mms[22m[39m
 [32mÔ£ô[39m [30m[42m server [49m[39m tests/unit/providers/base-provider.test.ts[2m > [22mbase-provider.ts[2m > [22mconstructor[2m > [22mshould call getName() during initialization[32m 1[2mms[22m[39m
 [32mÔ£ô[39m [30m[42m server [49m[39m tests/unit/providers/base-provider.test.ts[2m > [22mbase-provider.ts[2m > [22mvalidateConfig[2m > [22mshould return valid when config exists[32m 3[2mms[22m[39m
 [32mÔ£ô[39m [30m[42m server [49m[39m tests/unit/providers/base-provider.test.ts[2m > [22mbase-provider.ts[2m > [22mvalidateConfig[2m > [22mshould return invalid when config is undefined[32m 1[2mms[22m[39m
 [32mÔ£ô[39m [30m[42m server [49m[39m tests/unit/providers/base-provider.test.ts[2m > [22mbase-provider.ts[2m > [22mvalidateConfig[2m > [22mshould return valid for empty config object[32m 1[2mms[22m[39m
 [32mÔ£ô[39m [30m[42m server [49m[39m tests/unit/providers/base-provider.test.ts[2m > [22mbase-provider.ts[2m > [22mvalidateConfig[2m > [22mshould include warnings array in result[32m 1[2mms[22m[39m
 [32mÔ£ô[39m [30m[42m server [49m[39m tests/unit/providers/base-provider.test.ts[2m > [22mbase-provider.ts[2m > [22msupportsFeature[2m > [22mshould support 'tools' feature[32m 0[2mms[22m[39m
 [32mÔ£ô[39m [30m[42m server [49m[39m tests/unit/providers/base-provider.test.ts[2m > [22mbase-provider.ts[2m > [22msupportsFeature[2m > [22mshould support 'text' feature[32m 5[2mms[22m[39m
 [32mÔ£ô[39m [30m[42m server [49m[39m tests/unit/providers/base-provider.test.ts[2m > [22mbase-provider.ts[2m > [22msupportsFeature[2m > [22mshould not support unknown features[32m 2[2mms[22m[39m
 [32mÔ£ô[39m [30m[42m server [49m[39m tests/unit/providers/base-provider.test.ts[2m > [22mbase-provider.ts[2m > [22msupportsFeature[2m > [22mshould be case-sensitive[32m 0[2mms[22m[39m
 [32mÔ£ô[39m [30m[42m server [49m[39m tests/unit/providers/base-provider.test.ts[2m > [22mbase-provider.ts[2m > [22mgetConfig[2m > [22mshould return current config[32m 1[2mms[22m[39m
 [32mÔ£ô[39m [30m[42m server [49m[39m tests/unit/providers/base-provider.test.ts[2m > [22mbase-provider.ts[2m > [22mgetConfig[2m > [22mshould return same reference[32m 0[2mms[22m[39m
 [32mÔ£ô[39m [30m[42m server [49m[39m tests/unit/providers/base-provider.test.ts[2m > [22mbase-provider.ts[2m > [22msetConfig[2m > [22mshould merge partial config with existing config[32m 0[2mms[22m[39m
 [32mÔ£ô[39m [30m[42m server [49m[39m tests/unit/providers/base-provider.test.ts[2m > [22mbase-provider.ts[2m > [22msetConfig[2m > [22mshould override existing fields[32m 1[2mms[22m[39m
 [32mÔ£ô[39m [30m[42m server [49m[39m tests/unit/providers/base-provider.test.ts[2m > [22mbase-provider.ts[2m > [22msetConfig[2m > [22mshould accept empty object[32m 0[2mms[22m[39m
 [32mÔ£ô[39m [30m[42m server [49m[39m tests/unit/providers/base-provider.test.ts[2m > [22mbase-provider.ts[2m > [22msetConfig[2m > [22mshould handle multiple updates[32m 1[2mms[22m[39m
 [32mÔ£ô[39m [30m[42m server [49m[39m tests/unit/providers/base-provider.test.ts[2m > [22mbase-provider.ts[2m > [22msetConfig[2m > [22mshould preserve other fields when updating one field[32m 0[2mms[22m[39m
 [32mÔ£ô[39m [30m[42m server [49m[39m tests/unit/providers/base-provider.test.ts[2m > [22mbase-provider.ts[2m > [22mabstract methods[2m > [22mshould require getName implementation[32m 0[2mms[22m[39m
 [32mÔ£ô[39m [30m[42m server [49m[39m tests/unit/providers/base-provider.test.ts[2m > [22mbase-provider.ts[2m > [22mabstract methods[2m > [22mshould require executeQuery implementation[32m 1[2mms[22m[39m
 [32mÔ£ô[39m [30m[42m server [49m[39m tests/unit/providers/base-provider.test.ts[2m > [22mbase-provider.ts[2m > [22mabstract methods[2m > [22mshould require detectInstallation implementation[32m 1[2mms[22m[39m
 [32mÔ£ô[39m [30m[42m server [49m[39m tests/unit/providers/base-provider.test.ts[2m > [22mbase-provider.ts[2m > [22mabstract methods[2m > [22mshould require getAvailableModels implementation[32m 1[2mms[22m[39m
[90mstdout[2m | tests/integration/services/auto-mode-service.integration.test.ts[2m > [22m[2mauto-mode-service.ts (integration)[2m > [22m[2merror handling[2m > [22m[2mshould handle provider errors gracefully
[22m[39m[36mINFO [0m [34m[SettingsHelper][0m [AutoMode] SettingsService not available, autoLoadClaudeMd disabled

[90mstdout[2m | tests/integration/services/auto-mode-service.integration.test.ts[2m > [22m[2mauto-mode-service.ts (integration)[2m > [22m[2merror handling[2m > [22m[2mshould handle provider errors gracefully
[22m[39m[36mINFO [0m [34m[SettingsHelper][0m [AutoMode] SettingsService not available, using default prompts

[90mstdout[2m | tests/integration/services/auto-mode-service.integration.test.ts[2m > [22m[2mauto-mode-service.ts (integration)[2m > [22m[2merror handling[2m > [22m[2mshould handle provider errors gracefully
[22m[39m[MemoryLoader] Initialized memory folder at C:\Users\justus\AppData\Local\Temp\automaker-test-mpESM1\.automaker\memory

[90mstdout[2m | tests/integration/services/auto-mode-service.integration.test.ts[2m > [22m[2mauto-mode-service.ts (integration)[2m > [22m[2merror handling[2m > [22m[2mshould handle provider errors gracefully
[22m[39m[ContextLoader] Selected memory files: gotchas
[ContextLoader] Loaded 1 memory file(s)

[90mstdout[2m | tests/integration/services/auto-mode-service.integration.test.ts[2m > [22m[2mauto-mode-service.ts (integration)[2m > [22m[2merror handling[2m > [22m[2mshould handle provider errors gracefully
[22m[39m[ModelResolver] resolveModelString called with modelKey: "undefined", defaultModel: "claude-opus-4-5-20251101"
[ModelResolver] No model specified, using default: claude-opus-4-5-20251101
[36mINFO [0m [34m[AutoMode][0m Executing feature error-feature with model: claude-opus-4-5-20251101, provider: undefined in C:\Users\justus\AppData\Local\Temp\automaker-test-mpESM1

[90mstdout[2m | tests/integration/services/auto-mode-service.integration.test.ts[2m > [22m[2mauto-mode-service.ts (integration)[2m > [22m[2merror handling[2m > [22m[2mshould handle provider errors gracefully
[22m[39m[ModelResolver] resolveModelString called with modelKey: "claude-opus-4-5-20251101", defaultModel: "claude-opus-4-5-20251101"
[ModelResolver] Using full Claude model string: claude-opus-4-5-20251101
[36mINFO [0m [34m[AutoMode][0m runAgent called for feature error-feature with model: claude-opus-4-5-20251101, planningMode: skip, requiresApproval: false
[36mINFO [0m [34m[AutoMode][0m Using provider "claude" for model "claude-opus-4-5-20251101" (bare: claude-opus-4-5-20251101)

[90mstdout[2m | tests/integration/services/auto-mode-service.integration.test.ts[2m > [22m[2mauto-mode-service.ts (integration)[2m > [22m[2merror handling[2m > [22m[2mshould handle provider errors gracefully
[22m[39m[36mINFO [0m [34m[AutoMode][0m System prompt provided (310 chars), first 200 chars:
# Project Memory

The following learnings and decisions from previous work are available.
**IMPORTANT**: Review these carefully before making changes that could conflict with past decisions.

---

## ...
[36mINFO [0m [34m[AutoMode][0m Starting stream for feature error-feature...
[36mINFO [0m [34m[AutoMode][0m Stream created, starting to iterate...

[90mstderr[2m | tests/integration/services/auto-mode-service.integration.test.ts[2m > [22m[2mauto-mode-service.ts 
(integration)[2m > [22m[2merror handling[2m > [22m[2mshould handle provider errors gracefully
[22m[39m[31mERROR[0m [34m[AutoMode][0m Feature error-feature failed: Error: Provider execution failed
    at Object.executeQuery (C:/Users/justus/.gemini/antigravity/scratch/automaker/apps/server/tests/integration/service
s/auto-mode-service.integration.test.ts:460:17)
    at executeQuery.next (<anonymous>)
    at AutoModeService.runAgent 
(C:/Users/justus/.gemini/antigravity/scratch/automaker/apps/server/src/services/auto-mode-service.ts:2825:36)
    at AutoModeService.executeFeature 
(C:/Users/justus/.gemini/antigravity/scratch/automaker/apps/server/src/services/auto-mode-service.ts:678:7)
    at C:/Users/justus/.gemini/antigravity/scratch/automaker/apps/server/tests/integration/services/auto-mode-service.i
ntegration.test.ts:467:7
    at 
file:///C:/Users/justus/.gemini/antigravity/scratch/automaker/node_modules/[4m@vitest/runner[24m/dist/index.js:915:20

[90mstdout[2m | tests/integration/services/auto-mode-service.integration.test.ts[2m > [22m[2mauto-mode-service.ts (integration)[2m > [22m[2merror handling[2m > [22m[2mshould handle provider errors gracefully
[22m[39m[36mINFO [0m [34m[AutoMode][0m Feature error-feature execution ended, cleaning up runningFeatures
[36mINFO [0m [34m[AutoMode][0m Pending approvals at cleanup: none

 [32mÔ£ô[39m [30m[42m server [49m[39m tests/integration/services/auto-mode-service.integration.test.ts[2m > [22mauto-mode-service.ts (integration)[2m > [22merror handling[2m > [22mshould handle provider errors gracefully[33m 1179[2mms[22m[39m
 [32mÔ£ô[39m [30m[42m server [49m[39m tests/unit/lib/settings-helpers.test.ts[2m > [22msettings-helpers.ts[2m > [22mgetMCPServersFromSettings[2m > [22mshould return empty object when settingsService is null[32m 5[2mms[22m[39m
 [32mÔ£ô[39m [30m[42m server [49m[39m tests/unit/lib/settings-helpers.test.ts[2m > [22msettings-helpers.ts[2m > [22mgetMCPServersFromSettings[2m > [22mshould return empty object when settingsService is undefined[32m 1[2mms[22m[39m
 [32mÔ£ô[39m [30m[42m server [49m[39m tests/unit/lib/settings-helpers.test.ts[2m > [22msettings-helpers.ts[2m > [22mgetMCPServersFromSettings[2m > [22mshould return empty object when no MCP servers configured[32m 4[2mms[22m[39m
 [32mÔ£ô[39m [30m[42m server [49m[39m tests/unit/lib/settings-helpers.test.ts[2m > [22msettings-helpers.ts[2m > [22mgetMCPServersFromSettings[2m > [22mshould return empty object when mcpServers is undefined[32m 1[2mms[22m[39m
 [32mÔ£ô[39m [30m[42m server [49m[39m tests/unit/lib/settings-helpers.test.ts[2m > [22msettings-helpers.ts[2m > [22mgetMCPServersFromSettings[2m > [22mshould convert enabled stdio server to SDK format[32m 1[2mms[22m[39m
 [32mÔ£ô[39m [30m[42m server [49m[39m tests/unit/lib/settings-helpers.test.ts[2m > [22msettings-helpers.ts[2m > [22mgetMCPServersFromSettings[2m > [22mshould convert enabled SSE server to SDK format[32m 1[2mms[22m[39m
 [32mÔ£ô[39m [30m[42m server [49m[39m tests/unit/lib/settings-helpers.test.ts[2m > [22msettings-helpers.ts[2m > [22mgetMCPServersFromSettings[2m > [22mshould convert enabled HTTP server to SDK format[32m 1[2mms[22m[39m
 [32mÔ£ô[39m [30m[42m server [49m[39m tests/unit/lib/settings-helpers.test.ts[2m > [22msettings-helpers.ts[2m > [22mgetMCPServersFromSettings[2m > [22mshould filter out disabled servers[32m 3[2mms[22m[39m
 [32mÔ£ô[39m [30m[42m server [49m[39m tests/unit/lib/settings-helpers.test.ts[2m > [22msettings-helpers.ts[2m > [22mgetMCPServersFromSettings[2m > [22mshould treat servers without enabled field as enabled[32m 1[2mms[22m[39m
 [32mÔ£ô[39m [30m[42m server [49m[39m tests/unit/lib/settings-helpers.test.ts[2m > [22msettings-helpers.ts[2m > [22mgetMCPServersFromSettings[2m > [22mshould handle multiple enabled servers[32m 1[2mms[22m[39m
 [32mÔ£ô[39m [30m[42m server [49m[39m tests/unit/lib/settings-helpers.test.ts[2m > [22msettings-helpers.ts[2m > [22mgetMCPServersFromSettings[2m > [22mshould return empty object and log error on exception[32m 1[2mms[22m[39m
 [32mÔ£ô[39m [30m[42m server [49m[39m tests/unit/lib/settings-helpers.test.ts[2m > [22msettings-helpers.ts[2m > [22mgetMCPServersFromSettings[2m > [22mshould throw error for SSE server without URL[32m 1[2mms[22m[39m
 [32mÔ£ô[39m [30m[42m server [49m[39m tests/unit/lib/settings-helpers.test.ts[2m > [22msettings-helpers.ts[2m > [22mgetMCPServersFromSettings[2m > [22mshould throw error for HTTP server without URL[32m 1[2mms[22m[39m
 [32mÔ£ô[39m [30m[42m server [49m[39m tests/unit/lib/settings-helpers.test.ts[2m > [22msettings-helpers.ts[2m > [22mgetMCPServersFromSettings[2m > [22mshould throw error for stdio server without command[32m 0[2mms[22m[39m
 [32mÔ£ô[39m [30m[42m server [49m[39m tests/unit/lib/settings-helpers.test.ts[2m > [22msettings-helpers.ts[2m > [22mgetMCPServersFromSettings[2m > [22mshould default to stdio type when type is not specified[32m 0[2mms[22m[39m
 [32mÔ£ô[39m [30m[42m server [49m[39m tests/unit/routes/app-spec/parse-and-create-features.test.ts[2m > [22mapp-spec/parse-and-create-features.ts - JSON extraction[2m > [22mJSON extraction regex[2m > [22mshould extract JSON with features array[32m 4[2mms[22m[39m
 [32mÔ£ô[39m [30m[42m server [49m[39m tests/unit/routes/app-spec/parse-and-create-features.test.ts[2m > [22mapp-spec/parse-and-create-features.ts - JSON extraction[2m > [22mJSON extraction regex[2m > [22mshould extract JSON with multiple features[32m 3[2mms[22m[39m
 [32mÔ£ô[39m [30m[42m server [49m[39m tests/unit/routes/app-spec/parse-and-create-features.test.ts[2m > [22mapp-spec/parse-and-create-features.ts - JSON extraction[2m > [22mJSON extraction regex[2m > [22mshould extract JSON with nested objects and arrays[32m 1[2mms[22m[39m
 [32mÔ£ô[39m [30m[42m server [49m[39m tests/unit/routes/app-spec/parse-and-create-features.test.ts[2m > [22mapp-spec/parse-and-create-features.ts - JSON extraction[2m > [22mJSON extraction regex[2m > [22mshould handle JSON with whitespace and newlines[32m 1[2mms[22m[39m
 [32mÔ£ô[39m [30m[42m server [49m[39m tests/unit/routes/app-spec/parse-and-create-features.test.ts[2m > [22mapp-spec/parse-and-create-features.ts - JSON extraction[2m > [22mJSON extraction regex[2m > [22mshould extract JSON when features array is empty[32m 1[2mms[22m[39m
 [32mÔ£ô[39m [30m[42m server [49m[39m tests/unit/routes/app-spec/parse-and-create-features.test.ts[2m > [22mapp-spec/parse-and-create-features.ts - JSON extraction[2m > [22mJSON extraction regex[2m > [22mshould not match content without features key[32m 0[2mms[22m[39m
 [32mÔ£ô[39m [30m[42m server [49m[39m tests/unit/routes/app-spec/parse-and-create-features.test.ts[2m > [22mapp-spec/parse-and-create-features.ts - JSON extraction[2m > [22mJSON extraction regex[2m > [22mshould not match content without JSON structure[32m 0[2mms[22m[39m
 [32mÔ£ô[39m [30m[42m server [49m[39m tests/unit/routes/app-spec/parse-and-create-features.test.ts[2m > [22mapp-spec/parse-and-create-features.ts - JSON extraction[2m > [22mJSON extraction regex[2m > [22mshould extract JSON when features key appears multiple times[32m 0[2mms[22m[39m
 [32mÔ£ô[39m [30m[42m server [49m[39m tests/unit/routes/app-spec/parse-and-create-features.test.ts[2m > [22mapp-spec/parse-and-create-features.ts - JSON extraction[2m > [22mJSON extraction regex[2m > [22mshould handle JSON with escaped quotes[32m 1[2mms[22m[39m
 [32mÔ£ô[39m [30m[42m server [49m[39m tests/unit/routes/app-spec/parse-and-create-features.test.ts[2m > [22mapp-spec/parse-and-create-features.ts - JSON extraction[2m > [22mJSON extraction regex[2m > [22mshould extract JSON with complex nested structure[32m 1[2mms[22m[39m
 [32mÔ£ô[39m [30m[42m server [49m[39m tests/unit/routes/app-spec/parse-and-create-features.test.ts[2m > [22mapp-spec/parse-and-create-features.ts - JSON extraction[2m > [22mJSON parsing validation[2m > [22mshould parse valid feature JSON structure[32m 1[2mms[22m[39m
 [32mÔ£ô[39m [30m[42m server [49m[39m tests/unit/routes/app-spec/parse-and-create-features.test.ts[2m > [22mapp-spec/parse-and-create-features.ts - JSON extraction[2m > [22mJSON parsing validation[2m > [22mshould handle features with optional fields[32m 1[2mms[22m[39m
 [32mÔ£ô[39m [30m[42m server [49m[39m tests/unit/routes/app-spec/parse-and-create-features.test.ts[2m > [22mapp-spec/parse-and-create-features.ts - JSON extraction[2m > [22mJSON parsing validation[2m > [22mshould handle features with dependencies[32m 2[2mms[22m[39m
 [32mÔ£ô[39m [30m[42m server [49m[39m tests/unit/lib/logger.test.ts[2m > [22mlogger.ts[2m > [22mLogLevel enum[2m > [22mshould have correct numeric values[32m 7[2mms[22m[39m
 [32mÔ£ô[39m [30m[42m server [49m[39m tests/unit/lib/logger.test.ts[2m > [22mlogger.ts[2m > [22msetLogLevel and getLogLevel[2m > [22mshould set and get log level[32m 2[2mms[22m[39m
 [32mÔ£ô[39m [30m[42m server [49m[39m tests/unit/lib/logger.test.ts[2m > [22mlogger.ts[2m > [22mcreateLogger[2m > [22mshould create a logger with context prefix[32m 5[2mms[22m[39m
 [32mÔ£ô[39m [30m[42m server [49m[39m tests/unit/lib/logger.test.ts[2m > [22mlogger.ts[2m > [22mcreateLogger[2m > [22mshould log error at all log levels[32m 1[2mms[22m[39m
 [32mÔ£ô[39m [30m[42m server [49m[39m tests/unit/lib/logger.test.ts[2m > [22mlogger.ts[2m > [22mcreateLogger[2m > [22mshould log warn when level is WARN or higher[32m 1[2mms[22m[39m
 [32mÔ£ô[39m [30m[42m server [49m[39m tests/unit/lib/logger.test.ts[2m > [22mlogger.ts[2m > [22mcreateLogger[2m > [22mshould log info when level is INFO or higher[32m 1[2mms[22m[39m
 [32mÔ£ô[39m [30m[42m server [49m[39m tests/unit/lib/logger.test.ts[2m > [22mlogger.ts[2m > [22mcreateLogger[2m > [22mshould log debug only when level is DEBUG[32m 1[2mms[22m[39m
 [32mÔ£ô[39m [30m[42m server [49m[39m tests/unit/lib/logger.test.ts[2m > [22mlogger.ts[2m > [22mcreateLogger[2m > [22mshould pass multiple arguments to log functions[32m 2[2mms[22m[39m
 [32mÔ£ô[39m [30m[42m server [49m[39m tests/unit/lib/logger.test.ts[2m > [22mlogger.ts[2m > [22mcreateLogger[2m > [22mshould include timestamps when enabled[32m 1[2mms[22m[39m
 [32mÔ£ô[39m [30m[42m server [49m[39m tests/unit/providers/provider-factory.test.ts[2m > [22mprovider-factory.ts[2m > [22mcheckAllProviders[2m > [22mshould return correct provider names as keys[33m 1817[2mms[22m[39m
[90mstdout[2m | tests/integration/services/auto-mode-service.integration.test.ts[2m > [22m[2mauto-mode-service.ts (integration)[2m > [22m[2merror handling[2m > [22m[2mshould continue auto loop after feature error
[22m[39m[36mINFO [0m [34m[AutoMode][0m Saved execution state: 0 running features

[90mstdout[2m | tests/integration/services/auto-mode-service.integration.test.ts[2m > [22m[2mauto-mode-service.ts (integration)[2m > [22m[2merror handling[2m > [22m[2mshould continue auto loop after feature error
[22m[39m[36mINFO [0m [34m[AutoMode][0m Saved execution state: 1 running features

[90mstdout[2m | tests/integration/services/auto-mode-service.integration.test.ts[2m > [22m[2mauto-mode-service.ts (integration)[2m > [22m[2merror handling[2m > [22m[2mshould continue auto loop after feature error
[22m[39m[36mINFO [0m [34m[SettingsHelper][0m [AutoMode] SettingsService not available, autoLoadClaudeMd disabled

[90mstdout[2m | tests/integration/services/auto-mode-service.integration.test.ts[2m > [22m[2mauto-mode-service.ts (integration)[2m > [22m[2merror handling[2m > [22m[2mshould continue auto loop after feature error
[22m[39m[36mINFO [0m [34m[SettingsHelper][0m [AutoMode] SettingsService not available, using default prompts

[90mstdout[2m | tests/integration/services/auto-mode-service.integration.test.ts[2m > [22m[2mauto-mode-service.ts (integration)[2m > [22m[2merror handling[2m > [22m[2mshould continue auto loop after feature error
[22m[39m[MemoryLoader] Initialized memory folder at C:\Users\justus\AppData\Local\Temp\automaker-test-H1QqeW\.automaker\memory

[90mstdout[2m | tests/integration/services/auto-mode-service.integration.test.ts[2m > [22m[2mauto-mode-service.ts (integration)[2m > [22m[2merror handling[2m > [22m[2mshould continue auto loop after feature error
[22m[39m[ContextLoader] Selected memory files: gotchas
[ContextLoader] Loaded 1 memory file(s)

[90mstdout[2m | tests/integration/services/auto-mode-service.integration.test.ts[2m > [22m[2mauto-mode-service.ts (integration)[2m > [22m[2merror handling[2m > [22m[2mshould continue auto loop after feature error
[22m[39m[ModelResolver] resolveModelString called with modelKey: "undefined", defaultModel: "claude-opus-4-5-20251101"
[ModelResolver] No model specified, using default: claude-opus-4-5-20251101
[36mINFO [0m [34m[AutoMode][0m Executing feature fail-1 with model: claude-opus-4-5-20251101, provider: undefined in C:\Users\justus\AppData\Local\Temp\automaker-test-H1QqeW

[90mstdout[2m | tests/integration/services/auto-mode-service.integration.test.ts[2m > [22m[2mauto-mode-service.ts (integration)[2m > [22m[2merror handling[2m > [22m[2mshould continue auto loop after feature error
[22m[39m[ModelResolver] resolveModelString called with modelKey: "claude-opus-4-5-20251101", defaultModel: "claude-opus-4-5-20251101"
[ModelResolver] Using full Claude model string: claude-opus-4-5-20251101
[36mINFO [0m [34m[AutoMode][0m runAgent called for feature fail-1 with model: claude-opus-4-5-20251101, planningMode: skip, requiresApproval: false
[36mINFO [0m [34m[AutoMode][0m Using provider "claude" for model "claude-opus-4-5-20251101" (bare: claude-opus-4-5-20251101)

[90mstdout[2m | tests/integration/services/auto-mode-service.integration.test.ts[2m > [22m[2mauto-mode-service.ts (integration)[2m > [22m[2merror handling[2m > [22m[2mshould continue auto loop after feature error
[22m[39m[36mINFO [0m [34m[AutoMode][0m System prompt provided (310 chars), first 200 chars:
# Project Memory

The following learnings and decisions from previous work are available.
**IMPORTANT**: Review these carefully before making changes that could conflict with past decisions.

---

## ...
[36mINFO [0m [34m[AutoMode][0m Starting stream for feature fail-1...
[36mINFO [0m [34m[AutoMode][0m Stream created, starting to iterate...

[90mstderr[2m | tests/integration/services/auto-mode-service.integration.test.ts[2m > [22m[2mauto-mode-service.ts 
(integration)[2m > [22m[2merror handling[2m > [22m[2mshould continue auto loop after feature error
[22m[39m[31mERROR[0m [34m[AutoMode][0m Feature fail-1 failed: Error: First feature fails
    at Object.executeQuery (C:/Users/justus/.gemini/antigravity/scratch/automaker/apps/server/tests/integration/service
s/auto-mode-service.integration.test.ts:495:19)
    at executeQuery.next (<anonymous>)
    at AutoModeService.runAgent 
(C:/Users/justus/.gemini/antigravity/scratch/automaker/apps/server/src/services/auto-mode-service.ts:2825:36)
    at AutoModeService.executeFeature 
(C:/Users/justus/.gemini/antigravity/scratch/automaker/apps/server/src/services/auto-mode-service.ts:678:7)

[90mstdout[2m | tests/integration/services/auto-mode-service.integration.test.ts[2m > [22m[2mauto-mode-service.ts (integration)[2m > [22m[2merror handling[2m > [22m[2mshould continue auto loop after feature error
[22m[39m[36mINFO [0m [34m[AutoMode][0m Feature fail-1 execution ended, cleaning up runningFeatures
[36mINFO [0m [34m[AutoMode][0m Pending approvals at cleanup: none

[90mstdout[2m | tests/integration/services/auto-mode-service.integration.test.ts[2m > [22m[2mauto-mode-service.ts (integration)[2m > [22m[2merror handling[2m > [22m[2mshould continue auto loop after feature error
[22m[39m[36mINFO [0m [34m[AutoMode][0m Saved execution state: 0 running features

 [32mÔ£ô[39m [30m[42m server [49m[39m tests/unit/routes/app-spec/common.test.ts[2m > [22mapp-spec/common.ts[2m > [22msetRunningState[2m > [22mshould set isRunning to true when running is true[32m 4[2mms[22m[39m
 [32mÔ£ô[39m [30m[42m server [49m[39m tests/unit/routes/app-spec/common.test.ts[2m > [22mapp-spec/common.ts[2m > [22msetRunningState[2m > [22mshould set isRunning to false when running is false[32m 3[2mms[22m[39m
 [32mÔ£ô[39m [30m[42m server [49m[39m tests/unit/routes/app-spec/common.test.ts[2m > [22mapp-spec/common.ts[2m > [22msetRunningState[2m > [22mshould set currentAbortController when provided[32m 1[2mms[22m[39m
 [32mÔ£ô[39m [30m[42m server [49m[39m tests/unit/routes/app-spec/common.test.ts[2m > [22mapp-spec/common.ts[2m > [22msetRunningState[2m > [22mshould set currentAbortController to null when not provided[32m 1[2mms[22m[39m
 [32mÔ£ô[39m [30m[42m server [49m[39m tests/unit/routes/app-spec/common.test.ts[2m > [22mapp-spec/common.ts[2m > [22msetRunningState[2m > [22mshould keep currentAbortController when explicitly passed null while running[32m 0[2mms[22m[39m
 [32mÔ£ô[39m [30m[42m server [49m[39m tests/unit/routes/app-spec/common.test.ts[2m > [22mapp-spec/common.ts[2m > [22msetRunningState[2m > [22mshould update state multiple times correctly[32m 1[2mms[22m[39m
 [32mÔ£ô[39m [30m[42m server [49m[39m tests/unit/routes/app-spec/common.test.ts[2m > [22mapp-spec/common.ts[2m > [22mgetErrorMessage[2m > [22mshould return message from Error instance[32m 2[2mms[22m[39m
 [32mÔ£ô[39m [30m[42m server [49m[39m tests/unit/routes/app-spec/common.test.ts[2m > [22mapp-spec/common.ts[2m > [22mgetErrorMessage[2m > [22mshould return 'Unknown error' for non-Error objects[32m 1[2mms[22m[39m
 [32mÔ£ô[39m [30m[42m server [49m[39m tests/unit/routes/app-spec/common.test.ts[2m > [22mapp-spec/common.ts[2m > [22mgetErrorMessage[2m > [22mshould return message from Error with empty message[32m 1[2mms[22m[39m
 [32mÔ£ô[39m [30m[42m server [49m[39m tests/unit/routes/app-spec/common.test.ts[2m > [22mapp-spec/common.ts[2m > [22mgetErrorMessage[2m > [22mshould handle Error objects with custom properties[32m 0[2mms[22m[39m
 [32mÔ£ô[39m [30m[42m server [49m[39m tests/unit/routes/app-spec/common.test.ts[2m > [22mapp-spec/common.ts[2m > [22mgetErrorMessage[2m > [22mshould handle Error objects created with different constructors[32m 0[2mms[22m[39m
 [32mÔ£ô[39m [30m[42m server [49m[39m tests/unit/lib/app-spec-format.test.ts[2m > [22mapp-spec-format.ts[2m > [22mspecToXml[2m > [22mshould convert minimal spec to XML[32m 6[2mms[22m[39m
 [32mÔ£ô[39m [30m[42m server [49m[39m tests/unit/lib/app-spec-format.test.ts[2m > [22mapp-spec-format.ts[2m > [22mspecToXml[2m > [22mshould escape XML special characters[32m 1[2mms[22m[39m
 [32mÔ£ô[39m [30m[42m server [49m[39m tests/unit/lib/app-spec-format.test.ts[2m > [22mapp-spec-format.ts[2m > [22mspecToXml[2m > [22mshould include file_locations when provided[32m 1[2mms[22m[39m
 [32mÔ£ô[39m [30m[42m server [49m[39m tests/unit/lib/app-spec-format.test.ts[2m > [22mapp-spec-format.ts[2m > [22mspecToXml[2m > [22mshould not include file_locations when empty[32m 1[2mms[22m[39m
 [32mÔ£ô[39m [30m[42m server [49m[39m tests/unit/lib/app-spec-format.test.ts[2m > [22mapp-spec-format.ts[2m > [22mspecToXml[2m > [22mshould include additional_requirements when provided[32m 1[2mms[22m[39m
 [32mÔ£ô[39m [30m[42m server [49m[39m tests/unit/lib/app-spec-format.test.ts[2m > [22mapp-spec-format.ts[2m > [22mspecToXml[2m > [22mshould include development_guidelines when provided[32m 0[2mms[22m[39m
 [32mÔ£ô[39m [30m[42m server [49m[39m tests/unit/lib/app-spec-format.test.ts[2m > [22mapp-spec-format.ts[2m > [22mspecToXml[2m > [22mshould include implementation_roadmap when provided[32m 0[2mms[22m[39m
 [32mÔ£ô[39m [30m[42m server [49m[39m tests/unit/lib/app-spec-format.test.ts[2m > [22mapp-spec-format.ts[2m > [22mspecToXml[2m > [22mshould not include optional sections when empty[32m 0[2mms[22m[39m
 [32mÔ£ô[39m [30m[42m server [49m[39m tests/unit/lib/app-spec-format.test.ts[2m > [22mapp-spec-format.ts[2m > [22mgetStructuredSpecPromptInstruction[2m > [22mshould return non-empty prompt instruction[32m 1[2mms[22m[39m
 [32mÔ£ô[39m [30m[42m server [49m[39m tests/unit/lib/app-spec-format.test.ts[2m > [22mapp-spec-format.ts[2m > [22mgetStructuredSpecPromptInstruction[2m > [22mshould mention required fields[32m 0[2mms[22m[39m
 [32mÔ£ô[39m [30m[42m server [49m[39m tests/unit/lib/app-spec-format.test.ts[2m > [22mapp-spec-format.ts[2m > [22mgetAppSpecFormatInstruction[2m > [22mshould return non-empty format instruction[32m 0[2mms[22m[39m
 [32mÔ£ô[39m [30m[42m server [49m[39m tests/unit/lib/app-spec-format.test.ts[2m > [22mapp-spec-format.ts[2m > [22mgetAppSpecFormatInstruction[2m > [22mshould include critical formatting requirements[32m 0[2mms[22m[39m
 [32mÔ£ô[39m [30m[42m server [49m[39m tests/unit/lib/app-spec-format.test.ts[2m > [22mapp-spec-format.ts[2m > [22mAPP_SPEC_XML_FORMAT[2m > [22mshould contain valid XML template structure[32m 1[2mms[22m[39m
 [32mÔ£ô[39m [30m[42m server [49m[39m tests/unit/services/telemetry-store.test.ts[2m > [22mTelemetryStore[2m > [22mshould initialize with default state[32m 6[2mms[22m[39m
 [32mÔ£ô[39m [30m[42m server [49m[39m tests/unit/services/telemetry-store.test.ts[2m > [22mTelemetryStore[2m > [22mshould handle token usage metrics[32m 2[2mms[22m[39m
 [32mÔ£ô[39m [30m[42m server [49m[39m tests/unit/services/telemetry-store.test.ts[2m > [22mTelemetryStore[2m > [22mshould handle cost metrics[32m 1[2mms[22m[39m
 [32mÔ£ô[39m [30m[42m server [49m[39m tests/unit/services/telemetry-store.test.ts[2m > [22mTelemetryStore[2m > [22mshould handle count metrics[32m 1[2mms[22m[39m
 [32mÔ£ô[39m [30m[42m server [49m[39m tests/unit/services/telemetry-store.test.ts[2m > [22mTelemetryStore[2m > [22mshould handle lines of code metrics[32m 1[2mms[22m[39m
 [32mÔ£ô[39m [30m[42m server [49m[39m tests/unit/services/telemetry-store.test.ts[2m > [22mTelemetryStore[2m > [22mshould emit update events[32m 1[2mms[22m[39m
 [32mÔ£ô[39m [30m[42m server [49m[39m tests/unit/providers/provider-factory.test.ts[2m > [22mprovider-factory.ts[2m > [22mcheckAllProviders[2m > [22mshould include cursor status[33m 1707[2mms[22m[39m
 [32mÔ£ô[39m [30m[42m server [49m[39m tests/unit/providers/provider-factory.test.ts[2m > [22mprovider-factory.ts[2m > [22mgetProviderByName[2m > [22mshould return ClaudeProvider for 'claude'[32m 1[2mms[22m[39m
 [32mÔ£ô[39m [30m[42m server [49m[39m tests/unit/providers/provider-factory.test.ts[2m > [22mprovider-factory.ts[2m > [22mgetProviderByName[2m > [22mshould return ClaudeProvider for 'anthropic'[32m 1[2mms[22m[39m
 [2m[90mÔåô[39m[22m [30m[42m server [49m[39m tests/unit/services/mcp-test-service.test.ts[2m > [22mmcp-test-service.ts - SDK tests[2m > [22mtestServer[2m > [22mwith stdio transport[2m > [22mshould successfully test stdio server
 [2m[90mÔåô[39m[22m [30m[42m server [49m[39m tests/unit/services/mcp-test-service.test.ts[2m > [22mmcp-test-service.ts - SDK tests[2m > [22mtestServer[2m > [22mwith stdio transport[2m > [22mshould throw error if command is missing for stdio
 [2m[90mÔåô[39m[22m [30m[42m server [49m[39m tests/unit/services/mcp-test-service.test.ts[2m > [22mmcp-test-service.ts - SDK tests[2m > [22mtestServer[2m > [22mwith stdio transport[2m > [22mshould pass env to stdio transport
 [2m[90mÔåô[39m[22m [30m[42m server [49m[39m tests/unit/services/mcp-test-service.test.ts[2m > [22mmcp-test-service.ts - SDK tests[2m > [22mtestServer[2m > [22mwith SSE transport[2m > [22mshould successfully test SSE server
 [2m[90mÔåô[39m[22m [30m[42m server [49m[39m tests/unit/services/mcp-test-service.test.ts[2m > [22mmcp-test-service.ts - SDK tests[2m > [22mtestServer[2m > [22mwith SSE transport[2m > [22mshould throw error if URL is missing for SSE
 [2m[90mÔåô[39m[22m [30m[42m server [49m[39m tests/unit/services/mcp-test-service.test.ts[2m > [22mmcp-test-service.ts - SDK tests[2m > [22mtestServer[2m > [22mwith SSE transport[2m > [22mshould pass headers to SSE transport
 [2m[90mÔåô[39m[22m [30m[42m server [49m[39m tests/unit/services/mcp-test-service.test.ts[2m > [22mmcp-test-service.ts - SDK tests[2m > [22mtestServer[2m > [22mwith HTTP transport[2m > [22mshould successfully test HTTP server
 [2m[90mÔåô[39m[22m [30m[42m server [49m[39m tests/unit/services/mcp-test-service.test.ts[2m > [22mmcp-test-service.ts - SDK tests[2m > [22mtestServer[2m > [22mwith HTTP transport[2m > [22mshould throw error if URL is missing for HTTP
 [2m[90mÔåô[39m[22m [30m[42m server [49m[39m tests/unit/services/mcp-test-service.test.ts[2m > [22mmcp-test-service.ts - SDK tests[2m > [22mtestServer[2m > [22mwith HTTP transport[2m > [22mshould pass headers to HTTP transport
 [2m[90mÔåô[39m[22m [30m[42m server [49m[39m tests/unit/services/mcp-test-service.test.ts[2m > [22mmcp-test-service.ts - SDK tests[2m > [22mtestServer[2m > [22merror handling[2m > [22mshould handle connection errors
 [2m[90mÔåô[39m[22m [30m[42m server [49m[39m tests/unit/services/mcp-test-service.test.ts[2m > [22mmcp-test-service.ts - SDK tests[2m > [22mtestServer[2m > [22merror handling[2m > [22mshould handle listTools errors
 [2m[90mÔåô[39m[22m [30m[42m server [49m[39m tests/unit/services/mcp-test-service.test.ts[2m > [22mmcp-test-service.ts - SDK tests[2m > [22mtestServer[2m > [22merror handling[2m > [22mshould handle non-Error thrown values
 [2m[90mÔåô[39m[22m [30m[42m server [49m[39m tests/unit/services/mcp-test-service.test.ts[2m > [22mmcp-test-service.ts - SDK tests[2m > [22mtestServer[2m > [22merror handling[2m > [22mshould cleanup client on success
 [2m[90mÔåô[39m[22m [30m[42m server [49m[39m tests/unit/services/mcp-test-service.test.ts[2m > [22mmcp-test-service.ts - SDK tests[2m > [22mtestServer[2m > [22merror handling[2m > [22mshould cleanup client on error
 [2m[90mÔåô[39m[22m [30m[42m server [49m[39m tests/unit/services/mcp-test-service.test.ts[2m > [22mmcp-test-service.ts - SDK tests[2m > [22mtestServer[2m > [22merror handling[2m > [22mshould ignore cleanup errors
 [2m[90mÔåô[39m[22m [30m[42m server [49m[39m tests/unit/services/mcp-test-service.test.ts[2m > [22mmcp-test-service.ts - SDK tests[2m > [22mtestServer[2m > [22mtool mapping[2m > [22mshould map tools correctly with all fields
 [2m[90mÔåô[39m[22m [30m[42m server [49m[39m tests/unit/services/mcp-test-service.test.ts[2m > [22mmcp-test-service.ts - SDK tests[2m > [22mtestServer[2m > [22mtool mapping[2m > [22mshould handle empty tools array
 [2m[90mÔåô[39m[22m [30m[42m server [49m[39m tests/unit/services/mcp-test-service.test.ts[2m > [22mmcp-test-service.ts - SDK tests[2m > [22mtestServer[2m > [22mtool mapping[2m > [22mshould handle undefined tools
 [2m[90mÔåô[39m[22m [30m[42m server [49m[39m tests/unit/services/mcp-test-service.test.ts[2m > [22mmcp-test-service.ts - SDK tests[2m > [22mtestServerById[2m > [22mshould test server found by ID
 [2m[90mÔåô[39m[22m [30m[42m server [49m[39m tests/unit/services/mcp-test-service.test.ts[2m > [22mmcp-test-service.ts - SDK tests[2m > [22mtestServerById[2m > [22mshould return error if server not found
 [2m[90mÔåô[39m[22m [30m[42m server [49m[39m tests/unit/services/mcp-test-service.test.ts[2m > [22mmcp-test-service.ts - SDK tests[2m > [22mtestServerById[2m > [22mshould return error if mcpServers is undefined
 [2m[90mÔåô[39m[22m [30m[42m server [49m[39m tests/unit/services/mcp-test-service.test.ts[2m > [22mmcp-test-service.ts - SDK tests[2m > [22mtestServerById[2m > [22mshould handle settings service errors
 [32mÔ£ô[39m [30m[42m server [49m[39m tests/unit/providers/provider-factory.test.ts[2m > [22mprovider-factory.ts[2m > [22mgetProviderByName[2m > [22mshould return CursorProvider for 'cursor'[33m 1180[2mms[22m[39m
[90mstdout[2m | tests/integration/services/auto-mode-service.integration.test.ts[2m > [22m[2mauto-mode-service.ts (integration)[2m > [22m[2merror handling[2m > [22m[2mshould continue auto loop after feature error
[22m[39m[36mINFO [0m [34m[AutoMode][0m Saved execution state: 1 running features

[90mstdout[2m | tests/integration/services/auto-mode-service.integration.test.ts[2m > [22m[2mauto-mode-service.ts (integration)[2m > [22m[2merror handling[2m > [22m[2mshould continue auto loop after feature error
[22m[39m[36mINFO [0m [34m[SettingsHelper][0m [AutoMode] SettingsService not available, autoLoadClaudeMd disabled

[90mstdout[2m | tests/integration/services/auto-mode-service.integration.test.ts[2m > [22m[2mauto-mode-service.ts (integration)[2m > [22m[2merror handling[2m > [22m[2mshould continue auto loop after feature error
[22m[39m[36mINFO [0m [34m[SettingsHelper][0m [AutoMode] SettingsService not available, using default prompts

[90mstdout[2m | tests/integration/services/auto-mode-service.integration.test.ts[2m > [22m[2mauto-mode-service.ts (integration)[2m > [22m[2merror handling[2m > [22m[2mshould continue auto loop after feature error
[22m[39m[ContextLoader] Selected memory files: gotchas
[ContextLoader] Loaded 1 memory file(s)

[90mstdout[2m | tests/integration/services/auto-mode-service.integration.test.ts[2m > [22m[2mauto-mode-service.ts (integration)[2m > [22m[2merror handling[2m > [22m[2mshould continue auto loop after feature error
[22m[39m[ModelResolver] resolveModelString called with modelKey: "undefined", defaultModel: "claude-opus-4-5-20251101"
[ModelResolver] No model specified, using default: claude-opus-4-5-20251101
[36mINFO [0m [34m[AutoMode][0m Executing feature fail-1 with model: claude-opus-4-5-20251101, provider: undefined in C:\Users\justus\AppData\Local\Temp\automaker-test-H1QqeW

[90mstdout[2m | tests/integration/services/auto-mode-service.integration.test.ts[2m > [22m[2mauto-mode-service.ts (integration)[2m > [22m[2merror handling[2m > [22m[2mshould continue auto loop after feature error
[22m[39m[ModelResolver] resolveModelString called with modelKey: "claude-opus-4-5-20251101", defaultModel: "claude-opus-4-5-20251101"
[ModelResolver] Using full Claude model string: claude-opus-4-5-20251101
[36mINFO [0m [34m[AutoMode][0m runAgent called for feature fail-1 with model: claude-opus-4-5-20251101, planningMode: skip, requiresApproval: false
[36mINFO [0m [34m[AutoMode][0m Using provider "claude" for model "claude-opus-4-5-20251101" (bare: claude-opus-4-5-20251101)

[90mstdout[2m | tests/integration/services/auto-mode-service.integration.test.ts[2m > [22m[2mauto-mode-service.ts (integration)[2m > [22m[2merror handling[2m > [22m[2mshould continue auto loop after feature error
[22m[39m[36mINFO [0m [34m[AutoMode][0m System prompt provided (310 chars), first 200 chars:
# Project Memory

The following learnings and decisions from previous work are available.
**IMPORTANT**: Review these carefully before making changes that could conflict with past decisions.

---

## ...
[36mINFO [0m [34m[AutoMode][0m Starting stream for feature fail-1...
[36mINFO [0m [34m[AutoMode][0m Stream created, starting to iterate...

[90mstdout[2m | tests/integration/services/auto-mode-service.integration.test.ts[2m > [22m[2mauto-mode-service.ts (integration)[2m > [22m[2merror handling[2m > [22m[2mshould continue auto loop after feature error
[22m[39m[36mINFO [0m [34m[AutoMode][0m Stream message received: result success

[90mstdout[2m | tests/integration/services/auto-mode-service.integration.test.ts[2m > [22m[2mauto-mode-service.ts (integration)[2m > [22m[2merror handling[2m > [22m[2mshould continue auto loop after feature error
[22m[39m[36mINFO [0m [34m[NotificationService][0m Created notification: Feature Verified for project C:\Users\justus\AppData\Local\Temp\automaker-test-H1QqeW

[90mstdout[2m | tests/integration/services/auto-mode-service.integration.test.ts[2m > [22m[2mauto-mode-service.ts (integration)[2m > [22m[2merror handling[2m > [22m[2mshould continue auto loop after feature error
[22m[39m[36mINFO [0m [34m[FeatureLoader][0m No app_spec.txt found for project, skipping sync for feature fail-1

[90mstdout[2m | tests/integration/services/auto-mode-service.integration.test.ts[2m > [22m[2mauto-mode-service.ts (integration)[2m > [22m[2merror handling[2m > [22m[2mshould continue auto loop after feature error
[22m[39m[AutoMode] Skipping learning extraction - output too short (0 chars)

[90mstdout[2m | tests/integration/services/auto-mode-service.integration.test.ts[2m > [22m[2mauto-mode-service.ts (integration)[2m > [22m[2merror handling[2m > [22m[2mshould continue auto loop after feature error
[22m[39m[36mINFO [0m [34m[AutoMode][0m Feature fail-1 execution ended, cleaning up runningFeatures
[36mINFO [0m [34m[AutoMode][0m Pending approvals at cleanup: none

[90mstdout[2m | tests/integration/services/auto-mode-service.integration.test.ts[2m > [22m[2mauto-mode-service.ts (integration)[2m > [22m[2merror handling[2m > [22m[2mshould continue auto loop after feature error
[22m[39m[36mINFO [0m [34m[AutoMode][0m Saved execution state: 0 running features

 [32mÔ£ô[39m [30m[42m server [49m[39m tests/unit/providers/provider-factory.test.ts[2m > [22mprovider-factory.ts[2m > [22mgetProviderByName[2m > [22mshould be case-insensitive[33m 846[2mms[22m[39m
 [32mÔ£ô[39m [30m[42m server [49m[39m tests/unit/providers/provider-factory.test.ts[2m > [22mprovider-factory.ts[2m > [22mgetProviderByName[2m > [22mshould return null for unknown provider[32m 1[2mms[22m[39m
 [32mÔ£ô[39m [30m[42m server [49m[39m tests/unit/providers/provider-factory.test.ts[2m > [22mprovider-factory.ts[2m > [22mgetProviderByName[2m > [22mshould return null for empty string[32m 1[2mms[22m[39m
 [32mÔ£ô[39m [30m[42m server [49m[39m tests/unit/providers/provider-factory.test.ts[2m > [22mprovider-factory.ts[2m > [22mgetProviderByName[2m > [22mshould create new instance each time[32m 1[2mms[22m[39m
 [32mÔ£ô[39m [30m[42m server [49m[39m tests/unit/providers/provider-factory.test.ts[2m > [22mprovider-factory.ts[2m > [22mgetAllAvailableModels[2m > [22mshould return array of models[33m 697[2mms[22m[39m
 [32mÔ£ô[39m [30m[42m server [49m[39m tests/unit/providers/provider-factory.test.ts[2m > [22mprovider-factory.ts[2m > [22mgetAllAvailableModels[2m > [22mshould include models from all providers[33m 671[2mms[22m[39m
[90mstdout[2m | tests/integration/services/auto-mode-service.integration.test.ts[2m > [22m[2mauto-mode-service.ts (integration)[2m > [22m[2merror handling[2m > [22m[2mshould continue auto loop after feature error
[22m[39m[36mINFO [0m [34m[AutoMode][0m Saved execution state: 1 running features

[90mstdout[2m | tests/integration/services/auto-mode-service.integration.test.ts[2m > [22m[2mauto-mode-service.ts (integration)[2m > [22m[2merror handling[2m > [22m[2mshould continue auto loop after feature error
[22m[39m[36mINFO [0m [34m[SettingsHelper][0m [AutoMode] SettingsService not available, autoLoadClaudeMd disabled

[90mstdout[2m | tests/integration/services/auto-mode-service.integration.test.ts[2m > [22m[2mauto-mode-service.ts (integration)[2m > [22m[2merror handling[2m > [22m[2mshould continue auto loop after feature error
[22m[39m[36mINFO [0m [34m[SettingsHelper][0m [AutoMode] SettingsService not available, using default prompts

[90mstdout[2m | tests/integration/services/auto-mode-service.integration.test.ts[2m > [22m[2mauto-mode-service.ts (integration)[2m > [22m[2merror handling[2m > [22m[2mshould continue auto loop after feature error
[22m[39m[ContextLoader] Selected memory files: gotchas
[ContextLoader] Loaded 1 memory file(s)

[90mstdout[2m | tests/integration/services/auto-mode-service.integration.test.ts[2m > [22m[2mauto-mode-service.ts (integration)[2m > [22m[2merror handling[2m > [22m[2mshould continue auto loop after feature error
[22m[39m[ModelResolver] resolveModelString called with modelKey: "undefined", defaultModel: "claude-opus-4-5-20251101"
[ModelResolver] No model specified, using default: claude-opus-4-5-20251101
[36mINFO [0m [34m[AutoMode][0m Executing feature success-1 with model: claude-opus-4-5-20251101, provider: undefined in C:\Users\justus\AppData\Local\Temp\automaker-test-H1QqeW

[90mstdout[2m | tests/integration/services/auto-mode-service.integration.test.ts[2m > [22m[2mauto-mode-service.ts (integration)[2m > [22m[2merror handling[2m > [22m[2mshould continue auto loop after feature error
[22m[39m[ModelResolver] resolveModelString called with modelKey: "claude-opus-4-5-20251101", defaultModel: "claude-opus-4-5-20251101"
[ModelResolver] Using full Claude model string: claude-opus-4-5-20251101
[36mINFO [0m [34m[AutoMode][0m runAgent called for feature success-1 with model: claude-opus-4-5-20251101, planningMode: skip, requiresApproval: false
[36mINFO [0m [34m[AutoMode][0m Using provider "claude" for model "claude-opus-4-5-20251101" (bare: claude-opus-4-5-20251101)

[90mstdout[2m | tests/integration/services/auto-mode-service.integration.test.ts[2m > [22m[2mauto-mode-service.ts (integration)[2m > [22m[2merror handling[2m > [22m[2mshould continue auto loop after feature error
[22m[39m[36mINFO [0m [34m[AutoMode][0m System prompt provided (310 chars), first 200 chars:
# Project Memory

The following learnings and decisions from previous work are available.
**IMPORTANT**: Review these carefully before making changes that could conflict with past decisions.

---

## ...
[36mINFO [0m [34m[AutoMode][0m Starting stream for feature success-1...
[36mINFO [0m [34m[AutoMode][0m Stream created, starting to iterate...

[90mstdout[2m | tests/integration/services/auto-mode-service.integration.test.ts[2m > [22m[2mauto-mode-service.ts (integration)[2m > [22m[2merror handling[2m > [22m[2mshould continue auto loop after feature error
[22m[39m[36mINFO [0m [34m[AutoMode][0m Stream message received: result success

[90mstdout[2m | tests/integration/services/auto-mode-service.integration.test.ts[2m > [22m[2mauto-mode-service.ts (integration)[2m > [22m[2merror handling[2m > [22m[2mshould continue auto loop after feature error
[22m[39m[36mINFO [0m [34m[NotificationService][0m Created notification: Feature Verified for project C:\Users\justus\AppData\Local\Temp\automaker-test-H1QqeW

[90mstdout[2m | tests/integration/services/auto-mode-service.integration.test.ts[2m > [22m[2mauto-mode-service.ts (integration)[2m > [22m[2merror handling[2m > [22m[2mshould continue auto loop after feature error
[22m[39m[36mINFO [0m [34m[FeatureLoader][0m No app_spec.txt found for project, skipping sync for feature success-1

[90mstdout[2m | tests/integration/services/auto-mode-service.integration.test.ts[2m > [22m[2mauto-mode-service.ts (integration)[2m > [22m[2merror handling[2m > [22m[2mshould continue auto loop after feature error
[22m[39m[AutoMode] Skipping learning extraction - output too short (0 chars)

[90mstdout[2m | tests/integration/services/auto-mode-service.integration.test.ts[2m > [22m[2mauto-mode-service.ts (integration)[2m > [22m[2merror handling[2m > [22m[2mshould continue auto loop after feature error
[22m[39m[36mINFO [0m [34m[AutoMode][0m Feature success-1 execution ended, cleaning up runningFeatures
[36mINFO [0m [34m[AutoMode][0m Pending approvals at cleanup: none

[90mstdout[2m | tests/integration/services/auto-mode-service.integration.test.ts[2m > [22m[2mauto-mode-service.ts (integration)[2m > [22m[2merror handling[2m > [22m[2mshould continue auto loop after feature error
[22m[39m[36mINFO [0m [34m[AutoMode][0m Saved execution state: 0 running features

 [32mÔ£ô[39m [30m[42m server [49m[39m tests/unit/providers/provider-factory.test.ts[2m > [22mprovider-factory.ts[2m > [22mgetAllAvailableModels[2m > [22mshould return models with required fields[33m 663[2mms[22m[39m
[90mstdout[2m | tests/integration/services/auto-mode-service.integration.test.ts[2m > [22m[2mauto-mode-service.ts (integration)[2m > [22m[2merror handling[2m > [22m[2mshould continue auto loop after feature error
[22m[39m[36mINFO [0m [34m[AutoMode][0m Cleared execution state

 [32mÔ£ô[39m [30m[42m server [49m[39m tests/unit/providers/provider-factory.test.ts[2m > [22mprovider-factory.ts[2m > [22mgetAllAvailableModels[2m > [22mshould include Claude models[33m 712[2mms[22m[39m
 [32mÔ£ô[39m [30m[42m server [49m[39m tests/unit/providers/provider-factory.test.ts[2m > [22mprovider-factory.ts[2m > [22mgetAllAvailableModels[2m > [22mshould include Cursor models[33m 703[2mms[22m[39m
 [32mÔ£ô[39m [30m[42m server [49m[39m tests/integration/services/auto-mode-service.integration.test.ts[2m > [22mauto-mode-service.ts (integration)[2m > [22merror handling[2m > [22mshould continue auto loop after feature error[33m 6302[2mms[22m[39m
[90mstdout[2m | tests/integration/services/auto-mode-service.integration.test.ts[2m > [22m[2mauto-mode-service.ts (integration)[2m > [22m[2mplanning mode[2m > [22m[2mshould execute feature with skip planning mode
[22m[39m[36mINFO [0m [34m[SettingsHelper][0m [AutoMode] SettingsService not available, autoLoadClaudeMd disabled

[90mstdout[2m | tests/integration/services/auto-mode-service.integration.test.ts[2m > [22m[2mauto-mode-service.ts (integration)[2m > [22m[2mplanning mode[2m > [22m[2mshould execute feature with skip planning mode
[22m[39m[36mINFO [0m [34m[SettingsHelper][0m [AutoMode] SettingsService not available, using default prompts

[90mstdout[2m | tests/integration/services/auto-mode-service.integration.test.ts[2m > [22m[2mauto-mode-service.ts (integration)[2m > [22m[2mplanning mode[2m > [22m[2mshould execute feature with skip planning mode
[22m[39m[MemoryLoader] Initialized memory folder at C:\Users\justus\AppData\Local\Temp\automaker-test-e8x7R9\.automaker\memory

[90mstdout[2m | tests/integration/services/auto-mode-service.integration.test.ts[2m > [22m[2mauto-mode-service.ts (integration)[2m > [22m[2mplanning mode[2m > [22m[2mshould execute feature with skip planning mode
[22m[39m[ContextLoader] Selected memory files: gotchas
[ContextLoader] Loaded 1 memory file(s)

[90mstdout[2m | tests/integration/services/auto-mode-service.integration.test.ts[2m > [22m[2mauto-mode-service.ts (integration)[2m > [22m[2mplanning mode[2m > [22m[2mshould execute feature with skip planning mode
[22m[39m[ModelResolver] resolveModelString called with modelKey: "undefined", defaultModel: "claude-opus-4-5-20251101"
[ModelResolver] No model specified, using default: claude-opus-4-5-20251101
[36mINFO [0m [34m[AutoMode][0m Executing feature skip-plan-feature with model: claude-opus-4-5-20251101, provider: undefined in C:\Users\justus\AppData\Local\Temp\automaker-test-e8x7R9

[90mstdout[2m | tests/integration/services/auto-mode-service.integration.test.ts[2m > [22m[2mauto-mode-service.ts (integration)[2m > [22m[2mplanning mode[2m > [22m[2mshould execute feature with skip planning mode
[22m[39m[ModelResolver] resolveModelString called with modelKey: "claude-opus-4-5-20251101", defaultModel: "claude-opus-4-5-20251101"
[ModelResolver] Using full Claude model string: claude-opus-4-5-20251101
[36mINFO [0m [34m[AutoMode][0m runAgent called for feature skip-plan-feature with model: claude-opus-4-5-20251101, planningMode: skip, requiresApproval: false
[36mINFO [0m [34m[AutoMode][0m Using provider "claude" for model "claude-opus-4-5-20251101" (bare: claude-opus-4-5-20251101)

[90mstdout[2m | tests/integration/services/auto-mode-service.integration.test.ts[2m > [22m[2mauto-mode-service.ts (integration)[2m > [22m[2mplanning mode[2m > [22m[2mshould execute feature with skip planning mode
[22m[39m[36mINFO [0m [34m[AutoMode][0m System prompt provided (310 chars), first 200 chars:
# Project Memory

The following learnings and decisions from previous work are available.
**IMPORTANT**: Review these carefully before making changes that could conflict with past decisions.

---

## ...
[36mINFO [0m [34m[AutoMode][0m Starting stream for feature skip-plan-feature...
[36mINFO [0m [34m[AutoMode][0m Stream created, starting to iterate...

[90mstdout[2m | tests/integration/services/auto-mode-service.integration.test.ts[2m > [22m[2mauto-mode-service.ts (integration)[2m > [22m[2mplanning mode[2m > [22m[2mshould execute feature with skip planning mode
[22m[39m[36mINFO [0m [34m[AutoMode][0m Stream message received: assistant 
[36mINFO [0m [34m[AutoMode][0m Emitting progress event for skip-plan-feature, content length: 19

[90mstdout[2m | tests/integration/services/auto-mode-service.integration.test.ts[2m > [22m[2mauto-mode-service.ts (integration)[2m > [22m[2mplanning mode[2m > [22m[2mshould execute feature with skip planning mode
[22m[39m[36mINFO [0m [34m[AutoMode][0m Stream message received: result success

[90mstdout[2m | tests/integration/services/auto-mode-service.integration.test.ts[2m > [22m[2mauto-mode-service.ts (integration)[2m > [22m[2mplanning mode[2m > [22m[2mshould execute feature with skip planning mode
[22m[39m[36mINFO [0m [34m[NotificationService][0m Created notification: Feature Ready for Review for project C:\Users\justus\AppData\Local\Temp\automaker-test-e8x7R9

[90mstdout[2m | tests/integration/services/auto-mode-service.integration.test.ts[2m > [22m[2mauto-mode-service.ts (integration)[2m > [22m[2mplanning mode[2m > [22m[2mshould execute feature with skip planning mode
[22m[39m[AutoMode] Skipping learning extraction - output too short (19 chars)

[90mstdout[2m | tests/integration/services/auto-mode-service.integration.test.ts[2m > [22m[2mauto-mode-service.ts (integration)[2m > [22m[2mplanning mode[2m > [22m[2mshould execute feature with skip planning mode
[22m[39m[36mINFO [0m [34m[AutoMode][0m Feature skip-plan-feature execution ended, cleaning up runningFeatures
[36mINFO [0m [34m[AutoMode][0m Pending approvals at cleanup: none

 [32mÔ£ô[39m [30m[42m server [49m[39m tests/integration/services/auto-mode-service.integration.test.ts[2m > [22mauto-mode-service.ts (integration)[2m > [22mplanning mode[2m > [22mshould execute feature with skip planning mode[33m 607[2mms[22m[39m
[90mstdout[2m | tests/integration/services/auto-mode-service.integration.test.ts[2m > [22m[2mauto-mode-service.ts (integration)[2m > [22m[2mplanning mode[2m > [22m[2mshould execute feature with lite planning mode without approval
[22m[39m[36mINFO [0m [34m[SettingsHelper][0m [AutoMode] SettingsService not available, autoLoadClaudeMd disabled

[90mstdout[2m | tests/integration/services/auto-mode-service.integration.test.ts[2m > [22m[2mauto-mode-service.ts (integration)[2m > [22m[2mplanning mode[2m > [22m[2mshould execute feature with lite planning mode without approval
[22m[39m[36mINFO [0m [34m[SettingsHelper][0m [AutoMode] SettingsService not available, using default prompts

[90mstdout[2m | tests/integration/services/auto-mode-service.integration.test.ts[2m > [22m[2mauto-mode-service.ts (integration)[2m > [22m[2mplanning mode[2m > [22m[2mshould execute feature with lite planning mode without approval
[22m[39m[MemoryLoader] Initialized memory folder at C:\Users\justus\AppData\Local\Temp\automaker-test-VFRoPS\.automaker\memory

[90mstdout[2m | tests/integration/services/auto-mode-service.integration.test.ts[2m > [22m[2mauto-mode-service.ts (integration)[2m > [22m[2mplanning mode[2m > [22m[2mshould execute feature with lite planning mode without approval
[22m[39m[ContextLoader] Selected memory files: gotchas
[ContextLoader] Loaded 1 memory file(s)

[90mstdout[2m | tests/integration/services/auto-mode-service.integration.test.ts[2m > [22m[2mauto-mode-service.ts (integration)[2m > [22m[2mplanning mode[2m > [22m[2mshould execute feature with lite planning mode without approval
[22m[39m[36mINFO [0m [34m[SettingsHelper][0m [AutoMode] SettingsService not available, using default prompts

[90mstdout[2m | tests/integration/services/auto-mode-service.integration.test.ts[2m > [22m[2mauto-mode-service.ts (integration)[2m > [22m[2mplanning mode[2m > [22m[2mshould execute feature with lite planning mode without approval
[22m[39m[ModelResolver] resolveModelString called with modelKey: "undefined", defaultModel: "claude-opus-4-5-20251101"
[ModelResolver] No model specified, using default: claude-opus-4-5-20251101
[36mINFO [0m [34m[AutoMode][0m Executing feature lite-plan-feature with model: claude-opus-4-5-20251101, provider: undefined in C:\Users\justus\AppData\Local\Temp\automaker-test-VFRoPS

[90mstdout[2m | tests/integration/services/auto-mode-service.integration.test.ts[2m > [22m[2mauto-mode-service.ts (integration)[2m > [22m[2mplanning mode[2m > [22m[2mshould execute feature with lite planning mode without approval
[22m[39m[ModelResolver] resolveModelString called with modelKey: "claude-opus-4-5-20251101", defaultModel: "claude-opus-4-5-20251101"
[ModelResolver] Using full Claude model string: claude-opus-4-5-20251101
[36mINFO [0m [34m[AutoMode][0m runAgent called for feature lite-plan-feature with model: claude-opus-4-5-20251101, planningMode: lite, requiresApproval: false
[36mINFO [0m [34m[AutoMode][0m Using provider "claude" for model "claude-opus-4-5-20251101" (bare: claude-opus-4-5-20251101)

[90mstdout[2m | tests/integration/services/auto-mode-service.integration.test.ts[2m > [22m[2mauto-mode-service.ts (integration)[2m > [22m[2mplanning mode[2m > [22m[2mshould execute feature with lite planning mode without approval
[22m[39m[36mINFO [0m [34m[AutoMode][0m System prompt provided (310 chars), first 200 chars:
# Project Memory

The following learnings and decisions from previous work are available.
**IMPORTANT**: Review these carefully before making changes that could conflict with past decisions.

---

## ...
[36mINFO [0m [34m[AutoMode][0m Starting stream for feature lite-plan-feature...
[36mINFO [0m [34m[AutoMode][0m Stream created, starting to iterate...

[90mstdout[2m | tests/integration/services/auto-mode-service.integration.test.ts[2m > [22m[2mauto-mode-service.ts (integration)[2m > [22m[2mplanning mode[2m > [22m[2mshould execute feature with lite planning mode without approval
[22m[39m[36mINFO [0m [34m[AutoMode][0m Stream message received: assistant 
[36mINFO [0m [34m[AutoMode][0m Emitting progress event for lite-plan-feature, content length: 64

[90mstdout[2m | tests/integration/services/auto-mode-service.integration.test.ts[2m > [22m[2mauto-mode-service.ts (integration)[2m > [22m[2mplanning mode[2m > [22m[2mshould execute feature with lite planning mode without approval
[22m[39m[36mINFO [0m [34m[AutoMode][0m Stream message received: result success

[90mstdout[2m | tests/integration/services/auto-mode-service.integration.test.ts[2m > [22m[2mauto-mode-service.ts (integration)[2m > [22m[2mplanning mode[2m > [22m[2mshould execute feature with lite planning mode without approval
[22m[39m[36mINFO [0m [34m[NotificationService][0m Created notification: Feature Ready for Review for project C:\Users\justus\AppData\Local\Temp\automaker-test-VFRoPS

[90mstdout[2m | tests/integration/services/auto-mode-service.integration.test.ts[2m > [22m[2mauto-mode-service.ts (integration)[2m > [22m[2mplanning mode[2m > [22m[2mshould execute feature with lite planning mode without approval
[22m[39m[AutoMode] Skipping learning extraction - output too short (64 chars)

[90mstdout[2m | tests/integration/services/auto-mode-service.integration.test.ts[2m > [22m[2mauto-mode-service.ts (integration)[2m > [22m[2mplanning mode[2m > [22m[2mshould execute feature with lite planning mode without approval
[22m[39m[36mINFO [0m [34m[AutoMode][0m Feature lite-plan-feature execution ended, cleaning up runningFeatures
[36mINFO [0m [34m[AutoMode][0m Pending approvals at cleanup: none

 [32mÔ£ô[39m [30m[42m server [49m[39m tests/integration/services/auto-mode-service.integration.test.ts[2m > [22mauto-mode-service.ts (integration)[2m > [22mplanning mode[2m > [22mshould execute feature with lite planning mode without approval[33m 612[2mms[22m[39m
[90mstdout[2m | tests/integration/services/auto-mode-service.integration.test.ts[2m > [22m[2mauto-mode-service.ts (integration)[2m > [22m[2mplanning mode[2m > [22m[2mshould emit planning_started event for spec mode
[22m[39m[36mINFO [0m [34m[SettingsHelper][0m [AutoMode] SettingsService not available, autoLoadClaudeMd disabled

[90mstdout[2m | tests/integration/services/auto-mode-service.integration.test.ts[2m > [22m[2mauto-mode-service.ts (integration)[2m > [22m[2mplanning mode[2m > [22m[2mshould emit planning_started event for spec mode
[22m[39m[36mINFO [0m [34m[SettingsHelper][0m [AutoMode] SettingsService not available, using default prompts

[90mstdout[2m | tests/integration/services/auto-mode-service.integration.test.ts[2m > [22m[2mauto-mode-service.ts (integration)[2m > [22m[2mplanning mode[2m > [22m[2mshould emit planning_started event for spec mode
[22m[39m[MemoryLoader] Initialized memory folder at C:\Users\justus\AppData\Local\Temp\automaker-test-hPBDx5\.automaker\memory

[90mstdout[2m | tests/integration/services/auto-mode-service.integration.test.ts[2m > [22m[2mauto-mode-service.ts (integration)[2m > [22m[2mplanning mode[2m > [22m[2mshould emit planning_started event for spec mode
[22m[39m[ContextLoader] Selected memory files: gotchas
[ContextLoader] Loaded 1 memory file(s)

[90mstdout[2m | tests/integration/services/auto-mode-service.integration.test.ts[2m > [22m[2mauto-mode-service.ts (integration)[2m > [22m[2mplanning mode[2m > [22m[2mshould emit planning_started event for spec mode
[22m[39m[36mINFO [0m [34m[SettingsHelper][0m [AutoMode] SettingsService not available, using default prompts

[90mstdout[2m | tests/integration/services/auto-mode-service.integration.test.ts[2m > [22m[2mauto-mode-service.ts (integration)[2m > [22m[2mplanning mode[2m > [22m[2mshould emit planning_started event for spec mode
[22m[39m[ModelResolver] resolveModelString called with modelKey: "undefined", defaultModel: "claude-opus-4-5-20251101"
[ModelResolver] No model specified, using default: claude-opus-4-5-20251101
[36mINFO [0m [34m[AutoMode][0m Executing feature spec-plan-feature with model: claude-opus-4-5-20251101, provider: undefined in C:\Users\justus\AppData\Local\Temp\automaker-test-hPBDx5

[90mstdout[2m | tests/integration/services/auto-mode-service.integration.test.ts[2m > [22m[2mauto-mode-service.ts (integration)[2m > [22m[2mplanning mode[2m > [22m[2mshould emit planning_started event for spec mode
[22m[39m[ModelResolver] resolveModelString called with modelKey: "claude-opus-4-5-20251101", defaultModel: "claude-opus-4-5-20251101"
[ModelResolver] Using full Claude model string: claude-opus-4-5-20251101
[36mINFO [0m [34m[AutoMode][0m runAgent called for feature spec-plan-feature with model: claude-opus-4-5-20251101, planningMode: spec, requiresApproval: false
[36mINFO [0m [34m[AutoMode][0m Using provider "claude" for model "claude-opus-4-5-20251101" (bare: claude-opus-4-5-20251101)

[90mstdout[2m | tests/integration/services/auto-mode-service.integration.test.ts[2m > [22m[2mauto-mode-service.ts (integration)[2m > [22m[2mplanning mode[2m > [22m[2mshould emit planning_started event for spec mode
[22m[39m[36mINFO [0m [34m[AutoMode][0m System prompt provided (310 chars), first 200 chars:
# Project Memory

The following learnings and decisions from previous work are available.
**IMPORTANT**: Review these carefully before making changes that could conflict with past decisions.

---

## ...
[36mINFO [0m [34m[AutoMode][0m Starting stream for feature spec-plan-feature...
[36mINFO [0m [34m[AutoMode][0m Stream created, starting to iterate...

[90mstdout[2m | tests/integration/services/auto-mode-service.integration.test.ts[2m > [22m[2mauto-mode-service.ts (integration)[2m > [22m[2mplanning mode[2m > [22m[2mshould emit planning_started event for spec mode
[22m[39m[36mINFO [0m [34m[AutoMode][0m Stream message received: assistant 
[36mINFO [0m [34m[AutoMode][0m Parsed 0 tasks from spec for feature spec-plan-feature

[90mstdout[2m | tests/integration/services/auto-mode-service.integration.test.ts[2m > [22m[2mauto-mode-service.ts (integration)[2m > [22m[2mplanning mode[2m > [22m[2mshould emit planning_started event for spec mode
[22m[39m[36mINFO [0m [34m[AutoMode][0m Spec generated for feature spec-plan-feature, auto-approving (requirePlanApproval=false)
[36mINFO [0m [34m[AutoMode][0m Making continuation call after plan approval for feature spec-plan-feature

[90mstdout[2m | tests/integration/services/auto-mode-service.integration.test.ts[2m > [22m[2mauto-mode-service.ts (integration)[2m > [22m[2mplanning mode[2m > [22m[2mshould emit planning_started event for spec mode
[22m[39m[36mINFO [0m [34m[AutoMode][0m No parsed tasks, using single-agent execution for feature spec-plan-feature
[36mINFO [0m [34m[SettingsHelper][0m [AutoMode] SettingsService not available, using default prompts

[90mstdout[2m | tests/integration/services/auto-mode-service.integration.test.ts[2m > [22m[2mauto-mode-service.ts (integration)[2m > [22m[2mplanning mode[2m > [22m[2mshould emit planning_started event for spec mode
[22m[39m[36mINFO [0m [34m[AutoMode][0m Implementation completed for feature spec-plan-feature

[90mstdout[2m | tests/integration/services/auto-mode-service.integration.test.ts[2m > [22m[2mauto-mode-service.ts (integration)[2m > [22m[2mplanning mode[2m > [22m[2mshould emit planning_started event for spec mode
[22m[39m[36mINFO [0m [34m[NotificationService][0m Created notification: Feature Verified for project C:\Users\justus\AppData\Local\Temp\automaker-test-hPBDx5

[90mstdout[2m | tests/integration/services/auto-mode-service.integration.test.ts[2m > [22m[2mauto-mode-service.ts (integration)[2m > [22m[2mplanning mode[2m > [22m[2mshould emit planning_started event for spec mode
[22m[39m[36mINFO [0m [34m[FeatureLoader][0m No app_spec.txt found for project, skipping sync for feature spec-plan-feature

[90mstdout[2m | tests/integration/services/auto-mode-service.integration.test.ts[2m > [22m[2mauto-mode-service.ts (integration)[2m > [22m[2mplanning mode[2m > [22m[2mshould emit planning_started event for spec mode
[22m[39m[AutoMode] Skipping learning extraction - output too short (98 chars)

[90mstdout[2m | tests/integration/services/auto-mode-service.integration.test.ts[2m > [22m[2mauto-mode-service.ts (integration)[2m > [22m[2mplanning mode[2m > [22m[2mshould emit planning_started event for spec mode
[22m[39m[36mINFO [0m [34m[AutoMode][0m Feature spec-plan-feature execution ended, cleaning up runningFeatures
[36mINFO [0m [34m[AutoMode][0m Pending approvals at cleanup: none

 [32mÔ£ô[39m [30m[42m server [49m[39m tests/integration/services/auto-mode-service.integration.test.ts[2m > [22mauto-mode-service.ts (integration)[2m > [22mplanning mode[2m > [22mshould emit planning_started event for spec mode[33m 622[2mms[22m[39m
[90mstdout[2m | tests/integration/services/auto-mode-service.integration.test.ts[2m > [22m[2mauto-mode-service.ts (integration)[2m > [22m[2mplanning mode[2m > [22m[2mshould handle feature with full planning mode
[22m[39m[36mINFO [0m [34m[SettingsHelper][0m [AutoMode] SettingsService not available, autoLoadClaudeMd disabled

[90mstdout[2m | tests/integration/services/auto-mode-service.integration.test.ts[2m > [22m[2mauto-mode-service.ts (integration)[2m > [22m[2mplanning mode[2m > [22m[2mshould handle feature with full planning mode
[22m[39m[36mINFO [0m [34m[SettingsHelper][0m [AutoMode] SettingsService not available, using default prompts

[90mstdout[2m | tests/integration/services/auto-mode-service.integration.test.ts[2m > [22m[2mauto-mode-service.ts (integration)[2m > [22m[2mplanning mode[2m > [22m[2mshould handle feature with full planning mode
[22m[39m[MemoryLoader] Initialized memory folder at C:\Users\justus\AppData\Local\Temp\automaker-test-pkqsDE\.automaker\memory

[90mstdout[2m | tests/integration/services/auto-mode-service.integration.test.ts[2m > [22m[2mauto-mode-service.ts (integration)[2m > [22m[2mplanning mode[2m > [22m[2mshould handle feature with full planning mode
[22m[39m[ContextLoader] Selected memory files: gotchas
[ContextLoader] Loaded 1 memory file(s)

[90mstdout[2m | tests/integration/services/auto-mode-service.integration.test.ts[2m > [22m[2mauto-mode-service.ts (integration)[2m > [22m[2mplanning mode[2m > [22m[2mshould handle feature with full planning mode
[22m[39m[36mINFO [0m [34m[SettingsHelper][0m [AutoMode] SettingsService not available, using default prompts

[90mstdout[2m | tests/integration/services/auto-mode-service.integration.test.ts[2m > [22m[2mauto-mode-service.ts (integration)[2m > [22m[2mplanning mode[2m > [22m[2mshould handle feature with full planning mode
[22m[39m[ModelResolver] resolveModelString called with modelKey: "undefined", defaultModel: "claude-opus-4-5-20251101"
[ModelResolver] No model specified, using default: claude-opus-4-5-20251101
[36mINFO [0m [34m[AutoMode][0m Executing feature full-plan-feature with model: claude-opus-4-5-20251101, provider: undefined in C:\Users\justus\AppData\Local\Temp\automaker-test-pkqsDE

[90mstdout[2m | tests/integration/services/auto-mode-service.integration.test.ts[2m > [22m[2mauto-mode-service.ts (integration)[2m > [22m[2mplanning mode[2m > [22m[2mshould handle feature with full planning mode
[22m[39m[ModelResolver] resolveModelString called with modelKey: "claude-opus-4-5-20251101", defaultModel: "claude-opus-4-5-20251101"
[ModelResolver] Using full Claude model string: claude-opus-4-5-20251101
[36mINFO [0m [34m[AutoMode][0m runAgent called for feature full-plan-feature with model: claude-opus-4-5-20251101, planningMode: full, requiresApproval: false
[36mINFO [0m [34m[AutoMode][0m Using provider "claude" for model "claude-opus-4-5-20251101" (bare: claude-opus-4-5-20251101)

[90mstdout[2m | tests/integration/services/auto-mode-service.integration.test.ts[2m > [22m[2mauto-mode-service.ts (integration)[2m > [22m[2mplanning mode[2m > [22m[2mshould handle feature with full planning mode
[22m[39m[36mINFO [0m [34m[AutoMode][0m System prompt provided (310 chars), first 200 chars:
# Project Memory

The following learnings and decisions from previous work are available.
**IMPORTANT**: Review these carefully before making changes that could conflict with past decisions.

---

## ...
[36mINFO [0m [34m[AutoMode][0m Starting stream for feature full-plan-feature...
[36mINFO [0m [34m[AutoMode][0m Stream created, starting to iterate...

[90mstdout[2m | tests/integration/services/auto-mode-service.integration.test.ts[2m > [22m[2mauto-mode-service.ts (integration)[2m > [22m[2mplanning mode[2m > [22m[2mshould handle feature with full planning mode
[22m[39m[36mINFO [0m [34m[AutoMode][0m Stream message received: assistant 
[36mINFO [0m [34m[AutoMode][0m Parsed 0 tasks from spec for feature full-plan-feature

[90mstdout[2m | tests/integration/services/auto-mode-service.integration.test.ts[2m > [22m[2mauto-mode-service.ts (integration)[2m > [22m[2mplanning mode[2m > [22m[2mshould handle feature with full planning mode
[22m[39m[36mINFO [0m [34m[AutoMode][0m Spec generated for feature full-plan-feature, auto-approving (requirePlanApproval=false)
[36mINFO [0m [34m[AutoMode][0m Making continuation call after plan approval for feature full-plan-feature

[90mstdout[2m | tests/integration/services/auto-mode-service.integration.test.ts[2m > [22m[2mauto-mode-service.ts (integration)[2m > [22m[2mplanning mode[2m > [22m[2mshould handle feature with full planning mode
[22m[39m[36mINFO [0m [34m[AutoMode][0m No parsed tasks, using single-agent execution for feature full-plan-feature
[36mINFO [0m [34m[SettingsHelper][0m [AutoMode] SettingsService not available, using default prompts

[90mstdout[2m | tests/integration/services/auto-mode-service.integration.test.ts[2m > [22m[2mauto-mode-service.ts (integration)[2m > [22m[2mplanning mode[2m > [22m[2mshould handle feature with full planning mode
[22m[39m[36mINFO [0m [34m[AutoMode][0m Implementation completed for feature full-plan-feature

[90mstdout[2m | tests/integration/services/auto-mode-service.integration.test.ts[2m > [22m[2mauto-mode-service.ts (integration)[2m > [22m[2mplanning mode[2m > [22m[2mshould handle feature with full planning mode
[22m[39m[36mINFO [0m [34m[NotificationService][0m Created notification: Feature Verified for project C:\Users\justus\AppData\Local\Temp\automaker-test-pkqsDE

[90mstdout[2m | tests/integration/services/auto-mode-service.integration.test.ts[2m > [22m[2mauto-mode-service.ts (integration)[2m > [22m[2mplanning mode[2m > [22m[2mshould handle feature with full planning mode
[22m[39m[36mINFO [0m [34m[FeatureLoader][0m No app_spec.txt found for project, skipping sync for feature full-plan-feature

[90mstdout[2m | tests/integration/services/auto-mode-service.integration.test.ts[2m > [22m[2mauto-mode-service.ts (integration)[2m > [22m[2mplanning mode[2m > [22m[2mshould handle feature with full planning mode
[22m[39m[AutoMode] Skipping learning extraction - output too short (94 chars)

[90mstdout[2m | tests/integration/services/auto-mode-service.integration.test.ts[2m > [22m[2mauto-mode-service.ts (integration)[2m > [22m[2mplanning mode[2m > [22m[2mshould handle feature with full planning mode
[22m[39m[36mINFO [0m [34m[AutoMode][0m Feature full-plan-feature execution ended, cleaning up runningFeatures
[36mINFO [0m [34m[AutoMode][0m Pending approvals at cleanup: none

 [32mÔ£ô[39m [30m[42m server [49m[39m tests/integration/services/auto-mode-service.integration.test.ts[2m > [22mauto-mode-service.ts (integration)[2m > [22mplanning mode[2m > [22mshould handle feature with full planning mode[33m 617[2mms[22m[39m
 [32mÔ£ô[39m [30m[42m server [49m[39m tests/integration/services/auto-mode-service.integration.test.ts[2m > [22mauto-mode-service.ts (integration)[2m > [22mplanning mode[2m > [22mshould track pending approval correctly[33m 586[2mms[22m[39m
[90mstdout[2m | tests/integration/services/auto-mode-service.integration.test.ts[2m > [22m[2mauto-mode-service.ts (integration)[2m > [22m[2mplanning mode[2m > [22m[2mshould cancel pending approval gracefully
[22m[39m[36mINFO [0m [34m[AutoMode][0m cancelPlanApproval called for feature non-existent
[36mINFO [0m [34m[AutoMode][0m Current pending approvals: none
[36mINFO [0m [34m[AutoMode][0m No pending approval to cancel for feature non-existent

 [32mÔ£ô[39m [30m[42m server [49m[39m tests/integration/services/auto-mode-service.integration.test.ts[2m > [22mauto-mode-service.ts (integration)[2m > [22mplanning mode[2m > [22mshould cancel pending approval gracefully[33m 588[2mms[22m[39m
[90mstdout[2m | tests/integration/services/auto-mode-service.integration.test.ts[2m > [22m[2mauto-mode-service.ts (integration)[2m > [22m[2mplanning mode[2m > [22m[2mshould resolve approval with error for non-existent feature
[22m[39m[36mINFO [0m [34m[AutoMode][0m resolvePlanApproval called for feature non-existent, approved=true
[36mINFO [0m [34m[AutoMode][0m Current pending approvals: none
[36mINFO [0m [34m[AutoMode][0m No pending approval in Map for feature non-existent
[36mINFO [0m [34m[AutoMode][0m ERROR: No pending approval found for feature non-existent and recovery not possible

 [32mÔ£ô[39m [30m[42m server [49m[39m tests/integration/services/auto-mode-service.integration.test.ts[2m > [22mauto-mode-service.ts (integration)[2m > [22mplanning mode[2m > [22mshould resolve approval with error for non-existent feature[33m 581[2mms[22m[39m

[31mÔÄ»ÔÄ»ÔÄ»ÔÄ»ÔÄ»ÔÄ»[39m[1m[41m Failed Suites 1 [49m[22m[31mÔÄ»ÔÄ»ÔÄ»ÔÄ»ÔÄ»ÔÄ»ÔÄ»[39m

[41m[1m FAIL [22m[49m [30m[42m server [49m[39m tests/integration/onboarding-api.test.ts[2m > [22mOnboarding 
API Integration
{
  stack: 'AggregateError: \n' +
    '    at internalConnectMultiple (node:net:1134:18)\n' +
    '    at afterConnectMultiple (node:net:1715:7)',
  errors: [
    {
      stack: 'Error: connect ECONNREFUSED ::1:3008\n' +
        '    at createConnectionError (node:net:1678:14)\n' +
        '    at afterConnectMultiple (node:net:1708:16)',
      message: 'connect ECONNREFUSED ::1:3008',
      errno: -4078,
      code: 'ECONNREFUSED',
      syscall: 'connect',
      address: '::1',
      port: 3008,
      constructor: 'Function<Error>',
      name: 'Error',
      toString: 'Function<toString>'
    },
    {
      stack: 'Error: connect ECONNREFUSED 127.0.0.1:3008\n' +
        '    at createConnectionError (node:net:1678:14)\n' +
        '    at afterConnectMultiple (node:net:1708:16)',
      message: 'connect ECONNREFUSED 127.0.0.1:3008',
      errno: -4078,
      code: 'ECONNREFUSED',
      syscall: 'connect',
      address: '127.0.0.1',
      port: 3008,
      constructor: 'Function<Error>',
      name: 'Error',
      toString: 'Function<toString>'
    }
  ],
  code: 'ECONNREFUSED',
  constructor: 'Function<AggregateError>',
  name: 'AggregateError',
  message: '',
  toString: 'Function<toString>',
  stacks: []
}
[31m[2mÔÄ»ÔÄ»ÔÄ»ÔÄ»ÔÄ»ÔÄ»ÔÄ»ÔÄ»ÔÄ»ÔÄ»ÔÄ»ÔÄ»ÔÄ»ÔÄ»ÔÄ»ÔÄ»ÔÄ»ÔÄ»ÔÄ»ÔÄ»ÔÄ»ÔÄ»ÔÄ»ÔÄ»ÔÄ»ÔÄ»ÔÄ»ÔÄ»ÔÄ»ÔÄ»[22m[39m
[31m[1mSerialized Error:[22m[39m [90m{ errors: [ { stack: 'Error: connect ECONNREFUSED ::1:3008\n    at 
createConnectionError (node:net:1678:14)\n    at afterConnectMultiple (node:net:1708:16)', message: 'connect 
ECONNREFUSED ::1:3008', errno: -4078, code: 'ECONNREFUSED', syscall: 'connect', address: '::1', port: 3008, 
constructor: 'Function<Error>', name: 'Error', toString: 'Function<toString>' }, { stack: 'Error: connect ECONNREFUSED 
127.0.0.1:3008\n    at createConnectionError (node:net:1678:14)\n    at afterConnectMultiple (node:net:1708:16)', 
message: 'connect ECONNREFUSED 127.0.0.1:3008', errno: -4078, code: 'ECONNREFUSED', syscall: 'connect', address: 
'127.0.0.1', port: 3008, constructor: 'Function<Error>', name: 'Error', toString: 'Function<toString>' } ], code: 
'ECONNREFUSED' }[39m
[31m[2mÔÄ»ÔÄ»ÔÄ»ÔÄ»ÔÄ»ÔÄ»ÔÄ»ÔÄ»ÔÄ»ÔÄ»ÔÄ»ÔÄ»ÔÄ»ÔÄ»ÔÄ»ÔÄ»ÔÄ»ÔÄ»ÔÄ»ÔÄ»ÔÄ»ÔÄ»ÔÄ»ÔÄ»[1/1]ÔÄ»[22m[39m


[2m Test Files [22m [1m[31m1 failed[39m[22m[2m | [22m[1m[32m55 passed[39m[22m[2m | [22m[33m1 skipped[39m[90m (57)[39m
[2m      Tests [22m [1m[32m1282 passed[39m[22m[2m | [22m[33m29 skipped[39m[90m (1311)[39m
[2m   Start at [22m 20:45:27
[2m   Duration [22m 37.64s[2m (transform 9.32s, setup 2.66s, import 22.14s, tests 85.49s, environment 29ms)[22m

npm error Lifecycle script `test` failed with error:
npm error code 1
npm error path C:\Users\justus\.gemini\antigravity\scratch\automaker\apps\server
npm error workspace @automaker/server@0.12.0
npm error location C:\Users\justus\.gemini\antigravity\scratch\automaker\apps\server
npm error command failed
npm error command C:\WINDOWS\system32\cmd.exe /d /s /c vitest
